q|k|v
friday_run|2026-09-18 22:00:00+00|unrecoverable rows=?
friday_run||success rows=?
friday_run||success rows=?
friday_run||success rows=?
friday_run||success rows=?
friday_run||success rows=?
friday_run||success rows=?
friday_run||success rows=?
friday_run||success rows=?
friday_run||success rows=?
friday_run||success rows=?
friday_run||success rows=?
friday_run||success rows=?
friday_run||success rows=?
friday_run||success rows=?
friday_run||success rows=?
friday_run||success rows=?
friday_run||success rows=?
friday_run||success rows=?
friday_run||success rows=?
friday_run||success rows=?
friday_run||success rows=?
friday_run||success rows=?
friday_run||success rows=?
hnge_bar|2026-08-05|h=89.78 c=80.79 v=3960369
hnge_bar|2026-08-06|h=80.9 c=80.08 v=1755094
hnge_bar|2026-08-07|h=90.4 c=89.33 v=2546049
hnge_bar|2026-08-10|h=92.89 c=91.57 v=2180480
hnge_bar|2026-08-11|h=93.13 c=89.01 v=2207517
hnge_bar|2026-08-12|h=89.32 c=86.32 v=1080434
hnge_bar|2026-08-13|h=88.66 c=87.42 v=796996
hnge_bar|2026-08-14|h=88.895 c=88.49 v=1053631
hnge_bar|2026-08-17|h=89.75 c=87.87 v=1222654
hnge_bar|2026-08-18|h=89.96 c=88.24 v=1123544
hnge_bar|2026-08-19|h=90.6988 c=88.46 v=1471937
hnge_bar|2026-08-20|h=89.86 c=85.62 v=1401558
hnge_bar|2026-08-21|h=89.14 c=88.42 v=1419642
hnge_bar|2026-08-24|h=92.23 c=89.98 v=2579368
hnge_bar|2026-08-25|h=91.89 c=89.87 v=2097266
hnge_bar|2026-08-26|h=93.5 c=90.5 v=1973633
hnge_bar|2026-08-27|h=95.57 c=92.85 v=1633993
(41 rows)
