ticker|scan_date|stage|base_age|pivot_high_price|nd|ns|na|np|nr
ABVX|2026-07-17|TIGHTENING|9|146.68|2026-07-20|INVALIDATED|10|146.68|close_131.50_below_base_low_close_134.91
AMLX|2026-09-02|TIGHTENING|8|40.4388|2026-09-03|TIGHTENING|9|40.4388|range_0.94 vol_0.64 fresh
AMLX|2026-09-03|TIGHTENING|9|40.4388|2026-09-04|TIGHTENING|10|40.4388|range_0.94 vol_0.60 fresh
AMLX|2026-09-04|TIGHTENING|10|40.4388|2026-09-07|TIGHTENING|10|40.4388|range_0.94 vol_0.60 fresh
AMLX|2026-09-07|TIGHTENING|10|40.4388|2026-09-08|TIGHTENING|11|40.4388|range_0.91 vol_0.57
AMLX|2026-09-08|TIGHTENING|11|40.4388|2026-09-09|INVALIDATED|12|40.4388|close_32.40_below_base_low_close_33.75
APPS|2026-08-14|TIGHTENING|4|15.335|2026-08-17|INVALIDATED|5|15.335|close_12.24_below_base_low_close_12.41
ATAI|2026-07-30|COILED|9|7.22|2026-07-31|COILED|10|7.22|range_0.44 vol_0.69 bodies_0.04/0.02
ATAI|2026-07-31|COILED|10|7.22|2026-08-04|unqualified|||adr_3.0pct_below_4pct
BWIN|2026-08-31|TIGHTENING|10|32.565|2026-09-01|INVALIDATED|11|32.565|close_30.26_below_sma20_30.45
BWIN|2026-09-02|TIGHTENING|12|32.565|2026-09-03|TIGHTENING|13|32.565|runup_93% base_13d close_vs_pivot_-4.1%
BWIN|2026-09-03|TIGHTENING|13|32.565|2026-09-04|unqualified|||adr_3.9pct_below_4pct
CDNA|2026-07-30|TIGHTENING|9|40.38|2026-07-31|TIGHTENING|10|40.38|runup_102% base_10d close_vs_pivot_+8.2%
CDNA|2026-07-31|TIGHTENING|10|40.38|2026-08-04|unqualified|0|49.76|base_age_0_below_3
CDNA|2026-08-18|TIGHTENING|10|49.76|2026-08-19|TIGHTENING|11|49.76|range_1.00 vol_0.69
CDNA|2026-08-19|TIGHTENING|11|49.76|2026-08-20|TIGHTENING|12|49.76|runup_130% base_12d close_vs_pivot_-5.6%
CDNA|2026-08-20|TIGHTENING|12|49.76|2026-08-21|TIGHTENING|13|49.76|runup_130% base_13d close_vs_pivot_-2.3%
CDNA|2026-08-21|TIGHTENING|13|49.76|2026-08-24|TIGHTENING|14|49.76|runup_130% base_14d close_vs_pivot_-4.5%
CDNA|2026-08-24|TIGHTENING|14|49.76|2026-08-25|TIGHTENING|15|49.76|runup_130% base_15d close_vs_pivot_+2.1%
CDNA|2026-08-25|TIGHTENING|15|49.76|2026-08-26|unqualified|0|51.125|base_age_0_below_3
CDNA|2026-09-14|TIGHTENING|10|53.6712|2026-09-15|TIGHTENING|11|53.6712|range_0.60 vol_0.96
CDNA|2026-09-15|TIGHTENING|11|53.6712|2026-09-16|TIGHTENING|12|53.6712|range_0.68 vol_0.96
CDNA|2026-09-16|TIGHTENING|12|53.6712|2026-09-17|TIGHTENING|13|53.6712|range_0.68 vol_0.90
CDNA|2026-09-17|TIGHTENING|13|53.6712|2026-09-18|unqualified|1|54.488|base_age_1_below_3
CHPT|2026-09-16|TIGHTENING|6|10.28|2026-09-17|TIGHTENING|7|10.28|range_0.80 vol_0.52
CHPT|2026-09-17|TIGHTENING|7|10.28|2026-09-18|TIGHTENING|8|10.28|range_0.80 vol_0.51
CHPT|2026-09-18|TIGHTENING|8|10.28|2026-09-21|unqualified|0|10.72|base_age_0_below_3
CHPT|2026-09-29|TIGHTENING|6|10.72|2026-09-30|TIGHTENING|7|10.72|range_0.70 vol_0.77
CHPT|2026-09-30|TIGHTENING|7|10.72|2026-10-01|TIGHTENING|8|10.72|range_0.70 vol_0.77
CHPT|2026-10-01|TIGHTENING|8|10.72|2026-10-02|INVALIDATED|9|10.72|close_9.29_below_sma20_9.36
CHYM|2026-08-17|COILED|6|33.41|2026-08-18|COILED|7|33.41|range_0.51 vol_0.71
CHYM|2026-08-18|COILED|7|33.41|2026-08-19|TRIGGERED|8|33.41|close_33.07>base_high_close_32.18 vol_2.08x
CHYM|2026-08-19|TRIGGERED|8|33.41|2026-08-20|TRIGGERED|9|33.41|range_0.51 vol_0.78
CHYM|2026-08-20|TRIGGERED|9|33.41|2026-08-21|TRIGGERED|10|33.41|range_0.85 vol_0.68
CHYM|2026-08-21|TRIGGERED|10|33.41|2026-08-24|TRIGGERED|11|33.41|range_0.85 vol_0.69
CHYM|2026-08-24|TRIGGERED|11|33.41|2026-08-25|TRIGGERED|12|33.41|runup_110% base_12d close_vs_pivot_-0.9%
CHYM|2026-08-25|TRIGGERED|12|33.41|2026-08-26|TRIGGERED|13|33.41|range_0.66 vol_0.68 bodies_0.10/0.05
CHYM|2026-08-26|TRIGGERED|13|33.41|2026-08-27|TRIGGERED|14|33.41|range_0.60 vol_0.50 bodies_0.04/0.11
CHYM|2026-08-27|TRIGGERED|14|33.41|2026-08-28|TRIGGERED|15|33.41|range_0.60 vol_0.46 bodies_0.20/0.04
CHYM|2026-08-28|TRIGGERED|15|33.41|2026-08-31|unqualified|4|33.5665|runup_71%_below_90%
DFTX|2026-08-20|TIGHTENING|8|49.7|2026-08-21|TIGHTENING|9|49.7|range_0.81 vol_0.53
DFTX|2026-08-21|TIGHTENING|9|49.7|2026-08-24|INVALIDATED|10|49.7|close_43.27_below_sma20_43.96
DFTX|2026-08-25|TIGHTENING|11|49.7|2026-08-26|INVALIDATED|12|49.7|close_43.77_below_sma20_44.18
EFOR|2026-09-28|TIGHTENING|9|34.37|2026-09-29|TIGHTENING|10|34.37|range_1.06 vol_0.55
EFOR|2026-09-29|TIGHTENING|10|34.37|2026-09-30|TIGHTENING|11|34.37|range_0.84 vol_0.54
EFOR|2026-09-30|TIGHTENING|11|34.37|2026-10-01|TIGHTENING|12|34.37|range_0.73 vol_0.53
EFOR|2026-10-01|TIGHTENING|12|34.37|2026-10-02|unqualified|0|37.66|base_age_0_below_3
ESTC|2026-09-29|TIGHTENING|20|108|2026-09-30|TIGHTENING|21|108|range_0.51 vol_0.50
ESTC|2026-09-30|TIGHTENING|21|108|2026-10-01|TIGHTENING|22|108|range_0.72 vol_0.52
ESTC|2026-10-01|TIGHTENING|22|108|2026-10-02|unqualified|||adr_3.9pct_below_4pct
FBRX|2026-08-06|TIGHTENING|7|76.6|2026-08-07|TIGHTENING|8|76.6|range_1.00 vol_0.41
FBRX|2026-08-07|TIGHTENING|8|76.6|2026-08-10|unqualified|9|76.6|mna_filter:polygon_news
FIVN|2026-09-01|TIGHTENING|15|34.58|2026-09-02|TIGHTENING|16|34.58|range_0.83 vol_0.67
FIVN|2026-09-02|TIGHTENING|16|34.58|2026-09-03|TIGHTENING|17|34.58|range_0.76 vol_0.65
FIVN|2026-09-03|TIGHTENING|17|34.58|2026-09-04|TIGHTENING|18|34.58|range_0.76 vol_0.63
FIVN|2026-09-04|TIGHTENING|18|34.58|2026-09-07|TIGHTENING|18|34.58|range_0.76 vol_0.63
FIVN|2026-09-07|TIGHTENING|18|34.58|2026-09-08|INVALIDATED|19|34.58|close_31.23_below_sma20_32.96
GH|2026-07-17|TIGHTENING|10|172.605|2026-07-20|INVALIDATED|11|172.605|close_148.07_below_base_low_close_155.00
GSHD|2026-08-12|TIGHTENING|9|70.88|2026-08-13|COILED|10|70.88|range_0.71 vol_0.47 bodies_0.29/0.40
GSHD|2026-08-13|COILED|10|70.88|2026-08-14|COILED|11|70.88|range_0.77 vol_0.52
GSHD|2026-08-14|COILED|11|70.88|2026-08-17|unqualified|||adv_489k_below_500k_shares
HELP|2026-08-04|TIGHTENING|9|8.45|2026-08-05|unqualified|0|9.4|base_age_0_below_3
HTFL|2026-09-29|TIGHTENING|19|50.99|2026-09-30|TIGHTENING|20|50.99|range_0.81 vol_0.63
HTFL|2026-09-30|TIGHTENING|20|50.99|2026-10-01|INVALIDATED|21|50.99|close_48.91_below_sma20_48.95
HTFL|2026-10-02|TIGHTENING|22|50.99|2026-10-05|TIGHTENING|23|50.99|range_0.98 vol_0.66
HTFL|2026-10-05|TIGHTENING|23|50.99|2026-10-06|TIGHTENING|11|52.2212|runup_117% base_11d close_vs_pivot_-2.9%
HTFL|2026-10-06|TIGHTENING|11|52.2212|2026-10-07|INVALIDATED|12|52.2212|close_49.36_below_sma20_49.38
IOVA|2026-09-01|TIGHTENING|7|9.36|2026-09-02|COILED|8|9.36|range_0.72 vol_0.60 bodies_0.50/0.42
IOVA|2026-09-02|COILED|8|9.36|2026-09-03|COILED|9|9.36|range_0.72 vol_0.64
IOVA|2026-09-03|COILED|9|9.36|2026-09-04|COILED|10|9.36|range_0.72 vol_0.71
IOVA|2026-09-04|COILED|10|9.36|2026-09-07|COILED|10|9.36|range_0.72 vol_0.71
IOVA|2026-09-07|COILED|10|9.36|2026-09-08|COILED|11|9.36|range_0.59 vol_0.72
IOVA|2026-09-08|COILED|11|9.36|2026-09-09|COILED|12|9.36|range_0.59 vol_0.68 bodies_0.42/0.02
IOVA|2026-09-09|COILED|12|9.36|2026-09-10|COILED|13|9.36|range_0.73 vol_0.75
IOVA|2026-09-10|COILED|13|9.36|2026-09-11|COILED|14|9.36|range_0.73 vol_0.73
IOVA|2026-09-11|COILED|14|9.36|2026-09-14|TRIGGERED|15|9.36|close_9.26>base_high_close_8.79 vol_2.01x
IOVA|2026-09-14|TRIGGERED|15|9.36|2026-09-15|TRIGGERED|16|9.36|runup_149% base_16d close_vs_pivot_+0.0%
IOVA|2026-09-15|TRIGGERED|16|9.36|2026-09-16|TRIGGERED|17|9.36|range_0.74 vol_0.92
IOVA|2026-09-16|TRIGGERED|17|9.36|2026-09-17|unqualified|0|9.925|base_age_0_below_3
KOD|2026-10-08|COILED|4|104|2026-10-09|COILED|5|104|runup_249% base_5d close_vs_pivot_-4.0%
KOD|2026-10-09|COILED|5|104|||||
MBX|2026-07-23|TIGHTENING|9|66.55|2026-07-24|TIGHTENING|10|66.55|runup_138% base_10d close_vs_pivot_-6.8%
MBX|2026-07-24|TIGHTENING|10|66.55|2026-07-27|TIGHTENING|11|66.55|range_0.75 vol_0.65
MBX|2026-07-27|TIGHTENING|11|66.55|2026-07-28|INVALIDATED|12|66.55|close_60.06_below_sma20_60.07
MBX|2026-07-29|TIGHTENING|13|66.55|2026-07-30|TIGHTENING|14|66.55|range_0.99 vol_0.53
MBX|2026-07-30|TIGHTENING|14|66.55|2026-07-31|TIGHTENING|15|66.55|range_0.76 vol_0.53
MBX|2026-07-31|TIGHTENING|15|66.55|2026-08-04|unqualified|1|69.4|base_age_1_below_3
NEO|2026-07-17|TIGHTENING|9|15.555|2026-07-20|TIGHTENING|10|15.555|range_0.67 vol_1.82
NEO|2026-07-20|TIGHTENING|10|15.555|2026-07-21|TIGHTENING|11|15.555|range_0.70 vol_1.87
NEO|2026-07-21|TIGHTENING|11|15.555|2026-07-22|INVALIDATED|12|15.555|close_14.01_below_base_low_close_14.11
NWL|2026-08-11|TIGHTENING|6|7.1299|2026-08-12|TIGHTENING|7|7.1299|range_0.67 vol_0.71
NWL|2026-08-12|TIGHTENING|7|7.1299|2026-08-13|COILED|8|7.1299|range_0.67 vol_0.61 bodies_0.09/0.11
NWL|2026-08-13|COILED|8|7.1299|2026-08-14|COILED|9|7.1299|range_0.64 vol_0.59 bodies_0.27/0.09
NWL|2026-08-14|COILED|9|7.1299|2026-08-17|COILED|10|7.1299|range_0.64 vol_0.56 fresh
NWL|2026-08-17|COILED|10|7.1299|2026-08-18|COILED|11|7.1299|range_0.60 vol_0.54 fresh
NWL|2026-08-18|COILED|11|7.1299|2026-08-19|COILED|12|7.1299|range_0.47 vol_0.44 bodies_0.40/0.22
NWL|2026-08-19|COILED|12|7.1299|2026-08-20|INVALIDATED|13|7.1299|close_5.79_below_base_low_close_5.90
NWL|2026-08-21|TIGHTENING|14|7.1299|2026-08-24|TIGHTENING|15|7.1299|range_0.73 vol_0.40
NWL|2026-08-24|TIGHTENING|15|7.1299|2026-08-25|INVALIDATED|16|7.1299|close_5.93_below_sma20_5.96
OMER|2026-09-04|COILED|9|19.58|2026-09-07|COILED|9|19.58|fresh_2bar 2.5%/atr 4.7% bodies_0.06/0.14
OMER|2026-09-07|COILED|9|19.58|2026-09-08|COILED|10|19.58|range_0.60 vol_0.95
OMER|2026-09-08|COILED|10|19.58|2026-09-09|COILED|11|19.58|range_0.60 vol_0.91
OMER|2026-09-09|COILED|11|19.58|2026-09-10|COILED|12|19.58|range_0.64 vol_0.83
OMER|2026-09-10|COILED|12|19.58|2026-09-11|INVALIDATED|13|19.58|close_18.28_below_sma20_18.63
PAY|2026-08-13|TIGHTENING|6|45.31|2026-08-14|TIGHTENING|7|45.31|range_0.96 vol_0.64
PAY|2026-08-14|TIGHTENING|7|45.31|2026-08-17|TIGHTENING|8|45.31|range_0.68 vol_0.62 fresh
PAY|2026-08-17|TIGHTENING|8|45.31|2026-08-18|INVALIDATED|9|45.31|close_38.32_below_base_low_close_38.57
PAY|2026-08-19|TIGHTENING|10|45.31|2026-08-20|TIGHTENING|11|45.31|range_0.68 vol_0.95
PAY|2026-08-20|TIGHTENING|11|45.31|2026-08-21|TIGHTENING|12|45.31|range_0.68 vol_0.97
PAY|2026-08-21|TIGHTENING|12|45.31|2026-08-24|TIGHTENING|13|45.31|range_0.68 vol_1.13
PAY|2026-08-24|TIGHTENING|13|45.31|2026-08-25|TIGHTENING|14|45.31|range_0.68 vol_1.21
PAY|2026-08-25|TIGHTENING|14|45.31|2026-08-26|TIGHTENING|15|45.31|range_0.68 vol_1.05
PAY|2026-08-26|TIGHTENING|15|45.31|2026-08-27|INVALIDATED|16|45.31|close_35.61_below_base_low_close_38.32
PBF|2026-08-19|COILED|13|74.74|2026-08-20|COILED|14|74.74|range_0.75 vol_0.64
PBF|2026-08-20|COILED|14|74.74|2026-08-21|COILED|15|74.74|range_0.75 vol_0.63
PBF|2026-08-21|COILED|15|74.74|2026-08-24|COILED|16|74.74|range_0.85 vol_0.64
PBF|2026-08-24|COILED|16|74.74|2026-08-25|INVALIDATED|17|74.74|close_66.51_below_sma20_69.11
PBF|2026-08-26|TIGHTENING|18|74.74|2026-08-27|INVALIDATED|19|74.74|close_68.59_below_sma20_69.20
PBF|2026-08-28|TIGHTENING|20|74.74|2026-08-31|TIGHTENING|21|74.74|range_0.99 vol_0.53
PBF|2026-08-31|TIGHTENING|21|74.74|2026-09-01|TIGHTENING|22|74.74|range_0.99 vol_0.58
PBF|2026-09-01|TIGHTENING|22|74.74|2026-09-02|TIGHTENING|23|74.74|runup_105% base_23d close_vs_pivot_+1.0%
PBF|2026-09-02|TIGHTENING|23|74.74|2026-09-03|unqualified|0|77.94|base_age_0_below_3
PLSE|2026-09-21|TIGHTENING|7|58.9|2026-09-22|TIGHTENING|8|58.9|range_0.63 vol_0.92
PLSE|2026-09-22|TIGHTENING|8|58.9|2026-09-23|TIGHTENING|9|58.9|range_0.63 vol_0.89
PLSE|2026-09-23|TIGHTENING|9|58.9|2026-09-24|INVALIDATED|10|58.9|close_51.83_below_sma20_52.09
PURR|2026-09-14|TIGHTENING|10|14.14|2026-09-15|INVALIDATED|11|14.14|close_11.20_below_sma20_11.26
PURR|2026-10-05|TIGHTENING|10|14.47|2026-10-06|INVALIDATED|11|14.47|close_12.50_below_sma20_12.50
QMCO|2026-09-22|TIGHTENING|23|26.28|2026-09-23|TIGHTENING|24|26.28|range_0.61 vol_0.93
QMCO|2026-09-23|TIGHTENING|24|26.28|2026-09-24|unqualified|0|29.15|base_age_0_below_3
REPL|2026-08-19|TIGHTENING|4|15.68|2026-08-20|INVALIDATED|5|15.68|close_14.05_below_base_low_close_14.63
REPL|2026-09-01|TIGHTENING|13|15.68|2026-09-02|COILED|14|15.68|range_0.66 vol_0.66 bodies_0.38/0.50
REPL|2026-09-02|COILED|14|15.68|2026-09-03|unqualified|0|16.33|base_age_0_below_3
RUM|2026-09-03|TIGHTENING|6|10.595|2026-09-04|TIGHTENING|7|10.595|range_0.69 vol_0.81
RUM|2026-09-04|TIGHTENING|7|10.595|2026-09-07|TIGHTENING|7|10.595|range_0.69 vol_0.81
RUM|2026-09-07|TIGHTENING|7|10.595|2026-09-08|INVALIDATED|8|10.595|close_8.39_below_base_low_close_8.53
TEAM|2026-09-22|TIGHTENING|15|194.96|2026-09-23|TIGHTENING|15|197.3|range_0.71 vol_1.18
TEAM|2026-09-23|TIGHTENING|15|197.3|2026-09-24|TIGHTENING|16|197.3|runup_147% base_16d close_vs_pivot_-2.4%
TEAM|2026-09-24|TIGHTENING|16|197.3|2026-09-25|INVALIDATED|17|197.3|close_187.74_below_sma20_188.65
TJGC|2026-09-09|COILED|4|10.6099|2026-09-10|COILED|5|10.6099|fresh_2bar 3.8%/atr 9.4% bodies_0.06/0.18
TJGC|2026-09-10|COILED|5|10.6099|2026-09-11|COILED|6|10.6099|runup_234% base_6d close_vs_pivot_+5.5%
TJGC|2026-09-11|COILED|6|10.6099|2026-09-14|unqualified|0|11.5|base_age_0_below_3
VCYT|2026-07-17|TIGHTENING|14|60.281|2026-07-20|INVALIDATED|15|60.281|close_57.26_below_sma20_57.72
WDAY|2026-08-21|COILED|5|227.49|2026-08-24|COILED|6|227.49|fresh_2bar 3.4%/atr 5.7% bodies_0.05/0.21
WDAY|2026-08-24|COILED|6|227.49|2026-08-25|COILED|7|227.49|range_0.58 vol_0.73 fresh
WDAY|2026-08-25|COILED|7|227.49|2026-08-26|COILED|8|227.49|range_0.58 vol_0.72 fresh
WDAY|2026-08-26|COILED|8|227.49|2026-08-27|COILED|9|227.49|range_0.58 vol_0.65
WDAY|2026-08-27|COILED|9|227.49|2026-08-28|TRIGGERED|10|227.49|close_204.72>base_high_close_200.01 vol_2.15x
WDAY|2026-08-28|TRIGGERED|10|227.49|2026-08-31|TRIGGERED|11|227.49|range_0.68 vol_1.04
WDAY|2026-08-31|TRIGGERED|11|227.49|2026-09-01|TRIGGERED|12|227.49|runup_104% base_12d close_vs_pivot_-12.8%
WDAY|2026-09-01|TRIGGERED|12|227.49|2026-09-02|TRIGGERED|13|227.49|runup_104% base_13d close_vs_pivot_-11.7%
WDAY|2026-09-02|TRIGGERED|13|227.49|2026-09-17|unqualified|||adr_3.9pct_below_4pct
XHLD|2026-09-08|COILED|5|10.4799|2026-09-09|TRIGGERED|6|10.4799|close_10.51>base_high_close_9.42 vol_1.72x
XHLD|2026-09-09|TRIGGERED|6|10.4799|2026-09-10|unqualified|0|12.155|base_age_0_below_3
ZBIO|2026-08-05|TIGHTENING|10|34.05|2026-08-06|TIGHTENING|11|34.05|range_1.39 vol_0.58
ZBIO|2026-08-06|TIGHTENING|11|34.05|2026-08-07|TIGHTENING|12|34.05|range_1.22 vol_0.56
ZBIO|2026-08-07|TIGHTENING|12|34.05|2026-08-10|TIGHTENING|13|34.05|range_1.03 vol_0.52
ZBIO|2026-08-10|TIGHTENING|13|34.05|2026-08-11|TIGHTENING|14|34.05|range_0.95 vol_0.51
ZBIO|2026-08-11|TIGHTENING|14|34.05|2026-08-12|INVALIDATED|15|34.05|close_31.29_below_sma20_31.42
(158 rows)
