trade_date|low_price|close
2026-03-02|41.84|44.86
2026-03-03|42.86|44.36
2026-03-04|44.72|45.71
2026-03-05|45.3|45.84
2026-03-06|44.23|46.14
2026-03-09|45.21|45.99
2026-03-10|45.6501|45.97
2026-03-11|44.6383|45.44
2026-03-12|44.43|44.46
2026-03-13|44.3001|45
2026-03-16|43.32|43.33
2026-03-17|43.31|44.11
2026-03-18|42.96|44.38
2026-03-19|44.05|44.51
2026-03-20|42.42|42.48
2026-03-23|40.6|42.11
2026-03-24|40.41|40.91
2026-03-25|38.82|40.19
2026-03-26|39.82|40.18
2026-03-27|36.09|36.25
2026-03-30|35.4|36.77
2026-03-31|37.02|38.56
2026-04-01|37.8|38.49
2026-04-02|37.06|38.98
2026-04-06|38.63|39.19
2026-04-07|37.97|38.02
2026-04-08|38.04|38.29
2026-04-09|35.86|35.98
2026-04-10|34.64|35.41
2026-04-13|35.3|37.83
2026-04-14|38.27|38.78
2026-04-15|39|41.47
2026-04-16|41.6|42.92
2026-04-17|42.8|43.32
2026-04-20|42.86|43.93
2026-04-21|43.38|44.56
2026-04-22|44.175|44.76
2026-04-23|42.31|43.24
2026-04-24|43.03|44.29
2026-04-27|43.95|45.03
2026-04-28|44.4|44.74
2026-04-29|43.36|43.99
2026-04-30|43.18|44.6
2026-05-01|44.6|45.43
2026-05-04|45.01|48.89
2026-05-05|49.12|49.75
2026-05-06|48.0801|54.84
2026-05-07|52.51|55
2026-05-08|53.97|56.02
2026-05-11|53.85|54.74
2026-05-12|53.65|55.22
2026-05-13|53.36|54.06
2026-05-14|51.72|53.88
2026-05-15|53.38|54.5
2026-05-18|54.24|54.71
2026-05-19|54.2575|54.96
2026-05-20|53.61|54.74
2026-05-21|53.86|55.12
2026-05-22|53.725|55.25
2026-05-26|52.83|52.98
2026-05-27|52.25|53.58
2026-05-28|52.93|54.95
2026-05-29|54.13|56.21
2026-06-01|55.15|60.92
(64 rows)
