q|k|n|t
watch_next|COILED|5|5
watch_next|INVALIDATED|33|30
watch_next|NO ROW next scan day (universe drop)|26|24
watch_next|TIGHTENING|18|16
watch_next|unq:adv|1|1
watch_next|unq:base|35|23
watch_next|unq:ma|3|3
watch_next|unq:mna|2|2
watch_next|unq:pole|1|1
watch_next|WATCH|180|48
wday_adr|2026-08-03|4.87|4044897
wday_adr|2026-08-04|5.76|3378421
wday_adr|2026-08-05|3.01|2250720
wday_adr|2026-08-06|4.90|3541993
wday_adr|2026-08-07|4.70|3298194
wday_adr|2026-08-10|5.22|4317615
wday_adr|2026-08-11|3.17|3071075
wday_adr|2026-08-12|3.06|4319978
wday_adr|2026-08-13|25.62|15468065
wday_adr|2026-08-14|6.54|8072250
wday_adr|2026-08-17|3.15|4523070
wday_adr|2026-08-18|2.81|3774395
wday_adr|2026-08-19|5.71|4833923
wday_adr|2026-08-20|2.83|3121349
wday_adr|2026-08-21|3.38|3426804
wday_adr|2026-08-24|2.15|2660076
wday_adr|2026-08-25|2.41|3487361
wday_adr|2026-08-26|2.91|3204655
wday_adr|2026-08-27|5.27|7353217
wday_adr|2026-08-28|9.08|8655111
wday_adr|2026-08-31|3.57|4611739
wday_adr|2026-09-01|4.75|3642320
wday_adr|2026-09-02|4.14|2774815
wday_adr|2026-09-03|4.27|2980241
wday_adr|2026-09-04|5.89|2848337
wday_adr|2026-09-08|4.06|2832387
wday_adr|2026-09-09|1.99|2307998
wday_adr|2026-09-10|2.33|2407923
wday_adr|2026-09-11|2.32|1845720
wday_adr|2026-09-14|3.48|2885677
wday_adr|2026-09-15|2.40|1981662
wday_adr|2026-09-16|1.91|1926284
wday_adr|2026-09-17|8.73|4246279
(43 rows)
