scan_date|total|unq|inv|watch|tight|coiled|trig|mna
2026-07-17|568|541|18|5|4|0|0|0
2026-07-20|578|558|16|3|1|0|0|0
2026-07-21|583|564|13|5|1|0|0|0
2026-07-22|575|553|16|6|0|0|0|0
2026-07-23|572|550|18|3|1|0|0|1
2026-07-24|585|566|13|5|1|0|0|1
2026-07-27|578|559|12|6|1|0|0|1
2026-07-28|570|552|13|5|0|0|0|1
2026-07-29|573|559|8|5|1|0|0|1
2026-07-30|587|572|9|3|2|1|0|0
2026-07-31|577|562|9|3|2|1|0|0
2026-08-04|628|610|14|3|1|0|0|1
2026-08-05|615|600|12|2|1|0|0|1
2026-08-06|592|580|9|1|2|0|0|0
2026-08-07|612|601|6|3|2|0|0|0
2026-08-10|606|595|4|6|1|0|0|1
2026-08-11|636|624|4|6|2|0|0|1
2026-08-12|582|569|4|7|2|0|0|1
2026-08-13|585|564|9|9|1|2|0|0
2026-08-14|560|542|8|6|2|2|0|0
2026-08-17|565|547|7|8|1|2|0|0
2026-08-18|574|550|13|8|1|2|0|0
2026-08-19|589|555|14|14|3|2|1|0
2026-08-20|572|538|18|11|3|1|1|0
2026-08-21|575|546|11|11|4|2|1|0
2026-08-24|566|540|14|6|3|2|1|0
2026-08-25|561|537|15|4|3|1|1|0
2026-08-26|561|539|12|6|2|1|1|0
2026-08-27|542|520|13|7|0|1|1|0
2026-08-28|554|535|12|4|1|0|2|0
2026-08-31|544|522|10|9|2|0|1|0
2026-09-01|543|522|11|5|4|0|1|0
2026-09-02|545|524|6|8|4|2|1|0
2026-09-03|545|523|6|11|4|1|0|0
2026-09-04|539|519|5|10|3|2|0|0
2026-09-07|87|78|2|2|3|2|0|0
2026-09-08|540|518|12|6|1|3|0|0
2026-09-09|535|518|9|4|0|3|1|0
2026-09-10|530|514|11|2|0|3|0|0
2026-09-11|532|517|9|4|0|2|0|0
2026-09-14|519|507|7|2|2|0|1|0
2026-09-15|523|510|8|3|1|0|1|0
2026-09-16|507|493|8|3|2|0|1|0
2026-09-17|509|500|4|3|2|0|0|0
2026-09-18|505|497|3|4|1|0|0|0
2026-09-21|504|497|2|4|1|0|0|0
2026-09-22|499|490|4|2|3|0|0|0
2026-09-23|495|485|4|3|3|0|0|0
2026-09-24|505|496|3|5|1|0|0|0
2026-09-25|494|481|7|6|0|0|0|0
2026-09-28|487|472|8|6|1|0|0|0
2026-09-29|493|476|11|2|4|0|0|0
2026-09-30|487|473|8|2|4|0|0|0
2026-10-01|489|476|6|4|3|0|0|0
2026-10-02|492|477|8|6|1|0|0|0
2026-10-05|496|477|6|11|2|0|0|0
2026-10-06|507|494|10|2|1|0|0|0
2026-10-07|505|489|15|1|0|0|0|0
2026-10-08|504|491|9|3|0|1|0|0
2026-10-09|492|482|3|6|0|1|0|0
(60 rows)
