ticker|scan_date|stage|base_high|pivot_high_price|base_low|close0|n10|maxc10|maxh10|minl10|first_close_over_bh10|first_close_over_pole10|first_close_under_bl10|c20|n20
ABVX|2026-07-17|TIGHTENING|147.98|146.68|133|136.65|10|134.09|138.32|118.1801|||2026-07-20|118.96|20
AMLX|2026-09-02|TIGHTENING|41.14|40.4388|32.98|34.49|10|34.1|35.31|31.37|||2026-09-09|28.08|20
AMLX|2026-09-03|TIGHTENING|41.14|40.4388|32.98|33.96|10|34.1|34.72|31.37|||2026-09-09|27.79|20
AMLX|2026-09-04|TIGHTENING|41.14|40.4388|32.98|34.1|10|33.94|34.72|31.37|||2026-09-09|27.78|20
AMLX|2026-09-07|TIGHTENING|41.14|40.4388|32.98||10|33.94|34.72|31.37|||2026-09-09|27.78|20
AMLX|2026-09-08|TIGHTENING|41.14|40.4388|32.98|33.88|10|33.94|34.35|31.37|||2026-09-09|28.04|20
APPS|2026-08-14|TIGHTENING|15.06|15.335|12.06|12.44|10|12.24|12.79|10.43|||2026-08-19|11.725|20
ATAI|2026-07-30|COILED|7.22|7.22|7.08|7.18|10|7.25|7.26|7.16|2026-08-07|2026-08-07||7.35|20
ATAI|2026-07-31|COILED|7.22|7.22|7.08|7.18|10|7.26|7.28|7.16|2026-08-07|2026-08-07||7.29|20
BWIN|2026-08-31|TIGHTENING|32.59|32.565|29.86|30.85|10|32.49|32.705|27.74|||2026-09-08|31.78|20
BWIN|2026-09-02|TIGHTENING|32.59|32.565|29.86|31.01|10|32.49|32.705|27.74|||2026-09-08|31.77|20
BWIN|2026-09-03|TIGHTENING|32.59|32.565|29.71|31.22|10|32.49|32.705|27.74|||2026-09-09|31.77|20
CDNA|2026-07-30|TIGHTENING|40.47|40.38|35.11|38.1|10|47.85|49.76|40.67|2026-07-31|2026-07-31||52.36|20
CDNA|2026-07-31|TIGHTENING|40.47|40.38|35.01|43.71|10|47.85|49.76|44.5418|2026-08-03|2026-08-03||49.79|20
CDNA|2026-08-18|TIGHTENING|48.2936|49.76|44.57|46.18|10|52.36|53.6712|45.332|2026-08-21|2026-08-25||53.55|20
CDNA|2026-08-19|TIGHTENING|48.2936|49.76|44.57|46.51|10|52.36|53.6712|45.332|2026-08-21|2026-08-25||54.28|20
CDNA|2026-08-20|TIGHTENING|48.4299|49.76|44.57|46.99|10|52.36|53.6712|46.0497|2026-08-21|2026-08-25||53.83|20
CDNA|2026-08-21|TIGHTENING|48.4299|49.76|44.57|48.61|10|52.36|53.6712|46.6879|2026-08-25|2026-08-25||54.33|20
CDNA|2026-08-24|TIGHTENING|48.72|49.76|44.57|47.5|10|52.36|53.6712|46.6879|2026-08-25|2026-08-25||56.49|20
CDNA|2026-08-25|TIGHTENING|48.72|49.76|44.57|50.8|10|52.36|53.6712|46.6879|2026-08-26|2026-08-26||54.31|20
CDNA|2026-09-14|TIGHTENING|52.38|53.6712|46.6879|52.37|10|64.6|65.495|51.7301|2026-09-15|2026-09-17|||19
CDNA|2026-09-15|TIGHTENING|52.67|53.6712|46.6879|52.64|10|64.6|65.5|52.61|2026-09-16|2026-09-17|||18
CDNA|2026-09-16|TIGHTENING|53.74|53.6712|46.6879|53.55|10|65|65.63|53.12|2026-09-17|2026-09-17|||17
CDNA|2026-09-17|TIGHTENING|54.488|53.6712|46.6879|54.28|10|66.23|67.2896|53.12|2026-09-22|2026-09-18|||16
CHPT|2026-09-16|TIGHTENING|10.4299|10.28|8.56|8.91|10|10.32|10.72|8.65||2026-09-18|||17
CHPT|2026-09-17|TIGHTENING|10.4299|10.28|8.56|9.92|10|10.32|10.72|8.65||2026-09-18|||16
CHPT|2026-09-18|TIGHTENING|10.4299|10.28|8.56|10.32|10|10.2|11.26|8.65|||||15
CHPT|2026-09-29|TIGHTENING|10.5808|10.72|8.65|9.52|8|10.2|11.26|7.87|||2026-10-07||8
CHPT|2026-09-30|TIGHTENING|10.5808|10.72|8.65|10.08|7|10.2|11.26|7.87|||2026-10-07||7
CHPT|2026-10-01|TIGHTENING|10.5808|10.72|8.65|10.2|6|9.29|11.26|7.87|||2026-10-07||6
CHYM|2026-08-17|COILED|32.55|33.41|28.74|31.45|10|33.36|34.16|30.3784|2026-08-19|||33.61|20
CHYM|2026-08-18|COILED|32.55|33.41|28.74|31.91|10|33.36|34.16|31.53|2026-08-19|||31.25|20
CHYM|2026-08-19|TRIGGERED|32.645|33.41|28.74|33.07|10|33.41|34.16|31.52|2026-08-21|||30.72|20
CHYM|2026-08-20|TRIGGERED|33.38|33.41|28.74|31.95|10|33.65|34.435|31.52|2026-09-02|2026-09-03||30.33|20
CHYM|2026-08-21|TRIGGERED|33.745|33.41|28.74|32.78|10|33.76|34.435|31.52|2026-09-04|2026-09-03||29.92|20
CHYM|2026-08-24|TRIGGERED|33.745|33.41|28.74|32.7|10|33.76|34.435|31.52|2026-09-04|2026-09-03||28.62|20
CHYM|2026-08-25|TRIGGERED|33.745|33.41|28.74|33.1|10|34.55|35.55|31.52|2026-09-04|2026-09-03||26.46|20
CHYM|2026-08-26|TRIGGERED|33.745|33.41|28.74|33.15|10|34.55|35.55|31.52|2026-09-04|2026-09-03||27.07|20
CHYM|2026-08-27|TRIGGERED|33.745|33.41|28.74|33.36|10|34.55|35.55|31.52|2026-09-04|2026-09-03||26.78|20
CHYM|2026-08-28|TRIGGERED|33.975|33.41|28.74|33.2|10|34.55|35.55|31.52|2026-09-09|2026-09-03||26.69|20
DFTX|2026-08-20|TIGHTENING|47.55|49.7|40.6201|45.4|10|44.91|46.57|37.32|||2026-08-31|38.81|20
DFTX|2026-08-21|TIGHTENING|47.55|49.7|40.6201|44.91|10|44.81|45.31|37.32|||2026-08-31|39.28|20
DFTX|2026-08-25|TIGHTENING|47.55|49.7|40.6201|44.81|10|43.82|45.04|37.32|||2026-08-31|37.65|20
EFOR|2026-09-28|TIGHTENING|34.42|34.37|31.54|32.83|9|37.5|38.09|32.08|2026-10-01|2026-10-01|||9
EFOR|2026-09-29|TIGHTENING|34.42|34.37|31.54|32.9|8|37.5|38.09|32.55|2026-10-01|2026-10-01|||8
EFOR|2026-09-30|TIGHTENING|34.42|34.37|31.54|32.9|7|37.5|38.09|33.8|2026-10-01|2026-10-01|||7
EFOR|2026-10-01|TIGHTENING|34.42|34.37|31.54|36.19|6|37.5|38.09|33.8|2026-10-05|2026-10-05|||6
ESTC|2026-09-29|TIGHTENING|102.415|108|82.1548|88.8|8|98.23|98.6|88.855|||||8
ESTC|2026-09-30|TIGHTENING|102.415|108|82.1548|91.7|7|98.23|98.6|90.2|||||7
ESTC|2026-10-01|TIGHTENING|102.415|108|82.1548|92.31|6|98.23|98.6|92|||||6
FBRX|2026-08-06|TIGHTENING|77.2|76.6|76.5|76.83|10|76.9|76.95|76.76||2026-08-07|||14
FBRX|2026-08-07|TIGHTENING|77.2|76.6|76.5|76.79|10|76.92|76.95|76.76||2026-08-10|||13
FIVN|2026-09-01|TIGHTENING|35.17|34.58|30.66|34.03|10|34.1|35.18|30.1|||2026-09-09|34.01|20
FIVN|2026-09-02|TIGHTENING|35.17|34.58|30.66|33.59|10|34.5|35.31|30.1|||2026-09-09|35.75|20
FIVN|2026-09-03|TIGHTENING|35.17|34.58|30.66|34.1|10|34.5|35.31|30.1|||2026-09-09|34.36|20
FIVN|2026-09-04|TIGHTENING|35.18|34.58|30.66|33.27|10|37.01|37.13|30.1|2026-09-21|2026-09-21|2026-09-09|34.37|20
FIVN|2026-09-07|TIGHTENING|35.18|34.58|30.66||10|37.01|37.13|30.1|2026-09-21|2026-09-21|2026-09-09|34.37|20
GH|2026-07-17|TIGHTENING|174.08|172.605|152.642|155.87|10|161.99|176.58|140.86|||2026-07-20|157.21|20
GSHD|2026-08-12|TIGHTENING|68.9|70.88|61.55|65.55|10|73|74.42|63.58|2026-08-20|2026-08-21||56.44|20
GSHD|2026-08-13|COILED|68.9|70.88|61.55|67.4|10|73|74.42|63.58|2026-08-20|2026-08-21||57.18|20
GSHD|2026-08-14|COILED|68.9|70.88|61.55|66.29|10|73|74.42|63.58|2026-08-20|2026-08-21||59.91|20
HELP|2026-08-04|TIGHTENING|8.225|8.45|7.34|9.28|10|11.99|12.05|9.245|2026-08-05|2026-08-05||11.6|20
HTFL|2026-09-29|TIGHTENING|52.2212|50.99|45.41|49.83|8|52.21|54.3195|46.5||2026-10-05|||8
HTFL|2026-09-30|TIGHTENING|52.2212|50.99|45.41|49.75|7|52.21|54.3195|46.5||2026-10-05|||7
HTFL|2026-10-02|TIGHTENING|52.2212|50.99|45.41|49.32|5|52.21|54.3195|46.5||2026-10-05|||5
HTFL|2026-10-05|TIGHTENING|52.2212|50.99|45.41|52.21|4|50.69|54.3195|46.5|||||4
HTFL|2026-10-06|TIGHTENING|53.07|52.2212|46.78|50.69|3|49.74|51.5|46.5|||||3
IOVA|2026-09-01|TIGHTENING|9.3|9.36|7.66|8.28|10|9.87|9.925|8.04|2026-09-15|2026-09-16||14.82|20
IOVA|2026-09-02|COILED|9.3|9.36|7.66|8.62|10|10.02|10.98|8.04|2026-09-15|2026-09-16||14.23|20
IOVA|2026-09-03|COILED|9.3|9.36|7.66|8.7|10|10.25|10.98|8.04|2026-09-15|2026-09-16||14.215|20
IOVA|2026-09-04|COILED|9.3|9.36|7.66|8.79|10|10.25|10.98|8.04|2026-09-15|2026-09-16||14.15|20
IOVA|2026-09-07|COILED|9.3|9.36|7.66||10|10.25|10.98|8.04|2026-09-15|2026-09-16||14.15|20
IOVA|2026-09-08|COILED|9.3|9.36|7.66|8.7|10|10.64|10.98|8.04|2026-09-15|2026-09-16||12.96|20
IOVA|2026-09-09|COILED|9.3|9.36|7.66|8.43|10|10.64|10.98|8.04|2026-09-15|2026-09-16||12.915|20
IOVA|2026-09-10|COILED|9.3|9.36|7.66|8.14|10|10.8|10.98|8.075|2026-09-15|2026-09-16||13.31|20
IOVA|2026-09-11|COILED|9.3|9.36|7.66|8.6|10|11|11.13|8.54|2026-09-15|2026-09-16||14.62|20
IOVA|2026-09-14|TRIGGERED|9.3|9.36|7.66|9.26|10|11|11.165|8.98|2026-09-15|2026-09-16|||19
IOVA|2026-09-15|TRIGGERED|9.41|9.36|7.66|9.36|10|14.45|15.3|9.435|2026-09-16|2026-09-16|||18
IOVA|2026-09-16|TRIGGERED|9.41|9.36|7.66|9.87|10|14.82|15.3|9.83|2026-09-17|2026-09-17|||17
KOD|2026-10-08|COILED|98.95|104|87.58|94.26|1|99.87|100.33|93.7|2026-10-09||||1
KOD|2026-10-09|COILED|98.95|104|87.58|99.87|0||||||||0
MBX|2026-07-23|TIGHTENING|65.435|66.55|52.51|63.57|10|70.7|72.64|58.785|2026-07-30|2026-08-04||66.35|20
MBX|2026-07-24|TIGHTENING|65.435|66.55|52.51|62|10|70.7|72.64|58.785|2026-07-30|2026-08-04||66.33|20
MBX|2026-07-27|TIGHTENING|66.66|66.55|52.51|61.3|10|70.7|72.64|58.785|2026-08-04|2026-08-04||66.39|20
MBX|2026-07-29|TIGHTENING|66.66|66.55|52.51|63.96|10|70.7|72.64|62.68|2026-08-04|2026-08-04||66.76|20
MBX|2026-07-30|TIGHTENING|66.66|66.55|52.51|66.46|10|70.7|72.64|62.68|2026-08-04|2026-08-04||66.39|20
MBX|2026-07-31|TIGHTENING|66.66|66.55|52.51|65.93|10|70.7|72.64|62.68|2026-08-04|2026-08-04||63|20
NEO|2026-07-17|TIGHTENING|15.57|15.555|13.8|14.61|10|15.88|16.17|13.05|2026-07-30|2026-07-30|2026-07-27|15.94|20
NEO|2026-07-20|TIGHTENING|15.57|15.555|13.8|14.24|10|15.88|16.345|13.05|2026-07-30|2026-07-30|2026-07-27|16.16|20
NEO|2026-07-21|TIGHTENING|15.57|15.555|13.8|14.45|10|16.29|16.345|13.05|2026-07-30|2026-07-30|2026-07-27|15.9|20
NWL|2026-08-11|TIGHTENING|6.64|7.1299|5.755|6.15|10|6.24|6.355|5.76||||6|20
NWL|2026-08-12|TIGHTENING|6.64|7.1299|5.755|6.16|10|6.24|6.355|5.76||||5.87|20
NWL|2026-08-13|COILED|6.64|7.1299|5.755|6.17|10|6.24|6.28|5.76||||5.85|20
NWL|2026-08-14|COILED|6.64|7.1299|5.755|6.24|10|6.17|6.25|5.76||||5.77|20
NWL|2026-08-17|COILED|6.64|7.1299|5.755|6.04|10|6.25|6.305|5.76||||5.64|20
NWL|2026-08-18|COILED|6.64|7.1299|5.755|5.93|10|6.25|6.305|5.76||||5.69|20
NWL|2026-08-19|COILED|6.64|7.1299|5.755|6.16|10|6.25|6.305|5.76||||5.61|20
NWL|2026-08-21|TIGHTENING|6.64|7.1299|5.755|6.09|10|6.25|6.305|5.76||||5.6|20
NWL|2026-08-24|TIGHTENING|6.64|7.1299|5.755|6.07|10|6.34|6.465|5.76||||5.77|20
OMER|2026-09-04|COILED|19.6497|19.58|18|18.95|10|19.39|19.55|16.5001|||2026-09-14|18.9|20
OMER|2026-09-07|COILED|19.6497|19.58|18||10|19.39|19.55|16.5001|||2026-09-14|18.9|20
OMER|2026-09-08|COILED|19.6497|19.58|18|19.12|10|21.05|21.2399|16.5001|2026-09-22|2026-09-22|2026-09-14|18.51|20
OMER|2026-09-09|COILED|19.6497|19.58|18|19.39|10|21.05|21.2399|16.5001|2026-09-22|2026-09-22|2026-09-14|18.75|20
OMER|2026-09-10|COILED|19.6497|19.58|18|18.59|10|21.05|21.2399|16.5001|2026-09-22|2026-09-22|2026-09-14|19.12|20
PAY|2026-08-13|TIGHTENING|43.68|45.31|38.15|42.19|10|41.86|42.5|35.36|||2026-08-27|36.38|20
PAY|2026-08-14|TIGHTENING|43.68|45.31|38.15|41.86|10|40.66|41.88|35.19|||2026-08-27|37.08|20
PAY|2026-08-17|TIGHTENING|43.68|45.31|38.15|40.66|10|40|40.69|34.86|||2026-08-27|36.01|20
PAY|2026-08-19|TIGHTENING|43.68|45.31|38.15|39.57|10|40|40.6|34.65|||2026-08-27|36.13|20
PAY|2026-08-20|TIGHTENING|43.68|45.31|38.1|38.42|10|40|40.6|34.65|||2026-08-27|35.04|20
PAY|2026-08-21|TIGHTENING|43.68|45.31|38.1|40|10|39.94|40.6|34.65|||2026-08-27|34.5|20
PAY|2026-08-24|TIGHTENING|43.68|45.31|37.7|39.94|10|39.43|39.63|34.65|||2026-08-27|32.3|20
PAY|2026-08-25|TIGHTENING|43.68|45.31|37.7|39.34|10|39.43|39.555|34.65|||2026-08-27|29.95|20
PAY|2026-08-26|TIGHTENING|43.68|45.31|37.7|39.43|10|36.77|39.255|34.65|||2026-08-27|30.95|20
PBF|2026-08-19|COILED|75.68|74.74|58.8805|73.91|10|75.48|77.94|63.95||2026-09-01||77.16|20
PBF|2026-08-20|COILED|75.68|74.74|58.8805|69.56|10|75.48|77.94|63.95||2026-09-01||77.19|20
PBF|2026-08-21|COILED|75.68|74.74|58.8805|73.53|10|75.48|77.94|63.95||2026-09-01||72.48|20
PBF|2026-08-24|COILED|75.68|74.74|58.8805|69.51|10|76.77|77.94|63.95|2026-09-08|2026-09-01||71.44|20
PBF|2026-08-26|TIGHTENING|75.68|74.74|58.8805|69.73|10|77.08|78.97|67.56|2026-09-08|2026-09-01||71.9|20
PBF|2026-08-28|TIGHTENING|75.68|74.74|58.8805|71.28|10|78.3|82.61|70.03|2026-09-08|2026-09-01||74.39|20
PBF|2026-08-31|TIGHTENING|75.68|74.74|58.8805|72.99|10|78.3|82.61|69.03|2026-09-08|2026-09-01||75.23|20
PBF|2026-09-01|TIGHTENING|75.68|74.74|58.8805|74.99|10|78.3|82.61|69.03|2026-09-08|2026-09-02||76.96|20
PBF|2026-09-02|TIGHTENING|76.16|74.74|58.8805|75.48|10|78.3|82.61|69.03|2026-09-08|2026-09-03||82.34|20
PLSE|2026-09-21|TIGHTENING|57.94|58.9|48.61|53.31|10|52.69|56.74|47.47|||2026-10-02||14
PLSE|2026-09-22|TIGHTENING|57.94|58.9|48.61|52.69|10|52.32|56.74|47.47|||2026-10-02||13
PLSE|2026-09-23|TIGHTENING|57.94|58.9|48.61|51.98|10|52.32|54.05|47.47|||2026-10-02||12
PURR|2026-09-14|TIGHTENING|13.86|14.14|10.93|11.85|10|14.09|14.76|10.545|2026-09-18||||19
PURR|2026-10-05|TIGHTENING|14.76|14.47|11.705|12.92|4|12.5|12.96|10.92|||2026-10-08||4
QMCO|2026-09-22|TIGHTENING|26.5|26.28|19.73|25.65|10|34.5|35.65|24.5|2026-09-24|2026-09-24|||13
QMCO|2026-09-23|TIGHTENING|26.5|26.28|19.73|25.97|10|34.5|35.65|25.1|2026-09-24|2026-09-24|||12
REPL|2026-08-19|TIGHTENING|15.705|15.68|14.05|14.81|10|15.98|16.33|13.81|2026-08-25|2026-08-25||12.87|20
REPL|2026-09-01|TIGHTENING|16.15|15.68|13.81|15.67|10|15.98|16.33|12.4||2026-09-02|2026-09-10|13.24|20
REPL|2026-09-02|COILED|16.15|15.68|13.81|15.98|10|15.29|16.025|12.4|||2026-09-10|13.45|20
RUM|2026-09-03|TIGHTENING|10.24|10.595|8.42|9.04|10|9.09|9.35|6.985|||2026-09-08|7.575|20
RUM|2026-09-04|TIGHTENING|10.24|10.595|8.42|8.6|10|9.17|9.355|6.985|||2026-09-08|7.38|20
RUM|2026-09-07|TIGHTENING|10.24|10.595|8.42||10|9.17|9.355|6.985|||2026-09-08|7.38|20
TEAM|2026-09-22|TIGHTENING|198.5999|194.96|174.21|188.65|10|196.65|199.08|168.05||2026-09-23|||13
TEAM|2026-09-23|TIGHTENING|200|197.3|174.21|195.08|10|196.65|199.08|168.05|||||12
TEAM|2026-09-24|TIGHTENING|200|197.3|174.21|192.61|10|203.57|203.89|168.05|2026-10-08|2026-10-08|||11
TJGC|2026-09-09|COILED|10.8|10.6099|8.8|10.58|10|23.28|23.8724|10.42|2026-09-11|2026-09-10||31|20
TJGC|2026-09-10|COILED|10.8|10.6099|8.8|10.67|10|28.2|28.55|10.48|2026-09-11|2026-09-11||33|20
TJGC|2026-09-11|COILED|10.83|10.6099|8.8|11.19|10|28.2|30.77|10.6003|2026-09-14|2026-09-14||33.28|20
VCYT|2026-07-17|TIGHTENING|60.91|60.281|54.25|59.13|10|59.78|59.96|43.52|||2026-07-31|41.25|20
WDAY|2026-08-21|COILED|208|227.49|189.31|200.01|10|206.92|211.83|188.052||||191.92|20
WDAY|2026-08-24|COILED|208|227.49|189.31|199.15|10|206.92|211.83|184.62|||2026-09-08|188.23|20
WDAY|2026-08-25|COILED|208|227.49|189.31|194.42|10|206.92|211.83|183.535|||2026-09-08|192.38|20
WDAY|2026-08-26|COILED|208|227.49|189.31|190.75|10|206.92|211.83|183.535|||2026-09-08|190.99|20
WDAY|2026-08-27|COILED|208|227.49|188.052|193.57|10|206.92|211.83|183.535|||2026-09-08|189.45|20
WDAY|2026-08-28|TRIGGERED|208|227.49|188.052|204.72|10|206.92|211.83|183.535|||2026-09-08|188.6|20
WDAY|2026-08-31|TRIGGERED|208|227.49|188.052|197.45|10|206.92|211.83|183.535|||2026-09-08|189.17|20
WDAY|2026-09-01|TRIGGERED|208|227.49|188.052|198.38|10|206.92|211.83|183.535|||2026-09-08|190.46|20
WDAY|2026-09-02|TRIGGERED|208|227.49|188.052|200.87|10|206.92|211.83|183.535|||2026-09-08|186.75|20
XHLD|2026-09-08|COILED|10.0891|10.4799|8.8|9.38|10|12.53|15.4266|8.1|2026-09-09|2026-09-09||0.623|20
XHLD|2026-09-09|TRIGGERED|10.0891|10.4799|8.8|10.51|10|12.53|15.4266|8.1|2026-09-10|2026-09-10||0.5486|20
ZBIO|2026-08-05|TIGHTENING|33.42|34.05|30.09|31.86|10|32.44|33.08|27.81|||2026-08-13|33.13|20
ZBIO|2026-08-06|TIGHTENING|33.42|34.05|30.09|32.17|10|32.44|33.08|27.81|||2026-08-13|32.92|20
ZBIO|2026-08-07|TIGHTENING|33.42|34.05|30.09|32.43|10|32.44|32.9734|27.81|||2026-08-13|32.88|20
ZBIO|2026-08-10|TIGHTENING|33.42|34.05|30.09|31.99|10|32.44|32.9734|27.81|||2026-08-13|33.05|20
ZBIO|2026-08-11|TIGHTENING|33.42|34.05|30.09|32.44|10|33.77|33.78|27.81|2026-08-25||2026-08-13|32.29|20
(158 rows)
