ticker|scan_date|stage|held_from_stage|base_age|pivot_high_date|pivot_high_price|base_high|base_low|runup_pct|flag_depth_pct|depth_on_low|depth_on_close|sma20_margin|ma_stack_margin|range_contraction_ratio|vol_contraction_ratio|last_body_pct|prev_body_pct|fresh_tight_fires|srcs|reason
ATAI|2026-06-26|unqualified||16|2026-06-02|5|4.815|3.6701|0.4025245441795231||||||||||f|rs_1m_80+momentum_25pct+ninem_universe_watch|runup_40%_below_90%
ATAI|2026-06-29|unqualified||0|2026-06-26|5.31|||||||||||||f|rs_top200+rs_1m_80+momentum_25pct+ninem_universe_watch|base_age_0_below_3
ATAI|2026-06-30|unqualified||1|2026-06-26|5.31|||||||||||||f|rs_1m_80+momentum_25pct+ninem_universe_watch|base_age_1_below_3
ATAI|2026-07-01|unqualified||0|2026-06-30|5.52|||||||||||||f|ninem_universe_watch|base_age_0_below_3
ATAI|2026-07-02|unqualified||1|2026-06-30|5.52|||||||||||||f|rs_top200+rs_1m_80+momentum_25pct+ninem_universe_watch|base_age_1_below_3
ATAI|2026-07-03|unqualified||1|2026-06-30|5.52|||||||||||||f|ninem_universe_watch|base_age_1_below_3
ATAI|2026-07-06|unqualified||2|2026-06-30|5.52|||||||||||||f|ninem_universe_watch|base_age_2_below_3
ATAI|2026-07-07|unqualified||3|2026-06-30|5.52|5.45|4.77|0.5040462112748969||||||||||f|rs_top200+rs_1m_80+momentum_25pct+ninem_universe_watch|runup_50%_below_90%
ATAI|2026-07-08|unqualified||4|2026-06-30|5.52|5.45|4.77|0.5040462112748969||||||||||f|rs_top200+rs_1m_80+ninem_universe_watch|runup_50%_below_90%
ATAI|2026-07-09|unqualified||5|2026-06-30|5.52|5.45|4.77|0.5040462112748969||||||||||f|rs_top200+rs_1m_80+ninem_universe_watch|runup_50%_below_90%
ATAI|2026-07-10|unqualified||6|2026-06-30|5.52|5.4575|4.77|0.5040462112748969||||||||||f|rs_top200+rs_1m_80+ninem_universe_watch|runup_50%_below_90%
ATAI|2026-07-14|unqualified||8|2026-06-30|5.52|5.4575|4.77|0.5040462112748969||||||||||f|rs_top200+rs_1m_80|runup_50%_below_90%
ATAI|2026-07-15|unqualified||0|2026-07-14|5.77|||||||||||||f|rs_top200+rs_1m_80|base_age_0_below_3
ATAI|2026-07-16|unqualified||1|2026-07-14|5.77|||||||||||||f|rs_top200+rs_1m_80+momentum_25pct+ninem_universe_watch|base_age_1_below_3
ATAI|2026-07-17|unqualified||0|2026-07-16|7.22|||||||||||||f|rs_top200+rs_1m_80+momentum_25pct+ninem_universe_watch|base_age_0_below_3
ATAI|2026-07-20|unqualified||1|2026-07-16|7.22|||||||||||||f|rs_top200+rs_1m_80+momentum_25pct+ninem_universe_watch|base_age_1_below_3
ATAI|2026-07-21|unqualified||2|2026-07-16|7.22|||||||||||||f|rs_top200+rs_1m_80+momentum_25pct+ninem_universe_watch|base_age_2_below_3
ATAI|2026-07-22|WATCH||3|2026-07-16|7.22|7.22|7.08|0.9672488488052096||||||1|1|0.06459054209919125|0.06459054209919315|f|rs_top200+rs_1m_80+momentum_25pct+ninem_universe_watch|runup_97% base_3d close_vs_pivot_-0.6%
ATAI|2026-07-23|unqualified||4|2026-07-16|7.22|7.22|7.08|0.9672488488052096||||||1|1|0.0231309376290784|0.06939281288723521|t|rs_top200+rs_1m_80+momentum_25pct+ninem_universe_watch|mna_filter:deal_pin_fresh
ATAI|2026-07-24|unqualified||5|2026-07-16|7.22|7.22|7.08|0.9672488488052096||||||1|1|0.025679592061336996|0.025679592061336996|t|rs_top200+rs_1m_80+momentum_25pct+ninem_universe_watch+flag_stage_carryforward|mna_filter:deal_pin_fresh
ATAI|2026-07-27|unqualified||6|2026-07-16|7.22|7.22|7.08|0.9672488488052096||||||0.6831911559888648|0.6440518569188792|0|0.027850720140048742|t|rs_top200+rs_1m_80+momentum_25pct+ninem_universe_watch|mna_filter:deal_pin_fresh
ATAI|2026-07-28|unqualified||7|2026-07-16|7.22|7.22|7.08|0.9672488488052096||||||0.6219490934449066|0.5148347427256607|0.029871127421694343|0|f|rs_top200+rs_1m_80+momentum_25pct+ninem_universe_watch|mna_filter:deal_pin_fresh
ATAI|2026-07-29|unqualified||8|2026-07-16|7.22|7.22|7.08|0.9672488488052096||||||0.6210828690807771|0.5500321385385062|0.047411554873229525|0.03160770324881969|f|rs_top200+ninem_universe_watch|mna_filter:deal_pin_fresh
ATAI|2026-07-30|COILED||9|2026-07-16|7.22|7.22|7.08|0.9672488488052096||||||0.43536436541143786|0.6278916127661162|0.01703453142871012|0.051103594286130365|f|rs_top200+ninem_universe_watch|range_0.44 vol_0.63 bodies_0.02/0.05
ATAI|2026-07-31|COILED||10|2026-07-16|7.22|7.22|7.08|0.9672488488052096||||||0.43536436541143786|0.6875826209741895|0.037043897017968785|0.018521948508982748|f|rs_top200+flag_stage_carryforward|range_0.44 vol_0.69 bodies_0.04/0.02
ATAI|2026-08-04|unqualified|||||||||||||||||f|rs_top200+flag_stage_carryforward|adr_3.0pct_below_4pct
ATAI|2026-08-05|unqualified|||||||||||||||||f|rs_top200+flag_stage_carryforward|adr_2.7pct_below_4pct
ATAI|2026-09-01|unqualified|||||||||||||||||f|rs_top200|adr_0.8pct_below_4pct
ATAI|2026-09-02|unqualified|||||||||||||||||f|rs_top200|adr_0.8pct_below_4pct
ATAI|2026-09-03|unqualified|||||||||||||||||f|rs_top200|adr_0.9pct_below_4pct
ATAI|2026-09-04|unqualified|||||||||||||||||f|rs_top200|adr_0.9pct_below_4pct
ATAI|2026-09-09|unqualified|||||||||||||||||f|rs_top200|adr_1.0pct_below_4pct
ATAI|2026-09-10|unqualified|||||||||||||||||f|rs_top200|adr_1.0pct_below_4pct
CDNA|2026-05-05|unqualified||12|2026-04-16|22.81|23.2399|18.15|0.4659383033419022||||||||||f||runup_47%_below_50%
CDNA|2026-05-06|unqualified||13|2026-04-16|22.81|23.2399|18.15|0.4659383033419022||||||||||f||runup_47%_below_50%
CDNA|2026-06-03|unqualified||23|2026-04-29|23.145|23.14|19.615|0.4874678663239074||||||||||f|rs_1m_80|runup_49%_below_50%
CDNA|2026-06-04|unqualified||24|2026-04-29|23.145|23.14|19.615|0.4874678663239074||||||||||f|rs_1m_80|runup_49%_below_50%
CDNA|2026-06-05|unqualified||0|2026-06-04|24.02|||||||||||||f|rs_1m_80|base_age_0_below_3
CDNA|2026-06-09|unqualified||2|2026-06-04|24.02|||||||||||||f|rs_1m_80|base_age_2_below_3
CDNA|2026-06-10|WATCH||3|2026-06-04|24.02|23.51|21.62|0.5437017994858611||||||1|1|0.7742657488255891|0.43723242286621467|f|rs_1m_80|runup_54% base_3d close_vs_pivot_-2.3%
CDNA|2026-06-11|WATCH||4|2026-06-04|24.02|23.76|21.62|0.5437017994858611||||||1|1|0.11290853736398972|0.7997688063282552|f|rs_1m_80|runup_54% base_4d close_vs_pivot_-1.5%
CDNA|2026-06-15|WATCH||6|2026-06-04|24.02|24.13|21.62|0.5437017994858611||||||0.9279173706445552|1.0294002264382764|0.943414218600007|0.49840751171321385|f|rs_1m_80|runup_54% base_6d close_vs_pivot_+0.2%
CDNA|2026-06-16|WATCH||7|2026-06-04|24.02|24.13|21.62|0.5437017994858611||||||1|1.1939455782521256|0.7107930540529099|0.896953139638195|f|rs_1m_80|runup_54% base_7d close_vs_pivot_-3.2%
CDNA|2026-06-18|unqualified||1|2026-06-16|24.85|||||||||||||f|rs_1m_80|base_age_1_below_3
CDNA|2026-06-22|unqualified||0|2026-06-18|26.26|||||||||||||f|rs_1m_80|base_age_0_below_3
CDNA|2026-06-23|unqualified||1|2026-06-18|26.26|||||||||||||f|rs_top200+rs_1m_80|base_age_1_below_3
CDNA|2026-06-24|unqualified||2|2026-06-18|26.26|||||||||||||f|rs_top200+rs_1m_80|base_age_2_below_3
CDNA|2026-06-25|unqualified||0|2026-06-24|27.27|||||||||||||f|rs_top200+rs_1m_80|base_age_0_below_3
CDNA|2026-06-26|unqualified||0|2026-06-25|28.42|||||||||||||f|rs_top200+rs_1m_80+momentum_25pct|base_age_0_below_3
CDNA|2026-06-29|unqualified||0|2026-06-26|29.0747|||||||||||||f|rs_top200+rs_1m_80+momentum_25pct|base_age_0_below_3
CDNA|2026-06-30|unqualified||1|2026-06-26|29.0747|||||||||||||f|rs_top200+rs_1m_80|base_age_1_below_3
CDNA|2026-07-01|unqualified||2|2026-06-26|29.0747|||||||||||||f|rs_top200+rs_1m_80|base_age_2_below_3
CDNA|2026-07-02|unqualified||3|2026-06-26|29.0747|29.58|27.87|0.482268671934744||||||||||f|rs_top200+rs_1m_80|runup_48%_below_90%
CDNA|2026-07-06|unqualified||0|2026-07-02|30|||||||||||||f|rs_top200+rs_1m_80|base_age_0_below_3
CDNA|2026-07-07|unqualified||1|2026-07-02|30|||||||||||||f|rs_top200+rs_1m_80|base_age_1_below_3
CDNA|2026-07-08|unqualified||2|2026-07-02|30|||||||||||||f|rs_top200+rs_1m_80|base_age_2_below_3
CDNA|2026-07-09|unqualified||3|2026-07-02|30|29.8755|27.32|0.5294417537598777||||||||||f|rs_top200+rs_1m_80|runup_53%_below_90%
CDNA|2026-07-10|unqualified||4|2026-07-02|30|29.8755|27.32|0.5294417537598777||||||||||f|rs_top200|runup_53%_below_90%
CDNA|2026-07-13|unqualified||5|2026-07-02|30|29.8755|27.32|0.5294417537598777||||||||||f|rs_top200+rs_1m_80|runup_53%_below_90%
CDNA|2026-07-14|unqualified||6|2026-07-02|30|29.8755|27.32|0.5294417537598777||||||||||f|rs_top200+rs_1m_80|runup_53%_below_90%
CDNA|2026-07-15|unqualified||7|2026-07-02|30|29.8755|27.32|0.5294417537598777||||||||||f|rs_top200+rs_1m_80|runup_53%_below_90%
CDNA|2026-07-16|unqualified||8|2026-07-02|30|29.8755|27.32|0.5294417537598777||||||||||f|rs_top200+rs_1m_80+momentum_25pct|runup_53%_below_90%
CDNA|2026-07-17|unqualified||0|2026-07-16|40.38|||||||||||||f|rs_top200+rs_1m_80+momentum_25pct|base_age_0_below_3
CDNA|2026-07-20|unqualified||1|2026-07-16|40.38|||||||||||||f|rs_top200+rs_1m_80+momentum_25pct|base_age_1_below_3
CDNA|2026-07-21|unqualified||2|2026-07-16|40.38|||||||||||||f|rs_top200+rs_1m_80+momentum_25pct|base_age_2_below_3
CDNA|2026-07-22|INVALIDATED||3|2026-07-16|40.38|40.47|37.25|1.017991004497751||||||||||f|rs_top200+rs_1m_80+momentum_25pct|close_37.78_below_base_low_close_38.37
CDNA|2026-07-23|INVALIDATED||4|2026-07-16|40.38|40.47|37.22|1.017991004497751||||||||||f|rs_top200+rs_1m_80+momentum_25pct|close_37.61_below_base_low_close_37.78
CDNA|2026-07-24|INVALIDATED||5|2026-07-16|40.38|40.47|37.22|1.017991004497751||||||||||f|rs_top200+rs_1m_80+momentum_25pct|close_37.14_below_base_low_close_37.61
CDNA|2026-07-27|INVALIDATED||6|2026-07-16|40.38|40.47|37.05|1.017991004497751||||||||||f|rs_top200+rs_1m_80+momentum_25pct|close_36.36_below_base_low_close_37.14
CDNA|2026-07-28|INVALIDATED||7|2026-07-16|40.38|40.47|36.25|1.017991004497751||||||||||f|rs_top200+rs_1m_80|close_35.75_below_base_low_close_36.36
CDNA|2026-07-29|INVALIDATED||8|2026-07-16|40.38|40.47|35.11|1.017991004497751||||||||||f|rs_top200+rs_1m_80|close_35.41_below_base_low_close_35.75
CDNA|2026-07-30|TIGHTENING||9|2026-07-16|40.38|40.47|35.11|1.017991004497751||||||0.8162202447362067|0.5999112040596521|1.2587563315012393|0.1551891367604295|f|rs_top200+rs_1m_80|range_0.82 vol_0.60
CDNA|2026-07-31|TIGHTENING|WATCH|10|2026-07-16|40.38|40.47|35.01|1.017991004497751||||||0.8687115949163977|0.7679418352490898|0.4464600786794395|1.0685765817573485|f|rs_top200+rs_1m_80+flag_stage_carryforward|runup_102% base_10d close_vs_pivot_+8.2%
CDNA|2026-08-04|unqualified||0|2026-08-03|49.76|||||||||||||f|rs_top200+rs_1m_80+momentum_25pct+flag_stage_carryforward|base_age_0_below_3
CDNA|2026-08-05|unqualified||1|2026-08-03|49.76|||||||||||||f|rs_top200+rs_1m_80+momentum_25pct+flag_stage_carryforward|base_age_1_below_3
CDNA|2026-08-06|unqualified||2|2026-08-03|49.76|||||||||||||f|rs_top200+rs_1m_80+momentum_25pct|base_age_2_below_3
CDNA|2026-08-07|WATCH||3|2026-08-03|49.76|48|44.58|1.3015726179463458||||||1|1|0.7390987312235651|0.48592679014146023|f|rs_top200+rs_1m_80+momentum_25pct|runup_130% base_3d close_vs_pivot_-6.2%
CDNA|2026-08-10|WATCH||4|2026-08-03|49.76|48|44.57|1.3015726179463458||||||1|1|0.1986931436383445|0.7339481428273492|f|rs_top200+rs_1m_80+momentum_25pct|runup_130% base_4d close_vs_pivot_-5.4%
CDNA|2026-08-11|WATCH||5|2026-08-03|49.76|48.2936|44.57|1.3015726179463458||||||1|1|0.06457192274430533|0.19775151340444008|f|rs_top200+rs_1m_80+momentum_25pct|runup_130% base_5d close_vs_pivot_-5.1%
CDNA|2026-08-12|WATCH||6|2026-08-03|49.76|48.2936|44.57|1.3015726179463458||||||0.99966283716284|0.8279792423099919|0.06518278825196501|0.06518278825196501|f|rs_top200+rs_1m_80|runup_130% base_6d close_vs_pivot_-4.9%
CDNA|2026-08-13|WATCH||7|2026-08-03|49.76|48.2936|44.57|1.3015726179463458||||||0.9513760754913113|0.7918217475223547|0.06109108681043378|0.06516382593112859|f|rs_top200+rs_1m_80|runup_130% base_7d close_vs_pivot_-4.8%
CDNA|2026-08-14|WATCH||8|2026-08-03|49.76|48.2936|44.57|1.3015726179463458||||||0.9513760754913113|0.7829349008889299|0.6857080842726938|0.059974468012188524|f|rs_top200+rs_1m_80|runup_130% base_8d close_vs_pivot_-8.9%
CDNA|2026-08-17|WATCH||9|2026-08-03|49.76|48.2936|44.57|1.3015726179463458||||||0.9513760754913113|0.738041335359556|0.42091883989410045|0.6842424743302189|f|rs_top200+rs_1m_80|runup_130% base_9d close_vs_pivot_-6.8%
CDNA|2026-08-18|TIGHTENING||10|2026-08-03|49.76|48.2936|44.57|1.3015726179463458||||||0.9513760754913113|0.6532893485675941|0.19686534129419272|0.41538587013074657|f|rs_top200+rs_1m_80|range_0.95 vol_0.65
CDNA|2026-08-19|TIGHTENING||11|2026-08-03|49.76|48.2936|44.57|1.3015726179463458||||||0.9950239920863067|0.6887920802204796|0.13802222273771275|0.2029738569672226|f|rs_top200+rs_1m_80+flag_stage_carryforward|range_1.00 vol_0.69
CDNA|2026-08-20|TIGHTENING|WATCH|12|2026-08-03|49.76|48.4299|44.57|1.3015726179463458||||||1.1854878425261686|0.859404020200117|0.5060431492149557|0.15813848412967513|f|rs_top200+rs_1m_80+flag_stage_carryforward|runup_130% base_12d close_vs_pivot_-5.6%
CDNA|2026-08-21|TIGHTENING|WATCH|13|2026-08-03|49.76|48.4299|44.57|1.3015726179463458||||||1.257493430554444|0.8822491069899424|0.8487865122284373|0.5700492131509519|f|rs_top200+flag_stage_carryforward|runup_130% base_13d close_vs_pivot_-2.3%
CDNA|2026-08-24|TIGHTENING|WATCH|14|2026-08-03|49.76|48.72|44.57|1.3015726179463458||||||1.2942938835245634|0.9611190828342787|0.420254779460046|0.8510159284065949|f|flag_stage_carryforward|runup_130% base_14d close_vs_pivot_-4.5%
CDNA|2026-08-25|TIGHTENING|WATCH|15|2026-08-03|49.76|48.72|44.57|1.3015726179463458||||||1.2942938835245634|0.9675217171570357|1.296049095920806|0.3883293171298289|f|rs_top200+rs_1m_80+flag_stage_carryforward|runup_130% base_15d close_vs_pivot_+2.1%
CDNA|2026-08-26|unqualified||0|2026-08-25|51.125|||||||||||||f|rs_top200+rs_1m_80+flag_stage_carryforward|base_age_0_below_3
CDNA|2026-08-27|unqualified||1|2026-08-25|51.125|||||||||||||f|rs_top200+rs_1m_80+flag_stage_carryforward|base_age_1_below_3
CDNA|2026-08-28|unqualified||0|2026-08-27|53.6712|||||||||||||f|rs_top200+rs_1m_80+flag_stage_carryforward|base_age_0_below_3
CDNA|2026-08-31|unqualified||1|2026-08-27|53.6712|||||||||||||f|rs_top200+rs_1m_80|base_age_1_below_3
CDNA|2026-09-01|unqualified||2|2026-08-27|53.6712|||||||||||||f|rs_top200|base_age_2_below_3
CDNA|2026-09-02|WATCH||3|2026-08-27|53.6712|52.38|46.6879|0.9645387994143484||||||1|1|0.019691573694309693|0.3780782149307142|f|rs_top200|runup_96% base_3d close_vs_pivot_-7.6%
CDNA|2026-09-03|WATCH||4|2026-08-27|53.6712|52.38|46.6879|0.9645387994143484||||||1|1|0.04334048169849638|0.01970021895386377|f|rs_top200+rs_1m_80|runup_96% base_4d close_vs_pivot_-7.1%
CDNA|2026-09-04|WATCH||5|2026-08-27|53.6712|52.38|46.6879|0.9645387994143484||||||1|1|0.4811722496060104|0.04303166459891114|f|rs_top200+rs_1m_80|runup_96% base_5d close_vs_pivot_-5.2%
CDNA|2026-09-08|WATCH||6|2026-08-27|53.6712|52.38|46.6879|0.9645387994143484|0.13011261160547927|||||0.8667567795875588|1.0239516163106568|0.07495026796129547|0.48520436627576224|f|rs_top200+rs_1m_80|runup_96% base_6d close_vs_pivot_-6.3%
CDNA|2026-09-09|WATCH||7|2026-08-27|53.6712|52.38|46.6879|0.9645387994143484|0.13011261160547927|||||0.8131341624813362|0.9134094843706726|0.062123714940897065|0.07615165057271106|f|rs_top200+rs_1m_80|runup_96% base_7d close_vs_pivot_-6.8%
CDNA|2026-09-10|WATCH||8|2026-08-27|53.6712|52.38|46.6879|0.9645387994143484|0.13011261160547927|||||0.7595077439853181|0.9076052572002546|0.32762572848793337|0.06118311797063821|f|rs_top200+rs_1m_80|runup_96% base_8d close_vs_pivot_-6.8%
CDNA|2026-09-11|WATCH||9|2026-08-27|53.6712|52.38|46.6879|0.9645387994143484|0.13011261160547927|||||0.7595077439853181|1.0517514990747887|0.04930011444669321|0.3409924582563042|f|rs_top200+rs_1m_80|runup_96% base_9d close_vs_pivot_-6.4%
CDNA|2026-09-14|TIGHTENING||10|2026-08-27|53.6712|52.38|46.6879|0.9645387994143484|0.13011261160547927|||||0.6049974331947584|1.0566138170423016|0.7544357497061926|0.04815547338550075|f|rs_top200+rs_1m_80|range_0.60 vol_1.06
CDNA|2026-09-15|TIGHTENING||11|2026-08-27|53.6712|52.67|46.6879|0.9645387994143484|0.13011261160547927|||||0.6049974331947584|0.9621745500746054|0.1866332988950451|0.7974331861879221|f|rs_top200+rs_1m_80+flag_stage_carryforward|range_0.60 vol_0.96
CDNA|2026-09-16|TIGHTENING||12|2026-08-27|53.6712|53.74|46.6879|0.9645387994143484|0.13011261160547927|||||0.6838422035927493|0.9647545141067738|0.40035898449977847|0.18740207785095964|f|rs_top200+rs_1m_80+flag_stage_carryforward|range_0.68 vol_0.96
CDNA|2026-09-17|TIGHTENING||13|2026-08-27|53.6712|54.488|46.6879|0.9645387994143484|0.13011261160547927|||||0.6838422035927493|0.8964067778347085|0.12281355836620422|0.4123026602293972|f|rs_top200+rs_1m_80+flag_stage_carryforward|range_0.68 vol_0.90
CDNA|2026-09-18|unqualified||1|2026-09-16|54.488|||||||||||||f|rs_top200+rs_1m_80+flag_stage_carryforward|base_age_1_below_3
CDNA|2026-09-21|unqualified||0|2026-09-18|54.46|||||||||||||f|rs_top200+rs_1m_80+flag_stage_carryforward|base_age_0_below_3
CDNA|2026-09-22|unqualified||1|2026-09-18|54.46|||||||||||||f|rs_top200+rs_1m_80+flag_stage_carryforward|base_age_1_below_3
CDNA|2026-09-23|unqualified||0|2026-09-22|56.85|||||||||||||f|rs_top200+rs_1m_80|base_age_0_below_3
CDNA|2026-09-24|unqualified||1|2026-09-22|56.85|||||||||||||f|rs_top200+rs_1m_80|base_age_1_below_3
CDNA|2026-09-25|unqualified||0|2026-09-24|63.09|||||||||||||f|rs_top200+rs_1m_80|base_age_0_below_3
CDNA|2026-09-28|unqualified||0|2026-09-25|65.19|||||||||||||f|rs_top200+rs_1m_80|base_age_0_below_3
CDNA|2026-09-29|unqualified||1|2026-09-25|65.19|||||||||||||f|rs_top200+rs_1m_80|base_age_1_below_3
CDNA|2026-09-30|unqualified||2|2026-09-25|65.19|||||||||||||f|rs_top200+rs_1m_80|base_age_2_below_3
CDNA|2026-10-01|unqualified||3|2026-09-25|65.19|65.63|62.3|0.6029014015244651|0.04433195275348978|0.9556680472465102|0.9820524620340543|||||||f|rs_top200+rs_1m_80|runup_60%_below_90%
CDNA|2026-10-02|unqualified||0|2026-10-01|67.2896|||||||||||||f|rs_top200+rs_1m_80|base_age_0_below_3
CDNA|2026-10-05|unqualified||0|2026-10-02|69.8|||||||||||||f|rs_top200+rs_1m_80+momentum_25pct|base_age_0_below_3
CDNA|2026-10-06|unqualified||0|2026-10-05|70.75|||||||||||||f|rs_top200+rs_1m_80|base_age_0_below_3
CDNA|2026-10-07|unqualified||0|2026-10-06|72.51|||||||||||||f|rs_top200+rs_1m_80|base_age_0_below_3
CDNA|2026-10-08|unqualified||1|2026-10-06|72.51|||||||||||||f|rs_top200+rs_1m_80|base_age_1_below_3
CDNA|2026-10-09|unqualified||2|2026-10-06|72.51|||||||||||||f|rs_top200+rs_1m_80|base_age_2_below_3
GH|2026-05-12|unqualified||1|2026-05-08|98.5|||||||||||||f||base_age_1_below_3
GH|2026-05-13|unqualified||0|2026-05-12|100.73|||||||||||||f||base_age_0_below_3
GH|2026-05-14|unqualified||1|2026-05-12|100.73|||||||||||||f||base_age_1_below_3
GH|2026-05-15|unqualified||2|2026-05-12|100.73|||||||||||||f||base_age_2_below_3
GH|2026-05-18|unqualified||3|2026-05-12|100.73|99.5399|92.5|0.35117370892018784||||||||||f|rs_1m_80|runup_35%_below_50%
GH|2026-05-19|unqualified||4|2026-05-12|100.73|99.5399|92.5|0.35117370892018784||||||||||f|rs_1m_80|runup_35%_below_50%
GH|2026-05-20|unqualified||5|2026-05-12|100.73|99.5399|92.5|0.35117370892018784||||||||||f|rs_1m_80|runup_35%_below_50%
GH|2026-05-21|unqualified||0|2026-05-20|115.08|||||||||||||f|rs_1m_80|base_age_0_below_3
GH|2026-05-22|unqualified||0|2026-05-21|121.01|||||||||||||f|rs_1m_80+momentum_25pct|base_age_0_below_3
GH|2026-05-26|unqualified||1|2026-05-21|121.01|||||||||||||f|rs_1m_80+momentum_25pct|base_age_1_below_3
GH|2026-05-27|unqualified||2|2026-05-21|121.01|||||||||||||f|rs_1m_80+momentum_25pct|base_age_2_below_3
GH|2026-05-28|unqualified||0|2026-05-27|128|||||||||||||f|rs_1m_80+momentum_25pct|base_age_0_below_3
GH|2026-05-29|unqualified||0|2026-05-28|133.705|||||||||||||f|rs_1m_80+momentum_25pct|base_age_0_below_3
GH|2026-06-01|unqualified||1|2026-05-28|133.705|||||||||||||f|rs_1m_80+momentum_25pct|base_age_1_below_3
GH|2026-06-02|unqualified||2|2026-05-28|133.705|||||||||||||f|rs_1m_80+momentum_25pct|base_age_2_below_3
GH|2026-06-03|INVALIDATED||3|2026-05-28|133.705|133.9699|124.8101|0.7934942991281022||||||||||f|rs_1m_80|close_127.03_below_base_low_close_129.14
GH|2026-06-04|WATCH||4|2026-05-28|133.705|133.9699|124.8101|0.7934942991281022||||||1|1|0.5982549382298227|0.40166525403609993|f|rs_1m_80|runup_79% base_4d close_vs_pivot_-0.5%
GH|2026-06-05|INVALIDATED||5|2026-05-28|133.705|134.28|124.8101|0.7934942991281022||||||||||f|rs_1m_80|close_125.61_below_base_low_close_127.03
GH|2026-06-08|INVALIDATED||6|2026-05-28|133.705|134.28|124.8101|0.7934942991281022||||||||||f|rs_1m_80|close_124.89_below_base_low_close_125.61
GH|2026-06-09|WATCH||7|2026-05-28|133.705|134.28|123.92|0.7934942991281022||||||1.2484990598153216|0.9715905559848601|0.6341770035650285|0.4354246230662969|f|rs_1m_80|runup_79% base_7d close_vs_pivot_-2.7%
GH|2026-06-10|WATCH||8|2026-05-28|133.705|134.28|122.76|0.7934942991281022||||||1.33834250106809|0.9855647245957764|0.10312760778676411|0.714526996808307|f|rs_1m_80|runup_79% base_8d close_vs_pivot_-2.2%
GH|2026-06-11|WATCH||9|2026-05-28|133.705|134.28|122.76|0.7934942991281022||||||1.33834250106809|0.9595368266031302|0.22533547790546612|0.10878264450608617|f|rs_1m_80|runup_79% base_9d close_vs_pivot_-2.1%
GH|2026-06-12|WATCH||10|2026-05-28|133.705|134.28|122.76|0.7934942991281022||||||1.33834250106809|0.9172809736541884|0.23306041400320995|0.22087424856513171|f|rs_1m_80|runup_79% base_10d close_vs_pivot_-1.6%
GH|2026-06-15|WATCH||11|2026-05-28|133.705|134.28|122.76|0.7934942991281022||||||0.8982389427924854|0.7617723568499449|0.7767227468804442|0.22950672126826593|f|rs_1m_80|runup_79% base_11d close_vs_pivot_-2.9%
GH|2026-06-26|unqualified||0|2026-06-25|145.84|||||||||||||f|rs_top200+rs_1m_80|base_age_0_below_3
GH|2026-06-29|unqualified||0|2026-06-26|151.85|||||||||||||f|rs_top200+rs_1m_80|base_age_0_below_3
GH|2026-06-30|unqualified||1|2026-06-26|151.85|||||||||||||f|rs_top200+rs_1m_80|base_age_1_below_3
GH|2026-07-01|unqualified||2|2026-06-26|151.85|||||||||||||f|rs_top200+rs_1m_80+momentum_25pct|base_age_2_below_3
GH|2026-07-02|unqualified||0|2026-07-01|172.605|||||||||||||f|rs_top200+rs_1m_80+momentum_25pct|base_age_0_below_3
GH|2026-07-06|unqualified||1|2026-07-01|172.605|||||||||||||f|rs_top200+rs_1m_80+momentum_25pct|base_age_1_below_3
GH|2026-07-07|unqualified||2|2026-07-01|172.605|||||||||||||f|rs_top200+rs_1m_80|base_age_2_below_3
GH|2026-07-08|INVALIDATED||3|2026-07-01|172.605|174.08|162.58|0.9710517300445358||||||||||f|rs_top200+rs_1m_80|close_156.17_below_base_low_close_162.92
GH|2026-07-09|WATCH||4|2026-07-01|172.605|174.08|155.75|0.9710517300445358||||||1|1|1.0721688634313846|0.3455750882134217|f|rs_top200+rs_1m_80|runup_97% base_4d close_vs_pivot_-4.9%
GH|2026-07-10|WATCH||5|2026-07-01|172.605|174.08|152.642|0.9710517300445358||||||1|1|0.4220077999968921|1.0528442020541038|f|rs_top200+rs_1m_80|runup_97% base_5d close_vs_pivot_-7.3%
GH|2026-07-13|WATCH||6|2026-07-01|172.605|174.08|152.642|0.9710517300445358||||||1|0.9036733148509001|0.022037197214814973|0.4275216259673735|f|rs_top200+rs_1m_80|runup_97% base_6d close_vs_pivot_-8.2%
GH|2026-07-14|TIGHTENING||7|2026-07-01|172.605|174.08|152.642|0.9710517300445358||||||0.9812011326655704|0.8775933215981363|0.07162676698677391|0.022383364683369232|t|rs_top200+rs_1m_80|range_0.98 vol_0.88 fresh
GH|2026-07-15|TIGHTENING|WATCH|8|2026-07-01|172.605|174.08|152.642|0.9710517300445358||||||0.9812011326655704|0.802808026329937|0.23153465210081162|0.07483948350733077|f|rs_top200+rs_1m_80+flag_stage_carryforward|runup_97% base_8d close_vs_pivot_-5.6%
GH|2026-07-16|INVALIDATED||9|2026-07-01|172.605|174.08|152.642|0.9710517300445358||||||||||f|rs_top200+flag_stage_carryforward|close_155.00_below_base_low_close_156.17
GH|2026-07-17|TIGHTENING||10|2026-07-01|172.605|174.08|152.642|0.9710517300445358||||||0.7273957171083214|0.6183616762219772|0.3659585308047026|0.9661771402455309|f|rs_top200+flag_stage_carryforward|range_0.73 vol_0.62
GH|2026-07-20|INVALIDATED||11|2026-07-01|172.605|174.08|149.78|0.9710517300445358||||||||||f|flag_stage_carryforward|close_148.07_below_base_low_close_155.00
GH|2026-07-21|INVALIDATED||12|2026-07-01|172.605|174.08|147.69|0.9710517300445358||||||||||f|flag_stage_carryforward|close_152.29_below_sma20_155.36
GH|2026-07-22|INVALIDATED||13|2026-07-01|172.605|174.08|144.85|0.9710517300445358||||||||||f|flag_stage_carryforward|close_150.75_below_sma20_156.36
GH|2026-08-10|unqualified||5|2026-07-31|176.58|169.2|155.05|0.4384164222873901||||||||||f|rs_top200|runup_44%_below_90%
GH|2026-08-17|unqualified||10|2026-07-31|176.58|171.92|155.05|0.4384164222873901||||||||||f|rs_top200|runup_44%_below_90%
GH|2026-08-18|unqualified||11|2026-07-31|176.58|171.92|155|0.4384164222873901||||||||||f|rs_top200|runup_44%_below_90%
GH|2026-08-19|unqualified||12|2026-07-31|176.58|171.92|155|0.4384164222873901||||||||||f|rs_top200|runup_44%_below_90%
GH|2026-08-20|unqualified||13|2026-07-31|176.58|171.92|155|0.4384164222873901||||||||||f|rs_top200|runup_44%_below_90%
GH|2026-09-14|unqualified||15|2026-08-20|171.74|173.1699|154|0.2490181818181818|0.10329567951554686|||||||||f|rs_1m_80|runup_25%_below_90%
GH|2026-09-15|unqualified||16|2026-08-20|171.74|173.1699|154|0.2490181818181818|0.10329567951554686|||||||||f|rs_top200+rs_1m_80|runup_25%_below_90%
GH|2026-09-16|unqualified||0|2026-09-15|179.3|||||||||||||f|rs_top200+rs_1m_80|base_age_0_below_3
GH|2026-09-17|unqualified||1|2026-09-15|179.3|||||||||||||f|rs_top200+rs_1m_80|base_age_1_below_3
GH|2026-09-18|unqualified||0|2026-09-17|183.51|||||||||||||f|rs_top200+rs_1m_80|base_age_0_below_3
GH|2026-09-21|unqualified||1|2026-09-17|183.51|||||||||||||f|rs_top200+rs_1m_80|base_age_1_below_3
GH|2026-09-22|unqualified||2|2026-09-17|183.51|||||||||||||f|rs_top200+rs_1m_80|base_age_2_below_3
GH|2026-09-23|unqualified||3|2026-09-17|183.51|183.5|170.5|0.3027829050120685|0.07089531905618218|0.9291046809438178|0.9474688027900388|||||||f|rs_top200+rs_1m_80|runup_30%_below_90%
GH|2026-09-24|unqualified||4|2026-09-17|183.51|183.5|170.5|0.3027829050120685|0.07089531905618218|0.9291046809438178|0.9474688027900388|||||||f|rs_top200+rs_1m_80|runup_30%_below_90%
GH|2026-09-25|unqualified||5|2026-09-17|183.51|183.5|170.5|0.3027829050120685|0.07089531905618218|0.9291046809438178|0.9474688027900388|||||||f|rs_top200+rs_1m_80|runup_30%_below_90%
GH|2026-09-28|unqualified||6|2026-09-17|183.51|183.5|170.5|0.3027829050120685|0.07089531905618218|0.9291046809438178|0.9474688027900388|||||||f|rs_top200+rs_1m_80|runup_30%_below_90%
GH|2026-09-29|unqualified||7|2026-09-17|183.51|183.5|170.5|0.3027829050120685|0.07089531905618218|0.9291046809438178|0.9474688027900388|||||||f|rs_top200+rs_1m_80|runup_30%_below_90%
GH|2026-09-30|unqualified||8|2026-09-17|183.51|183.5|170.5|0.3027829050120685|0.07089531905618218|0.9291046809438178|0.9474688027900388|||||||f|rs_top200+rs_1m_80|runup_30%_below_90%
GH|2026-10-01|unqualified||9|2026-09-17|183.51|183.5|170.5|0.3027829050120685|0.07089531905618218|0.9291046809438178|0.9474688027900388|||||||f|rs_top200+rs_1m_80|runup_30%_below_90%
GH|2026-10-02|unqualified||10|2026-09-17|183.51|183.5|170.5|0.3027829050120685|0.07089531905618218|0.9291046809438178|0.9474688027900388|||||||f|rs_top200+rs_1m_80|runup_30%_below_90%
GH|2026-10-05|unqualified||11|2026-09-17|183.51|183.5|170.5|0.3027829050120685|0.07089531905618218|0.9291046809438178|0.9474688027900388|||||||f|rs_top200+rs_1m_80|runup_30%_below_90%
HNGE|2026-05-05|unqualified||0|2026-05-04|49.5|||||||||||||f||base_age_0_below_3
HNGE|2026-05-06|unqualified||0|2026-05-05|52.65|||||||||||||f||base_age_0_below_3
HNGE|2026-05-07|unqualified||0|2026-05-06|55.79|||||||||||||f||base_age_0_below_3
HNGE|2026-05-08|unqualified||1|2026-05-06|55.79|||||||||||||f||base_age_1_below_3
HNGE|2026-05-11|unqualified||2|2026-05-06|55.79|||||||||||||f||base_age_2_below_3
HNGE|2026-05-12|WATCH||3|2026-05-06|55.79|56.5|52.51|0.6403998823875332||||||1|1|0.5817523503006693|0.2890234606589316|f||runup_64% base_3d close_vs_pivot_-1.0%
HNGE|2026-05-13|INVALIDATED||4|2026-05-06|55.79|56.5|52.51|0.6105658198614319||||||||||f||close_54.06_below_base_low_close_54.74
HNGE|2026-05-14|INVALIDATED||5|2026-05-06|55.79|56.5|52.51|0.6105658198614319||||||||||f||close_53.88_below_base_low_close_54.06
HNGE|2026-05-15|WATCH||6|2026-05-06|55.79|56.5|51.72|0.6105658198614319||||||1|0.9135941847987671|0.20540825512401703|0.17755628832753842|f||runup_61% base_6d close_vs_pivot_-2.3%
HNGE|2026-05-18|WATCH||7|2026-05-06|55.79|56.5|51.72|0.6105658198614319||||||1|0.8276554359629177|0.2054082551240146|0.20540825512401706|f|rs_1m_80|runup_61% base_7d close_vs_pivot_-1.9%
HNGE|2026-05-19|COILED||8|2026-05-06|55.79|56.5|51.72|0.6105658198614319||||||0.8567458639775547|0.7714414340737287|0.049171978996540605|0.20722476862827613|t|rs_1m_80|fresh_2bar 2.9%/atr 5.2% bodies_0.05/0.21
HNGE|2026-05-20|COILED|WATCH|9|2026-05-06|55.79|56.5|51.72|0.6105658198614319||||||0.8567458639775547|0.7377218748034907|0.21428516763987898|0.04999987244930518|f|rs_1m_80+flag_stage_carryforward|runup_61% base_9d close_vs_pivot_-1.9%
HNGE|2026-05-21|COILED|TIGHTENING|10|2026-05-06|55.79|56.5|51.72|0.6105658198614319||||||0.7059955854422267|0.7029551284438129|0.2611933801159699|0.2089547040927764|f|rs_1m_80+flag_stage_carryforward|range_0.71 vol_0.70
HNGE|2026-05-22|COILED||11|2026-05-06|55.79|56.5|51.72|0.6105658198614319||||||0.7059955854422267|0.6035368128052679|0.15288279961965617|0.2796636578408368|f|rs_1m_80+flag_stage_carryforward|range_0.71 vol_0.60 bodies_0.15/0.28
HNGE|2026-05-25|COILED||11|2026-05-06|55.79|56.5|51.72|0.6105658198614319||||||0.7059955854422267|0.6035368128052679|0.15288279961965617|0.2796636578408368|f|flag_stage_carryforward|range_0.71 vol_0.60 bodies_0.15/0.28
HNGE|2026-05-26|INVALIDATED||12|2026-05-06|55.79|56.5|51.72|0.6105658198614319||||||||||f|flag_stage_carryforward|close_52.98_below_base_low_close_53.88
HNGE|2026-05-27|TIGHTENING||13|2026-05-06|55.79|56.5|51.72|0.6105658198614319||||||0.7419326128417036|0.6550322294915738|0.3407596601254281|1.0886607323487762|f|flag_stage_carryforward|range_0.74 vol_0.66
HNGE|2026-05-28|TIGHTENING||14|2026-05-06|55.79|56.5|51.72|0.6105658198614319||||||0.8672917991099806|0.6704123469308666|0.5492852752311588|0.35245805160665755|f|flag_stage_carryforward|range_0.87 vol_0.67
HNGE|2026-05-29|TRIGGERED||15|2026-05-06|55.79|56.5|51.72|0.6105658198614319||||||0.8672917991099806|0.6690985540403771|0.4567378427133057|0.5373386384862416|f|flag_stage_carryforward|close_56.21>base_high_close_56.02 vol_2.29x
HNGE|2026-06-01|TRIGGERED|WATCH|16|2026-05-06|55.79|56.86|51.72|0.6105658198614319||||||1.0849500324197463|0.8512293508463722|1.4062948435855738|0.40179852673873656|f|rs_1m_80+flag_stage_carryforward|runup_61% base_16d close_vs_pivot_+9.2%
HNGE|2026-06-02|unqualified||0|2026-06-01|62.075|||||||||||||f|flag_stage_carryforward|base_age_0_below_3
HNGE|2026-06-03|unqualified||1|2026-06-01|62.075|||||||||||||f|rs_1m_80|base_age_1_below_3
HNGE|2026-06-04|unqualified||2|2026-06-01|62.075|||||||||||||f|rs_top200+rs_1m_80|base_age_2_below_3
HNGE|2026-06-05|unqualified||0|2026-06-04|64.3|||||||||||||f|rs_top200+rs_1m_80|base_age_0_below_3
HNGE|2026-06-08|unqualified||0|2026-06-05|66.55|||||||||||||f|rs_top200+rs_1m_80|base_age_0_below_3
HNGE|2026-06-09|unqualified||1|2026-06-05|66.55|||||||||||||f|rs_top200+rs_1m_80|base_age_1_below_3
HNGE|2026-06-10|unqualified||2|2026-06-05|66.55|||||||||||||f|rs_top200+rs_1m_80|base_age_2_below_3
HNGE|2026-06-11|WATCH||3|2026-06-05|66.55|65.99|61.5|0.9211893764434178||||||1|1|0.4026491318616813|0.857697808280704|f|rs_top200+rs_1m_80|runup_92% base_3d close_vs_pivot_-2.7%
HNGE|2026-06-12|WATCH||4|2026-06-05|66.55|66.74|61.5|0.9211893764434178||||||1|1|0.2165411466369295|0.3903087334443412|f|rs_top200+rs_1m_80|runup_92% base_4d close_vs_pivot_-1.8%
HNGE|2026-06-15|WATCH||5|2026-06-05|66.55|66.9|61.5|0.9211893764434178||||||1|1|0.5564619618501779|0.21463532814221267|f|rs_top200+rs_1m_80|runup_92% base_5d close_vs_pivot_+2.7%
HNGE|2026-06-16|unqualified||0|2026-06-15|68.675|||||||||||||f|rs_top200+rs_1m_80|base_age_0_below_3
HNGE|2026-06-17|unqualified||0|2026-06-16|70.72|||||||||||||f|rs_top200+rs_1m_80|base_age_0_below_3
HNGE|2026-06-18|unqualified||1|2026-06-16|70.72|||||||||||||f|rs_top200+rs_1m_80|base_age_1_below_3
HNGE|2026-06-22|unqualified||2|2026-06-16|70.72|||||||||||||f|rs_top200+rs_1m_80|base_age_2_below_3
HNGE|2026-06-23|WATCH||3|2026-06-16|70.72|71.44|65.96|1.0415704387990763||||||1|1|0.6402506045284675|0.14288854693339478|f|rs_top200+rs_1m_80|runup_104% base_3d close_vs_pivot_-0.5%
HNGE|2026-06-24|WATCH||4|2026-06-16|70.72|71.44|65.96|1.0415704387990763||||||1|1|0.39278854360207693|0.6399981164984918|f|rs_top200+rs_1m_80|runup_104% base_4d close_vs_pivot_-0.2%
HNGE|2026-06-25|unqualified||2|2026-06-22|71.44|||||||||||||f|rs_top200+rs_1m_80|base_age_2_below_3
HNGE|2026-06-26|unqualified||0|2026-06-25|75.17|||||||||||||f|rs_top200+rs_1m_80|base_age_0_below_3
HNGE|2026-06-29|unqualified||0|2026-06-26|79.26|||||||||||||f|rs_top200+rs_1m_80|base_age_0_below_3
HNGE|2026-06-30|unqualified||0|2026-06-29|84.62|||||||||||||f|rs_top200+rs_1m_80|base_age_0_below_3
HNGE|2026-07-01|unqualified||1|2026-06-29|84.62|||||||||||||f|rs_top200+rs_1m_80+momentum_25pct|base_age_1_below_3
HNGE|2026-07-02|unqualified||0|2026-07-01|86.66|||||||||||||f|rs_top200+rs_1m_80|base_age_0_below_3
HNGE|2026-07-06|unqualified||1|2026-07-01|86.66|||||||||||||f|rs_top200+rs_1m_80+momentum_25pct|base_age_1_below_3
HNGE|2026-07-07|unqualified||0|2026-07-06|90.1193|||||||||||||f|rs_top200+rs_1m_80+momentum_25pct|base_age_0_below_3
HNGE|2026-07-08|unqualified||1|2026-07-06|90.1193|||||||||||||f|rs_top200+rs_1m_80+momentum_25pct|base_age_1_below_3
HNGE|2026-07-09|unqualified||2|2026-07-06|90.1193|||||||||||||f|rs_top200+rs_1m_80|base_age_2_below_3
HNGE|2026-07-10|unqualified||3|2026-07-06|90.1193|91.07|86.8763|0.7424458623356536||||||||||f|rs_top200+rs_1m_80|runup_74%_below_90%
HNGE|2026-07-13|unqualified||4|2026-07-06|90.1193|91.07|86.8763|0.7424458623356536||||||||||f|rs_top200+rs_1m_80|runup_74%_below_90%
HNGE|2026-07-14|unqualified||0|2026-07-13|91.5|||||||||||||f|rs_top200+rs_1m_80|base_age_0_below_3
HNGE|2026-07-15|unqualified||1|2026-07-13|91.5|||||||||||||f|rs_top200+rs_1m_80|base_age_1_below_3
HNGE|2026-07-16|unqualified||2|2026-07-13|91.5|||||||||||||f|rs_top200+rs_1m_80|base_age_2_below_3
HNGE|2026-07-17|unqualified||3|2026-07-13|91.5|90.998|84|0.7691415313225058||||||||||f|rs_top200+rs_1m_80|runup_77%_below_90%
HNGE|2026-07-20|unqualified||4|2026-07-13|91.5|90.998|83.8|0.7691415313225058||||||||||f|rs_top200+rs_1m_80|runup_77%_below_90%
HNGE|2026-07-21|unqualified||5|2026-07-13|91.5|90.998|83.8|0.7691415313225058||||||||||f|rs_top200|runup_77%_below_90%
HNGE|2026-08-13|unqualified||22|2026-07-13|91.5|93.13|71.4044|0.7691415313225058||||||||||f|rs_top200|runup_77%_below_90%
HNGE|2026-08-14|unqualified||23|2026-07-13|91.5|93.13|71.4044|0.7691415313225058||||||||||f|rs_top200+rs_1m_80|runup_77%_below_90%
HNGE|2026-08-17|unqualified||24|2026-07-13|91.5|93.13|71.4044|0.7691415313225058||||||||||f|rs_top200+rs_1m_80|runup_77%_below_90%
HNGE|2026-08-18|unqualified||4|2026-08-11|93.13|89.75|86|0.41191631291691944||||||||||f|rs_top200+rs_1m_80|runup_41%_below_90%
HNGE|2026-08-19|unqualified||5|2026-08-11|93.13|89.96|85.01|0.41191631291691944||||||||||f|rs_top200+rs_1m_80|runup_41%_below_90%
HNGE|2026-08-20|unqualified||6|2026-08-11|93.13|90.6988|85.01|0.41191631291691944||||||||||f|rs_top200+rs_1m_80|runup_41%_below_90%
HNGE|2026-08-21|unqualified||7|2026-08-11|93.13|90.6988|85.01|0.41191631291691944||||||||||f|rs_top200+rs_1m_80|runup_41%_below_90%
HNGE|2026-08-24|unqualified||8|2026-08-11|93.13|90.6988|84.23|0.41191631291691944||||||||||f|rs_top200+rs_1m_80|runup_41%_below_90%
HNGE|2026-08-25|unqualified||9|2026-08-11|93.13|92.23|84.23|0.41191631291691944||||||||||f|rs_top200+rs_1m_80|runup_41%_below_90%
HNGE|2026-08-26|unqualified||10|2026-08-11|93.13|92.23|84.23|0.41191631291691944||||||||||f|rs_top200+rs_1m_80|runup_41%_below_90%
HNGE|2026-08-27|unqualified||11|2026-08-11|93.13|93.5|84.23|0.41191631291691944||||||||||f|rs_top200+rs_1m_80|runup_41%_below_90%
HNGE|2026-09-02|unqualified||3|2026-08-27|95.57|92.69|85.75|0.3384329257020575||||||||||f|rs_1m_80|runup_34%_below_90%
HNGE|2026-09-04|unqualified||5|2026-08-27|95.57|93.2973|85.75|0.3384329257020575||||||||||f|rs_1m_80|runup_34%_below_90%
HNGE|2026-09-08|unqualified||6|2026-08-27|95.57|93.2973|85.75|0.3384329257020575|0.1027519095950612|||||||||f|rs_1m_80|runup_34%_below_90%
HNGE|2026-09-09|unqualified||7|2026-08-27|95.57|93.5|85.75|0.3384329257020575|0.1027519095950612|||||||||f|rs_1m_80|runup_34%_below_90%
HNGE|2026-09-10|unqualified||8|2026-08-27|95.57|93.76|85.75|0.3384329257020575|0.1027519095950612|||||||||f|rs_1m_80|runup_34%_below_90%
HNGE|2026-09-14|unqualified||10|2026-08-27|95.57|93.76|85.75|0.3384329257020575|0.1027519095950612|||||||||f|rs_top200+rs_1m_80|runup_34%_below_90%
HNGE|2026-09-15|unqualified||11|2026-08-27|95.57|94.86|85.75|0.3384329257020575|0.1027519095950612|||||||||f|rs_1m_80|runup_34%_below_90%
HNGE|2026-09-16|unqualified||12|2026-08-27|95.57|95.5|85.75|0.3384329257020575|0.1027519095950612|||||||||f|rs_top200+rs_1m_80|runup_34%_below_90%
HNGE|2026-09-17|unqualified||13|2026-08-27|95.57|95.62|85.75|0.3384329257020575|0.1027519095950612|||||||||f|rs_top200+rs_1m_80|runup_34%_below_90%
HNGE|2026-09-18|unqualified||14|2026-08-27|95.57|96.6599|85.75|0.3384329257020575|0.1027519095950612|||||||||f|rs_top200+rs_1m_80|runup_34%_below_90%
HNGE|2026-09-22|unqualified||16|2026-08-27|95.57|96.6599|85.75|0.3384329257020575|0.1027519095950612|0.8972480904049388|0.9139897457361097|||||||f|rs_top200+rs_1m_80|runup_34%_below_90%
HNGE|2026-09-23|unqualified||17|2026-08-27|95.57|96.6599|85.75|0.3384329257020575|0.1027519095950612|0.8972480904049388|0.9139897457361097|||||||f|rs_top200|runup_34%_below_90%
HNGE|2026-09-24|unqualified||18|2026-08-27|95.57|96.6599|85.75|0.3384329257020575|0.1027519095950612|0.8972480904049388|0.9139897457361097|||||||f|rs_top200|runup_34%_below_90%
HNGE|2026-09-25|unqualified||19|2026-08-27|95.57|96.6599|85.75|0.3384329257020575|0.1027519095950612|0.8972480904049388|0.9139897457361097|||||||f|rs_top200+rs_1m_80|runup_34%_below_90%
HNGE|2026-09-28|unqualified||20|2026-08-27|95.57|96.6599|85.75|0.3384329257020575|0.1027519095950612|0.8972480904049388|0.9139897457361097|||||||f|rs_top200|runup_34%_below_90%
HNGE|2026-09-29|unqualified||21|2026-08-27|95.57|96.6599|85.75|0.3384329257020575|0.1027519095950612|0.8972480904049388|0.9139897457361097|||||||f|rs_top200+rs_1m_80|runup_34%_below_90%
HNGE|2026-09-30|unqualified||22|2026-08-27|95.57|97.9499|85.75|0.3384329257020575|0.1027519095950612|0.8972480904049388|0.9139897457361097|||||||f|rs_top200+rs_1m_80|runup_34%_below_90%
HNGE|2026-10-01|unqualified||9|2026-09-17|96.6599|98.4095|89.75|0.3536966909602208|0.07148672820890556|0.9285132717910944|0.9515838522489679|||||||f|rs_top200+rs_1m_80|runup_35%_below_90%
HNGE|2026-10-02|unqualified||10|2026-09-17|96.6599|98.46|89.75|0.3536966909602208|0.07148672820890556|0.9285132717910944|0.9515838522489679|||||||f|rs_top200+rs_1m_80|runup_35%_below_90%
HNGE|2026-10-05|unqualified||3|2026-09-29|97.9499|99.7296|94.5|0.3026984971405773|0.035221067096546266|0.9647789329034537|0.9927524173072152|||||||f|rs_top200|runup_30%_below_90%
HNGE|2026-10-06|unqualified||0|2026-10-05|99.805|||||||||||||f|rs_top200+rs_1m_80|base_age_0_below_3
HNGE|2026-10-07|unqualified||1|2026-10-05|99.805|||||||||||||f|rs_top200+rs_1m_80|base_age_1_below_3
HNGE|2026-10-08|unqualified|||||||||||||||||f|rs_top200+rs_1m_80|adr_3.9pct_below_4pct
HNGE|2026-10-09|unqualified|||||||||||||||||f|rs_top200+rs_1m_80|adr_3.9pct_below_4pct
HPE|2026-05-05|unqualified||9|2026-04-21|29.63|29.3|27.345|0.49344758064516125||||||||||f||runup_49%_below_50%
HPE|2026-05-06|unqualified||10|2026-04-21|29.63|30.15|27.345|0.49344758064516125||||||||||f||runup_49%_below_50%
HPE|2026-05-07|unqualified||11|2026-04-21|29.63|30.42|27.345|0.49344758064516125||||||||||f||runup_49%_below_50%
HPE|2026-05-08|unqualified||0|2026-05-07|30.05|||||||||||||f||base_age_0_below_3
HPE|2026-05-11|unqualified||0|2026-05-08|31.35|||||||||||||f||base_age_0_below_3
HPE|2026-05-13|unqualified||2|2026-05-08|31.35|||||||||||||f||base_age_2_below_3
HPE|2026-05-14|unqualified||0|2026-05-13|32.53|||||||||||||f||base_age_0_below_3
HPE|2026-05-15|unqualified||0|2026-05-14|34.695|||||||||||||f||base_age_0_below_3
HPE|2026-05-18|unqualified||1|2026-05-14|34.695|||||||||||||f|rs_top200+rs_1m_80+ninem_universe_watch|base_age_1_below_3
HPE|2026-05-19|unqualified||2|2026-05-14|34.695|||||||||||||f|rs_top200+rs_1m_80+ninem_universe_watch|base_age_2_below_3
HPE|2026-05-20|WATCH||3|2026-05-14|34.695|33.83|31.88|0.7487399193548387||||||1|1|0.707971908170055|0.12281145345806725|f|rs_top200+rs_1m_80+ninem_universe_watch|runup_75% base_3d close_vs_pivot_-2.6%
HPE|2026-05-21|WATCH||4|2026-05-14|34.695|34|31.88|0.7487399193548387||||||1|1|0.4099967913294557|0.6987771400049884|f|rs_top200+rs_1m_80+ninem_universe_watch|runup_75% base_4d close_vs_pivot_-2.1%
HPE|2026-05-22|WATCH||5|2026-05-14|34.695|34|31.88|0.7487399193548387||||||1|1|1.8239785142267642|0.35794800193869686|f|rs_top200+rs_1m_80+ninem_universe_watch|runup_75% base_5d close_vs_pivot_+8.3%
HPE|2026-05-25|WATCH||5|2026-05-14|34.695|34|31.88|0.7487399193548387||||||1|1|1.8239785142267642|0.35794800193869686|f|ninem_universe_watch|runup_75% base_5d close_vs_pivot_+8.3%
HPE|2026-05-26|unqualified||0|2026-05-22|37.745|||||||||||||f|rs_top200+rs_1m_80+momentum_25pct+ninem_universe_watch|base_age_0_below_3
HPE|2026-05-27|unqualified||0|2026-05-26|38.58|||||||||||||f|rs_top200+rs_1m_80+ninem_universe_watch|base_age_0_below_3
HPE|2026-05-28|unqualified||1|2026-05-26|38.58|||||||||||||f|rs_top200+rs_1m_80+ninem_universe_watch|base_age_1_below_3
HPE|2026-05-29|unqualified||2|2026-05-26|38.58|||||||||||||f|rs_top200+rs_1m_80+momentum_25pct+ninem_universe_watch|base_age_2_below_3
HPE|2026-06-01|unqualified||0|2026-05-29|44.575|||||||||||||f|rs_top200+rs_1m_80+momentum_25pct+ninem_universe_watch|base_age_0_below_3
HPE|2026-06-02|unqualified||0|2026-06-01|47.97|||||||||||||f|rs_top200+rs_1m_80+momentum_25pct+ninem_universe_watch|base_age_0_below_3
HPE|2026-06-03|unqualified||0|2026-06-02|64.25|||||||||||||f|rs_top200+rs_1m_80+momentum_25pct+ninem_universe_watch|base_age_0_below_3
HPE|2026-06-04|unqualified||1|2026-06-02|64.25|||||||||||||f|rs_top200+rs_1m_80+momentum_25pct+ninem_universe_watch|base_age_1_below_3
HPE|2026-06-05|unqualified||2|2026-06-02|64.25|||||||||||||f|rs_top200+rs_1m_80+momentum_25pct+ninem_universe_watch|base_age_2_below_3
HPE|2026-06-08|WATCH||3|2026-06-02|64.25|55.99|48.54|2.0558858501783592||||||1|1|0.02090102060430217|0.9679785167366786|f|rs_top200+rs_1m_80+momentum_25pct+ninem_universe_watch|runup_206% base_3d close_vs_pivot_-22.4%
HPE|2026-06-09|INVALIDATED||4|2026-06-02|64.25|55.99|48.54|2.037825059101655||||||||||f|rs_top200+rs_1m_80+momentum_25pct+ninem_universe_watch|close_48.27_below_base_low_close_49.20
HPE|2026-06-10|INVALIDATED||5|2026-06-02|64.25|55.99|45.73|2.037825059101655||||||||||f|rs_top200+rs_1m_80+ninem_universe_watch|close_45.49_below_base_low_close_48.27
HPE|2026-06-11|WATCH||6|2026-06-02|64.25|55.99|44.91|2.036389413988658||||||1.1507092264643772|0.8742890783786796|0.4174881131856656|0.5473733039545401|f|rs_top200+rs_1m_80+ninem_universe_watch|runup_204% base_6d close_vs_pivot_-27.2%
HPE|2026-06-12|WATCH||7|2026-06-02|64.25|55.99|44.74|2.036389413988658||||||1.1507092264643772|0.8084712631868562|0.3847936949466861|0.4172461752433929|f|rs_top200+rs_1m_80+ninem_universe_watch|runup_204% base_7d close_vs_pivot_-25.0%
HPE|2026-06-15|WATCH||8|2026-06-02|64.25|55.99|44.74|2.036389413988658||||||1.1507092264643772|0.7354727423340096|0.10503578142004379|0.38320746627972246|f|rs_top200+rs_1m_80+ninem_universe_watch|runup_204% base_8d close_vs_pivot_-23.7%
HPE|2026-06-16|WATCH||9|2026-06-02|64.25|55.99|44.74|2.036389413988658||||||1.1507092264643772|0.7484772702288711|0.1714350590372378|0.10331516802906408|f|rs_top200+rs_1m_80|runup_204% base_9d close_vs_pivot_-24.7%
HPE|2026-06-17|WATCH||10|2026-06-02|64.25|55.99|44.74|2.036389413988658||||||0.7599559046437944|0.7253973465343142|0.2917868416960184|0.16946081960037926|f|rs_top200+rs_1m_80|runup_204% base_10d close_vs_pivot_-25.0%
HPE|2026-06-18|WATCH||11|2026-06-02|64.25|55.99|44.74|1.993244817144188||||||0.7599559046437944|0.7096880619635245|0.4211025012227481|0.31016048248700917|f|rs_top200+rs_1m_80|runup_199% base_11d close_vs_pivot_-26.2%
HPE|2026-07-17|unqualified||19|2026-06-17|50.45|51.08|40.715|0.8449442311208633||||||||||f|rs_top200|runup_84%_below_90%
HPE|2026-07-21|unqualified||21|2026-06-17|50.45|51.08|40.715|0.8449442311208633||||||||||f|rs_top200|runup_84%_below_90%
HPE|2026-07-22|unqualified||22|2026-06-17|50.45|51.08|40.715|0.8449442311208633||||||||||f|rs_top200+rs_1m_80|runup_84%_below_90%
HPE|2026-07-23|unqualified||23|2026-06-17|50.45|51.08|40.715|0.8449442311208633||||||||||f|rs_top200+rs_1m_80|runup_84%_below_90%
HPE|2026-07-24|unqualified||24|2026-06-17|50.45|51.08|40.715|0.8449442311208633||||||||||f|rs_top200+rs_1m_80|runup_84%_below_90%
HPE|2026-07-27|unqualified||21|2026-06-24|50.2|51.08|40.715|0.835801791918084||||||||||f|rs_top200+rs_1m_80|runup_84%_below_90%
HPE|2026-08-05|unqualified||0|2026-08-04|53.415|||||||||||||f|rs_1m_80|base_age_0_below_3
HPE|2026-08-06|unqualified||0|2026-08-05|54.6299|||||||||||||f|rs_1m_80|base_age_0_below_3
HPE|2026-08-07|unqualified||1|2026-08-05|54.6299|||||||||||||f|rs_1m_80|base_age_1_below_3
HPE|2026-08-10|unqualified||2|2026-08-05|54.6299|||||||||||||f|rs_1m_80|base_age_2_below_3
HPE|2026-08-11|unqualified||0|2026-08-10|56.463|||||||||||||f|rs_1m_80|base_age_0_below_3
HPE|2026-08-12|unqualified||1|2026-08-10|56.463|||||||||||||f|rs_top200+rs_1m_80|base_age_1_below_3
HPE|2026-08-13|unqualified||0|2026-08-12|58.9|||||||||||||f|rs_top200+rs_1m_80+ninem_universe_watch|base_age_0_below_3
HPE|2026-08-14|unqualified||0|2026-08-13|63.44|||||||||||||f|rs_top200+rs_1m_80+ninem_universe_watch|base_age_0_below_3
HPE|2026-08-17|unqualified||1|2026-08-13|63.44|||||||||||||f|rs_top200+rs_1m_80+ninem_universe_watch|base_age_1_below_3
HPE|2026-08-18|unqualified||2|2026-08-13|63.44|||||||||||||f|rs_top200+rs_1m_80+ninem_universe_watch|base_age_2_below_3
HPE|2026-08-19|unqualified||3|2026-08-13|63.44|60.48|54.87|0.5581481026648654||||||||||f|rs_1m_80+ninem_universe_watch|runup_56%_below_90%
HPE|2026-08-20|unqualified||4|2026-08-13|63.44|60.48|51.59|0.5581481026648654||||||||||f|rs_1m_80+ninem_universe_watch|runup_56%_below_90%
HPE|2026-08-21|unqualified||5|2026-08-13|63.44|60.48|51.59|0.5581481026648654||||||||||f|rs_1m_80+ninem_universe_watch|runup_56%_below_90%
HPE|2026-08-24|unqualified||6|2026-08-13|63.44|60.48|51.59|0.5581481026648654||||||||||f|ninem_universe_watch|runup_56%_below_90%
HPE|2026-08-25|unqualified||7|2026-08-13|63.44|60.48|51.3001|0.5581481026648654||||||||||f|ninem_universe_watch|runup_56%_below_90%
HPE|2026-08-26|unqualified||8|2026-08-13|63.44|60.48|51.3001|0.5581481026648654||||||||||f|ninem_universe_watch|runup_56%_below_90%
HPE|2026-08-27|unqualified||9|2026-08-13|63.44|60.48|51.3001|0.5581481026648654||||||||||f|ninem_universe_watch|runup_56%_below_90%
HPE|2026-09-08|unqualified||16|2026-08-13|63.44|60.48|45.7|0.5581481026648654|0.27963430012610335|||||||||f|rs_top200|runup_56%_below_90%
HPE|2026-09-09|unqualified||17|2026-08-13|63.44|60.48|45.7|0.5581481026648654|0.27963430012610335|||||||||f|rs_top200+rs_1m_80|runup_56%_below_90%
HPE|2026-09-10|unqualified||18|2026-08-13|63.44|60.48|45.7|0.5581481026648654|0.27963430012610335|||||||||f|rs_top200+rs_1m_80|runup_56%_below_90%
HPE|2026-09-11|unqualified||19|2026-08-13|63.44|60.48|45.7|0.5581481026648654|0.27963430012610335|||||||||f|rs_top200+rs_1m_80|runup_56%_below_90%
HPE|2026-09-14|unqualified||20|2026-08-13|63.44|62.15|45.7|0.5581481026648654|0.27963430012610335|||||||||f|rs_top200+rs_1m_80|runup_56%_below_90%
HPE|2026-09-15|unqualified||21|2026-08-13|63.44|62.15|45.7|0.5581481026648654|0.27963430012610335|||||||||f|rs_top200+rs_1m_80|runup_56%_below_90%
HPE|2026-09-16|unqualified||22|2026-08-13|63.44|62.15|45.7|0.5581481026648654|0.27963430012610335|||||||||f|rs_top200+rs_1m_80|runup_56%_below_90%
HPE|2026-09-17|unqualified||23|2026-08-13|63.44|62.15|45.7|0.5581481026648654|0.27963430012610335|||||||||f|rs_top200+rs_1m_80|runup_56%_below_90%
HPE|2026-09-18|unqualified||24|2026-08-13|63.44|62.15|45.7|0.5581481026648654|0.27963430012610335|||||||||f|rs_top200+rs_1m_80|runup_56%_below_90%
HPE|2026-09-21|unqualified||5|2026-09-11|62.15|62.14|55.02|0.4353348729792148|0.11472244569589696|0.885277554304103|0.8915526950925181|||||||f|rs_top200+rs_1m_80|runup_44%_below_90%
HPE|2026-09-22|unqualified||6|2026-09-11|62.15|63.86|55.02|0.4353348729792148|0.11472244569589696|0.885277554304103|0.8915526950925181|||||||f|rs_top200+rs_1m_80|runup_44%_below_90%
HPE|2026-09-23|unqualified||7|2026-09-11|62.15|63.86|55.02|0.4353348729792148|0.11472244569589696|0.885277554304103|0.8915526950925181|||||||f|rs_top200+rs_1m_80|runup_44%_below_90%
HPE|2026-09-24|unqualified||8|2026-09-11|62.15|63.86|55.02|0.4353348729792148|0.11472244569589696|0.885277554304103|0.8915526950925181|||||||f|rs_top200+rs_1m_80|runup_44%_below_90%
HPE|2026-09-25|unqualified||0|2026-09-24|65.4798|||||||||||||f|rs_top200+rs_1m_80|base_age_0_below_3
HPE|2026-09-28|unqualified||1|2026-09-24|65.4798|||||||||||||f|rs_top200+rs_1m_80|base_age_1_below_3
HPE|2026-09-29|unqualified||2|2026-09-24|65.4798|||||||||||||f|rs_top200+rs_1m_80|base_age_2_below_3
HPE|2026-09-30|unqualified||3|2026-09-24|65.4798|65.65|60.68|0.44038275406951155|0.07330199542454308|0.9266980045754569|0.93906823172948|||||||f|rs_top200+rs_1m_80|runup_44%_below_90%
HPE|2026-10-01|unqualified||4|2026-09-24|65.4798|67.1008|60.68|0.44038275406951155|0.07330199542454308|0.9266980045754569|0.93906823172948|||||||f|rs_top200+rs_1m_80|runup_44%_below_90%
HPE|2026-10-02|unqualified||5|2026-09-24|65.4798|67.1008|60.68|0.44038275406951155|0.07330199542454308|0.9266980045754569|0.93906823172948|||||||f|rs_top200+rs_1m_80|runup_44%_below_90%
HPE|2026-10-05|unqualified||0|2026-10-02|70.29|||||||||||||f|rs_top200+rs_1m_80|base_age_0_below_3
HPE|2026-10-06|unqualified||1|2026-10-02|70.29|||||||||||||f|rs_top200+rs_1m_80|base_age_1_below_3
HPE|2026-10-07|unqualified||2|2026-10-02|70.29|||||||||||||f|rs_top200+rs_1m_80|base_age_2_below_3
HPE|2026-10-08|unqualified||0|2026-10-07|73.28|||||||||||||f|rs_top200+rs_1m_80|base_age_0_below_3
HPE|2026-10-09|unqualified||1|2026-10-07|73.28|||||||||||||f|rs_top200+rs_1m_80|base_age_1_below_3
MRNA|2026-05-18|unqualified||4|2026-05-11|59.48|54.62|47.91|0.41720276387896105||||||||||f|ninem_universe_watch|runup_42%_below_50%
MRNA|2026-05-19|unqualified||5|2026-05-11|59.48|54.62|47.64|0.36172161172161177||||||||||f|ninem_universe_watch|runup_36%_below_50%
MRNA|2026-05-20|unqualified||6|2026-05-11|59.48|54.62|45.625|0.36172161172161177||||||||||f|ninem_universe_watch|runup_36%_below_50%
MRNA|2026-05-21|unqualified||7|2026-05-11|59.48|54.62|45.625|0.36172161172161177||||||||||f|ninem_universe_watch|runup_36%_below_50%
MRNA|2026-05-22|unqualified||8|2026-05-11|59.48|54.62|45.625|0.36172161172161177||||||||||f|ninem_universe_watch|runup_36%_below_50%
MRNA|2026-05-25|unqualified||8|2026-05-11|59.48|54.62|45.625|0.36172161172161177||||||||||f|ninem_universe_watch|runup_36%_below_50%
MRNA|2026-06-15|unqualified||23|2026-05-11|59.48|54.62|43.9|0.36172161172161177||||||||||f|rs_1m_80|runup_36%_below_50%
MRNA|2026-06-16|unqualified||24|2026-05-11|59.48|54.62|43.9|0.36172161172161177||||||||||f|rs_1m_80|runup_36%_below_50%
MRNA|2026-06-17|unqualified||0|2026-06-16|57.79|||||||||||||f|rs_top200+rs_1m_80+momentum_25pct|base_age_0_below_3
MRNA|2026-06-18|unqualified||0|2026-06-17|62.3|||||||||||||f|rs_top200+rs_1m_80+momentum_25pct|base_age_0_below_3
MRNA|2026-06-22|unqualified||0|2026-06-18|67.74|||||||||||||f|rs_top200+rs_1m_80+momentum_25pct|base_age_0_below_3
MRNA|2026-06-23|unqualified||1|2026-06-18|67.74|||||||||||||f|rs_top200+rs_1m_80+momentum_25pct|base_age_1_below_3
MRNA|2026-06-24|unqualified||2|2026-06-18|67.74|||||||||||||f|rs_1m_80+momentum_25pct|base_age_2_below_3
MRNA|2026-06-25|WATCH||3|2026-06-18|67.74|65.51|57.5|0.5508241758241756||||||1|1|0.12854528530087792|0.1662223516821702|f|rs_1m_80|runup_55% base_3d close_vs_pivot_-11.8%
MRNA|2026-06-26|unqualified||4|2026-06-18|67.74|65.51|57.5|0.5508241758241756||||||||||f|rs_top200+rs_1m_80+momentum_25pct|runup_55%_below_90%
MRNA|2026-06-29|unqualified||0|2026-06-26|69.285|||||||||||||f|rs_top200+rs_1m_80+momentum_25pct|base_age_0_below_3
MRNA|2026-06-30|unqualified||1|2026-06-26|69.285|||||||||||||f|rs_top200+rs_1m_80+momentum_25pct|base_age_1_below_3
MRNA|2026-07-01|unqualified||0|2026-06-30|73.28|||||||||||||f|rs_top200+rs_1m_80|base_age_0_below_3
MRNA|2026-07-02|unqualified||1|2026-06-30|73.28|||||||||||||f|rs_top200+rs_1m_80+momentum_25pct|base_age_1_below_3
MRNA|2026-07-06|unqualified||0|2026-07-02|81.4|||||||||||||f|rs_top200+rs_1m_80+momentum_25pct|base_age_0_below_3
MRNA|2026-07-07|unqualified||0|2026-07-06|85.6|||||||||||||f|rs_top200+rs_1m_80+momentum_25pct|base_age_0_below_3
MRNA|2026-07-08|unqualified||1|2026-07-06|85.6|||||||||||||f|rs_top200+rs_1m_80|base_age_1_below_3
MRNA|2026-07-09|unqualified||2|2026-07-06|85.6|||||||||||||f|rs_top200+rs_1m_80+momentum_25pct|base_age_2_below_3
MRNA|2026-07-13|INVALIDATED||4|2026-07-06|85.6|82.9|67.31|0.9498861047835989||||||||||f|rs_1m_80|close_67.01_below_base_low_close_68.27
MRNA|2026-07-14|WATCH||5|2026-07-06|85.6|82.9|65.54|0.9498861047835989||||||1|1|0.138667531087639|0.12245963784363109|f|rs_1m_80|runup_95% base_5d close_vs_pivot_-21.2%
MRNA|2026-07-15|TIGHTENING||6|2026-07-06|85.6|82.9|65.54|0.9498861047835989||||||0.869504836974822|0.958897912675564|0.08865351338008874|0.13931266388299735|t|rs_top200+rs_1m_80|range_0.87 vol_0.96 fresh
MRNA|2026-07-16|INVALIDATED||7|2026-07-06|85.6|82.9|65.54|0.9498861047835989||||||||||f|flag_stage_carryforward|close_63.15_below_base_low_close_67.01
MRNA|2026-07-17|INVALIDATED||8|2026-07-06|85.6|82.9|62.8|0.9498861047835989||||||||||f|flag_stage_carryforward|close_61.82_below_base_low_close_63.15
MRNA|2026-07-20|INVALIDATED||9|2026-07-06|85.6|82.9|61.06|0.9498861047835989||||||||||f|flag_stage_carryforward|close_59.49_below_base_low_close_61.82
MRNA|2026-08-14|unqualified||24|2026-07-10|76.722|69.55|52.6601|0.7476537585421412||||||||||f|rs_1m_80|runup_75%_below_90%
MRNA|2026-08-17|unqualified||24|2026-07-13|69.55|68.49|52.6601|0.5842824601366743||||||||||f|rs_1m_80|runup_58%_below_90%
MRNA|2026-08-18|unqualified||22|2026-07-16|67.42|65.525|52.6601|0.5357630979498862||||||||||f|rs_1m_80|runup_54%_below_90%
MRNA|2026-08-19|unqualified||23|2026-07-16|67.42|65.525|52.6601|0.5357630979498862||||||||||f|rs_top200+rs_1m_80+momentum_25pct+ninem_universe_watch|runup_54%_below_90%
MRNA|2026-08-20|unqualified||0|2026-08-19|176.66|||||||||||||f|rs_top200+rs_1m_80+momentum_25pct+ninem_universe_watch|base_age_0_below_3
MRNA|2026-08-21|unqualified||1|2026-08-19|176.66|||||||||||||f|rs_top200+rs_1m_80+momentum_25pct+ninem_universe_watch|base_age_1_below_3
MRNA|2026-08-24|unqualified||2|2026-08-19|176.66|||||||||||||f|rs_top200+rs_1m_80+momentum_25pct+ninem_universe_watch|base_age_2_below_3
MRNA|2026-08-25|unqualified||3|2026-08-19|176.66|159.47|128.61|2.3547220761069574||||||||||f|rs_top200+rs_1m_80+momentum_25pct+ninem_universe_watch|flag_low_128.61_below_75%_of_pole_176.66
MRNA|2026-08-26|unqualified||4|2026-08-19|176.66|161.37|128.61|2.3547220761069574||||||||||f|rs_top200+rs_1m_80+momentum_25pct+ninem_universe_watch|flag_low_128.61_below_75%_of_pole_176.66
MRNA|2026-08-27|unqualified||5|2026-08-19|176.66|161.37|128.61|2.3547220761069574||||||||||f|rs_top200+rs_1m_80+momentum_25pct+ninem_universe_watch|flag_low_128.61_below_75%_of_pole_176.66
MRNA|2026-08-28|unqualified||6|2026-08-19|176.66|161.37|128.61|2.3547220761069574||||||||||f|rs_top200+rs_1m_80+momentum_25pct+ninem_universe_watch|flag_low_128.61_below_75%_of_pole_176.66
MRNA|2026-08-31|unqualified||7|2026-08-19|176.66|161.37|128.61|2.3547220761069574||||||||||f|rs_top200+rs_1m_80+momentum_25pct+ninem_universe_watch|flag_low_128.61_below_75%_of_pole_176.66
MRNA|2026-09-01|unqualified||8|2026-08-19|176.66|161.37|128.61|2.3547220761069574||||||||||f|rs_top200+rs_1m_80+ninem_universe_watch|flag_low_128.61_below_75%_of_pole_176.66
MRNA|2026-09-02|unqualified||9|2026-08-19|176.66|161.37|128.61|2.3547220761069574||||||||||f|rs_top200+rs_1m_80+ninem_universe_watch|flag_low_128.61_below_75%_of_pole_176.66
MRNA|2026-09-03|unqualified||10|2026-08-19|176.66|161.37|128.61|2.3547220761069574||||||||||f|rs_top200+rs_1m_80+ninem_universe_watch|flag_low_128.61_below_75%_of_pole_176.66
MRNA|2026-09-04|unqualified||11|2026-08-19|176.66|161.37|128.61|2.3547220761069574||||||||||f|rs_top200+rs_1m_80+ninem_universe_watch|flag_low_128.61_below_75%_of_pole_176.66
MRNA|2026-09-07|unqualified||11|2026-08-19|176.66|161.37|128.61|2.3547220761069574|0.27199139590173205|||||||||f|ninem_universe_watch|flag_low_128.61_below_75%_of_pole_176.66
MRNA|2026-09-08|unqualified||12|2026-08-19|176.66|161.37|128.61|2.3547220761069574|0.27199139590173205|||||||||f|rs_top200+rs_1m_80+ninem_universe_watch|flag_low_128.61_below_75%_of_pole_176.66
MRNA|2026-09-09|unqualified||13|2026-08-19|176.66|161.37|128.61|2.3547220761069574|0.27199139590173205|||||||||f|ninem_universe_watch|flag_low_128.61_below_75%_of_pole_176.66
MRNA|2026-09-10|unqualified||14|2026-08-19|176.66|161.37|128.61|2.3547220761069574|0.27199139590173205|||||||||f|rs_top200+rs_1m_80+ninem_universe_watch|flag_low_128.61_below_75%_of_pole_176.66
MRNA|2026-09-11|unqualified||15|2026-08-19|176.66|161.37|128.61|2.3547220761069574|0.27199139590173205|||||||||f|rs_top200+ninem_universe_watch|flag_low_128.61_below_75%_of_pole_176.66
MRNA|2026-09-14|unqualified||16|2026-08-19|176.66|161.37|128.61|2.3547220761069574|0.27199139590173205|||||||||f|rs_top200+rs_1m_80+ninem_universe_watch|flag_low_128.61_below_75%_of_pole_176.66
MRNA|2026-09-15|unqualified||17|2026-08-19|176.66|161.37|128.61|2.3547220761069574|0.27199139590173205|||||||||f|ninem_universe_watch|flag_low_128.61_below_75%_of_pole_176.66
MRNA|2026-09-16|INVALIDATED||18|2026-08-19|176.66|161.37|128.61|2.3547220761069574|0.27199139590173205|||||||||f|rs_top200|close_145.62_below_sma20_145.67
MRNA|2026-09-17|unqualified||19|2026-08-19|176.66|161.37|128.61|2.3547220761069574|0.27199139590173205|||||||||f|rs_top200+rs_1m_80|ma_stack_not_stage2_144.5/144.9/96.6
MRNA|2026-09-18|unqualified||20|2026-08-19|176.66|161.9599|128.61|2.3547220761069574|0.27199139590173205|||||||||f|rs_top200+rs_1m_80|ma_stack_not_stage2_145.0/145.9/98.2
MRNA|2026-09-21|unqualified||21|2026-08-19|176.66|161.9599|128.61|2.3547220761069574|0.27199139590173205|0.728008604098268|0.7546699875466999|0.1742100188753549|0.0032862128433891265|||||f|rs_top200+rs_1m_80+momentum_25pct|flag_low_128.61_below_75%_of_pole_176.66
MRNA|2026-09-22|unqualified||22|2026-08-19|176.66|176.86|128.61|2.3547220761069574|0.27199139590173205|0.728008604098268|0.7546699875466999|0.22141898966651175|0.016883494853327442|||||f|rs_top200+rs_1m_80+momentum_25pct|flag_low_128.61_below_75%_of_pole_176.66
MRNA|2026-09-23|unqualified||0|2026-09-22|187.2|||||||||||||f|rs_top200+rs_1m_80+momentum_25pct|base_age_0_below_3
MRNA|2026-09-24|unqualified||0|2026-09-23|192.31|||||||||||||f|rs_top200+rs_1m_80+momentum_25pct|base_age_0_below_3
MRNA|2026-09-25|unqualified||1|2026-09-23|192.31|||||||||||||f|rs_top200+rs_1m_80+momentum_25pct|base_age_1_below_3
MRNA|2026-09-28|unqualified||0|2026-09-25|202.67|||||||||||||f|rs_top200+rs_1m_80+momentum_25pct|base_age_0_below_3
MRNA|2026-09-29|unqualified||1|2026-09-25|202.67|||||||||||||f|rs_top200+rs_1m_80+momentum_25pct|base_age_1_below_3
MRNA|2026-09-30|unqualified||0|2026-09-29|208.9032|||||||||||||f|rs_top200+rs_1m_80+momentum_25pct|base_age_0_below_3
MRNA|2026-10-01|unqualified||1|2026-09-29|208.9032|||||||||||||f|rs_top200+rs_1m_80|base_age_1_below_3
MRNA|2026-10-02|unqualified||2|2026-09-29|208.9032|||||||||||||f|rs_top200+rs_1m_80|base_age_2_below_3
MRNA|2026-10-05|WATCH||3|2026-09-29|208.9032|201|183.28|2.8894656488549617|0.12265585208843133|0.8773441479115687|0.9044380363728273|0.1913234647515757|0.13371830573061702|1|1|0.8077560224763499|0.017113475052465025|f|rs_top200+rs_1m_80|runup_289% base_3d close_vs_pivot_-2.7%
MRNA|2026-10-06|INVALIDATED||4|2026-09-29|208.9032|205.77|183.28|2.8894656488549617|0.12265585208843133|0.8773441479115687|0.9044380363728273|0.08401303406262021|0.12110286442897908|||||f|rs_top200+rs_1m_80|close_187.46_below_base_low_close_188.94
MRNA|2026-10-07|WATCH||5|2026-09-29|208.9032|212.22|183.28|2.8894656488549617|0.12265585208843133|0.8773441479115687|0.8973534153617561|0.11652223327177154|0.10987924421082532|1|1|0.8082588227462165|0.9212954091762495|f|rs_top200+rs_1m_80|runup_289% base_5d close_vs_pivot_-5.9%
MRNA|2026-10-08|WATCH||6|2026-09-29|208.9032|212.22|182.5|2.8894656488549617|0.12638963883750942|0.8736103611624906|0.8973534153617561|0.10059555068884991|0.0923773981250768|0.8112729246932625|0.9337568713649734|0.036909527112593946|0.8167823801554006|f|rs_top200+rs_1m_80|runup_289% base_6d close_vs_pivot_-5.7%
MRNA|2026-10-09|WATCH||7|2026-09-29|208.9032|212.22|182.5|2.8894656488549617|0.12638963883750942|0.8736103611624906|0.8973534153617561|0.22920257531597332|0.08246856655858797|0.7906542926006007|1.1977645247349926|1.6165032547671307|0.03606045722172908|f|rs_top200+rs_1m_80|runup_289% base_7d close_vs_pivot_+7.7%
NCI|2026-06-01|unqualified||0|2026-05-29|10.44|||||||||||||f|rs_1m_80|base_age_0_below_3
NCI|2026-06-02|unqualified||1|2026-05-29|10.44|||||||||||||f|rs_1m_80+momentum_25pct|base_age_1_below_3
NCI|2026-06-03|unqualified||0|2026-06-02|10.98|||||||||||||f|rs_1m_80|base_age_0_below_3
NCI|2026-06-04|unqualified||0|2026-06-03|11.29|||||||||||||f|rs_1m_80|base_age_0_below_3
NCI|2026-06-05|unqualified||1|2026-06-03|11.29|||||||||||||f|rs_1m_80|base_age_1_below_3
NCI|2026-06-08|unqualified||2|2026-06-03|11.29|||||||||||||f|rs_1m_80|base_age_2_below_3
NCI|2026-06-09|WATCH||3|2026-06-03|11.29|11.18|10.15|3.41015625||||||1|1|0.2155960653718072|0.5524649175152557|f|rs_1m_80|runup_341% base_3d close_vs_pivot_-4.9%
NCI|2026-06-10|WATCH||4|2026-06-03|11.29|11.18|10.15|3.41015625||||||1|1|0.11023839051949855|0.2204767810389971|f|rs_top200+rs_1m_80|runup_341% base_4d close_vs_pivot_-4.9%
NCI|2026-06-11|WATCH||5|2026-06-03|11.29|11.18|10.15|3.41015625||||||1|1|0.028865979381445254|0.11546391752577333|f|rs_top200+rs_1m_80|runup_341% base_5d close_vs_pivot_-2.8%
NCI|2026-06-12|WATCH||6|2026-06-03|11.29|11.18|10.15|3.41015625||||||1|0.972056987628391|0.014537902388369368|0.02907580477674132|f|rs_1m_80|runup_341% base_6d close_vs_pivot_-4.1%
NCI|2026-06-15|TIGHTENING||7|2026-06-03|11.29|11.18|10.15|3.41015625||||||0.9374999999999979|0.6875349832384076|0.21491228070175528|0.015350877192982131|f|rs_1m_80|range_0.94 vol_0.69
NCI|2026-06-16|TIGHTENING||8|2026-06-03|11.29|11.18|10.15|3.41015625||||||0.8883887349953856|0.20131735222204958|0.06320541760722494|0.2212189616252831|f|flag_stage_carryforward|range_0.89 vol_0.20
NCI|2026-06-17|TIGHTENING||9|2026-06-03|11.29|11.18|10.15|3.41015625||||||0.8403755868544602|0.16546236812636295|0.6917728443864045|0.06588312803680196|f|flag_stage_carryforward|range_0.84 vol_0.17
NCI|2026-06-18|TIGHTENING||10|2026-06-03|11.29|11.18|10.15|3.41015625||||||0.8403755868544602|0.20321693983508093|0.47515727463363094|0.7127359119504479|f|flag_stage_carryforward|range_0.84 vol_0.20
NCI|2026-06-19|TIGHTENING||10|2026-06-03|11.29|11.18|10.15|3.41015625||||||0.8403755868544602|0.20321693983508093|0.47515727463363094|0.7127359119504479|f|flag_stage_carryforward|range_0.84 vol_0.20
NCI|2026-06-22|TIGHTENING||11|2026-06-03|11.29|11.18|10.15|3.41015625||||||0.8403755868544602|0.19844475282678853|1.0094681970236077|0.46336245109280155|f|flag_stage_carryforward|range_0.84 vol_0.20
NCI|2026-06-23|TIGHTENING||12|2026-06-03|11.29|11.4|10.15|3.41015625||||||0.8403755868544602|0.2031083511486647|0.2148365068607002|1.0920855765419017|f|flag_stage_carryforward|range_0.84 vol_0.20
NCI|2026-06-24|TIGHTENING||13|2026-06-03|11.29|11.4|10.15|3.41015625||||||0.7934397163120568|0.19155187163674225|0.5281143212177675|0.24852438645541933|f|flag_stage_carryforward|range_0.79 vol_0.19
NCI|2026-06-25|TIGHTENING||14|2026-06-03|11.29|11.4|10.15|3.41015625||||||0.8424012855831033|0.16878396745197005|1.0363273230073033|0.49861031578653137|f|flag_stage_carryforward|range_0.84 vol_0.17
NCI|2026-06-26|unqualified||15|2026-06-03|11.29|11.4|10.15|2.2073863636363633||||||||||f|flag_stage_carryforward|pole_11.29_only_10%_of_52w_high_110.48_(not_stage2)
NCI|2026-06-29|unqualified|||||||||||||||||f|flag_stage_carryforward|adv_456k_below_500k_shares
NCI|2026-06-30|unqualified|||||||||||||||||f|flag_stage_carryforward|adv_387k_below_500k_shares
NCI|2026-08-28|unqualified||3|2026-08-24|15.24|14.6|11.65|0.5029585798816567||||||||||f|rs_1m_80|runup_50%_below_90%
NCI|2026-08-31|unqualified||4|2026-08-24|15.24|14.6|11.65|0.5029585798816567||||||||||f|rs_top200+rs_1m_80|runup_50%_below_90%
NCI|2026-09-01|unqualified||5|2026-08-24|15.24|14.6|11.65|0.5029585798816567||||||||||f|rs_top200+rs_1m_80|runup_50%_below_90%
NCI|2026-09-02|unqualified||6|2026-08-24|15.24|14.6|11.65|0.5029585798816567||||||||||f|rs_top200+rs_1m_80|runup_50%_below_90%
NCI|2026-09-03|unqualified||7|2026-08-24|15.24|14.6|11.65|0.5029585798816567||||||||||f|rs_top200+rs_1m_80|runup_50%_below_90%
NCI|2026-09-04|unqualified||8|2026-08-24|15.24|14.6|11.65|0.5029585798816567||||||||||f|rs_top200+rs_1m_80|runup_50%_below_90%
NCI|2026-09-08|unqualified||9|2026-08-24|15.24|14.6|11.65|0.5029585798816567|0.2355643044619422|||||||||f|rs_top200+rs_1m_80|runup_50%_below_90%
NCI|2026-09-09|unqualified||10|2026-08-24|15.24|14.78|11.65|0.5029585798816567|0.2355643044619422|||||||||f|rs_1m_80|runup_50%_below_90%
NCI|2026-09-10|unqualified||11|2026-08-24|15.24|14.78|11.65|0.5029585798816567|0.2355643044619422|||||||||f|rs_1m_80|runup_50%_below_90%
NCI|2026-09-18|unqualified||17|2026-08-24|15.24|14.78|11.65|0.5029585798816567|0.2355643044619422|||||||||f|rs_top200+rs_1m_80|runup_50%_below_90%
NCI|2026-09-22|unqualified||19|2026-08-24|15.24|14.97|11.65|0.5029585798816567|0.2355643044619422|0.7644356955380578|0.800524934383202|||||||f|rs_top200+rs_1m_80|runup_50%_below_90%
NCI|2026-09-23|unqualified||20|2026-08-24|15.24|14.97|11.65|0.5029585798816567|0.2355643044619422|0.7644356955380578|0.800524934383202|||||||f|rs_top200+rs_1m_80|runup_50%_below_90%
OUST|2026-05-05|unqualified||0|2026-05-04|30.4|||||||||||||f||base_age_0_below_3
OUST|2026-05-06|unqualified||1|2026-05-04|30.4|||||||||||||f||base_age_1_below_3
OUST|2026-05-13|WATCH||6|2026-05-04|30.4|30.49|23.6|0.853658536585366||||||1|0.9730122665073015|1.647496315068702|0.18288580740818194|f||runup_85% base_6d close_vs_pivot_+12.4%
OUST|2026-05-14|unqualified||0|2026-05-13|34.9|||||||||||||f||base_age_0_below_3
OUST|2026-05-15|unqualified||1|2026-05-13|34.9|||||||||||||f||base_age_1_below_3
OUST|2026-05-18|unqualified||0|2026-05-15|36.0496|||||||||||||f|rs_1m_80+momentum_25pct+ninem_universe_watch|base_age_0_below_3
OUST|2026-05-19|unqualified||1|2026-05-15|36.0496|||||||||||||f|rs_1m_80+ninem_universe_watch|base_age_1_below_3
OUST|2026-05-20|unqualified||2|2026-05-15|36.0496|||||||||||||f|rs_1m_80+momentum_25pct+ninem_universe_watch|base_age_2_below_3
OUST|2026-05-21|WATCH||3|2026-05-15|36.0496|34.19|27.55|1.1981463414634148||||||1|1|0.8457141279133998|0.08457141279134024|f|rs_top200+rs_1m_80+momentum_25pct+ninem_universe_watch|runup_120% base_3d close_vs_pivot_-2.7%
OUST|2026-05-22|WATCH||4|2026-05-15|36.0496|35.35|27.55|1.1981463414634148||||||1|1|0.43558355540243227|0.8613234146375773|f|rs_top200+rs_1m_80+momentum_25pct+ninem_universe_watch|runup_120% base_4d close_vs_pivot_+2.7%
OUST|2026-05-25|WATCH||4|2026-05-15|36.0496|35.35|27.55|1.1981463414634148||||||1|1|0.43558355540243227|0.8613234146375773|f|ninem_universe_watch|runup_120% base_4d close_vs_pivot_+2.7%
OUST|2026-05-26|unqualified||0|2026-05-22|37.99|||||||||||||f|rs_top200+rs_1m_80+momentum_25pct+ninem_universe_watch|base_age_0_below_3
OUST|2026-05-27|unqualified||0|2026-05-26|45.4228|||||||||||||f|rs_top200+rs_1m_80+momentum_25pct+ninem_universe_watch|base_age_0_below_3
OUST|2026-05-28|unqualified||1|2026-05-26|45.4228|||||||||||||f|rs_top200+rs_1m_80+momentum_25pct+ninem_universe_watch|base_age_1_below_3
OUST|2026-05-29|unqualified||2|2026-05-26|45.4228|||||||||||||f|rs_top200+rs_1m_80+momentum_25pct+ninem_universe_watch|base_age_2_below_3
OUST|2026-06-01|unqualified||0|2026-05-29|47.32|||||||||||||f|rs_top200+rs_1m_80+momentum_25pct+ninem_universe_watch|base_age_0_below_3
OUST|2026-06-02|unqualified||1|2026-05-29|47.32|||||||||||||f|rs_top200+rs_1m_80+momentum_25pct+ninem_universe_watch|base_age_1_below_3
OUST|2026-06-03|unqualified||0|2026-06-02|49.39|||||||||||||f|rs_top200+rs_1m_80+momentum_25pct+ninem_universe_watch|base_age_0_below_3
OUST|2026-06-04|unqualified||1|2026-06-02|49.39|||||||||||||f|rs_top200+rs_1m_80+momentum_25pct+ninem_universe_watch|base_age_1_below_3
OUST|2026-06-05|unqualified||2|2026-06-02|49.39|||||||||||||f|rs_top200+rs_1m_80+ninem_universe_watch|base_age_2_below_3
OUST|2026-06-08|WATCH||3|2026-06-02|49.39|48.8299|38.4001|2.0115853658536587||||||1|1|0.03493398504296916|1.0788436557387877|f|rs_top200+rs_1m_80+ninem_universe_watch|runup_201% base_3d close_vs_pivot_-17.2%
OUST|2026-06-09|INVALIDATED||4|2026-06-02|49.39|48.8299|38.4001|2.0115853658536587||||||||||f|rs_top200+rs_1m_80+ninem_universe_watch|close_38.52_below_base_low_close_39.68
OUST|2026-06-10|INVALIDATED||5|2026-06-02|49.39|48.8299|35.3|2.0115853658536587||||||||||f|rs_top200+rs_1m_80|close_38.39_below_base_low_close_38.52
OUST|2026-06-11|WATCH||6|2026-06-02|49.39|48.8299|35.3|2.0115853658536587||||||1|1.0199991097964247|0.1952193141349439|0.12249055004545557|f|rs_top200+rs_1m_80|runup_201% base_6d close_vs_pivot_-19.8%
OUST|2026-06-15|TIGHTENING||8|2026-06-02|49.39|48.8299|35.3|2.0115853658536587||||||0.6227654207699966|0.9029711319381348|0.20041302048401302|0.16515517428775184|f|rs_top200+rs_1m_80|range_0.62 vol_0.90
OUST|2026-06-16|TIGHTENING||9|2026-06-02|49.39|48.8299|35.3|2.0115853658536587||||||0.7063118815809937|0.9581732314013331|0.4206814297873697|0.20014799302658942|f|flag_stage_carryforward|range_0.71 vol_0.96
OUST|2026-06-17|INVALIDATED||10|2026-06-02|49.39|48.8299|35.3|2.0115853658536587||||||||||f|flag_stage_carryforward|close_40.72_below_sma20_41.29
OUST|2026-06-18|TIGHTENING||11|2026-06-02|49.39|48.8299|35.3|2.0115853658536587||||||0.6357339457227479|0.8631570206170706|0.7507216283129293|0.6548848246985128|f|rs_top200+rs_1m_80+flag_stage_carryforward|range_0.64 vol_0.86
OUST|2026-06-19|TIGHTENING||11|2026-06-02|49.39|48.8299|35.3|2.0115853658536587||||||0.6357339457227479|0.8631570206170706|0.7507216283129293|0.6548848246985128|f|flag_stage_carryforward|range_0.64 vol_0.86
OUST|2026-06-22|TIGHTENING||12|2026-06-02|49.39|48.8299|35.3|2.0115853658536587||||||0.7063118815809937|1.08117057784177|0.11363622596890659|0.7174346803708557|f|rs_top200+flag_stage_carryforward|range_0.71 vol_1.08
OUST|2026-06-23|unqualified||0|2026-06-22|51.5|||||||||||||f|flag_stage_carryforward|base_age_0_below_3
OUST|2026-06-24|unqualified||1|2026-06-22|51.5|||||||||||||f|flag_stage_carryforward|base_age_1_below_3
OUST|2026-06-25|unqualified||2|2026-06-22|51.5|||||||||||||f|flag_stage_carryforward|base_age_2_below_3
OUST|2026-06-26|INVALIDATED||3|2026-06-22|51.5|50.5|39|1.1822033898305082||||||||||f|flag_stage_carryforward|close_42.02_below_sma20_42.88
OUST|2026-06-29|WATCH||4|2026-06-22|51.5|50.5|39|1.1822033898305082||||||1|1|1.659145516821505|0.3285758768607298|f|rs_top200+rs_1m_80+momentum_25pct+ninem_universe_watch|runup_118% base_4d close_vs_pivot_+5.0%
OUST|2026-06-30|unqualified||0|2026-06-29|54.49|||||||||||||f|rs_top200+rs_1m_80+momentum_25pct+ninem_universe_watch|base_age_0_below_3
OUST|2026-07-01|unqualified||0|2026-06-30|63.79|||||||||||||f|rs_top200+rs_1m_80+momentum_25pct+ninem_universe_watch|base_age_0_below_3
OUST|2026-07-02|unqualified||1|2026-06-30|63.79|||||||||||||f|rs_top200+rs_1m_80+ninem_universe_watch|base_age_1_below_3
OUST|2026-07-03|unqualified||1|2026-06-30|63.79|||||||||||||f|ninem_universe_watch|base_age_1_below_3
OUST|2026-07-06|unqualified||2|2026-06-30|63.79|||||||||||||f|rs_top200+ninem_universe_watch|base_age_2_below_3
OUST|2026-07-07|INVALIDATED||3|2026-06-30|63.79|63.6|48.9301|1.7029661016949151||||||||||f|ninem_universe_watch|close_44.06_below_base_low_close_49.83
OUST|2026-07-08|INVALIDATED||4|2026-06-30|63.79|63.6|42.55|1.7029661016949151||||||||||f|ninem_universe_watch|close_43.41_below_base_low_close_44.06
OUST|2026-07-09|unqualified||5|2026-06-30|63.79|63.6|40.6|1.7029661016949151||||||||||f|ninem_universe_watch|flag_low_40.60_below_75%_of_pole_63.79
OUST|2026-07-10|INVALIDATED||6|2026-06-30|63.79|63.6|40.6|1.7029661016949151||||||||||f|ninem_universe_watch|close_43.28_below_base_low_close_43.41
OUST|2026-07-13|INVALIDATED||7|2026-06-30|63.79|63.6|40.6|1.7029661016949151||||||||||f|ninem_universe_watch|close_40.03_below_base_low_close_43.28
OUST|2026-08-04|unqualified||23|2026-06-30|63.79|63.6|30.822|1.7029661016949151||||||||||f|rs_1m_80+momentum_25pct|ma_stack_not_stage2_37.6/38.9/42.4
OUST|2026-08-05|unqualified||24|2026-06-30|63.79|63.6|30.822|1.7029661016949151||||||||||f|rs_1m_80+momentum_25pct|ma_stack_not_stage2_38.2/39.0/42.6
OUST|2026-08-06|unqualified||24|2026-07-01|63.6|59|30.822|1.694915254237288||||||||||f|rs_1m_80+momentum_25pct|ma_stack_not_stage2_39.0/38.9/42.7
OUST|2026-08-07|unqualified||24|2026-07-02|59|55.33|30.822|1.5||||||||||f|rs_1m_80+momentum_25pct|ma_stack_not_stage2_39.9/38.9/42.6
OUST|2026-08-10|INVALIDATED||24|2026-07-06|55.33|49.5|30.822|1.3444915254237286||||||||||f|rs_1m_80+momentum_25pct|close_42.13_below_sma50_42.63
OUST|2026-08-11|unqualified||1|2026-08-07|49.5|||||||||||||f|momentum_25pct|base_age_1_below_3
OUST|2026-08-12|unqualified||2|2026-08-07|49.5|||||||||||||f|rs_top200+rs_1m_80+momentum_25pct|base_age_2_below_3
OUST|2026-08-13|unqualified||3|2026-08-07|49.5|47.1499|40.49|0.6059957173447539||||||||||f|rs_1m_80|runup_61%_below_90%
OUST|2026-08-14|unqualified||4|2026-08-07|49.5|48.25|40.49|0.6059957173447539||||||||||f|rs_top200+rs_1m_80|runup_61%_below_90%
OUST|2026-08-17|unqualified||5|2026-08-07|49.5|50.14|40.49|0.6059957173447539||||||||||f|rs_top200+rs_1m_80|runup_61%_below_90%
OUST|2026-08-18|unqualified||0|2026-08-17|51.8494|||||||||||||f|rs_1m_80|base_age_0_below_3
OUST|2026-08-19|unqualified||1|2026-08-17|51.8494|||||||||||||f|rs_1m_80|base_age_1_below_3
OUST|2026-09-21|unqualified||23|2026-08-17|51.8494|47.1601|32.24|0.6822204918564663|0.37819916913214036|0.6218008308678596|0.632408475315047|||||||f|rs_1m_80|runup_68%_below_90%
OUST|2026-09-22|unqualified||24|2026-08-17|51.8494|47.1601|32.24|0.6822204918564663|0.37819916913214036|0.6218008308678596|0.632408475315047|||||||f|rs_1m_80|runup_68%_below_90%
OUST|2026-09-23|unqualified||24|2026-08-18|47.1601|43.6194|32.24|0.5300791642333398|0.31637125451387926|0.6836287454861207|0.6952911465412499|||||||f|rs_1m_80|runup_53%_below_90%
OUST|2026-09-24|unqualified||24|2026-08-19|43.6194|40.7|32.24|0.41520342612419703|0.26087933350756765|0.7391206664924324|0.7517297349344557|||||||f|rs_top200+rs_1m_80+momentum_25pct|runup_42%_below_90%
OUST|2026-09-25|unqualified||0|2026-09-24|41.7199|||||||||||||f|rs_top200+rs_1m_80+momentum_25pct|base_age_0_below_3
OUST|2026-09-28|unqualified||0|2026-09-25|43.9695|||||||||||||f|rs_top200+rs_1m_80|base_age_0_below_3
OUST|2026-09-29|unqualified||1|2026-09-25|43.9695|||||||||||||f|rs_1m_80|base_age_1_below_3
OUST|2026-09-30|unqualified||2|2026-09-25|43.9695|||||||||||||f|rs_1m_80|base_age_2_below_3
OUST|2026-10-01|unqualified||3|2026-09-25|43.9695|43.9|39.815|0.3638182382133992|0.09448595048840669|0.9055140495115933|0.9097215115022914|||||||f|rs_1m_80|runup_36%_below_90%
OUST|2026-10-02|unqualified||4|2026-09-25|43.9695|43.9|39.3601|0.3638182382133992|0.10483175837796643|0.8951682416220336|0.9097215115022914|||||||f|rs_1m_80|runup_36%_below_90%
OUST|2026-10-05|unqualified||5|2026-09-25|43.9695|44.44|39.3601|0.3638182382133992|0.10483175837796643|0.8951682416220336|0.9097215115022914|||||||f|rs_1m_80|runup_36%_below_90%
OUST|2026-10-06|unqualified||1|2026-10-02|44.44|||||||||||||f|rs_1m_80|base_age_1_below_3
OUST|2026-10-07|unqualified||0|2026-10-06|46.09|||||||||||||f|rs_1m_80|base_age_0_below_3
OUST|2026-10-08|unqualified||1|2026-10-06|46.09|||||||||||||f|rs_1m_80|base_age_1_below_3
OUST|2026-10-09|unqualified||2|2026-10-06|46.09|||||||||||||f|rs_1m_80|base_age_2_below_3
REPL|2026-05-13|unqualified||24|2026-04-08|8.19|6.65|1.5|0.421875||||||||||f||runup_42%_below_50%
REPL|2026-05-15|unqualified||24|2026-04-10|6.65|5.54|1.5|0.3970588235294119||||||||||f||runup_40%_below_50%
REPL|2026-05-18|unqualified||2|2026-05-13|5.43|||||||||||||f|rs_1m_80+momentum_25pct|base_age_2_below_3
REPL|2026-05-20|WATCH||4|2026-05-13|5.43|5.54|4.5|2.6199999999999997||||||1|1|0.4193058159269662|0.45036550599562963|f|rs_1m_80+momentum_25pct|runup_262% base_4d close_vs_pivot_-5.0%
REPL|2026-05-21|WATCH||5|2026-05-13|5.43|5.54|4.5|2.6199999999999997||||||1|1|0.225687540973035|0.40623757375146513|f|rs_1m_80+momentum_25pct|runup_262% base_5d close_vs_pivot_-3.9%
REPL|2026-05-29|unqualified||9|2026-05-14|5.54|5.55|4.47|2.6933333333333334||||||||||f|rs_1m_80+momentum_25pct+ninem_universe_watch|close_8.69_off_pivot_close_4.93_>33%(scaled_for_runup_2.7x)
REPL|2026-06-01|unqualified||0|2026-05-29|9.0664|||||||||||||f|rs_1m_80+momentum_25pct+ninem_universe_watch|base_age_0_below_3
REPL|2026-06-02|unqualified||0|2026-06-01|10|||||||||||||f|rs_1m_80+momentum_25pct+ninem_universe_watch|base_age_0_below_3
REPL|2026-06-03|unqualified||1|2026-06-01|10|||||||||||||f|rs_top200+rs_1m_80+momentum_25pct+ninem_universe_watch|base_age_1_below_3
REPL|2026-06-04|unqualified||0|2026-06-03|10.415|||||||||||||f|rs_1m_80+momentum_25pct+ninem_universe_watch|base_age_0_below_3
REPL|2026-06-05|unqualified||0|2026-06-04|10.86|||||||||||||f|rs_1m_80+momentum_25pct+ninem_universe_watch|base_age_0_below_3
REPL|2026-06-08|unqualified||1|2026-06-04|10.86|||||||||||||f|rs_1m_80+momentum_25pct+ninem_universe_watch|base_age_1_below_3
REPL|2026-06-09|unqualified||2|2026-06-04|10.86|||||||||||||f|rs_1m_80+momentum_25pct+ninem_universe_watch|base_age_2_below_3
REPL|2026-06-10|INVALIDATED||3|2026-06-04|10.86|10.4589|8.42|6.239999999999999||||||||||f|rs_top200+rs_1m_80+momentum_25pct+ninem_universe_watch|close_8.47_below_base_low_close_8.97
REPL|2026-06-11|WATCH||4|2026-06-04|10.86|10.4589|8.305|6.239999999999999||||||1|1|0.15637011097021733|0.5151015420195385|f|rs_top200+rs_1m_80+ninem_universe_watch|runup_624% base_4d close_vs_pivot_-20.6%
REPL|2026-06-12|WATCH||5|2026-06-04|10.86|10.4589|8.25|6.239999999999999||||||1|1|0.23407908529096041|0.1530517096133193|f|rs_top200+rs_1m_80+ninem_universe_watch|runup_624% base_5d close_vs_pivot_-18.2%
REPL|2026-06-15|WATCH||6|2026-06-04|10.86|10.4589|8.25|6.239999999999999||||||0.8912641101175734|0.8331716993538133|0.1360870438653908|0.23588420936667825|f|rs_top200+rs_1m_80|runup_624% base_6d close_vs_pivot_-17.5%
REPL|2026-06-16|TIGHTENING||7|2026-06-04|10.86|10.4589|8.25|6.239999999999999||||||0.8912641101175734|0.7590439624739936|0.11381151512392447|0.1365738181487097|t|rs_top200+rs_1m_80|range_0.89 vol_0.76 fresh
REPL|2026-06-17|TIGHTENING||8|2026-06-04|10.86|10.4589|8.25|6.239999999999999||||||0.8300941390829015|0.691606684935021|0.42557503293140114|0.10430760611063758|f|rs_top200+rs_1m_80+flag_stage_carryforward|range_0.83 vol_0.69
REPL|2026-06-18|TIGHTENING|WATCH|9|2026-06-04|10.86|10.4589|8.25|6.239999999999999||||||0.8300941390829015|0.7516389609325814|0.2220348292962193|0.5523793314198622|f|rs_top200+rs_1m_80+flag_stage_carryforward|runup_624% base_9d close_vs_pivot_-6.2%
REPL|2026-06-19|TIGHTENING|WATCH|9|2026-06-04|10.86|10.4589|8.25|6.239999999999999||||||0.8300941390829015|0.7516389609325814|0.2220348292962193|0.5523793314198622|f|flag_stage_carryforward|runup_624% base_9d close_vs_pivot_-6.2%
REPL|2026-06-22|TIGHTENING||10|2026-06-04|10.86|10.4589|8.25|6.239999999999999||||||0.5450816508804621|0.7858009739947405|1.0454343919912248|0.22324380245645978|f|rs_top200+rs_1m_80+momentum_25pct+flag_stage_carryforward|range_0.55 vol_0.79
REPL|2026-06-23|unqualified||0|2026-06-22|11.43|||||||||||||f|rs_top200+rs_1m_80+momentum_25pct+flag_stage_carryforward|base_age_0_below_3
REPL|2026-06-24|unqualified||0|2026-06-23|12.23|||||||||||||f|rs_top200+rs_1m_80+momentum_25pct+flag_stage_carryforward|base_age_0_below_3
REPL|2026-06-25|unqualified||1|2026-06-23|12.23|||||||||||||f|rs_top200+rs_1m_80+momentum_25pct+flag_stage_carryforward|base_age_1_below_3
REPL|2026-06-26|unqualified||2|2026-06-23|12.23|||||||||||||f|rs_top200+rs_1m_80+momentum_25pct+flag_stage_carryforward|base_age_2_below_3
REPL|2026-06-29|WATCH||3|2026-06-23|12.23|11.86|9.88|4.237687366167024||||||1|1|0.2193171404178003|1.5439926685413072|f|rs_top200+rs_1m_80+momentum_25pct|runup_424% base_3d close_vs_pivot_-8.4%
REPL|2026-06-30|INVALIDATED||4|2026-06-23|12.23|11.86|9.88|4.237687366167024||||||||||f|rs_top200+rs_1m_80+momentum_25pct|close_11.07_below_base_low_close_11.13
REPL|2026-07-01|unqualified||0|2026-06-30|12.5|||||||||||||f|rs_top200+rs_1m_80|base_age_0_below_3
REPL|2026-07-02|unqualified||1|2026-06-30|12.5|||||||||||||f|rs_top200+rs_1m_80|base_age_1_below_3
REPL|2026-07-06|unqualified||2|2026-06-30|12.5|||||||||||||f|rs_top200+rs_1m_80|base_age_2_below_3
REPL|2026-07-07|WATCH||3|2026-06-30|12.5|11.95|11.04|3.9603174603174605||||||1|1|0.10617401921749711|0.06370441153049713|f|rs_top200+rs_1m_80|runup_396% base_3d close_vs_pivot_-7.9%
REPL|2026-07-08|INVALIDATED||4|2026-06-30|12.5|11.95|11.04|3.9603174603174605||||||||||f|rs_top200+rs_1m_80|close_11.12_below_base_low_close_11.22
REPL|2026-07-09|INVALIDATED||5|2026-06-30|12.5|11.95|10.84|3.9603174603174605||||||||||f|rs_top200|close_11.11_below_base_low_close_11.12
REPL|2026-07-31|unqualified||20|2026-06-30|12.5|11.95|4.7648|3.9603174603174605||||||||||f|momentum_25pct+ninem_universe_watch|ma_stack_not_stage2_9.3/10.0/9.2
REPL|2026-08-04|unqualified||22|2026-06-30|12.5|12.6|4.7648|3.9603174603174605||||||||||f|rs_top200+rs_1m_80+momentum_25pct+ninem_universe_watch|ma_stack_not_stage2_9.6/10.0/9.5
REPL|2026-08-05|unqualified||0|2026-08-04|13.86|||||||||||||f|rs_top200+rs_1m_80+momentum_25pct+ninem_universe_watch|base_age_0_below_3
REPL|2026-08-06|unqualified||1|2026-08-04|13.86|||||||||||||f|rs_top200+rs_1m_80+momentum_25pct+ninem_universe_watch|base_age_1_below_3
REPL|2026-08-07|unqualified||2|2026-08-04|13.86|||||||||||||f|rs_top200+rs_1m_80+momentum_25pct+ninem_universe_watch|base_age_2_below_3
REPL|2026-08-10|WATCH||3|2026-08-04|13.86|13.9|11.42|1.9088314304902618||||||1|1|0.5036657224389713|0.4596560962064399|f|rs_top200+rs_1m_80+momentum_25pct+ninem_universe_watch|runup_191% base_3d close_vs_pivot_-1.4%
REPL|2026-08-11|WATCH||4|2026-08-04|13.86|14.12|11.42|1.9088314304902618||||||1|1|0.05109453531779432|0.5012130607364562|f|rs_top200+rs_1m_80+momentum_25pct+ninem_universe_watch|runup_191% base_4d close_vs_pivot_-1.5%
REPL|2026-08-12|WATCH||5|2026-08-04|13.86|14.14|11.42|1.9088314304902618||||||1|1|0.7490042998394996|0.04854657498959736|f|rs_top200+rs_1m_80+momentum_25pct+ninem_universe_watch|runup_191% base_5d close_vs_pivot_+10.0%
REPL|2026-08-13|unqualified||0|2026-08-12|15.68|||||||||||||f|rs_top200+rs_1m_80+momentum_25pct+ninem_universe_watch|base_age_0_below_3
REPL|2026-08-14|unqualified||1|2026-08-12|15.68|||||||||||||f|rs_top200+rs_1m_80+momentum_25pct+ninem_universe_watch|base_age_1_below_3
REPL|2026-08-17|unqualified||2|2026-08-12|15.68|||||||||||||f|rs_top200+rs_1m_80+ninem_universe_watch|base_age_2_below_3
REPL|2026-08-18|WATCH||3|2026-08-12|15.68|15.705|14.05|2.290799194089993||||||1|1|0.5196930326285409|0.010605980257725096|f|rs_top200+rs_1m_80+momentum_25pct+ninem_universe_watch|runup_229% base_3d close_vs_pivot_-0.6%
REPL|2026-08-19|TIGHTENING||4|2026-08-12|15.68|15.705|14.05|2.290799194089993||||||1|1|0.19015280135823398|0.5176381814751936|t|rs_top200+rs_1m_80+ninem_universe_watch|range_1.00 vol_1.00 fresh
REPL|2026-08-20|INVALIDATED||5|2026-08-12|15.68|15.705|14.05|2.290799194089993||||||||||f|rs_top200+rs_1m_80+ninem_universe_watch+flag_stage_carryforward|close_14.05_below_base_low_close_14.63
REPL|2026-08-21|WATCH||6|2026-08-12|15.68|15.705|13.92|2.290799194089993||||||1.023427700119429|1.0701834902782736|0.6556169429097596|0.3683241252302025|f|rs_top200+rs_1m_80+ninem_universe_watch+flag_stage_carryforward|runup_229% base_6d close_vs_pivot_-5.8%
REPL|2026-08-24|WATCH||7|2026-08-12|15.68|15.705|13.81|2.290799194089993||||||1.0309256579719217|1.1089998756396153|0.06372688477951641|0.7089615931721184|f|rs_top200+rs_1m_80+ninem_universe_watch+flag_stage_carryforward|runup_229% base_7d close_vs_pivot_-6.2%
REPL|2026-08-25|WATCH||8|2026-08-12|15.68|15.705|13.81|2.290799194089993||||||1.0309256579719217|0.9988107037463432|0.9087378640776698|0.06213592233009714|f|rs_top200+rs_1m_80|runup_229% base_8d close_vs_pivot_+0.8%
REPL|2026-08-26|WATCH||9|2026-08-12|15.68|15.89|13.81|2.290799194089993||||||1.0309256579719217|1.05813741235395|0.23543543543543635|0.9837837837837835|f|rs_top200+rs_1m_80|runup_229% base_9d close_vs_pivot_+1.3%
REPL|2026-08-27|WATCH||10|2026-08-12|15.68|15.99|13.81|2.290799194089993||||||1.0309256579719217|0.9890215933394071|0.14674091057975774|0.2567965935145769|f|rs_top200+rs_1m_80|runup_229% base_10d close_vs_pivot_-0.5%
REPL|2026-08-28|WATCH||11|2026-08-12|15.68|16.15|13.81|2.290799194089993||||||1.0289255272260023|0.8156881025540847|0.10032906764168266|0.163802559414991|f|rs_top200+rs_1m_80|runup_229% base_11d close_vs_pivot_-1.1%
REPL|2026-08-31|WATCH||12|2026-08-12|15.68|16.15|13.81|2.290799194089993||||||0.9684896337919009|0.7767855189003766|0.06289779108947827|0.10273305877948413|f|rs_top200+rs_1m_80|runup_229% base_12d close_vs_pivot_-2.4%
REPL|2026-09-01|TIGHTENING||13|2026-08-12|15.68|16.15|13.81|2.290799194089993||||||0.6594986712633761|0.7511672796619532|0.5002077274615702|0.06979642708765951|f|rs_top200+rs_1m_80|range_0.66 vol_0.75
REPL|2026-09-02|COILED||14|2026-08-12|15.68|16.15|13.81|2.290799194089993||||||0.6594986712633761|0.6607665536748494|0.38056013179571685|0.49588138385502456|f|rs_top200+flag_stage_carryforward|range_0.66 vol_0.66 bodies_0.38/0.50
REPL|2026-09-03|unqualified||0|2026-09-02|16.33|||||||||||||f|flag_stage_carryforward|base_age_0_below_3
REPL|2026-09-04|unqualified||1|2026-09-02|16.33|||||||||||||f|flag_stage_carryforward|base_age_1_below_3
REPL|2026-09-07|unqualified||1|2026-09-02|16.33|||||||||||||f|flag_stage_carryforward|base_age_1_below_3
REPL|2026-10-01|unqualified||19|2026-09-02|16.33|16.025|12.07|2.4272162525184684|0.26086956521739124|0.7391304347826088|0.7568891610532762|0.0065105141061138775|-0.030307565666392096|||||f|rs_top200|ma_stack_not_stage2_13.0/13.4/13.2
SHAZ|2026-05-13|unqualified||1|2026-05-11|59.76|||||||||||||f||base_age_1_below_3
SHAZ|2026-05-14|unqualified||2|2026-05-11|59.76|||||||||||||f||base_age_2_below_3
SHAZ|2026-05-15|WATCH||3|2026-05-11|59.76|60.6529|49.3189|2.6108761329305135||||||1|1|0.012529373710305587|0.42420879562034414|f||runup_261% base_3d close_vs_pivot_-9.8%
SHAZ|2026-05-18|WATCH||4|2026-05-11|59.76|60.6529|49.3189|2.6108761329305135||||||1|1|0.4467738423301315|0.012264379985533086|f|rs_top200+rs_1m_80+momentum_25pct|runup_261% base_4d close_vs_pivot_-3.8%
SHAZ|2026-05-19|WATCH||5|2026-05-11|59.76|60.75|49.3189|2.6108761329305135||||||1|1|0.5829122494137853|0.42108391954820124|f|rs_top200+rs_1m_80|runup_261% base_5d close_vs_pivot_-12.2%
SHAZ|2026-05-20|INVALIDATED||6|2026-05-11|59.76|60.75|47.51|2.6108761329305135||||||||||f|rs_1m_80|close_50.24_below_base_low_close_52.10
SHAZ|2026-05-21|WATCH||7|2026-05-11|59.76|60.75|47.51|2.6108761329305135||||||1.1193752199575504|1.2083662410075533|1.003350356407191|0.4910186793201862|f|rs_top200+rs_1m_80|runup_261% base_7d close_vs_pivot_-3.4%
SHAZ|2026-05-22|WATCH||8|2026-05-11|59.76|60.75|47.51|2.6108761329305135||||||1.3299640659532856|1.1792580296320896|1.469857807233866|0.9312142629680396|f|rs_top200+rs_1m_80+momentum_25pct|runup_261% base_8d close_vs_pivot_+13.9%
SHAZ|2026-05-26|unqualified||0|2026-05-22|68.55|||||||||||||f|rs_top200+rs_1m_80+momentum_25pct|base_age_0_below_3
SHAZ|2026-05-27|unqualified||1|2026-05-22|68.55|||||||||||||f|rs_top200+rs_1m_80+momentum_25pct|base_age_1_below_3
SHAZ|2026-05-28|unqualified||2|2026-05-22|68.55|||||||||||||f|rs_top200+rs_1m_80+momentum_25pct|base_age_2_below_3
SHAZ|2026-05-29|unqualified||0|2026-05-28|74.98|||||||||||||f|rs_top200+rs_1m_80+momentum_25pct|base_age_0_below_3
SHAZ|2026-06-01|unqualified||0|2026-05-29|79.5|||||||||||||f|rs_top200+rs_1m_80+momentum_25pct|base_age_0_below_3
SHAZ|2026-06-02|unqualified||0|2026-06-01|82|||||||||||||f|rs_top200+rs_1m_80+momentum_25pct|base_age_0_below_3
SHAZ|2026-06-03|unqualified||0|2026-06-02|86|||||||||||||f|rs_top200+rs_1m_80+momentum_25pct|base_age_0_below_3
SHAZ|2026-06-04|unqualified||1|2026-06-02|86|||||||||||||f|rs_top200+rs_1m_80+momentum_25pct|base_age_1_below_3
SHAZ|2026-06-05|unqualified||2|2026-06-02|86|||||||||||||f|rs_top200+rs_1m_80|base_age_2_below_3
SHAZ|2026-06-09|INVALIDATED||4|2026-06-02|86|86.94|58.655|3.5002380939921824||||||||||f|rs_top200+rs_1m_80|close_63.42_below_sma20_64.72
SHAZ|2026-06-10|INVALIDATED||5|2026-06-02|86|86.94|56.6275|3.4605809128630707||||||||||f|rs_top200+rs_1m_80|close_62.89_below_sma20_65.26
SHAZ|2026-06-11|WATCH||6|2026-06-02|86|86.94|56.6275|3.3434343434343434||||||1|0.9904628557083635|0.8903010521325293|0.20209940251514974|f|rs_top200+rs_1m_80|runup_334% base_6d close_vs_pivot_-16.8%
SHAZ|2026-06-16|WATCH||9|2026-06-02|86|86.94|56.6275|3.06235238545111||||||1|1.6775917409304355|0.6465998541140199|0.4307439147915237|f|rs_top200+rs_1m_80+momentum_25pct|runup_306% base_9d close_vs_pivot_-10.8%
SHAZ|2026-06-17|WATCH||10|2026-06-02|86|86.94|56.6275|3.06235238545111||||||0.8922586697173476|1.5128421770257197|0.37057975797939247|0.6112278477289743|f|rs_top200+rs_1m_80+momentum_25pct|runup_306% base_10d close_vs_pivot_-1.1%
SHAZ|2026-06-18|unqualified||0|2026-06-17|97.48|||||||||||||f|rs_top200+rs_1m_80+momentum_25pct|base_age_0_below_3
SHAZ|2026-06-22|unqualified||1|2026-06-17|97.48|||||||||||||f|rs_top200+rs_1m_80+momentum_25pct|base_age_1_below_3
SHAZ|2026-06-23|unqualified||2|2026-06-17|97.48|||||||||||||f|momentum_25pct|base_age_2_below_3
SHAZ|2026-06-24|INVALIDATED||3|2026-06-17|97.48|96.96|81.54|3.6046291922531886||||||||||f|momentum_25pct|close_83.69_below_base_low_close_84.36
SHAZ|2026-06-25|INVALIDATED||4|2026-06-17|97.48|96.96|79.1|3.6046291922531886||||||||||f|rs_top200+momentum_25pct|close_80.77_below_base_low_close_83.69
SHAZ|2026-06-26|WATCH||5|2026-06-17|97.48|96.96|76.38|1.5693199789140753||||||1|1|0.4815516664808821|0.4842269535168884|f|rs_top200+rs_1m_80+momentum_25pct|runup_157% base_5d close_vs_pivot_-15.8%
SHAZ|2026-06-29|WATCH||6|2026-06-17|97.48|96.96|74.2|1.5693199789140753||||||0.9552054350238127|0.9124925908046158|0.4538372915509112|0.4901442748749833|f|rs_top200+rs_1m_80|runup_157% base_6d close_vs_pivot_-16.9%
SHAZ|2026-06-30|WATCH||7|2026-06-17|97.48|96.96|74.2|1.5693199789140753||||||0.9609204091710755|0.9065494037732781|0.12229640842306767|0.4563298821756245|f|rs_top200+rs_1m_80|runup_157% base_7d close_vs_pivot_-13.2%
SHAZ|2026-07-01|INVALIDATED||8|2026-06-17|97.48|96.96|74.2|1.5693199789140753||||||||||f|rs_top200+rs_1m_80|close_79.11_below_base_low_close_80.77
SHAZ|2026-07-06|unqualified||10|2026-06-17|97.48|96.96|64.53|1.5693199789140753||||||||||f|rs_top200+rs_1m_80|flag_low_64.53_below_75%_of_pole_97.48
SHAZ|2026-07-23|INVALIDATED||23|2026-06-17|97.48|96.96|58.23|1.5693199789140753||||||||||f|rs_top200|close_70.17_below_sma20_73.57
SHAZ|2026-08-04|INVALIDATED||23|2026-06-30|90.53|84.585|39.13|1.2311768330252617||||||||||f|momentum_25pct|close_55.52_below_sma20_62.89
SHAZ|2026-08-05|INVALIDATED||24|2026-06-30|90.53|84.585|39.13|1.2311768330252617||||||||||f|momentum_25pct|close_57.02_below_sma20_61.94
SHAZ|2026-08-06|unqualified||22|2026-07-06|84|84.585|39.13|0.768048831824879||||||||||f|momentum_25pct|runup_77%_below_90%
SHAZ|2026-08-10|unqualified||24|2026-07-06|84|84.585|39.13|0.768048831824879||||||||||f|momentum_25pct|runup_77%_below_90%
SHAZ|2026-08-11|unqualified||22|2026-07-09|84.585|80.275|39.13|0.7803620290465165||||||||||f|momentum_25pct|runup_78%_below_90%
SHAZ|2026-08-12|unqualified||23|2026-07-09|84.585|80.275|39.13|0.7803620290465165||||||||||f|momentum_25pct|runup_78%_below_90%
SHAZ|2026-08-13|unqualified||24|2026-07-09|84.585|80.275|39.13|0.7803620290465165||||||||||f|momentum_25pct|runup_78%_below_90%
SHAZ|2026-08-14|unqualified||24|2026-07-10|80.275|75.84|39.13|0.6896442854135973||||||||||f|rs_top200+rs_1m_80+momentum_25pct|runup_69%_below_90%
SHAZ|2026-08-17|unqualified||0|2026-08-14|76.9|||||||||||||f|rs_top200+rs_1m_80+momentum_25pct|base_age_0_below_3
SHAZ|2026-08-18|unqualified||0|2026-08-17|80|||||||||||||f|rs_1m_80+momentum_25pct|base_age_0_below_3
SHAZ|2026-08-19|unqualified||1|2026-08-17|80|||||||||||||f|rs_1m_80+momentum_25pct|base_age_1_below_3
SHAZ|2026-08-20|unqualified||2|2026-08-17|80|||||||||||||f|rs_1m_80|base_age_2_below_3
SHAZ|2026-08-21|INVALIDATED||3|2026-08-17|80|75.7|57.58|1.0444671607462306||||||||||f|rs_1m_80|close_59.07_below_base_low_close_60.85
SHAZ|2026-08-24|INVALIDATED||4|2026-08-17|80|75.7|57.14|1.0444671607462306||||||||||f|rs_1m_80|close_58.38_below_base_low_close_59.07
SHAZ|2026-08-25|INVALIDATED||5|2026-08-17|80|75.7|55.84|1.0444671607462306||||||||||f|rs_1m_80|close_60.97_below_sma50_68.11
SHAZ|2026-08-27|INVALIDATED||7|2026-08-17|80|75.7|55.84|1.0444671607462306||||||||||f|rs_1m_80|close_59.21_below_sma20_60.53
SHAZ|2026-09-18|INVALIDATED||22|2026-08-17|80|75.7|48.81|1.0444671607462306|0.38987499999999997|||||||||f|rs_1m_80|close_57.56_below_sma50_59.60
SHAZ|2026-09-21|unqualified||23|2026-08-17|80|75.7|48.81|1.0444671607462306|0.38987499999999997|0.610125|0.6248750000000001|0.06836140314910799|-0.05410840059962124|||||f|rs_1m_80|ma_stack_not_stage2_55.9/56.1/59.3
SHAZ|2026-09-22|unqualified||24|2026-08-17|80|75.7|48.81|1.0444671607462306|0.38987499999999997|0.610125|0.6248750000000001|0.12200295544205171|-0.04841553905116473|||||f|rs_1m_80+momentum_25pct|ma_stack_not_stage2_56.4/56.3/59.2
SHAZ|2026-09-23|INVALIDATED||24|2026-08-18|75.7|69.995|48.81|0.9345770508561206|0.35521796565389696|0.644782034346103|0.6603698811096433|0.02768592650612599|-0.04679506214737202|||||f|rs_1m_80|close_57.73_below_sma50_58.93
SHAZ|2026-09-24|unqualified||24|2026-08-19|69.995|66.9|48.81|0.788780986455405|0.3026644760340025|0.6973355239659975|0.714193870990785|||||||f|rs_1m_80|runup_79%_below_90%
(643 rows)
