ticker|score_date|rs_rank|rs_1m|rs_composite|close|adv_20
CDNA|2026-08-03|1|99.9|100|47.85|856887
CDNA|2026-08-04|1|99.7|100|47.09|898133
CDNA|2026-08-05|1|99.8|100|45.5|939379
CDNA|2026-08-06|70|83.1|97.1|44.81|939379
CDNA|2026-08-07|41|87.9|98.3|46.69|964979
CDNA|2026-08-10|33|91.6|98.7|47.07|1034167
CDNA|2026-08-11|37|91.6|98.5|47.23|999573
CDNA|2026-08-12|30|92.8|98.8|47.31|964979
CDNA|2026-08-13|45|91.5|98.2|47.38|964979
CDNA|2026-08-14|57|88.3|97.7|45.32|964979
CDNA|2026-08-17|22|93.7|99.1|46.38|939379
CDNA|2026-08-18|17|95.4|99.3|46.18|925993
CDNA|2026-08-19|25|93.6|99|46.51|939379
CDNA|2026-08-20|34|92.8|98.6|46.99|912607
CDNA|2026-08-21|110|79.2|95.5|48.61|912607
CDNA|2026-08-24|427|42.7|82.7|47.5|912607
CDNA|2026-08-25|96|80.3|96.1|50.8|925993
CDNA|2026-08-26|54|87.6|97.8|50.96|939379
GH|2026-06-08|339|96.9|91.4|124.89|2161965
GH|2026-06-09|260|97.3|93.4|130.12|2212806
GH|2026-06-10|242|91.2|93.9|130.7|2161965
GH|2026-06-11|305|84.6|92.3|130.9|2161965
GH|2026-06-12|259|84.7|93.5|131.62|2100017.5
GH|2026-06-15|362|80.9|90.9|129.82|2161965
GH|2026-06-16|255|74.4|89.6|127.34|2212806
GH|2026-06-17|406|58.3|83.3|129.11|2161965
GH|2026-06-18|591|41.5|75.9|131.78|2235517.5
GH|2026-06-22|578|44.3|76.8|128.83|2111124
GH|2026-06-23|503|47.9|79.8|130.83|2100017.5
GH|2026-06-24|263|69.3|89.4|136.96|2111124
GH|2026-06-25|254|70.2|89.7|142.94|2161965
GH|2026-06-26|132|87.4|94.7|149.22|2235517.5
GH|2026-06-29|98|89.9|96.1|153.74|2161965
GH|2026-06-30|165|83.8|93.5|150.03|2212806
GH|2026-07-01|46|94.6|98.2|170.77|2235517.5
GH|2026-07-02|39|95.6|98.5|167.98|2235517.5
HNGE|2026-06-08|139|90|96.5|62.86|1307681.5
HNGE|2026-06-09|153|86.5|96.1|62.78|1309394
HNGE|2026-06-10|104|90.9|97.4|62.06|1434790.5
HNGE|2026-06-11|96|92.3|97.6|64.75|1435547.5
HNGE|2026-06-12|73|93.6|98.2|65.34|1435547.5
HNGE|2026-06-15|64|95.7|98.4|68.35|1490243
HNGE|2026-06-16|28|98.4|98.9|67.81|1671092
HNGE|2026-06-17|41|97.9|98.4|67.04|1584214
HNGE|2026-06-18|51|97.7|98|69.42|1705351.5
HNGE|2026-06-22|92|89|96.3|68.85|1877769
HNGE|2026-06-23|41|95.3|98.4|70.38|1861271.5
HNGE|2026-06-24|45|93.3|98.2|70.56|1877769
HNGE|2026-06-25|51|92.6|98|75.14|1891592.5
HNGE|2026-06-26|58|92|97.7|78.97|2001708.5
HNGE|2026-06-29|40|94.1|98.4|81.48|2202668
HNGE|2026-06-30|44|95.3|98.3|83|2098001
HNGE|2026-07-01|27|97|99|85.07|2038779
HNGE|2026-07-02|25|96.1|99|84.05|1942486.5
HNGE|2026-07-06|23|96.9|99.1|88.52|1905416
HNGE|2026-07-07|20|97.2|99.2|89.3|1941634
HNGE|2026-07-08|20|97.9|99.2|88.5|1905416
HNGE|2026-07-09|26|97.2|99|89.92|1905416
HNGE|2026-07-10|20|97.3|99.2|88.8|1905416
HNGE|2026-08-10|271|56.3|88.9|91.57|1669808
HNGE|2026-08-11|255|61.4|89.6|89.01|1712451
HNGE|2026-08-12|224|70.6|90.8|86.32|1669808
HNGE|2026-08-13|186|78.2|92.4|87.42|1516517
HNGE|2026-08-14|121|85.1|95.1|88.49|1516517
HNGE|2026-08-17|114|85.3|95.4|87.87|1432104
HNGE|2026-08-18|100|86.8|95.9|88.24|1406629
HNGE|2026-08-19|105|86|95.7|88.46|1432104
HNGE|2026-08-20|139|85.6|94.3|85.62|1432104
HNGE|2026-08-21|116|88.5|95.3|88.42|1419642
HNGE|2026-08-24|98|89.5|96.1|89.98|1419642
HNGE|2026-08-25|125|88.7|95|89.87|1425873
HNGE|2026-08-26|110|87.7|95.5|90.5|1432104
HPE|2026-05-26|128|95.1|96.8|38.06|13255150
HPE|2026-05-27|151|94.7|96.2|37.2|13725231.5
HPE|2026-05-28|138|95.6|96.6|38.21|14475777
HPE|2026-05-29|59|97.6|98.6|43.04|15568794
HPE|2026-06-01|45|98.3|98.9|47|16510365
HPE|2026-06-02|21|99.3|99.5|56.15|16639383
HPE|2026-06-03|20|99.2|99.5|55.15|16716571
HPE|2026-06-04|33|98.9|99.2|53.69|17144828
HPE|2026-06-05|26|98.9|99.4|49.2|17511205.5
HPE|2026-06-08|33|98.9|99.2|49.87|24097262
HPE|2026-06-09|29|98.9|99.3|48.27|26570182
HPE|2026-06-10|35|98.5|99.1|45.49|26908322.5
HPE|2026-06-11|45|98.7|98.9|46.8|26908322.5
HPE|2026-06-12|43|97.8|98.9|48.17|26908322.5
MRNA|2026-08-17|264|83.9|89.3|64.46|5036752
MRNA|2026-08-18|370|81.4|84.8|62.96|4990228
MRNA|2026-08-19|2|100|100|174.38|5036752
MRNA|2026-08-20|3|100|99.9|133.32|5145481
MRNA|2026-08-21|1|100|100|145.13|5171594
MRNA|2026-08-24|1|100|100|138.89|5577574
MRNA|2026-08-25|1|100|100|158.83|5809996
MRNA|2026-08-26|1|100|100|149.66|6042418
MRNA|2026-08-27|1|100|100|142.77|6226544
MRNA|2026-08-28|1|99.9|100|137.99|6548640
MRNA|2026-08-31|3|99.9|99.9|140.34|6799144
MRNA|2026-09-01|1|99.9|100|154.27|7477553
MRNA|2026-09-02|1|100|100|150.81|8155962
MRNA|2026-09-03|1|100|100|148.87|13232557
MRNA|2026-09-04|4|99.9|99.9|145.55|14919042
MRNA|2026-09-08|3|99.9|99.9|140.33|16528757
MRNA|2026-09-09|830|1.3|65|135.61|15723899.5
MRNA|2026-09-10|60|83.3|97.5|136.62|15723899.5
MRNA|2026-09-11|145|65.2|93.9|143.97|15920148
MRNA|2026-09-14|39|90|98.4|146.69|17514812
MRNA|2026-09-15|569|22.3|76.1|143.77|16528757
MRNA|2026-09-16|195|63.3|91.8|145.62|15920148
MRNA|2026-09-17|11|96.3|99.6|158.07|17514812
MRNA|2026-09-18|18|95.3|99.3|154.04|18836053
MRNA|2026-09-21|9|97.9|99.7|172.94|17514812
MRNA|2026-09-22|14|95.3|99.5|182.56|18500867
MRNA|2026-09-23|8|97.1|99.7|182.11|18043449
MRNA|2026-09-24|5|99.1|99.8|194.82|17057394
MRNA|2026-09-25|5|99.3|99.8|198.88|16516438
(115 rows)
