era|stage|prefix|n|days|tickers
A_pre0908|INVALIDATED|close|384|36|107
A_pre0908|unqualified|adr|6941|36|920
A_pre0908|unqualified|runup|5087|36|770
A_pre0908|unqualified|base_age|3747|36|629
A_pre0908|unqualified|adv|3471|36|464
A_pre0908|unqualified|flag_low|81|33|13
A_pre0908|unqualified|ma_stack_not_stage|74|28|35
A_pre0908|unqualified|pole|71|32|18
A_pre0908|unqualified|flagpole_no_volume_confirmation_grinder|23|19|8
A_pre0908|unqualified|flagpole_data_artifact|11|11|1
A_pre0908|unqualified|mna_filter|10|10|2
B_0908_0928|INVALIDATED|close|99|15|37
B_0908_0928|unqualified|adr|3134|15|640
B_0908_0928|unqualified|runup|2058|15|439
B_0908_0928|unqualified|adv|1383|15|277
B_0908_0928|unqualified|base_age|790|15|222
B_0908_0928|unqualified|ma_stack_not_stage|51|13|21
B_0908_0928|unqualified|flag_low|40|15|9
B_0908_0928|unqualified|pole|28|12|8
B_0908_0928|unqualified|flagpole_no_volume_confirmation_grinder|11|7|2
C_0929on|INVALIDATED|close|76|9|26
C_0929on|unqualified|adr|1823|9|430
C_0929on|unqualified|runup|1116|9|305
C_0929on|unqualified|adv|788|9|186
C_0929on|unqualified|base_age|565|9|161
C_0929on|unqualified|pole|19|7|5
C_0929on|unqualified|ma_stack_not_stage|11|6|5
C_0929on|unqualified|flag_low|8|6|3
C_0929on|unqualified|flagpole_no_volume_confirmation_grinder|5|5|1
(29 rows)
