ticker|trade_date|open_price|high_price|low_price|close|volume
CDNA|2026-08-03|47.218|49.76|44.5418|47.85|2926861
CDNA|2026-08-04|47|48|46.24|47.09|1619678
CDNA|2026-08-05|47|47.08|45.39|45.5|1119083
CDNA|2026-08-06|46|46|44.58|44.81|789941
CDNA|2026-08-07|44.88|46.74|44.57|46.69|964979
CDNA|2026-08-10|46.58|48.2936|46.088|47.07|1216781
CDNA|2026-08-11|47.07|47.94|46.2606|47.23|637360
CDNA|2026-08-12|47.47|47.55|46.5401|47.31|912607
CDNA|2026-08-13|47.53|47.95|46.51|47.38|739193
CDNA|2026-08-14|47.035|47.3425|45.25|45.32|708616
CDNA|2026-08-17|45.325|47.075|45.02|46.38|732808
CDNA|2026-08-18|45.68|46.5174|44.8|46.18|840097
CDNA|2026-08-19|46.85|48.4299|46.41|46.51|1886880
CDNA|2026-08-20|45.902|47.845|45.332|46.99|869649
CDNA|2026-08-21|46.99|48.72|46.0497|48.61|1159000
CDNA|2026-08-24|48.3|48.51|46.92|47.5|769370
CDNA|2026-08-25|48.13|51.125|47.234|50.8|1781735
CDNA|2026-08-26|50.15|51.08|49.0666|50.96|1413364
CDNA|2026-08-27|51|53.6712|50.765|52.36|1228537
CDNA|2026-08-28|51.495|52.38|49.6|49.79|1176728
CDNA|2026-08-31|49.16|50.28|46.6879|50.11|1533723
CDNA|2026-09-01|49.93|50.62|48.2501|48.97|1247818
CDNA|2026-09-02|49.55|51.37|48.4|49.6|825188
CDNA|2026-09-03|49.75|50.5|48.3856|49.86|636386
CDNA|2026-09-04|49.65|50.99|48.68|50.88|1306542
CDNA|2026-09-08|50.5|50.87|49.46|50.31|934602
CDNA|2026-09-09|49.875|51.33|49.64|50.03|1216360
CDNA|2026-09-10|49.19|51.69|48.64|50.02|1606438
CDNA|2026-09-11|50.14|50.85|49.57|50.26|662739
CDNA|2026-09-14|50.49|52.67|50.17|52.37|794696
CDNA|2026-09-15|52.2|53.74|51.7301|52.64|948585
CDNA|2026-09-16|52.61|54.488|52.61|53.55|845926
CDNA|2026-09-17|54|55.16|53.206|54.28|806132
CDNA|2026-09-18|53.97|54.46|53.12|53.83|1383987
CDNA|2026-09-21|53.82|54.86|53.5|54.33|766605
CDNA|2026-09-22|54.44|56.85|53.78|56.49|1840819
CDNA|2026-09-23|56.25|57.16|54|54.31|1907187
CDNA|2026-09-24|55.29|63.09|54.52|61.37|2498782
CDNA|2026-09-25|61.33|65.19|60.51|63.68|2337927
CDNA|2026-09-28|62.3|65.495|62.3|64.6|1080445
CDNA|2026-09-29|64.74|65.5|62.895|64.02|795900
CDNA|2026-09-30|63.87|65.63|63.115|65|1767417
GH|2026-05-20|100.84|115.08|100.48|114.97|4455540
GH|2026-05-21|113.44|121.01|111.2|118.01|4932603
GH|2026-05-22|119.06|120.15|116.81|118.95|2633856
GH|2026-05-26|118.95|120.35|115.3001|119.85|1982228
GH|2026-05-27|123.955|128|118.81|127.51|3406291
GH|2026-05-28|128.43|133.705|124.6|133.22|2958174
GH|2026-05-29|133.22|133.9699|128.31|129.69|3489482
GH|2026-06-01|127|130.44|124.8101|129.14|2412962
GH|2026-06-02|131.88|131.88|125.5118|130.17|2088911
GH|2026-06-03|129.87|129.87|125.5|127.03|2111124
GH|2026-06-04|128.83|134.28|127.39|133.06|2014020
GH|2026-06-05|133|133.335|124.91|125.61|3345415
GH|2026-06-08|128.22|132|123.92|124.89|2212806
GH|2026-06-09|125.27|130.36|122.76|130.12|2258229
GH|2026-06-10|130|133.31|128.46|130.7|1795757
GH|2026-06-11|132.35|133.37|128.5|130.9|1502027
GH|2026-06-12|133.15|133.66|128.5004|131.62|1461195
GH|2026-06-15|134.998|134.998|128.525|129.82|1649027
GH|2026-06-16|130.19|133.11|126.765|127.34|2582958
GH|2026-06-17|127.34|130.79|125|129.11|2078092
GH|2026-06-18|132.48|134|130.19|131.78|3398059
GH|2026-06-22|131.16|132.07|125.12|128.83|1444313
GH|2026-06-23|128.67|134.75|127.615|130.83|1931364
GH|2026-06-24|133.165|141.07|132.595|136.96|3843806
GH|2026-06-25|137.85|145.84|137.5|142.94|2543441
GH|2026-06-26|145.61|151.85|144.27|149.22|18770196
GH|2026-06-29|150|153.95|148.46|153.74|2723656
GH|2026-06-30|151.92|152.715|148.29|150.03|3237218
GH|2026-07-01|160.755|172.605|156.16|170.77|6697604
GH|2026-07-02|171.955|171.99|166.74|167.98|3447575
GH|2026-07-06|174.08|174.08|165.54|168.82|2173924
GH|2026-07-07|168.03|169.27|162.58|162.92|2466129
GH|2026-07-08|159.29|160.9|155.75|156.17|3334727
GH|2026-07-09|154.4|170.87|152.642|164.08|3849083
GH|2026-07-10|163.93|164.08|156.87|160.05|1976528
HNGE|2026-06-01|57.35|62.075|55.15|60.92|3264238
HNGE|2026-06-02|60|60.8|58.02|58.48|1739611
HNGE|2026-06-03|58.44|58.94|56.7701|58.66|997019
HNGE|2026-06-04|58.82|64.3|58.155|62.98|2098001
HNGE|2026-06-05|63|66.55|63|63.62|2385594
HNGE|2026-06-08|64.49|65.7189|62.81|62.86|1671092
HNGE|2026-06-09|63.48|65.78|61.6|62.78|1844774
HNGE|2026-06-10|65.17|65.99|61.5|62.06|2897316
HNGE|2026-06-11|63.29|66.74|61.51|64.75|2429658
HNGE|2026-06-12|66.15|66.9|63.46|65.34|1222429
HNGE|2026-06-15|66.25|68.675|66|68.35|1877769
HNGE|2026-06-16|69.03|70.72|67.06|67.81|2313509
HNGE|2026-06-17|68|68.87|66.66|67.04|1497336
HNGE|2026-06-18|67.44|69.55|65.96|69.42|2825669
HNGE|2026-06-22|69.37|71.44|68.31|68.85|2307335
HNGE|2026-06-23|68.05|70.75|67.86|70.38|1297186
HNGE|2026-06-24|71.99|72.39|70.2|70.56|1905416
HNGE|2026-06-25|70.89|75.17|69.4|75.14|2790471
HNGE|2026-06-26|74.885|79.26|74.27|78.97|8945300
HNGE|2026-06-29|78.91|84.62|78.001|81.48|4338988
HNGE|2026-06-30|81.06|83.84|80|83|1787898
HNGE|2026-07-01|83.58|86.66|81.72|85.07|1979557
HNGE|2026-07-02|85|85.6475|82.53|84.05|1112679
HNGE|2026-07-06|83.42|90.1193|83.06|88.52|1691890
HNGE|2026-07-07|88.77|90.9139|87.7|89.3|1977852
HNGE|2026-07-08|88.45|90.085|86.8763|88.5|1775242
HNGE|2026-07-09|89.23|91.07|88.9|89.92|1271449
HNGE|2026-07-10|89.09|90.53|87.446|88.8|1175952
HNGE|2026-07-13|91.05|91.5|88.59|90|2477969
HNGE|2026-07-14|88.5|90.998|87.81|89.31|1347054
HNGE|2026-07-15|88.55|89.88|85.22|85.75|1841632
HNGE|2026-07-16|86.22|88.35|84|85.98|1350522
HNGE|2026-07-17|84.68|87.44|83.8|87.09|1910887
HNGE|2026-07-20|87|88.6099|85.72|87.7|1150227
(111 rows)
