2026-09-28|Identity & Access Management Security Software|Mainstream|Network Security & Zero-Trust Edge
2026-09-29|Identity & Access Management Security Software|Mainstream|Network Security & Zero-Trust Edge
2026-09-30|Identity & Access Management Security Software|Mainstream|Network Security & Zero-Trust Edge
2026-10-01|Identity & Access Management Security Software|Mainstream|Network Security & Zero-Trust Edge
2026-10-02|Identity & Access Management Security Software|Mainstream|Network Security & Zero-Trust Edge
2026-10-05|Identity & Access Management Security Software|Retired|
2026-09-28|Liquid Biopsy & Molecular Cancer Diagnostics Testing|Nascent|Genomics & DNA Sequencing Tools
2026-09-29|Liquid Biopsy & Molecular Cancer Diagnostics Testing|Nascent|Genomics & DNA Sequencing Tools
2026-09-30|Liquid Biopsy & Molecular Cancer Diagnostics Testing|Nascent|Genomics & DNA Sequencing Tools
2026-10-01|Liquid Biopsy & Molecular Cancer Diagnostics Testing|Mainstream|Genomics & DNA Sequencing Tools
2026-10-02|Liquid Biopsy & Molecular Cancer Diagnostics Testing|Mainstream|Genomics & DNA Sequencing Tools
2026-10-05|Liquid Biopsy & Molecular Cancer Diagnostics Testing|Mainstream|Genomics & DNA Sequencing Tools
2026-10-06|Liquid Biopsy & Molecular Cancer Diagnostics Testing|Mainstream|Genomics & DNA Sequencing Tools
2026-10-07|Liquid Biopsy & Molecular Cancer Diagnostics Testing|Mainstream|Genomics & DNA Sequencing Tools
2026-10-08|Liquid Biopsy & Molecular Cancer Diagnostics Testing|Mainstream|Genomics & DNA Sequencing Tools
2026-09-28|Low-Cost & Regional Passenger Airline Rebound|Nascent|
2026-09-29|Low-Cost & Regional Passenger Airline Rebound|Nascent|
2026-09-30|Low-Cost & Regional Passenger Airline Rebound|Nascent|
2026-10-01|Low-Cost & Regional Passenger Airline Rebound|Nascent|U.S. Domestic Passenger Airlines
2026-10-02|Low-Cost & Regional Passenger Airline Rebound|Mainstream|U.S. Domestic Passenger Airlines
2026-10-05|Low-Cost & Regional Passenger Airline Rebound|Mainstream|U.S. Domestic Passenger Airlines
2026-10-06|Low-Cost & Regional Passenger Airline Rebound|Mainstream|U.S. Domestic Passenger Airlines
2026-10-07|Low-Cost & Regional Passenger Airline Rebound|Mainstream|U.S. Domestic Passenger Airlines
2026-10-08|Low-Cost & Regional Passenger Airline Rebound|Retired|
2026-09-28|Pure-Play NAND/DRAM Memory Chip Makers|Mainstream|AI-Driven Memory & Storage Supply Shortage
2026-09-29|Pure-Play NAND/DRAM Memory Chip Makers|Mainstream|AI-Driven Memory & Storage Supply Shortage
2026-10-01|Pure-Play NAND/DRAM Memory Chip Makers|Retired|HBM & AI-Driven Memory Chip Makers
