now ET: 2026-10-05 17:38:09.605557

== A1. orderliness now
   {'n': 2132, 'n_ord': 106, 'n_upd_today': 106, 'n_ord_today': 106, 'last_upd': '2026-10-05 17:35:24.211751', 'mn': 0.13003718500173808, 'med': 0.5667015310618836, 'mx': 1.3697159997049488}
    {'ticker': 'CAPR', 'state': 'aged', 'orderliness': 0.8532520377658435, 'u': '2026-10-05 17:35:24.211751'}
    {'ticker': 'ZLAB', 'state': 'aged', 'orderliness': 0.8858651827042577, 'u': '2026-10-05 17:35:24.210757'}
    {'ticker': 'CORT', 'state': 'aged', 'orderliness': 0.4020385678674774, 'u': '2026-10-05 17:35:24.207788'}
    {'ticker': 'VEEV', 'state': 'aged', 'orderliness': 0.6725501314056544, 'u': '2026-10-05 17:35:24.202085'}
    {'ticker': 'SPSC', 'state': 'aged', 'orderliness': 0.8355077912202697, 'u': '2026-10-05 17:35:24.195111'}
    {'ticker': 'TRMB', 'state': 'aged', 'orderliness': 0.6907108896760866, 'u': '2026-10-05 17:35:24.193717'}
    {'ticker': 'CNMD', 'state': 'aged', 'orderliness': 0.7383274400296987, 'u': '2026-10-05 17:35:24.192219'}
    {'ticker': 'PAYC', 'state': 'aged', 'orderliness': 0.9312902644947698, 'u': '2026-10-05 17:35:24.190602'}
== A2. dead_column_detected rows (all time)
   2026-08-08 14:32:19.678649 mi_stock_scores.market_cap
   2026-08-18 17:30:00.906525 mi_alert_rank_shadow.expct_classifiable_frac
   2026-08-19 17:30:00.69647 mi_alert_rank_shadow.ext_xadr_pregap
   2026-08-19 17:30:00.698339 mi_alert_rank_shadow.base_days_raw40
   2026-08-19 17:30:00.699697 mi_alert_rank_shadow.base_depth_raw40
   2026-08-19 17:30:00.701305 mi_alert_rank_shadow.base_days_adr6
   2026-08-19 17:30:00.70273 mi_alert_rank_shadow.base_depth_adr6
   2026-08-19 17:30:00.704127 mi_alert_rank_shadow.base_net_disp_xadr
   2026-08-19 17:30:00.705555 mi_alert_rank_shadow.base_lookback_bars
   2026-08-24 17:30:04.268198 mi_live_trades.risk_dollars_actual
   2026-08-31 17:30:03.781611 mi_ep_scan_log.days_since_prior_alert
   2026-09-02 17:30:03.687428 mi_delayed_entry_trigger.ep_adr20_dollar
   2026-09-02 17:30:03.689854 mi_delayed_entry_trigger.ep_adr20_n
   2026-09-02 17:30:03.691763 mi_delayed_entry_trigger.stop_price_075
   2026-09-02 17:30:03.693682 mi_delayed_entry_trigger.stop_width_pct_075
   2026-09-02 17:30:03.695526 mi_delayed_entry_trigger.stop_price_100
   2026-09-02 17:30:03.69745 mi_delayed_entry_trigger.stop_width_pct_100
   2026-09-02 17:30:03.699422 mi_delayed_entry_trigger.day0_post_low
   2026-09-02 17:30:03.701306 mi_delayed_entry_trigger.day0_post_high
   2026-09-02 17:30:03.70332 mi_delayed_entry_trigger.realized_r_075
   2026-09-02 17:30:03.705216 mi_delayed_entry_trigger.realized_r_trail_075
   2026-09-02 17:30:03.707251 mi_delayed_entry_trigger.mfe_r_075
   2026-09-02 17:30:03.709388 mi_delayed_entry_trigger.mae_r_075
   2026-09-02 17:30:03.711377 mi_delayed_entry_trigger.realized_r_100
   2026-09-02 17:30:03.713265 mi_delayed_entry_trigger.realized_r_trail_100
   2026-09-02 17:30:03.715244 mi_delayed_entry_trigger.mfe_r_100
   2026-09-02 17:30:03.717215 mi_delayed_entry_trigger.mae_r_100
   2026-09-03 17:30:03.558667 mi_delayed_entry_trigger.stop_price_025
   2026-09-03 17:30:03.561592 mi_delayed_entry_trigger.stop_width_pct_025
   2026-09-03 17:30:03.563972 mi_delayed_entry_trigger.realized_r_025
   2026-09-03 17:30:03.566249 mi_delayed_entry_trigger.realized_r_trail_025
   2026-09-03 17:30:03.568453 mi_delayed_entry_trigger.mfe_r_025
   2026-09-03 17:30:03.572079 mi_delayed_entry_trigger.mae_r_025
   2026-09-04 17:30:00.970006 mi_analyst_estimates.fiscal_quarter
   2026-09-04 17:30:00.971495 mi_analyst_estimates.fiscal_year
   2026-09-07 17:30:11.844515 mi_gap_near_miss_replays.mark_r
   2026-09-07 17:30:37.374085 mi_live_fill_counterfactuals.mark_r
   2026-09-07 17:30:37.378736 mi_live_fill_counterfactuals.breakeven_arm_r
   2026-09-14 17:30:08.671856 mi_flag_candidates.low_after_breakout
   2026-10-05 17:30:04.966909 mi_anticipation_consolidation.orderliness
== A3. consolidation-related audit events today

== B1. tonight's cooldown rows (ticker | theme | reason)
  SMTC   | AI-Driven Memory & Storage Supply Shortage                             | n=1 | Description 'IoT semiconductors, cloud connectivity' does not match theme
  MSTR   | Bitcoin Balance Sheet Proxies                                          | n=1 | rehome: moved to 'Bitcoin Treasury & Crypto Proxy Equities Correlation Basket' on the tape (0.89 vs own unreadable)
  MHK    | Commercial, Office & Home Furniture Retailers and Manufacturers        | n=2 | Description 'Consumer Cyclical / Furnishings, Fixtures & Appliances — Residential & commercial flooring products' does not match theme
  TILE   | Commercial, Office & Home Furniture Retailers and Manufacturers        | n=1 | Description 'Modular carpet, commercial flooring' does not match theme
  CMBT   | Crude & Product Tanker Shipping                                        | n=1 | Description 'Marine transportation, hydrogen infrastructure & vessels' does not match theme
  P      | Data Storage & Data Management Software/Hardware Leaders               | n=1 | Description 'Data storage, management software & hardware' does not match theme
  EFOR   | Defense Intelligence & Cybersecurity IT Contractors                    | n=1 | Description 'Technology / Information Technology Services — IT services & solutions for government, commercial' does not match theme
  ICFI   | Defense Intelligence & Cybersecurity IT Contractors                    | n=1 | Description 'Management consulting, government & commercial services' does not match theme
  ZD     | Digital Advertising & Ad-Tech Monetization Platforms                   | n=1 | Description 'Communication Services / Advertising Agencies — Digital media, reviews & advertising network' does not match theme
  VPG    | Discrete, Passive & Low-Power Programmable Semiconductor Components Re | n=1 | Description 'Precision sensors, measurement technology' does not match theme
  DEC    | Energy Supply Disruption: Middle East Geopolitical Risk                | n=1 | Description 'Natural gas & oil production, Appalachia' does not match theme
  PS     | Financial Data & Advisory/Capital Markets Platforms                    | n=1 | Description 'Financial Services / Asset Management — Alternative asset management, hedge fund' does not match theme
  ITUB   | Fintech & Digital Finance Sector Re-rating on Fed Easing               | n=1 | Description 'Financial Services / Banks - Regional — Brazilian retail & corporate banking, financial services' does not match theme
  SSNC   | Fintech & Digital Finance Sector Re-rating on Fed Easing               | n=1 | Description 'Technology / Software - Application — Financial & healthcare software & services' does not match theme
  G      | Global IT Services Outsourcing & Digital Transformation Consulting     | n=1 | rehome: moved to 'IT Consulting & Business Process Outsourcing Services' on the tape (0.86 vs own unreadable)
  GIB    | Global IT Services Outsourcing & Digital Transformation Consulting     | n=1 | rehome: moved to 'IT Consulting & Business Process Outsourcing Services' on the tape (0.87 vs own unreadable)
  MD     | Hospital & Behavioral Health Facility Procedure Volume Recovery        | n=1 | Description 'Healthcare / Medical Care Facilities — Newborn, maternal-fetal, pediatric medical services' does not match theme
  RDVT   | Identity & Access Management Security Software                         | n=1 | Description 'Identity intelligence, analytics software' does not match theme
  ACA    | Industrial Construction Execution & On-Site Supply Chain               | n=1 | Description 'Infrastructure products & engineered structures' does not match theme
  TDS    | Legacy Telecom & Pay-TV/Broadcasting Distribution Rebound              | n=1 | Description 'Communication Services / Telecom Services — Residential & commercial telecom services' does not match theme
  FTRE   | Life Science Tools & Analytical Instruments                            | n=1 | Description 'Healthcare / Biotechnology — Contract research organization, drug & device development' does not match theme
  TTAN   | Marketing & Customer Data SaaS Rotation                                | n=1 | Description 'Field service management software, contractor operations' does not match theme
  STWD   | Mortgage REITs (Agency & Residential MBS)                              | n=1 | Description 'Real Estate / REIT - Mortgage — Commercial & residential mortgage lending, real estate debt' does not match theme
  SAIL   | Network Security & Zero-Trust Edge                                     | n=1 | Description 'Identity & access management software, enterprise security' does not match theme
  DOX    | Offshore IT Services & Digital Engineering Outsourcers                 | n=1 | Description 'Technology / Software - Infrastructure — Telecom software, billing, customer management systems' does not match theme
  IMO    | Oil & Gas E&P Crude-Weighted Producers Momentum                        | n=1 | Description 'Oil & gas exploration, production & refining Canada' does not match theme
  SEI    | On-Site Power Generation & Distribution Equipment for Data Centers     | n=1 | Description 'Modular power generation, oilfield equipment' does not match theme
  JAN    | Skilled Nursing & Senior Housing Healthcare REITs                      | n=1 | Description 'Real Estate / REIT - Residential — Senior housing real estate investment trust' does not match theme
  SIG    | Specialty Retail Short-Squeeze Momentum Basket                         | n=1 | Description 'Diamond & jewelry retail, consumer luxury' does not match theme

== B2. tonight's description removals: theme first-seen date + member count tonight
   {'theme_name': 'Network Security & Zero-Trust Edge', 'first_seen': datetime.date(2026, 3, 20), 'stage': 'Mainstream', 'n_now': 14, 'last_seen': datetime.date(2026, 10, 5)}
   {'theme_name': 'Crude & Product Tanker Shipping', 'first_seen': datetime.date(2026, 6, 22), 'stage': 'Mainstream', 'n_now': 7, 'last_seen': datetime.date(2026, 10, 5)}
   {'theme_name': 'Life Science Tools & Analytical Instruments', 'first_seen': datetime.date(2026, 7, 10), 'stage': 'Nascent', 'n_now': 15, 'last_seen': datetime.date(2026, 10, 5)}
   {'theme_name': 'Industrial Construction Execution & On-Site Supply Chain', 'first_seen': datetime.date(2026, 7, 24), 'stage': 'Mainstream', 'n_now': 8, 'last_seen': datetime.date(2026, 10, 5)}
   {'theme_name': 'Hospital & Behavioral Health Facility Procedure Volume Recovery', 'first_seen': datetime.date(2026, 7, 27), 'stage': 'Fading', 'n_now': 4, 'last_seen': datetime.date(2026, 10, 5)}
   {'theme_name': 'Commercial, Office & Home Furniture Retailers and Manufacturers', 'first_seen': datetime.date(2026, 8, 3), 'stage': 'Mainstream', 'n_now': 5, 'last_seen': datetime.date(2026, 10, 5)}
   {'theme_name': 'Defense Intelligence & Cybersecurity IT Contractors', 'first_seen': datetime.date(2026, 8, 19), 'stage': 'Fading', 'n_now': 3, 'last_seen': datetime.date(2026, 10, 5)}
   {'theme_name': 'Skilled Nursing & Senior Housing Healthcare REITs', 'first_seen': datetime.date(2026, 9, 1), 'stage': 'Fading', 'n_now': 3, 'last_seen': datetime.date(2026, 10, 5)}
   {'theme_name': 'AI-Driven Memory & Storage Supply Shortage', 'first_seen': datetime.date(2026, 9, 2), 'stage': 'Nascent', 'n_now': 6, 'last_seen': datetime.date(2026, 10, 5)}
   {'theme_name': 'Specialty Retail Short-Squeeze Momentum Basket', 'first_seen': datetime.date(2026, 9, 10), 'stage': 'Retired', 'n_now': 0, 'last_seen': datetime.date(2026, 10, 5)}
   {'theme_name': 'Legacy Telecom & Pay-TV/Broadcasting Distribution Rebound', 'first_seen': datetime.date(2026, 9, 11), 'stage': 'Retired', 'n_now': 0, 'last_seen': datetime.date(2026, 10, 5)}
   {'theme_name': 'Energy Supply Disruption: Middle East Geopolitical Risk', 'first_seen': datetime.date(2026, 9, 11), 'stage': 'Fading', 'n_now': 9, 'last_seen': datetime.date(2026, 10, 5)}
   {'theme_name': 'Digital Advertising & Ad-Tech Monetization Platforms', 'first_seen': datetime.date(2026, 9, 11), 'stage': 'Mainstream', 'n_now': 2, 'last_seen': datetime.date(2026, 10, 5)}
   {'theme_name': 'Identity & Access Management Security Software', 'first_seen': datetime.date(2026, 9, 14), 'stage': 'Retired', 'n_now': 0, 'last_seen': datetime.date(2026, 10, 5)}
   {'theme_name': 'Fintech & Digital Finance Sector Re-rating on Fed Easing', 'first_seen': datetime.date(2026, 9, 16), 'stage': 'Mainstream', 'n_now': 18, 'last_seen': datetime.date(2026, 10, 5)}
   {'theme_name': 'On-Site Power Generation & Distribution Equipment for Data Centers', 'first_seen': datetime.date(2026, 9, 17), 'stage': 'Mainstream', 'n_now': 10, 'last_seen': datetime.date(2026, 10, 5)}
   {'theme_name': 'Data Storage & Data Management Software/Hardware Leaders', 'first_seen': datetime.date(2026, 9, 30), 'stage': 'Retired', 'n_now': 0, 'last_seen': datetime.date(2026, 10, 5)}
   {'theme_name': 'Discrete, Passive & Low-Power Programmable Semiconductor Components Recovery', 'first_seen': datetime.date(2026, 9, 30), 'stage': 'Nascent', 'n_now': 4, 'last_seen': datetime.date(2026, 10, 5)}
   {'theme_name': 'Oil & Gas E&P Crude-Weighted Producers Momentum', 'first_seen': datetime.date(2026, 9, 30), 'stage': 'Retired', 'n_now': 0, 'last_seen': datetime.date(2026, 10, 5)}
   {'theme_name': 'Financial Data & Advisory/Capital Markets Platforms', 'first_seen': datetime.date(2026, 10, 1), 'stage': 'Retired', 'n_now': 0, 'last_seen': datetime.date(2026, 10, 5)}
   {'theme_name': 'Marketing & Customer Data SaaS Rotation', 'first_seen': datetime.date(2026, 10, 1), 'stage': 'Retired', 'n_now': 0, 'last_seen': datetime.date(2026, 10, 5)}
   {'theme_name': 'Mortgage REITs (Agency & Residential MBS)', 'first_seen': datetime.date(2026, 10, 5), 'stage': 'Nascent', 'n_now': 3, 'last_seen': datetime.date(2026, 10, 5)}
   {'theme_name': 'Offshore IT Services & Digital Engineering Outsourcers', 'first_seen': datetime.date(2026, 10, 5), 'stage': 'Nascent', 'n_now': 4, 'last_seen': datetime.date(2026, 10, 5)}

== B3. TRUE per-night history (audit rows, not the upserted table), last 45 days
  date        dow  desc_removals(audit)  cooldown_triggered(audit)  metric_sample(what L2 saw)
  2026-08-24  1        5                    5                  5.0
  2026-08-25  2        1                    1                  1.0
  2026-08-26  3       24                   24                  24.0
  2026-08-27  4        1                    1                  1.0
  2026-08-28  5        2                    2                  2.0
  2026-08-31  1       10                   10                  10.0
  2026-09-01  2       19                   19                  19.0
  2026-09-02  3        9                    9                  9.0
  2026-09-03  4        0                    0                  0.0
  2026-09-04  5        4                    4                  4.0
  2026-09-08  2        2                    2                  2.0
  2026-09-09  3        9                    9                  9.0
  2026-09-10  4        1                    1                  1.0
  2026-09-11  5       32                   32                  32.0
  2026-09-14  1        1                    1                  1.0
  2026-09-15  2        2                    2                  2.0
  2026-09-16  3        5                    5                  5.0
  2026-09-17  4        2                    2                  2.0
  2026-09-18  5       19                   19                  0.0
  2026-09-21  1        2                    2                  2.0
  2026-09-22  2       17                   17                  17.0
  2026-09-23  3       12                   12                  12.0
  2026-09-24  4        1                    1                  1.0
  2026-09-25  5        1                    1                  1.0
  2026-09-28  1       14                   14                  14.0
  2026-09-29  2        0                    0                  0.0
  2026-09-30  3       11                   11                  11.0
  2026-10-01  4        0                    0                  0.0
  2026-10-02  5       13                   13                  13.0
  2026-10-05  1       26                   26                  29.0

== B4. themes on the board each validation night (mi_themes rows, members>=2), last 30 days
   {'d': datetime.date(2026, 9, 9), 'themes': 103, 'themes2': 103, 'members': 684}
   {'d': datetime.date(2026, 9, 11), 'themes': 118, 'themes2': 118, 'members': 716}
   {'d': datetime.date(2026, 9, 14), 'themes': 119, 'themes2': 119, 'members': 717}
   {'d': datetime.date(2026, 9, 16), 'themes': 117, 'themes2': 117, 'members': 705}
   {'d': datetime.date(2026, 9, 18), 'themes': 110, 'themes2': 110, 'members': 682}
   {'d': datetime.date(2026, 9, 21), 'themes': 113, 'themes2': 113, 'members': 715}
   {'d': datetime.date(2026, 9, 23), 'themes': 115, 'themes2': 115, 'members': 715}
   {'d': datetime.date(2026, 9, 25), 'themes': 117, 'themes2': 117, 'members': 708}
   {'d': datetime.date(2026, 9, 28), 'themes': 118, 'themes2': 118, 'members': 704}
   {'d': datetime.date(2026, 9, 30), 'themes': 128, 'themes2': 128, 'members': 730}
   {'d': datetime.date(2026, 10, 2), 'themes': 133, 'themes2': 133, 'members': 749}
   {'d': datetime.date(2026, 10, 5), 'themes': 115, 'themes2': 115, 'members': 683}

== B5. baseline the L2 used + tonight's anomaly row
   {'as_of_date': datetime.date(2026, 10, 5), 'p50': 2.0, 'p95': 17.0, 'mad': 1.5, 'sample_n': 20}
   {'as_of_date': datetime.date(2026, 10, 4), 'p50': 2.0, 'p95': 17.0, 'mad': 2.0, 'sample_n': 21}
   {'as_of_date': datetime.date(2026, 10, 3), 'p50': 2.0, 'p95': 17.0, 'mad': 2.0, 'sample_n': 22}
   {'as_of_date': datetime.date(2026, 10, 2), 'p50': 2.0, 'p95': 17.0, 'mad': 2.0, 'sample_n': 22}
   {'as_of_date': datetime.date(2026, 10, 1), 'p50': 2.0, 'p95': 19.0, 'mad': 2.0, 'sample_n': 22}
   {'as_of_date': datetime.date(2026, 9, 30), 'p50': 2.0, 'p95': 19.0, 'mad': 2.0, 'sample_n': 22}
   2026-08-31 17:30:00.023728 {"level": 2, "key": "cooldowns_per_day", "current": 10.0, "baseline_p50": 2.0, "baseline_p95": 14.0, "mad": 1.0, "sample_n": 20, "z_score": 8.0, "ratio": 5.0, "regime_conditional": false, "to_band": 3, "event_deltas": [{"event_type": "path_coverage_gap", "today_count": 65, "baseline_median": 5.0, "baseline_label": "median", "firing_days": 9, "window_total": 51, "ratio": 13.0, "is_new": false}, {"event_type": "ticker_revalidated_out", "today_count": 10, "baseline_median": 1.0, "baseline_label": "median", "firing_days": 8, "window_total": 56, "ratio": 10.0, "is_new": false}, {"event_type": "vali
   2026-09-01 17:30:00.02259 {"level": 2, "key": "cooldowns_per_day", "current": 19.0, "baseline_p50": 2.0, "baseline_p95": 14.0, "mad": 1.0, "sample_n": 21, "z_score": 17.0, "ratio": 9.5, "regime_conditional": false, "to_band": 3, "event_deltas": [{"event_type": "ticker_revalidated_out", "today_count": 19, "baseline_median": 1.0, "baseline_label": "median", "firing_days": 8, "window_total": 64, "ratio": 19.0, "is_new": false}, {"event_type": "validation_cooldown_triggered", "today_count": 19, "baseline_median": 1.0, "baseline_label": "median", "firing_days": 8, "window_total": 64, "ratio": 19.0, "is_new": false}, {"event
   2026-09-02 17:30:00.026213 {"level": 2, "key": "cooldowns_per_day", "current": 9.0, "baseline_p50": 2.0, "baseline_p95": 19.0, "mad": 1.0, "sample_n": 22, "z_score": 7.0, "ratio": 4.5, "regime_conditional": false, "to_band": 3, "event_deltas": [{"event_type": "analyst_estimates_error", "today_count": 99, "baseline_median": 0.0, "baseline_label": "median", "firing_days": 0, "window_total": 0, "ratio": 198.0, "is_new": true}, {"event_type": "api_failure_fmp", "today_count": 99, "baseline_median": 0.0, "baseline_label": "median", "firing_days": 0, "window_total": 0, "ratio": 198.0, "is_new": true}, {"event_type": "path_cov
   2026-09-03 17:30:00.025189 {"level": 3, "key": "cooldowns_per_day", "current": 0.0, "baseline_p50": 2.0, "z_score": -2.0, "ratio": 0.0, "from_band": 3, "to_band": 2, "warming": false}
   2026-09-04 17:30:00.01853 {"level": 3, "key": "cooldowns_per_day", "current": 4.0, "baseline_p50": 2.0, "z_score": 1.33, "ratio": 2.0, "from_band": 2, "to_band": 1, "warming": false}
   2026-09-09 17:30:00.147117 {"level": 2, "key": "cooldowns_per_day", "current": 9.0, "baseline_p50": 2.0, "baseline_p95": 19.0, "mad": 2.0, "sample_n": 21, "z_score": 3.5, "ratio": 4.5, "regime_conditional": false, "to_band": 3, "event_deltas": [{"event_type": "split_applied", "today_count": 12, "baseline_median": 1.0, "baseline_label": "median", "firing_days": 8, "window_total": 54, "ratio": 12.0, "is_new": false}, {"event_type": "ticker_revalidated_out", "today_count": 9, "baseline_median": 1.0, "baseline_label": "median", "firing_days": 7, "window_total": 47, "ratio": 9.0, "is_new": false}, {"event_type": "validation_
   2026-09-10 17:30:00.059846 {"level": 3, "key": "cooldowns_per_day", "current": 1.0, "baseline_p50": 4.0, "z_score": -1.0, "ratio": 0.25, "from_band": 3, "to_band": 1, "warming": false}
   2026-09-11 17:30:00.130967 {"level": 2, "key": "cooldowns_per_day", "current": 32.0, "baseline_p50": 4.0, "baseline_p95": 19.0, "mad": 3.0, "sample_n": 21, "z_score": 9.33, "ratio": 8.0, "regime_conditional": false, "to_band": 3, "event_deltas": [{"event_type": "ticker_revalidated_out", "today_count": 32, "baseline_median": 1.0, "baseline_label": "median", "firing_days": 7, "window_total": 54, "ratio": 32.0, "is_new": false}, {"event_type": "validation_cooldown_triggered", "today_count": 32, "baseline_median": 1.0, "baseline_label": "median", "firing_days": 7, "window_total": 54, "ratio": 32.0, "is_new": false}, {"event
   2026-09-14 17:30:00.044748 {"level": 3, "key": "cooldowns_per_day", "current": 1.0, "baseline_p50": 5.0, "z_score": -1.0, "ratio": 0.2, "from_band": 3, "to_band": 1, "warming": false}
   2026-09-22 17:30:00.045793 {"level": 3, "key": "cooldowns_per_day", "current": 17.0, "baseline_p50": 2.0, "z_score": 15.0, "ratio": 8.5, "from_band": 1, "to_band": 2, "warming": false, "spiky_guard_demoted": true, "baseline_p95": 24.0}
   2026-09-23 17:30:00.051595 {"level": 3, "key": "cooldowns_per_day", "current": 12.0, "baseline_p50": 2.0, "z_score": 10.0, "ratio": 6.0, "from_band": 2, "to_band": 2, "warming": false, "spiky_guard_demoted": true, "baseline_p95": 24.0}
   2026-09-24 17:30:00.038641 {"level": 3, "key": "cooldowns_per_day", "current": 1.0, "baseline_p50": 2.0, "z_score": -1.0, "ratio": 0.5, "from_band": 2, "to_band": 1, "warming": false}
   2026-09-25 16:40:45.850482 {"level": 3, "key": "cooldowns_per_day", "current": 0.0, "baseline_p50": 2.0, "z_score": -2.0, "ratio": 0.0, "from_band": 1, "to_band": 2, "warming": false}
   2026-09-25 17:30:00.038268 {"level": 3, "key": "cooldowns_per_day", "current": 1.0, "baseline_p50": 2.0, "z_score": -1.0, "ratio": 0.5, "from_band": 2, "to_band": 1, "warming": false}
   2026-09-28 17:30:00.041735 {"level": 3, "key": "cooldowns_per_day", "current": 14.0, "baseline_p50": 2.0, "z_score": 8.0, "ratio": 7.0, "from_band": 1, "to_band": 2, "warming": false, "spiky_guard_demoted": true, "baseline_p95": 19.0}
   2026-09-29 17:30:00.051883 {"level": 3, "key": "cooldowns_per_day", "current": 0.0, "baseline_p50": 2.0, "z_score": -1.0, "ratio": 0.0, "from_band": 2, "to_band": 1, "warming": false}
   2026-09-30 17:30:00.046221 {"level": 3, "key": "cooldowns_per_day", "current": 11.0, "baseline_p50": 2.0, "z_score": 4.5, "ratio": 5.5, "from_band": 1, "to_band": 2, "warming": false, "spiky_guard_demoted": true, "baseline_p95": 19.0}
   2026-10-01 17:30:00.041762 {"level": 3, "key": "cooldowns_per_day", "current": 0.0, "baseline_p50": 2.0, "z_score": -1.0, "ratio": 0.0, "from_band": 2, "to_band": 1, "warming": false}
   2026-10-02 17:30:00.04821 {"level": 3, "key": "cooldowns_per_day", "current": 13.0, "baseline_p50": 2.0, "z_score": 5.5, "ratio": 6.5, "from_band": 1, "to_band": 2, "warming": false, "spiky_guard_demoted": true, "baseline_p95": 17.0}
   2026-10-05 17:30:00.191147 {"level": 2, "key": "cooldowns_per_day", "current": 29.0, "baseline_p50": 2.0, "baseline_p95": 17.0, "mad": 1.5, "sample_n": 20, "z_score": 18.0, "ratio": 14.5, "regime_conditional": false, "to_band": 3, "event_deltas": [{"event_type": "ep_adv_probe_synthesized", "today_count": 94, "baseline_median": 0.0, "baseline_label": "median", "firing_days": 0, "window_total": 0, "ratio": 188.0, "is_new": true}, {"event_type": "theme_retired_small_fading", "today_count": 20, "baseline_median": 0.0, "baseline_label": "median", "firing_days": 0, "window_total": 0, "ratio": 40.0, "is_new": true}, {"event_ty
== B6. baseline resets for cooldowns_per_day
