now ET: 2026-10-05 17:42:41.615287
== job runs, last 8 days (full timestamps ET)
   post_nightly_audit success 2026-09-28 17:30:00.00205 -> 2026-09-28 17:31:16.117218
   consolidation_readiness success 2026-09-28 17:35:00.001524 -> 2026-09-28 17:35:17.752698
   post_nightly_audit success 2026-09-29 17:30:00.00238 -> 2026-09-29 17:31:22.297767
   consolidation_readiness success 2026-09-29 17:35:00.002489 -> 2026-09-29 17:35:16.366692
   post_nightly_audit success 2026-09-30 17:30:00.00456 -> 2026-09-30 17:31:17.025904
   consolidation_readiness success 2026-09-30 17:35:00.002108 -> 2026-09-30 17:35:17.835182
   post_nightly_audit success 2026-10-01 17:30:00.002446 -> 2026-10-01 17:31:18.151759
   consolidation_readiness success 2026-10-01 17:35:00.002865 -> 2026-10-01 17:35:17.155235
   post_nightly_audit success 2026-10-02 17:30:00.001895 -> 2026-10-02 17:31:31.663197
   consolidation_readiness success 2026-10-02 17:35:00.002224 -> 2026-10-02 17:35:14.936322
   post_nightly_audit success 2026-10-05 17:30:00.002134 -> 2026-10-05 17:31:24.540933
   consolidation_readiness success 2026-10-05 17:35:00.002366 -> 2026-10-05 17:35:24.710165
== dead_column audit rows today (any event_type like dead_column%)
   {'event_type': 'dead_column_detected', 't': '2026-10-05 17:30:04.966909', 'summary': 'mi_anticipation_consolidation.orderliness', 'detail': '{"table": "mi_anticipation_consolidation", "column": "orderliness", "rows": 2125}'}
== rows updated between Fri 10-02 18:00 ET and Mon 10-05 17:34 ET (writer runs before tonight)
   0
== table totals now
   {'n': 2132, 'n_ord': 106, 'max_eval': datetime.date(2026, 10, 5), 'last_upd': '2026-10-05 17:35:24.211751'}
== what the board read (get_consolidation_board WHERE) would show now
   {'n': 69, 'n_ord': 69}
== mis-mapping check: orderliness vs atr14_pct / rmv_5d on tonight's rows (should differ)
   {'n': 106, 'eq_atr': 0, 'eq_rmv5': 0, 'n_distinct': 106}
== recompute orderliness for 15 of 106 tonight rows (today=2026-10-05)
   MSTR   post_runup stored=0.643629364785936      recomputed=0.643629364785936 OK (cons=ok)
   TRMB   aged       stored=0.6907108896760866     recomputed=0.6907108896760866 OK (cons=ok)
   INTC   post_runup stored=0.58732180571299       recomputed=0.58732180571299 OK (cons=ok)
   NTSK   post_runup stored=0.5172383896221836     recomputed=0.5172383896221836 OK (cons=ok)
   IQV    post_runup stored=0.432665102981555      recomputed=0.432665102981555 OK (cons=ok)
   PLTR   post_runup stored=0.5944543868047715     recomputed=0.5944543868047715 OK (cons=ok)
   REPL   aged       stored=0.29519965716602425    recomputed=0.29519965716602425 OK (cons=ok)
   FLKR   post_runup stored=0.8942298337917851     recomputed=0.8942298337917851 OK (cons=ok)
   IAG    aged       stored=0.8438014286269446     recomputed=0.8438014286269446 OK (cons=ok)
   OR     aged       stored=1.0757205900640512     recomputed=1.0757205900640512 OK (cons=ok)
   SAP    aged       stored=1.3697159997049488     recomputed=1.3697159997049488 OK (cons=ok)
   CNH    post_runup stored=0.5609816727172975     recomputed=0.5609816727172975 OK (cons=ok)
   MTD    post_runup stored=0.42785033584338134    recomputed=0.42785033584338134 OK (cons=ok)
   BLSH   post_runup stored=0.46486837361381605    recomputed=0.46486837361381605 OK (cons=ok)
   FSM    aged       stored=1.0335518283603096     recomputed=1.0335518283603096 OK (cons=ok)
  match=15 mismatch=0
