now ET: 2026-10-05 17:36:45.469765
== mi_job_runs today: post_nightly_audit / consolidation_readiness
   {'job_id': 'post_nightly_audit', 'status': 'success', 's': datetime.time(17, 30, 0, 1895), 'f': datetime.time(17, 31, 31, 663197)}
   {'job_id': 'consolidation_readiness', 'status': 'success', 's': datetime.time(17, 35, 0, 2224), 'f': datetime.time(17, 35, 14, 936322)}
   {'job_id': 'post_nightly_audit', 'status': 'success', 's': datetime.time(17, 30, 0, 2134), 'f': datetime.time(17, 31, 24, 540933)}
   {'job_id': 'consolidation_readiness', 'status': 'success', 's': datetime.time(17, 35, 0, 2366), 'f': datetime.time(17, 35, 24, 710165)}
== dead_column_detected audit rows (all time)
   2026-10-05 17:30:04.966909 mi_anticipation_consolidation.orderliness {"table": "mi_anticipation_consolidation", "column": "orderliness", "rows": 2125}
   2026-09-14 17:30:08.671856 mi_flag_candidates.low_after_breakout {"table": "mi_flag_candidates", "column": "low_after_breakout", "rows": 55118}
   2026-09-07 17:30:37.378736 mi_live_fill_counterfactuals.breakeven_arm_r {"table": "mi_live_fill_counterfactuals", "column": "breakeven_arm_r", "rows": 43}
   2026-09-07 17:30:37.374085 mi_live_fill_counterfactuals.mark_r {"table": "mi_live_fill_counterfactuals", "column": "mark_r", "rows": 43}
   2026-09-07 17:30:11.844515 mi_gap_near_miss_replays.mark_r {"table": "mi_gap_near_miss_replays", "column": "mark_r", "rows": 361}
   2026-09-04 17:30:00.971495 mi_analyst_estimates.fiscal_year {"table": "mi_analyst_estimates", "column": "fiscal_year", "rows": 144}
   2026-09-04 17:30:00.970006 mi_analyst_estimates.fiscal_quarter {"table": "mi_analyst_estimates", "column": "fiscal_quarter", "rows": 144}
   2026-09-03 17:30:03.572079 mi_delayed_entry_trigger.mae_r_025 {"table": "mi_delayed_entry_trigger", "column": "mae_r_025", "rows": 2867}
   2026-09-03 17:30:03.568453 mi_delayed_entry_trigger.mfe_r_025 {"table": "mi_delayed_entry_trigger", "column": "mfe_r_025", "rows": 2867}
   2026-09-03 17:30:03.566249 mi_delayed_entry_trigger.realized_r_trail_025 {"table": "mi_delayed_entry_trigger", "column": "realized_r_trail_025", "rows": 2867}
   2026-09-03 17:30:03.563972 mi_delayed_entry_trigger.realized_r_025 {"table": "mi_delayed_entry_trigger", "column": "realized_r_025", "rows": 2867}
   2026-09-03 17:30:03.561592 mi_delayed_entry_trigger.stop_width_pct_025 {"table": "mi_delayed_entry_trigger", "column": "stop_width_pct_025", "rows": 2867}
== mi_anticipation_consolidation orderliness
   {'n': 2132, 'n_ord': 106, 'last_upd': '2026-10-05 17:35:24.211751', 'n_today': 106, 'n_today_ord': 106, 'n_eval_today': 106, 'n_nonaged': 1910}
== today's rows by state (n, n with orderliness)
   {'state': 'aged', 'n': 37, 'n_ord': 37, 'mn': Decimal('0.30'), 'med': Decimal('0.74'), 'mx': Decimal('1.37')}
   {'state': 'post_runup', 'n': 69, 'n_ord': 69, 'mn': Decimal('0.13'), 'med': Decimal('0.51'), 'mx': Decimal('1.12')}
== last_eval distribution (how many rows the nightly rewrite never touches again)
   2026-10-05 106
   2026-10-02 23
   2026-10-01 22
   2026-09-30 23
   2026-09-29 7
   2026-09-28 12
   2026-09-25 18
   2026-09-24 19
== consolidation audit events today
   {'event_type': 'mna_filter_released', 'n': 7, 't0': datetime.time(7, 0, 32, 718178), 't1': datetime.time(17, 35, 18, 704110)}
   {'event_type': 'mna_filter_fired', 'n': 1, 't0': datetime.time(7, 1, 30, 713821), 't1': datetime.time(7, 1, 30, 713821)}
   {'event_type': 'anticipation_coil_buyout_pin_rejected', 'n': 12, 't0': datetime.time(17, 35, 4, 899889), 't1': datetime.time(17, 35, 5, 730318)}
   {'event_type': 'anticipation_mna_price_unread', 'n': 1, 't0': datetime.time(17, 35, 23, 128252), 't1': datetime.time(17, 35, 23, 128252)}
   {'event_type': 'anticipation_mna_check_capped', 'n': 1, 't0': datetime.time(17, 35, 23, 989993), 't1': datetime.time(17, 35, 23, 989993)}
