===== SOLS 2026-08-28
  2026-08-24 O 55.95 H 56.090671 L 54.56 C 55.36 V 2122562  
  2026-08-25 O 55.36 H 55.98 L 54.62 C 55.54 V 3073821  +0.0% open-gap
  2026-08-26 O 55.22 H 56.9599 L 55.0 C 56.37 V 2593388  -0.6% open-gap
  2026-08-27 O 56.87 H 57.56 L 55.88 C 56.34 V 1852519  +0.9% open-gap
  2026-08-28 O 65.0 H 67.5 L 63.13 C 63.53 V 16413965  +15.4% open-gap
  2026-08-31 O 63.47 H 64.93 L 62.43 C 63.39 V 5144632  -0.1% open-gap
  ALERT: {'ticker': 'SOLS', 'alert_date': '2026-08-28', 'gap_pct': '16.26', 'ep_score': '67.5', 'score_tier': 'HIGH', 'catalyst_quality': 'strong', 'created_at': '2026-08-28 11:01:57.969723+00:00'}
===== CHRN 2026-08-27
  2026-08-21 O 24.49 H 24.9 L 23.6 C 23.845 V 131480  
  2026-08-24 O 23.0 H 25.0 L 22.27 C 22.57 V 122585  -3.5% open-gap
  2026-08-25 O 22.86 H 23.73 L 21.25 C 21.44 V 224140  +1.3% open-gap
  2026-08-26 O 21.35 H 22.1345 L 20.14 C 21.15 V 120972  -0.4% open-gap
  2026-08-27 O 22.36 H 24.37 L 20.65 C 20.735 V 258108  +5.7% open-gap
  2026-08-28 O 21.54 H 22.22 L 18.54 C 18.74 V 203702  +3.9% open-gap
  ALERT: {'ticker': 'CHRN', 'alert_date': '2026-08-27', 'gap_pct': '12.2', 'ep_score': '105.0', 'score_tier': 'HIGH', 'catalyst_quality': 'game_changer', 'created_at': '2026-08-27 13:50:43.959480+00:00'}
===== AGX 2026-09-03
  2026-08-28 O 452.3 H 456.0 L 417.74 C 417.74 V 409328  
  2026-08-31 O 421.29 H 427.45 L 418.745 C 424.99 V 345762  +0.8% open-gap
  2026-09-01 O 422.36 H 426.24 L 401.51 C 404.75 V 502082  -0.6% open-gap
  2026-09-02 O 405.43 H 415.3 L 401.0652 C 410.4 V 542247  +0.2% open-gap
  2026-09-03 O 427.27 H 433.98 L 400.6 C 411.77 V 738507  +4.1% open-gap
  2026-09-04 O 419.5 H 429.59 L 412.79 C 417.99 V 291352  +1.9% open-gap
  ALERT: {'ticker': 'AGX', 'alert_date': '2026-09-03', 'gap_pct': '9.57', 'ep_score': '65.0', 'score_tier': 'HIGH', 'catalyst_quality': 'strong', 'created_at': '2026-09-03 13:15:35.192652+00:00'}
===== SNOW 2026-09-03
  2026-08-28 O 330.37 H 334.8 L 325.4 C 328.0 V 3081759  
  2026-08-31 O 326.5 H 332.65 L 323.04 C 331.43 V 4335661  -0.5% open-gap
  2026-09-01 O 325.875 H 328.76 L 317.82 C 319.8 V 4034498  -1.7% open-gap
  2026-09-02 O 310.54 H 319.25 L 303.89 C 305.84 V 10525817  -2.9% open-gap
  2026-09-03 O 377.245 H 384.56 L 355.47 C 356.47 V 21746823  +23.3% open-gap
  2026-09-04 O 353.63 H 356.83 L 337.11 C 337.18 V 8407273  -0.8% open-gap
  ALERT: {'ticker': 'SNOW', 'alert_date': '2026-09-03', 'gap_pct': '23.79', 'ep_score': '77.5', 'score_tier': 'HIGH', 'catalyst_quality': 'strong', 'created_at': '2026-09-03 11:01:02.695290+00:00'}
===== DG 2026-08-27
  2026-08-21 O 121.72 H 123.43 L 121.3 C 123.41 V 1770102  
  2026-08-24 O 123.58 H 125.5 L 123.0 C 125.33 V 2113119  +0.1% open-gap
  2026-08-25 O 124.78 H 124.81 L 122.3 C 122.58 V 1529741  -0.4% open-gap
  2026-08-26 O 122.0 H 123.81 L 120.44 C 122.78 V 3224574  -0.5% open-gap
  2026-08-27 O 127.84 H 132.4999 L 124.5 C 125.89 V 6401025  +4.1% open-gap
  2026-08-28 O 125.25 H 125.88 L 121.34 C 122.89 V 3297726  -0.5% open-gap
  ALERT: {'ticker': 'DG', 'alert_date': '2026-08-27', 'gap_pct': '10.92', 'ep_score': '70.5', 'score_tier': 'HIGH', 'catalyst_quality': 'strong', 'created_at': '2026-08-27 11:10:25.698381+00:00'}
