now ET: 2026-10-05 17:41:29.528399
== table: {'n': 2132, 'n_ord': 106, 'max_eval': datetime.date(2026, 10, 5), 'n_latest': 106, 'n_latest_ord': 106, 'n_nan': 0}
== distinct orderliness values tonight: 106
== board rows (what /anticipation reads): 25, unscored: 0
    PSIX post_runup 0.5487164656326908
    AMDY post_runup 0.8730248323004285
    EWY post_runup 0.8203390515903469
    AMRX post_runup 0.13003718500173808
    ABCL post_runup 0.200788432538376
== boot/deploy audit rows since Sat 10-03 18:00 ET
    2026-10-03 18:45:36.721353 dual_account_boot_verified | Alpaca clients verified for modes=['paper', 'live']
    2026-10-03 21:04:40.637567 dual_account_boot_verified | Alpaca clients verified for modes=['paper', 'live']
    2026-10-03 22:10:48.348697 dual_account_boot_verified | Alpaca clients verified for modes=['paper', 'live']
    2026-10-03 23:22:59.942154 dual_account_boot_verified | Alpaca clients verified for modes=['paper', 'live']
    2026-10-04 03:24:34.427097 dual_account_boot_verified | Alpaca clients verified for modes=['paper', 'live']
    2026-10-04 12:29:40.949067 dual_account_boot_verified | Alpaca clients verified for modes=['paper', 'live']
    2026-10-04 13:03:00.98119 dual_account_boot_verified | Alpaca clients verified for modes=['paper', 'live']
    2026-10-04 14:10:55.781373 dual_account_boot_verified | Alpaca clients verified for modes=['paper', 'live']
    2026-10-04 15:02:31.176434 dual_account_boot_verified | Alpaca clients verified for modes=['paper', 'live']
    2026-10-04 17:06:32.420064 dual_account_boot_verified | Alpaca clients verified for modes=['paper', 'live']
== was there a consolidation_readiness run between Sat 10-03 and tonight?
    {'job_id': 'consolidation_readiness', 'status': 'success', 's': '2026-10-02 17:35:00.002224'}
    {'job_id': 'consolidation_readiness', 'status': 'success', 's': '2026-10-05 17:35:00.002366'}
== replay: would 'quiet first night, alert night 2 if rows written after the sighting are all empty' fire?
  08-08 14:32 mi_stock_scores.market_cap                              no ts col -> night-2 fallback alert
  08-18 17:30 mi_alert_rank_shadow.expct_classifiable_frac            [computed_at] QUIET (no new rows by night 2); first filled 08-19 17:38
  08-19 17:30 mi_alert_rank_shadow.ext_xadr_pregap                    [computed_at] QUIET (filled 08-19 17:38 before night-2 sweep)
  08-19 17:30 mi_alert_rank_shadow.base_days_raw40                    [computed_at] QUIET (filled 08-19 17:38 before night-2 sweep)
  08-19 17:30 mi_alert_rank_shadow.base_depth_raw40                   [computed_at] QUIET (filled 08-19 17:38 before night-2 sweep)
  08-19 17:30 mi_alert_rank_shadow.base_days_adr6                     [computed_at] QUIET (filled 08-19 17:38 before night-2 sweep)
  08-19 17:30 mi_alert_rank_shadow.base_depth_adr6                    [computed_at] QUIET (filled 08-19 17:38 before night-2 sweep)
  08-19 17:30 mi_alert_rank_shadow.base_net_disp_xadr                 [computed_at] QUIET (filled 08-19 17:38 before night-2 sweep)
  08-19 17:30 mi_alert_rank_shadow.base_lookback_bars                 [computed_at] QUIET (filled 08-19 17:38 before night-2 sweep)
  08-24 17:30 mi_live_trades.risk_dollars_actual                      [created_at] QUIET (no new rows by night 2); first filled 08-27 09:31
  08-31 17:30 mi_ep_scan_log.days_since_prior_alert                   [created_at] ALERT night 2 (1881 rows written in between, col empty); first filled 09-03 09:45
  09-02 17:30 mi_delayed_entry_trigger.ep_adr20_dollar                [created_at] QUIET (filled 09-02 17:57 before night-2 sweep)
  09-02 17:30 mi_delayed_entry_trigger.ep_adr20_n                     [created_at] QUIET (filled 09-02 17:57 before night-2 sweep)
  09-02 17:30 mi_delayed_entry_trigger.stop_price_075                 [created_at] QUIET (filled 09-02 17:57 before night-2 sweep)
  09-02 17:30 mi_delayed_entry_trigger.stop_width_pct_075             [created_at] QUIET (filled 09-02 17:57 before night-2 sweep)
  09-02 17:30 mi_delayed_entry_trigger.stop_price_100                 [created_at] QUIET (filled 09-02 17:57 before night-2 sweep)
  09-02 17:30 mi_delayed_entry_trigger.stop_width_pct_100             [created_at] QUIET (filled 09-02 17:57 before night-2 sweep)
  09-02 17:30 mi_delayed_entry_trigger.day0_post_low                  [created_at] QUIET (filled 09-02 17:57 before night-2 sweep)
  09-02 17:30 mi_delayed_entry_trigger.day0_post_high                 [created_at] QUIET (filled 09-02 17:57 before night-2 sweep)
  09-02 17:30 mi_delayed_entry_trigger.realized_r_075                 [created_at] QUIET (filled 09-02 17:57 before night-2 sweep)
  09-02 17:30 mi_delayed_entry_trigger.realized_r_trail_075           [created_at] QUIET (filled 09-02 17:57 before night-2 sweep)
  09-02 17:30 mi_delayed_entry_trigger.mfe_r_075                      [created_at] QUIET (filled 09-02 17:57 before night-2 sweep)
  09-02 17:30 mi_delayed_entry_trigger.mae_r_075                      [created_at] QUIET (filled 09-02 17:57 before night-2 sweep)
  09-02 17:30 mi_delayed_entry_trigger.realized_r_100                 [created_at] QUIET (filled 09-02 17:57 before night-2 sweep)
  09-02 17:30 mi_delayed_entry_trigger.realized_r_trail_100           [created_at] QUIET (filled 09-02 17:57 before night-2 sweep)
  09-02 17:30 mi_delayed_entry_trigger.mfe_r_100                      [created_at] QUIET (filled 09-02 17:57 before night-2 sweep)
  09-02 17:30 mi_delayed_entry_trigger.mae_r_100                      [created_at] QUIET (filled 09-02 17:57 before night-2 sweep)
  09-03 17:30 mi_delayed_entry_trigger.stop_price_025                 [created_at] QUIET (filled 09-03 18:05 before night-2 sweep)
  09-03 17:30 mi_delayed_entry_trigger.stop_width_pct_025             [created_at] QUIET (filled 09-03 18:05 before night-2 sweep)
  09-03 17:30 mi_delayed_entry_trigger.realized_r_025                 [created_at] QUIET (filled 09-03 18:05 before night-2 sweep)
  09-03 17:30 mi_delayed_entry_trigger.realized_r_trail_025           [created_at] QUIET (filled 09-03 18:05 before night-2 sweep)
  09-03 17:30 mi_delayed_entry_trigger.mfe_r_025                      [created_at] QUIET (filled 09-03 18:05 before night-2 sweep)
  09-03 17:30 mi_delayed_entry_trigger.mae_r_025                      [created_at] QUIET (filled 09-03 18:05 before night-2 sweep)
  09-04 17:30 mi_analyst_estimates.fiscal_quarter                     [created_at] QUIET (filled 09-04 18:12 before night-2 sweep)
  09-04 17:30 mi_analyst_estimates.fiscal_year                        [created_at] QUIET (filled 09-04 18:12 before night-2 sweep)
  09-07 17:30 mi_gap_near_miss_replays.mark_r                         [updated_at] QUIET (no new rows by night 2); first filled 10-02 18:14
  09-07 17:30 mi_live_fill_counterfactuals.mark_r                     [recorded_at] ALERT night 2 (5 rows written in between, col empty); first filled never
  09-07 17:30 mi_live_fill_counterfactuals.breakeven_arm_r            [recorded_at] ALERT night 2 (5 rows written in between, col empty); first filled 09-08 18:04
  09-14 17:30 mi_flag_candidates.low_after_breakout                   [created_at] QUIET (filled 09-15 17:25 before night-2 sweep)
  10-05 17:30 mi_anticipation_consolidation.orderliness               [updated_at] QUIET (filled 10-05 17:35 before night-2 sweep)
