# #687 backfill --final run 2026-09-29T10:27:48-04:00 — a REBUILT EP-like population, not live alerts
## ANCHOR (a) forward walk on #685's 79 paired trades: A0 -5.77 (expect −5.77) A1 -9.85 (expect −9.85); per-trade mismatches 0 -> REPRODUCED
## ANCHOR (b) day-0 state builder vs study.day0_state on 86 #685 campaigns: mismatches 0 -> REPRODUCED
## ANCHOR (c) the live order path vs #685's entry_walk on the 149 alerts the harness ordered (stored bars, harness submit time): {'both_fill:same_px': 85, 'live_chase_cap_skip_harness_filled': 3, 'live_fills_harness_no_entry:chase_open': 1, 'neither:abstain': 30, 'neither:no_entry': 30}
   FEED: Polygon 09:30 bar vs the stored (SIP-stream) bar on 149 days with both: H or L differ by > $0.005 on 7; entry verdict/price flips 30, of which 29 are stored-coverage gaps (stored abstain, Polygon readable) and 1 are price/verdict disagreements; the live path on Polygon bars gives {'abstain': 1, 'chase_cap_skip': 4, 'filled:chase_open': 5, 'filled:cross': 101, 'no_entry': 38}
    REAL flip TSEM 2026-07-14: stored filled 273.25 vs polygon filled 271.5
    AGX 2026-06-05: dH +2.170 dL +0.000 (stored H 697.68)
    TSEM 2026-07-14: dH -1.750 dL +0.000 (stored H 273.25)
    ACMR 2026-08-07: dH -0.870 dL +0.000 (stored H 93.42)
    ARGX 2026-08-17: dH +0.000 dL +0.110 (stored H 936.78)
    GLBE 2026-08-12: dH +0.000 dL +0.050 (stored H 42.34)
    MSTR 2026-09-21: dH +0.000 dL +0.020 (stored H 166.4)
    CLSK 2026-07-14: dH +0.000 dL +0.009 (stored H 15.1)
## DATA: population 2607; entry-day bars for 2607 of them (fetch log rows 2799, errors 0); held-day bar sets 656
## JOIN CHECK (Polygon adjusted bars vs mi_daily_closes, same day): {'days': 2511, 'open_within_0.5%': 2510, 'high_within_1%': 2510, 'low_within_1%': 2510, 'split_days': 44, 'split_days_open_within_0.5%': 44}; days with the 09:30 open > 2% off the daily open 1 (worst 5: [(('PSTV', datetime.date(2025, 9, 25)), 96.0, 0.6221, 15.5525)])
## ENTRY (the live order path, submit 09:31, cancel 10:00): {'abstain:entry_window_gaps': 68, 'abstain:join_mismatch_minute_vs_daily': 1, 'abstain:no_930_bar': 96, 'chase_cap_skip:chase_cap': 27, 'filled:chase_open': 116, 'filled:cross': 1470, 'filled:limit_pullback': 9, 'filled:open_in_band': 22, 'no_entry:never_crossed_orb_high': 390, 'no_trade:setup:stop_too_wide': 349, 'no_trade:setup:zero_range': 59}; filled 1617 of 2607; entries whose verdict/price flips under the 09:30-close proxy for the latest trade: 55 ({'px_lower_under_close_proxy': 23, 'chase_cap_skip->filled': 25, 'chase_cap_skip->no_entry': 2, 'filled->no_entry': 5})
## DAY 0: walked 1617; excluded {'day0:day0_fill_bar_straddles_stop': 53, 'day0:day0_stop_and_target_same_bar': 3, 'day0:day0_stop_and_breakeven_same_bar': 22, 'day0:day0_fill_bar_stop_and_target': 6}; settled on day 0 (identical in every arm) 651; reached day 1 882; chase fills among those reaching day 1 61; no ADR (D10 unhostable) 0
## ROUND-2 COVERAGE: line-test days 656; with minute bars 656; without 0 (walked on the daily bar: A0/A1/D10 are resting-stop / close rules, exact at daily grain except same-day ordering)
## LINE TESTS ALL (A1 hold-through path): 656 days on 402 trades; RECLAIM 358 / SLICE 298; with minute bars 656; days >= 1.0 ADR below the line 82 (of which closed back above 10); D10 sold on a RECLAIM day 22 of 358; A0 sold on a RECLAIM day 215 of 358; median depth on SLICE days +0.60 ADR, on RECLAIM days +0.15 ADR
## LINE TESTS DISC (A1 hold-through path): 249 days on 160 trades; RECLAIM 136 / SLICE 113; with minute bars 249; days >= 1.0 ADR below the line 35 (of which closed back above 5); D10 sold on a RECLAIM day 9 of 136; A0 sold on a RECLAIM day 80 of 136; median depth on SLICE days +0.62 ADR, on RECLAIM days +0.15 ADR
## LINE TESTS HELD (A1 hold-through path): 407 days on 242 trades; RECLAIM 222 / SLICE 185; with minute bars 407; days >= 1.0 ADR below the line 47 (of which closed back above 5); D10 sold on a RECLAIM day 13 of 222; A0 sold on a RECLAIM day 135 of 222; median depth on SLICE days +0.59 ADR, on RECLAIM days +0.15 ADR
## MAIN BLOCK ALL: campaigns 1533, paired (settled in every arm) 1505; open at horizon per arm {'A0': 0, 'A1': 0, 'D10': 0}; abstain per arm {'A0': 28, 'A1': 28, 'D10': 28}; paired trades with a delisted force-close in any arm 5
   A0      n=1505 total  +437.63 money-R ( +872.73 ORB-R; vs planned risk  +396.42) mean +0.291 median -0.06 drop-best-2  +393.23 | vs A0   +0.00 (dbt   +0.00) p=— better/worse 0/0 | >=3ORB-R 241 >=8ORB-R 88 | worst -3.62 (ALEX 2025-12-09) | losses<-1.5R 9 | open@horizon 0 held-longer 0
   A1      n=1505 total  +484.95 money-R ( +966.99 ORB-R; vs planned risk  +443.92) mean +0.322 median -0.06 drop-best-2  +437.60 | vs A0  +47.31 (dbt  +44.36) p=0.131 better/worse 154/235 | >=3ORB-R 232 >=8ORB-R 93 | worst -3.62 (ALEX 2025-12-09) | losses<-1.5R 9 | open@horizon 0 held-longer 133
   D10     n=1505 total  +467.10 money-R ( +931.30 ORB-R; vs planned risk  +426.07) mean +0.310 median -0.04 drop-best-2  +419.88 | vs A0  +29.46 (dbt  +26.64) p=0.332 better/worse 144/246 | >=3ORB-R 231 >=8ORB-R 92 | worst -3.62 (ALEX 2025-12-09) | losses<-1.5R 9 | open@horizon 0 held-longer 128
## MAIN BLOCK DISC: campaigns 626, paired (settled in every arm) 614; open at horizon per arm {'A0': 0, 'A1': 0, 'D10': 0}; abstain per arm {'A0': 12, 'A1': 12, 'D10': 12}; paired trades with a delisted force-close in any arm 3
   A0      n= 614 total  +231.90 money-R ( +461.90 ORB-R; vs planned risk  +233.18) mean +0.378 median +0.00 drop-best-2  +187.50 | vs A0   +0.00 (dbt   +0.00) p=— better/worse 0/0 | >=3ORB-R 104 >=8ORB-R 36 | worst -2.00 (HA 2024-08-20) | losses<-1.5R 3 | open@horizon 0 held-longer 0
   A1      n= 614 total  +232.27 money-R ( +462.50 ORB-R; vs planned risk  +233.65) mean +0.378 median -0.00 drop-best-2  +188.34 | vs A0   +0.38 (dbt   +0.85) p=0.974 better/worse 63/92 | >=3ORB-R 97 >=8ORB-R 38 | worst -2.00 (HA 2024-08-20) | losses<-1.5R 3 | open@horizon 0 held-longer 44
   D10     n= 614 total  +228.29 money-R ( +454.55 ORB-R; vs planned risk  +229.67) mean +0.372 median -0.00 drop-best-2  +184.55 | vs A0   -3.60 (dbt   -2.95) p=0.746 better/worse 59/96 | >=3ORB-R 96 >=8ORB-R 38 | worst -2.00 (HA 2024-08-20) | losses<-1.5R 3 | open@horizon 0 held-longer 41
## MAIN BLOCK HELD: campaigns 907, paired (settled in every arm) 891; open at horizon per arm {'A0': 0, 'A1': 0, 'D10': 0}; abstain per arm {'A0': 16, 'A1': 16, 'D10': 16}; paired trades with a delisted force-close in any arm 2
   A0      n= 891 total  +205.74 money-R ( +410.83 ORB-R; vs planned risk  +163.24) mean +0.231 median -0.11 drop-best-2  +182.83 | vs A0   +0.00 (dbt   +0.00) p=— better/worse 0/0 | >=3ORB-R 137 >=8ORB-R 52 | worst -3.62 (ALEX 2025-12-09) | losses<-1.5R 6 | open@horizon 0 held-longer 0
   A1      n= 891 total  +252.67 money-R ( +504.49 ORB-R; vs planned risk  +210.27) mean +0.284 median -0.09 drop-best-2  +212.12 | vs A0  +46.94 (dbt  +29.29) p=0.106 better/worse 91/143 | >=3ORB-R 135 >=8ORB-R 55 | worst -3.62 (ALEX 2025-12-09) | losses<-1.5R 6 | open@horizon 0 held-longer 89
   D10     n= 891 total  +238.81 money-R ( +476.75 ORB-R; vs planned risk  +196.40) mean +0.268 median -0.09 drop-best-2  +201.63 | vs A0  +33.07 (dbt  +18.79) p=0.237 better/worse 85/150 | >=3ORB-R 135 >=8ORB-R 54 | worst -3.62 (ALEX 2025-12-09) | losses<-1.5R 6 | open@horizon 0 held-longer 87
## RUNNER-EXIT: trades where the +8 ORB-R partial fired (the rule engages) 217 of 1533 (DISC 89 / HELD 128); every other trade is A0 in every runner arm
## RUNNER_ENGAGED BLOCK ALL: campaigns 217, paired (settled in every arm) 217; open at horizon per arm {'A0': 0, 'T20_hs': 0, 'S20_hs': 0, 'T20_be': 0, 'S20_be': 0}; abstain per arm {'A0': 0, 'T20_hs': 0, 'S20_hs': 0, 'T20_be': 0, 'S20_be': 0}; paired trades with a delisted force-close in any arm 1
   A0      n= 217 total  +870.00 money-R (+1731.83 ORB-R; vs planned risk  +875.32) mean +4.009 median +3.53 drop-best-2  +825.60 | vs A0   +0.00 (dbt   +0.00) p=— better/worse 0/0 | >=3ORB-R 174 >=8ORB-R 88 | worst -0.58 (ABAT 2025-10-13) | losses<-1.5R 0 | open@horizon 0 held-longer 0
   T20_hs  n= 217 total  +956.84 money-R (+1906.62 ORB-R; vs planned risk  +961.35) mean +4.409 median +3.74 drop-best-2  +907.44 | vs A0  +86.84 (dbt  +81.84) p=0.044 better/worse 102/110 | >=3ORB-R 157 >=8ORB-R 96 | worst -0.83 (MHK 2024-07-26) | losses<-1.5R 0 | open@horizon 0 held-longer 188
   S20_hs  n= 217 total  +959.83 money-R (+1912.67 ORB-R; vs planned risk  +964.37) mean +4.423 median +3.38 drop-best-2  +870.46 | vs A0  +89.83 (dbt  +44.86) p=0.221 better/worse 73/139 | >=3ORB-R 168 >=8ORB-R 84 | worst -0.83 (MHK 2024-07-26) | losses<-1.5R 0 | open@horizon 0 held-longer 190
   T20_be  n= 217 total  +946.15 money-R (+1884.75 ORB-R; vs planned risk  +950.94) mean +4.360 median +3.65 drop-best-2  +896.75 | vs A0  +76.15 (dbt  +71.15) p=0.054 better/worse 91/87 | >=3ORB-R 142 >=8ORB-R 90 | worst -0.58 (ABAT 2025-10-13) | losses<-1.5R 0 | open@horizon 0 held-longer 164
   S20_be  n= 217 total  +916.35 money-R (+1825.22 ORB-R; vs planned risk  +921.17) mean +4.223 median +3.23 drop-best-2  +849.15 | vs A0  +46.35 (dbt  +23.56) p=0.423 better/worse 65/113 | >=3ORB-R 160 >=8ORB-R 80 | worst -0.58 (ABAT 2025-10-13) | losses<-1.5R 0 | open@horizon 0 held-longer 168
## RUNNER_ENGAGED BLOCK DISC: campaigns 89, paired (settled in every arm) 89; open at horizon per arm {'A0': 0, 'T20_hs': 0, 'S20_hs': 0, 'T20_be': 0, 'S20_be': 0}; abstain per arm {'A0': 0, 'T20_hs': 0, 'S20_hs': 0, 'T20_be': 0, 'S20_be': 0}; paired trades with a delisted force-close in any arm 1
   A0      n=  89 total  +384.27 money-R ( +766.83 ORB-R; vs planned risk  +385.52) mean +4.318 median +3.63 drop-best-2  +339.87 | vs A0   +0.00 (dbt   +0.00) p=— better/worse 0/0 | >=3ORB-R 69 >=8ORB-R 36 | worst -0.40 (RLAY 2024-09-09) | losses<-1.5R 0 | open@horizon 0 held-longer 0
   T20_hs  n=  89 total  +406.52 money-R ( +812.21 ORB-R; vs planned risk  +407.14) mean +4.568 median +3.77 drop-best-2  +357.12 | vs A0  +22.25 (dbt  +17.25) p=0.372 better/worse 40/46 | >=3ORB-R 60 >=8ORB-R 40 | worst -0.83 (MHK 2024-07-26) | losses<-1.5R 0 | open@horizon 0 held-longer 71
   S20_hs  n=  89 total  +385.75 money-R ( +770.28 ORB-R; vs planned risk  +386.68) mean +4.334 median +3.38 drop-best-2  +338.16 | vs A0   +1.48 (dbt   -1.70) p=0.967 better/worse 32/54 | >=3ORB-R 68 >=8ORB-R 34 | worst -0.83 (MHK 2024-07-26) | losses<-1.5R 0 | open@horizon 0 held-longer 76
   T20_be  n=  89 total  +415.26 money-R ( +829.49 ORB-R; vs planned risk  +415.98) mean +4.666 median +3.68 drop-best-2  +365.86 | vs A0  +30.99 (dbt  +25.99) p=0.171 better/worse 37/34 | >=3ORB-R 56 >=8ORB-R 39 | worst -0.40 (RLAY 2024-09-09) | losses<-1.5R 0 | open@horizon 0 held-longer 62
   S20_be  n=  89 total  +393.67 money-R ( +785.90 ORB-R; vs planned risk  +394.70) mean +4.423 median +3.23 drop-best-2  +346.08 | vs A0   +9.40 (dbt   +6.21) p=0.798 better/worse 29/42 | >=3ORB-R 65 >=8ORB-R 33 | worst -0.40 (RLAY 2024-09-09) | losses<-1.5R 0 | open@horizon 0 held-longer 67
## RUNNER_ENGAGED BLOCK HELD: campaigns 128, paired (settled in every arm) 128; open at horizon per arm {'A0': 0, 'T20_hs': 0, 'S20_hs': 0, 'T20_be': 0, 'S20_be': 0}; abstain per arm {'A0': 0, 'T20_hs': 0, 'S20_hs': 0, 'T20_be': 0, 'S20_be': 0}; paired trades with a delisted force-close in any arm 0
   A0      n= 128 total  +485.73 money-R ( +965.00 ORB-R; vs planned risk  +489.79) mean +3.795 median +3.35 drop-best-2  +462.83 | vs A0   +0.00 (dbt   +0.00) p=— better/worse 0/0 | >=3ORB-R 105 >=8ORB-R 52 | worst -0.58 (ABAT 2025-10-13) | losses<-1.5R 0 | open@horizon 0 held-longer 0
   T20_hs  n= 128 total  +550.32 money-R (+1094.41 ORB-R; vs planned risk  +554.21) mean +4.299 median +3.73 drop-best-2  +518.56 | vs A0  +64.59 (dbt  +55.73) p=0.087 better/worse 62/64 | >=3ORB-R 97 >=8ORB-R 56 | worst -0.58 (ABAT 2025-10-13) | losses<-1.5R 0 | open@horizon 0 held-longer 117
   S20_hs  n= 128 total  +574.08 money-R (+1142.40 ORB-R; vs planned risk  +577.68) mean +4.485 median +3.38 drop-best-2  +484.71 | vs A0  +88.35 (dbt  +21.88) p=0.193 better/worse 41/85 | >=3ORB-R 100 >=8ORB-R 50 | worst -0.58 (ABAT 2025-10-13) | losses<-1.5R 0 | open@horizon 0 held-longer 114
   T20_be  n= 128 total  +530.89 money-R (+1055.26 ORB-R; vs planned risk  +534.96) mean +4.148 median +3.65 drop-best-2  +499.13 | vs A0  +45.16 (dbt  +36.30) p=0.180 better/worse 54/53 | >=3ORB-R 86 >=8ORB-R 51 | worst -0.58 (ABAT 2025-10-13) | losses<-1.5R 0 | open@horizon 0 held-longer 102
   S20_be  n= 128 total  +522.69 money-R (+1039.32 ORB-R; vs planned risk  +526.47) mean +4.083 median +3.22 drop-best-2  +459.80 | vs A0  +36.96 (dbt   -3.02) p=0.514 better/worse 36/71 | >=3ORB-R 95 >=8ORB-R 47 | worst -0.58 (ABAT 2025-10-13) | losses<-1.5R 0 | open@horizon 0 held-longer 101
## RUNNER_ALL BLOCK ALL: campaigns 1533, paired (settled in every arm) 1505; open at horizon per arm {'A0': 0, 'T20_hs': 0, 'S20_hs': 0, 'T20_be': 0, 'S20_be': 0}; abstain per arm {'A0': 28, 'T20_hs': 28, 'S20_hs': 28, 'T20_be': 28, 'S20_be': 28}; paired trades with a delisted force-close in any arm 4
   A0      n=1505 total  +437.63 money-R ( +872.73 ORB-R; vs planned risk  +396.42) mean +0.291 median -0.06 drop-best-2  +393.23 | vs A0   +0.00 (dbt   +0.00) p=— better/worse 0/0 | >=3ORB-R 241 >=8ORB-R 88 | worst -3.62 (ALEX 2025-12-09) | losses<-1.5R 9 | open@horizon 0 held-longer 0
   T20_hs  n=1505 total  +524.48 money-R (+1047.53 ORB-R; vs planned risk  +482.45) mean +0.348 median -0.06 drop-best-2  +475.08 | vs A0  +86.84 (dbt  +81.84) p=0.041 better/worse 102/110 | >=3ORB-R 224 >=8ORB-R 96 | worst -3.62 (ALEX 2025-12-09) | losses<-1.5R 9 | open@horizon 0 held-longer 188
   S20_hs  n=1505 total  +527.47 money-R (+1053.58 ORB-R; vs planned risk  +485.47) mean +0.350 median -0.06 drop-best-2  +438.10 | vs A0  +89.83 (dbt  +44.86) p=0.222 better/worse 73/139 | >=3ORB-R 235 >=8ORB-R 84 | worst -3.62 (ALEX 2025-12-09) | losses<-1.5R 9 | open@horizon 0 held-longer 190
   T20_be  n=1505 total  +513.79 money-R (+1025.66 ORB-R; vs planned risk  +472.04) mean +0.341 median -0.06 drop-best-2  +464.39 | vs A0  +76.15 (dbt  +71.15) p=0.052 better/worse 91/87 | >=3ORB-R 209 >=8ORB-R 90 | worst -3.62 (ALEX 2025-12-09) | losses<-1.5R 9 | open@horizon 0 held-longer 164
   S20_be  n=1505 total  +483.99 money-R ( +966.13 ORB-R; vs planned risk  +442.28) mean +0.322 median -0.06 drop-best-2  +416.79 | vs A0  +46.35 (dbt  +23.56) p=0.440 better/worse 65/113 | >=3ORB-R 227 >=8ORB-R 80 | worst -3.62 (ALEX 2025-12-09) | losses<-1.5R 9 | open@horizon 0 held-longer 168
## RUNNER_ALL BLOCK DISC: campaigns 626, paired (settled in every arm) 614; open at horizon per arm {'A0': 0, 'T20_hs': 0, 'S20_hs': 0, 'T20_be': 0, 'S20_be': 0}; abstain per arm {'A0': 12, 'T20_hs': 12, 'S20_hs': 12, 'T20_be': 12, 'S20_be': 12}; paired trades with a delisted force-close in any arm 2
   A0      n= 614 total  +231.90 money-R ( +461.90 ORB-R; vs planned risk  +233.18) mean +0.378 median +0.00 drop-best-2  +187.50 | vs A0   +0.00 (dbt   +0.00) p=— better/worse 0/0 | >=3ORB-R 104 >=8ORB-R 36 | worst -2.00 (HA 2024-08-20) | losses<-1.5R 3 | open@horizon 0 held-longer 0
   T20_hs  n= 614 total  +254.15 money-R ( +507.29 ORB-R; vs planned risk  +254.79) mean +0.414 median -0.00 drop-best-2  +204.75 | vs A0  +22.25 (dbt  +17.25) p=0.364 better/worse 40/46 | >=3ORB-R 95 >=8ORB-R 40 | worst -2.00 (HA 2024-08-20) | losses<-1.5R 3 | open@horizon 0 held-longer 71
   S20_hs  n= 614 total  +233.38 money-R ( +465.35 ORB-R; vs planned risk  +234.33) mean +0.380 median -0.00 drop-best-2  +185.79 | vs A0   +1.48 (dbt   -1.70) p=0.969 better/worse 32/54 | >=3ORB-R 103 >=8ORB-R 34 | worst -2.00 (HA 2024-08-20) | losses<-1.5R 3 | open@horizon 0 held-longer 76
   T20_be  n= 614 total  +262.89 money-R ( +524.57 ORB-R; vs planned risk  +263.64) mean +0.428 median +0.00 drop-best-2  +213.49 | vs A0  +30.99 (dbt  +25.99) p=0.184 better/worse 37/34 | >=3ORB-R 91 >=8ORB-R 39 | worst -2.00 (HA 2024-08-20) | losses<-1.5R 3 | open@horizon 0 held-longer 62
   S20_be  n= 614 total  +241.29 money-R ( +480.98 ORB-R; vs planned risk  +242.36) mean +0.393 median +0.00 drop-best-2  +193.71 | vs A0   +9.40 (dbt   +6.21) p=0.795 better/worse 29/42 | >=3ORB-R 100 >=8ORB-R 33 | worst -2.00 (HA 2024-08-20) | losses<-1.5R 3 | open@horizon 0 held-longer 67
## RUNNER_ALL BLOCK HELD: campaigns 907, paired (settled in every arm) 891; open at horizon per arm {'A0': 0, 'T20_hs': 0, 'S20_hs': 0, 'T20_be': 0, 'S20_be': 0}; abstain per arm {'A0': 16, 'T20_hs': 16, 'S20_hs': 16, 'T20_be': 16, 'S20_be': 16}; paired trades with a delisted force-close in any arm 2
   A0      n= 891 total  +205.74 money-R ( +410.83 ORB-R; vs planned risk  +163.24) mean +0.231 median -0.11 drop-best-2  +182.83 | vs A0   +0.00 (dbt   +0.00) p=— better/worse 0/0 | >=3ORB-R 137 >=8ORB-R 52 | worst -3.62 (ALEX 2025-12-09) | losses<-1.5R 6 | open@horizon 0 held-longer 0
   T20_hs  n= 891 total  +270.33 money-R ( +540.24 ORB-R; vs planned risk  +227.66) mean +0.303 median -0.11 drop-best-2  +238.57 | vs A0  +64.59 (dbt  +55.73) p=0.083 better/worse 62/64 | >=3ORB-R 129 >=8ORB-R 56 | worst -3.62 (ALEX 2025-12-09) | losses<-1.5R 6 | open@horizon 0 held-longer 117
   S20_hs  n= 891 total  +294.09 money-R ( +588.23 ORB-R; vs planned risk  +251.13) mean +0.330 median -0.11 drop-best-2  +204.72 | vs A0  +88.35 (dbt  +21.88) p=0.188 better/worse 41/85 | >=3ORB-R 132 >=8ORB-R 50 | worst -3.62 (ALEX 2025-12-09) | losses<-1.5R 6 | open@horizon 0 held-longer 114
   T20_be  n= 891 total  +250.90 money-R ( +501.09 ORB-R; vs planned risk  +208.40) mean +0.282 median -0.11 drop-best-2  +219.14 | vs A0  +45.16 (dbt  +36.30) p=0.182 better/worse 54/53 | >=3ORB-R 118 >=8ORB-R 51 | worst -3.62 (ALEX 2025-12-09) | losses<-1.5R 6 | open@horizon 0 held-longer 102
   S20_be  n= 891 total  +242.69 money-R ( +485.15 ORB-R; vs planned risk  +199.92) mean +0.272 median -0.11 drop-best-2  +179.81 | vs A0  +36.96 (dbt   -3.02) p=0.504 better/worse 36/71 | >=3ORB-R 127 >=8ORB-R 47 | worst -3.62 (ALEX 2025-12-09) | losses<-1.5R 6 | open@horizon 0 held-longer 101
## PER-TRADE (paired ALL): the trades where A1 or D10 differs from A0 by > 0.005R (largest 40 by |D10 − A0|)
   differing trades 390
    BE     2025-07-24 HELD A0:+4.67(stop_hit,2025-08-08) A1:+22.82(close_below_li,2025-09-24) D10:+22.88(stop_hit,2025-09-24)
    HL     2025-08-07 HELD A0:+3.17(stop_hit,2025-08-22) A1:+14.30(close_below_li,2025-09-24) D10:+14.30(close_below_li,2025-09-24)
    FCEL   2026-04-29 HELD A0:+0.70(stop_hit,2026-05-07) A1:+9.72(close_below_li,2026-05-29) D10:+9.72(close_below_li,2026-05-29)
    AXGN   2024-01-05 DISC A0:+13.86(stop_hit,2024-02-05) A1:+19.40(close_below_li,2024-02-28) D10:+19.40(close_below_li,2024-02-28)
    PLTR   2024-11-05 DISC A0:+5.92(stop_hit,2024-11-20) A1:+10.34(close_below_li,2024-12-18) D10:+10.08(stop_hit,2024-12-18)
    HYMC   2025-12-22 HELD A0:+3.26(stop_hit,2026-01-08) A1:+7.83(close_below_li,2026-01-30) D10:+7.41(stop_hit,2026-01-30)
    GCT    2025-11-07 HELD A0:+0.42(stop_hit,2025-11-17) A1:+4.40(close_below_li,2025-12-10) D10:+4.40(close_below_li,2025-12-10)
    EPSM   2025-04-24 HELD A0:+10.06(stop_hit,2025-05-13) A1:+17.73(close_below_li,2025-06-27) D10:+6.94(stop_hit,2025-05-13)
    SOC    2024-09-03 DISC A0:+11.06(stop_hit,2024-09-20) A1:+7.39(close_below_li,2024-09-20) D10:+8.00(stop_hit,2024-09-20)
    CDTX   2025-06-23 HELD A0:+1.93(stop_hit,2025-07-09) A1:+4.93(close_below_li,2025-08-04) D10:+4.93(close_below_li,2025-08-04)
    GRRR   2024-11-29 DISC A0:+27.27(stop_hit,2025-01-07) A1:+24.53(close_below_li,2025-01-07) D10:+24.34(stop_hit,2025-01-07)
    ALPN   2024-04-11 DISC A0:+2.06(stop_hit,2024-05-01) A1:+4.42(delisted_force,2024-05-17) D10:+4.42(delisted_force,2024-05-17)
    QUBT   2025-03-14 HELD A0:+1.71(stop_hit,2025-03-21) A1:+3.91(close_below_li,2025-03-31) D10:+3.91(close_below_li,2025-03-31)
    CSTL   2025-08-05 HELD A0:-0.20(stop_hit,2025-08-20) A1:+1.93(close_below_li,2025-09-10) D10:+1.93(close_below_li,2025-09-10)
    INOD   2024-05-08 DISC A0:+4.29(stop_hit,2024-05-31) A1:+6.26(close_below_li,2024-06-14) D10:+6.26(close_below_li,2024-06-14)
    APP    2024-11-07 DISC A0:+6.25(stop_hit,2024-11-27) A1:+8.29(close_below_li,2024-12-09) D10:+8.01(stop_hit,2024-12-09)
    SMCI   2024-01-19 DISC A0:+17.13(stop_hit,2024-02-20) A1:+15.72(close_below_li,2024-02-21) D10:+15.50(stop_hit,2024-02-20)
    ANIP   2025-08-08 HELD A0:+5.41(stop_hit,2025-08-28) A1:+7.03(close_below_li,2025-09-17) D10:+7.03(close_below_li,2025-09-17)
    MEC    2025-10-21 HELD A0:+8.39(stop_hit,2025-11-05) A1:+5.94(close_below_li,2025-11-05) D10:+6.79(stop_hit,2025-11-05)
    LITE   2024-08-15 DISC A0:+2.28(stop_hit,2024-09-03) A1:+0.44(close_below_li,2024-09-03) D10:+0.70(stop_hit,2024-09-03)
    FSLY   2026-02-12 HELD A0:+5.26(stop_hit,2026-03-17) A1:+6.86(close_below_li,2026-03-30) D10:+6.82(stop_hit,2026-03-30)
    ROOT   2025-02-27 HELD A0:-0.46(stop_hit,2025-03-04) A1:+1.00(close_below_li,2025-03-26) D10:+1.00(close_below_li,2025-03-26)
    BLZE   2024-02-16 DISC A0:+1.81(stop_hit,2024-02-27) A1:+3.24(close_below_li,2024-03-11) D10:+3.24(close_below_li,2024-03-11)
    HSII   2025-10-06 HELD A0:-0.21(stop_hit,2025-10-23) A1:+1.21(close_below_li,2025-11-13) D10:+1.21(close_below_li,2025-11-13)
    BKKT   2026-01-05 HELD A0:+6.97(stop_hit,2026-01-20) A1:+5.56(close_below_li,2026-01-20) D10:+5.56(close_below_li,2026-01-20)
    RYAM   2026-02-25 HELD A0:+8.89(stop_hit,2026-03-19) A1:+7.16(close_below_li,2026-03-20) D10:+7.52(stop_hit,2026-03-20)
    IMSR   2026-01-06 HELD A0:+1.02(stop_hit,2026-01-21) A1:+2.33(close_below_li,2026-01-26) D10:+2.33(close_below_li,2026-01-26)
    REAL   2024-12-09 DISC A0:+2.17(stop_hit,2024-12-24) A1:+3.47(close_below_li,2025-01-02) D10:+3.47(close_below_li,2025-01-02)
    RAPT   2026-01-20 HELD A0:+1.88(stop_hit,2026-02-04) A1:+3.17(close_below_li,2026-02-13) D10:+3.17(close_below_li,2026-02-13)
    IE     2025-04-15 HELD A0:+0.22(stop_hit,2025-04-21) A1:+1.50(close_below_li,2025-04-30) D10:+1.50(close_below_li,2025-04-30)
    FUSN   2024-03-19 DISC A0:+1.21(stop_hit,2024-04-05) A1:+0.00(stop_hit,2024-04-05) D10:+0.00(stop_hit,2024-04-05)
    LOVE   2026-03-26 HELD A0:+0.62(stop_hit,2026-04-13) A1:+1.82(close_below_li,2026-04-22) D10:+1.82(close_below_li,2026-04-22)
    ESTA   2025-11-05 HELD A0:+3.12(stop_hit,2025-11-18) A1:+4.29(close_below_li,2025-12-02) D10:+4.29(close_below_li,2025-12-02)
    LRN    2024-10-23 DISC A0:+3.86(stop_hit,2024-11-20) A1:+4.97(close_below_li,2024-12-09) D10:+4.97(close_below_li,2024-12-09)
    KROS   2024-01-04 DISC A0:+0.37(stop_hit,2024-01-18) A1:+1.48(close_below_li,2024-01-31) D10:+1.48(close_below_li,2024-01-31)
    CRCL   2026-02-25 HELD A0:+8.48(stop_hit,2026-03-23) A1:+5.36(close_below_li,2026-03-24) D10:+7.39(stop_hit,2026-03-24)
    QS     2024-01-04 DISC A0:+2.93(stop_hit,2024-01-12) A1:+1.94(close_below_li,2024-01-12) D10:+1.86(stop_hit,2024-01-12)
    WIX    2024-05-20 DISC A0:+0.71(stop_hit,2024-05-31) A1:+1.78(close_below_li,2024-06-04) D10:+1.78(close_below_li,2024-06-04)
    TASK   2025-05-09 HELD A0:+1.94(stop_hit,2025-05-27) A1:+0.89(close_below_li,2025-05-28) D10:+0.89(close_below_li,2025-05-28)
    FLG    2025-01-30 HELD A0:+5.96(stop_hit,2025-02-21) A1:+4.80(close_below_li,2025-02-21) D10:+4.90(stop_hit,2025-02-21)
