2026-10-05T10:33:43-04:00 [note] PAPER GUARD OK: paper account c126091e-cef0-474a-bfc5-6309f6e3fd4a != live account 68f00b2a-5b67-4490-83b7-058af8f5b50f; paper endpoint https://paper-api.alpaca.markets; live tripwire armed (any non-paper client lookup raises; live keys removed from this process)
2026-10-05T10:33:43-04:00 [note] state: {}
2026-10-05T10:33:43-04:00 [note] KO: position None; open orders []; rehearsal rows []
2026-10-05T10:33:43-04:00 [note] PEP: position None; open orders []; rehearsal rows []
2026-10-05T10:33:43-04:00 [note] PG: position None; open orders []; rehearsal rows []
2026-10-05T10:33:55-04:00 [note] PAPER GUARD OK: paper account c126091e-cef0-474a-bfc5-6309f6e3fd4a != live account 68f00b2a-5b67-4490-83b7-058af8f5b50f; paper endpoint https://paper-api.alpaca.markets; live tripwire armed (any non-paper client lookup raises; live keys removed from this process)
2026-10-05T10:33:55-04:00 [note] TICKERS OK: P1=KO P2=PEP probe=PG — not held, no open orders, no trade rows in the paper account
2026-10-05T10:33:55-04:00 [note] paper toggles in mi_safeguard_state (read-only; patched IN-PROCESS for the partial only, prod unaffected): {'profit_take_resting_limit': 'no row', 'profit_take_oco': 'no row', 'magna53_depth_exit': 'no row'}
2026-10-05T10:33:55-04:00 [note] open paper trade rows before the rehearsal: 0 (the rehearsal adds 2; they count toward the PAPER 5-position cap until cleanup)
2026-10-05T10:33:55-04:00 [note] A1-A3 and B1 run NOW (spec 10:00/10:05/10:10) — the steps, not the clock time, are what the rehearsal checks
2026-10-05T10:33:58-04:00 [A1] PASS — buy 3 KO + GTC stop 5% below; every share reserved | fill $85.94, stop $81.64 (ecf62a2b), row #407 entry $83.36 (set 3% under the fill so the breakeven step stays below market), partial_taken True (TRUE keeps production's +2R profit trigger off it), position 3.0 / free 0.0
2026-10-05T10:33:58-04:00 [A2] PASS — execute_partial_exit (limit far above) → OCO third resting, 2/3 stop live, every share reserved | returned True; OCO 6876bfdd ('new', 1.0, 128.91); 2/3 stop ('6d5ff7a8', 'new', 2.0, 81.64); free 0.0
2026-10-05T10:33:58-04:00 [A3] PASS — price-only replace of the 2/3 stop +1% → a new id, still covering | 6d5ff7a8 → 346bf2ff @ $82.46 (new, qty 2.0); row pointer 346bf2ff; free 0.0
2026-10-05T10:34:18-04:00 [note] A3: audit rows naming P1 in the 20 s after the replace: none — the stream's unprotected page leaves no row; check the paper channel for a 'Stop order ... Position unprotected' page on KO around 10:33:58 ET
2026-10-05T10:34:21-04:00 [B1] PASS — P2: 4 PEP, row of 3 under a 3-sh stop + one extra 1-sh resting sell the books do not know (holds a share, not a pending exit) | fill $124.56, stop $118.33 (10b5eada), extra e016bb55, row #408 partial_taken True, position 4.0 / free 0.0
2026-10-05T10:34:22-04:00 [B2] PASS — extra sell holds a share → execute_full_exit rejected → stop restored at the same price <= 5 s → page | returned False; sell error: {"available":"3","code":40310000,"existing_qty":"4","held_for_orders":"1","message":"insufficient qty available for order (requested: 4, available: 3)","symbol"; full_exit_rejected rows 1; restored ('b83b84e1', 'new', 3.0, 118.33) 0.03 s after the rejection; page: 📄 PAPER 🧪 #687 REHEARSAL (paper test order, not a real position) — ⚠️ Full exit FAILED for PEP: {"available":"3","code":40310000,"existing_q
2026-10-05T10:34:53-04:00 [B2b] FAIL — the stream recorded the planned-sale cancel instead of paging 'unprotected' | NO row in 30 s — the paper stream did not take the silent path (it paged, or it is not running for paper)
2026-10-05T10:34:55-04:00 [B3] PASS — extra sell cancelled + extra share sold → P2 = 3 PEP under the restored stop | position 3.0 / free 0.0
2026-10-05T10:34:55-04:00 [note] waiting for 15:51 ET
2026-10-05T12:04:39-04:00 [note] PAPER GUARD OK: paper account c126091e-cef0-474a-bfc5-6309f6e3fd4a != live account 68f00b2a-5b67-4490-83b7-058af8f5b50f; paper endpoint https://paper-api.alpaca.markets; live tripwire armed (any non-paper client lookup raises; live keys removed from this process)
2026-10-05T12:04:39-04:00 [note] state: {"day_a": "2026-10-05", "tickers": ["KO", "PEP", "PG"], "started_at": "2026-10-05T10:33:55.936383-04:00", "order_ids": ["c00a358e-24f9-4654-a6f0-852ee81043ba", "ecf62a2b-bc3f-4bd0-a15b-1a78d6b2dee0", "6813731a-1abf-4b5d-b3c5-97d4c15e24a4", "10b5eada-0798-4df3-9644-eefe1296aa7c", "e016bb55-148c-4d43-bc3c-a1daabed8751", "db338794-207d-46bf-8d86-370fea0de3c4"], "p1": {"trade_id": 407, "fill": 85.94, "stop_price": 81.64, "entry": 83.36, "oco_id": "6876bfdd-f17f-4bb3-a6e4-c688eb76d4ef", "stop2_id": "6d5ff7a8-5a7b-417c-a5c9-45470ba9a880", "limit": 128.91, "stop3_id": "346bf2ff-af40-44f5-b8c2-ec1e3a32a69d", "stop3_price": 82.46}, "p2": {"trade_id": 408, "fill": 124.5575, "stop_price": 118.33, "extra_id": "e016bb55-148c-4d43-bc3c-a1daabed8751", "restored_stop_id": "b83b84e1-d89a-431b-ae51-aa20dc918cb5", "ready": true}}
2026-10-05T12:04:39-04:00 [note] KO: position (3.0, 0.0); open orders [('5664c691', 'sell', 'stop', 3.0, 'new')]; rehearsal rows [407]
2026-10-05T12:04:39-04:00 [note] PEP: position (3.0, 0.0); open orders [('b83b84e1', 'sell', 'stop', 3.0, 'new')]; rehearsal rows [408]
2026-10-05T12:04:39-04:00 [note] PG: position None; open orders []; rehearsal rows []
2026-10-05T12:04:39-04:00 [note] p1: row {'id': 407, 'ticker': 'KO', 'alert_date': datetime.date(2026, 10, 5), 'ep_score': None, 'catalyst_quality': None, 'gap_pct': None, 'regime': None, 'status': 'filled', 'orb_high': None, 'orb_low': 81.64, 'atr_14': None, 'entry_price': 83.36, 'entry_shares': 3.0, 'stop_price': 82.46, 'hard_stop': 81.64, 'position_size': None, 'risk_dollars': None, 'entry_order_id': None, 'stop_order_id': '5664c691-5969-4432-9684-ae9160064bb0', 'exits': [], 'remaining_shares': 3.0, 'total_pnl': 0.0, 'hold_days': 0, 'partial_taken': True, 'breakeven_active': False, 'running_closes': [], 'proposed_at': None, 'confirmed_at': None, 'skip_reason': None, 'created_at': datetime.datetime(2026, 10, 5, 14, 33, 58, 31249, tzinfo=datetime.timezone.utc), 'filled_at': datetime.datetime(2026, 10, 5, 14, 33, 58, 31249, tzinfo=datetime.timezone.utc), 'closed_at': None, 'entry_attempt': 1, 'signal_type': 'integration_test', 'account_mode': 'paper', 'lowest_price_seen': Decimal('85.8949999999999960209606797434389591217041015625'), 'highest_price_seen': Decimal('86.275000000000005684341886080801486968994140625'), 'pnl_attribution': None, 'risk_dollars_actual': None, 'dead_stop_price': 82.46, 'dead_stop_order_id': '346bf2ff-af40-44f5-b8c2-ec1e3a32a69d', 'dead_stop_status': 'OrderStatus.CANCELED', 'dead_stop_recorded_at': datetime.datetime(2026, 10, 5, 16, 2, 57, 244179, tzinfo=datetime.timezone.utc), 'exit_rule': None, 'depth_sell_pending_on': None}
2026-10-05T12:04:39-04:00 [note] p1: fill 85.94
2026-10-05T12:04:39-04:00 [note] p2: row {'id': 408, 'ticker': 'PEP', 'alert_date': datetime.date(2026, 10, 5), 'ep_score': None, 'catalyst_quality': None, 'gap_pct': None, 'regime': None, 'status': 'filled', 'orb_high': None, 'orb_low': 118.33, 'atr_14': None, 'entry_price': 120.82, 'entry_shares': 3.0, 'stop_price': 118.33, 'hard_stop': 118.33, 'position_size': None, 'risk_dollars': None, 'entry_order_id': None, 'stop_order_id': 'b83b84e1-d89a-431b-ae51-aa20dc918cb5', 'exits': [], 'remaining_shares': 3.0, 'total_pnl': 0.0, 'hold_days': 0, 'partial_taken': True, 'breakeven_active': False, 'running_closes': [], 'proposed_at': None, 'confirmed_at': None, 'skip_reason': None, 'created_at': datetime.datetime(2026, 10, 5, 14, 34, 21, 393056, tzinfo=datetime.timezone.utc), 'filled_at': datetime.datetime(2026, 10, 5, 14, 34, 21, 393056, tzinfo=datetime.timezone.utc), 'closed_at': None, 'entry_attempt': 1, 'signal_type': 'integration_test', 'account_mode': 'paper', 'lowest_price_seen': Decimal('124.4800000000000039790393202565610408782958984375'), 'highest_price_seen': Decimal('124.8700000000000045474735088646411895751953125'), 'pnl_attribution': None, 'risk_dollars_actual': None, 'dead_stop_price': 118.33, 'dead_stop_order_id': '10b5eada-0798-4df3-9644-eefe1296aa7c', 'dead_stop_status': 'OrderStatus.CANCELED', 'dead_stop_recorded_at': datetime.datetime(2026, 10, 5, 14, 34, 21, 464516, tzinfo=datetime.timezone.utc), 'exit_rule': None, 'depth_sell_pending_on': None}
2026-10-05T12:04:39-04:00 [note] p2: fill 124.5575
