t|event_type|left|left
09:32:04|full_exit_committed|KO: DB committed on WS fill — sold 2 @$87.74, reason=sma_trail_stop, total_pnl $+7.16 — 1 sh remain under a resting exit, trade stays OPEN|{"trade_id": 417, "ticker": "KO", "shares": 2, "fill_price": 87.74, "pnl": 7.159999999999997, "total_pnl": 7.159999999999997, "reason": "sma_trail_stop", "order_id": "62a96d17-af9f-490e-8bb4-328e08c0cbbe", "new_remaining": 1}
09:35:00|stop_update_aborted|KO: pending exits (1) cover full remaining (1.0) — no stop sizing left|{"trade_id": 417, "ticker": "KO", "remaining_shares": 1.0, "pending_exit_qty": 1, "effective_qty": 0, "new_stop_price": 83.25}
09:35:00|stop_update_started|PEP: $120.16 → $120.16 (3 of 3 after 0 held)|{"trade_id": 418, "ticker": "PEP", "old_stop_id": null, "old_stop_price": 120.16, "new_stop_price": 120.16, "remaining_shares": 3.0, "pending_exit_qty": 0, "effective_qty": 3}
09:35:00|stop_updated|PEP: stop now $120.16 (d5d321c4-f517-46a8-a1ab-b6a258868a03) for 3 sh|{"trade_id": 418, "ticker": "PEP", "old_stop_id": null, "old_stop_price": 120.16, "new_stop_id": "d5d321c4-f517-46a8-a1ab-b6a258868a03", "new_stop_price": 120.16, "remaining_shares": 3.0, "pending_exit_qty": 0, "effective_qty": 3, "old_cancel_ok": true}
09:35:00|stop_refresh_ran|Morning: examined 4, placed 1, already-covered 2, skipped 0 (none), same-day excluded 1 (HUM)|{"pass": "Morning", "examined": 4, "placed": 1, "placed_tickers": ["PEP"], "already_covered": ["PENG", "KOD"], "skipped": [], "unprotected": [], "covered_by_resting_exit": ["KO"], "same_day_excluded": 1, "same_day_excluded_tickers": ["HUM"]}
09:36:00|order_status_reconciled|PEP order=d5d321c4: pending_new -> new (paper)|order_id=d5d321c4-f517-46a8-a1ab-b6a258868a03 trade_id=418 purpose=stop_loss db_was='pending_new' alpaca_now=new filled_qty=0.0 filled_avg_price=None
09:40:00|paper_rehearsal_687_state|#687 paper rehearsal state|{"day_a": "2026-10-08", "tickers": ["KO", "PEP", "PG"], "started_at": "2026-10-08T09:31:00.016011-04:00", "order_ids": ["64e52fa8-ddf0-4b36-a16f-979ff1777f1b", "3a328a03-3288-44dd-b71d-dd12f8bc70f0", "566ad2ee-fcb9-4393-878c-76d66fa20a0d", "32095cef-934e-457e-
09:41:01|oco_parent_cancelled_unfilled|KO [paper]: OCO parent 39e09ba2 cancelled with sibling leg status=canceled — third uncovered, re-protecting from broker truth|{"trade_id": 417, "ticker": "KO", "account_mode": "paper", "parent_order_id": "39e09ba2-92ba-43c7-8548-5eb3bb079806", "leg_order_id": "e7e8cabe-419b-4642-aeff-1c5e7f884817", "leg_status": "canceled", "event_norm": "cancelled"}
09:41:01|stop_order_id_changed|trade #417 [paper]: stop_order_id=5a09fb83-c56c-47c0-baf3-085774bc78a2 (reason=sync_coverage_repair)|{"trade_id": 417, "account_mode": "paper", "new_id": "5a09fb83-c56c-47c0-baf3-085774bc78a2", "reason": "sync_coverage_repair"}
09:41:01|stop_coverage_repaired|KO: placed coverage stop 1 @ $83.25 (was no live stop)|{"trade_id": 417, "ticker": "KO", "account_mode": "paper", "new_stop_id": "5a09fb83-c56c-47c0-baf3-085774bc78a2", "target_qty": 1.0, "stop_price": 83.25, "db_stop_price": 83.25}
09:41:03|planned_sale_stop_cancel|KO: cancelling stop 5a09fb83 on purpose — a planned sale (paper_rehearsal_687_cleanup) replaces it|{"trade_id": 417, "ticker": "KO", "stop_order_id": "5a09fb83-c56c-47c0-baf3-085774bc78a2", "reason": "paper_rehearsal_687_cleanup", "account_mode": "paper", "site": "paper_rehearsal_687_cleanup"}
09:41:03|planned_sale_stop_cancel|PEP: cancelling stop d5d321c4 on purpose — a planned sale (paper_rehearsal_687_cleanup) replaces it|{"trade_id": 418, "ticker": "PEP", "stop_order_id": "d5d321c4-f517-46a8-a1ab-b6a258868a03", "reason": "paper_rehearsal_687_cleanup", "account_mode": "paper", "site": "paper_rehearsal_687_cleanup"}
09:41:03|stop_order_id_changed|trade #417 [paper]: stop_order_id=NULL (reason=cancel_or_reject_null)|{"trade_id": 417, "account_mode": "paper", "new_id": null, "reason": "cancel_or_reject_null"}
09:41:06|stop_cancel_by_planned_sale_silent|KO: stop 5a09fb83 cancelled by our own planned sale — not paged as unprotected (the sale reports its own outcome)|{"trade_id": 417, "ticker": "KO", "account_mode": "paper", "cancelled_order_id": "5a09fb83-c56c-47c0-baf3-085774bc78a2", "event_norm": "cancelled"}
09:41:06|stop_order_id_changed|trade #418 [paper]: stop_order_id=NULL (reason=cancel_or_reject_null)|{"trade_id": 418, "account_mode": "paper", "new_id": null, "reason": "cancel_or_reject_null"}
09:41:09|stop_cancel_by_planned_sale_silent|PEP: stop d5d321c4 cancelled by our own planned sale — not paged as unprotected (the sale reports its own outcome)|{"trade_id": 418, "ticker": "PEP", "account_mode": "paper", "cancelled_order_id": "d5d321c4-f517-46a8-a1ab-b6a258868a03", "event_norm": "cancelled"}
09:41:10|entry_partial_fill|[paper] PEP partial_fill 2/3 (cum 2) @ $125.65 side=sell|{"trade_id": null, "order_id": "6a3481bd-17fa-46cc-89e6-bd6bbf807293", "ticker": "PEP", "side": "sell", "event_qty": 2.0, "cum_filled": 2.0, "total_qty": 3.0, "avg_price": 125.65, "account_mode": "paper"}
09:41:10|paper_rehearsal_687_end|#687 paper rehearsal cleanup: deleted 2 row(s); residue 0|{"trade_ids": [417, 418], "residue": [], "audit_ids_naming_rehearsal_trades": [54126, 54127, 54128, 54129, 54133, 54140, 54141, 54142, 54143, 54144, 54146, 54239, 54240, 54241, 54242, 54248, 54547, 54548, 54549, 54550, 54555, 54556, 54623, 54624, 54652, 54655,
(18 rows)
