2026-10-06T09:24:36-04:00 [note] PAPER GUARD OK: paper account c126091e-cef0-474a-bfc5-6309f6e3fd4a != live account 68f00b2a-5b67-4490-83b7-058af8f5b50f; paper endpoint https://paper-api.alpaca.markets; live tripwire armed (any non-paper client lookup raises; live keys removed from this process)
2026-10-06T09:24:36-04:00 [note] state: {}
2026-10-06T09:24:36-04:00 [note] KO: position None; open orders []; rehearsal rows []
2026-10-06T09:24:37-04:00 [note] PEP: position None; open orders []; rehearsal rows []
2026-10-06T09:24:37-04:00 [note] PG: position None; open orders []; rehearsal rows []
2026-10-06T09:35:11-04:00 [note] PAPER GUARD OK: paper account c126091e-cef0-474a-bfc5-6309f6e3fd4a != live account 68f00b2a-5b67-4490-83b7-058af8f5b50f; paper endpoint https://paper-api.alpaca.markets; live tripwire armed (any non-paper client lookup raises; live keys removed from this process)
2026-10-06T09:35:11-04:00 [note] TICKERS OK: P1=KO P2=PEP probe=PG — not held, no open orders, no trade rows in the paper account
2026-10-06T09:35:11-04:00 [note] paper toggles in mi_safeguard_state (read-only; patched IN-PROCESS for the partial only, prod unaffected): {'profit_take_resting_limit': 'no row', 'profit_take_oco': 'no row', 'magna53_depth_exit': 'no row'}
2026-10-06T09:35:11-04:00 [note] open paper trade rows before the rehearsal: 0 (the rehearsal adds 2; they count toward the PAPER 5-position cap until cleanup)
2026-10-06T09:35:11-04:00 [note] A1-A3 and B1 run NOW (spec 10:00/10:05/10:10) — the steps, not the clock time, are what the rehearsal checks
2026-10-06T09:35:26-04:00 [A1] PASS — buy 3 KO + GTC stop 5% below; every share reserved | fill $86.67, stop $82.33 (8e050a56), row #410 entry $84.07 (set 3% under the fill so the breakeven step stays below market), partial_taken True (TRUE keeps production's +2R profit trigger off it), position 3.0 / free 0.0
2026-10-06T09:35:28-04:00 [A2] FAIL — execute_partial_exit (limit far above) → OCO third resting, 2/3 stop live, every share reserved | returned False; OCO None None; 2/3 stop None; free 0.0
2026-10-06T09:35:43-04:00 [B1] PASS — P2: 4 PEP, row of 3 under a 3-sh stop + one extra 1-sh resting sell the books do not know (holds a share, not a pending exit) | fill $125.98, stop $119.68 (97039c8b), extra 6f3d6a75, row #411 partial_taken True, position 4.0 / free 0.0
2026-10-06T09:35:50-04:00 [B2] FAIL — extra sell holds a share → execute_full_exit rejected → stop restored at the same price <= 5 s → page | returned False; sell error: {"available":"0","code":40310000,"existing_qty":"4","held_for_orders":"4","message":"insufficient qty available for order (requested: 4, available: 0)","symbol"; full_exit_rejected rows 1; restored ('97039c8b', 'new', 3.0, 119.68) 0.02 s after the rejection; page: 📄 PAPER 🧪 #687 REHEARSAL (paper test order, not a real position) — ⚠️ Full exit FAILED for PEP: {"available":"0","code":40310000,"existing_q
2026-10-06T09:35:54-04:00 [B2b] PASS — the stream recorded the planned-sale cancel instead of paging 'unprotected' | stop_cancel_by_planned_sale_silent row found
2026-10-06T09:36:08-04:00 [B3] FAIL — extra sell cancelled + extra share sold → P2 = 3 PEP under the restored stop | position 3.0 / free 3.0
2026-10-06T09:36:08-04:00 [note] waiting for 15:51 ET
2026-10-06T09:37:35-04:00 [note] PAPER GUARD OK: paper account c126091e-cef0-474a-bfc5-6309f6e3fd4a != live account 68f00b2a-5b67-4490-83b7-058af8f5b50f; paper endpoint https://paper-api.alpaca.markets; live tripwire armed (any non-paper client lookup raises; live keys removed from this process)
2026-10-06T09:37:35-04:00 [note] state: {"day_a": "2026-10-06", "tickers": ["KO", "PEP", "PG"], "started_at": "2026-10-06T09:35:11.124742-04:00", "order_ids": ["d2982de1-a70d-464c-bde2-18fdfbb7e24e", "8e050a56-e5b4-4999-990e-ae087d1864a1", "fcfee097-45b6-4274-8ffb-107f4b463fac", "97039c8b-4bb3-46ab-8b1a-b5386b00845a", "6f3d6a75-ed6d-46f9-b902-d42010fc1b8a", "31e86d11-3142-4ea0-b880-89731124c321"], "p1": {"trade_id": 410, "fill": 86.666667, "stop_price": 82.33, "entry": 84.07, "oco_id": null, "stop2_id": null, "limit": 130.0}, "p2": {"trade_id": 411, "fill": 125.98, "stop_price": 119.68, "extra_id": "6f3d6a75-ed6d-46f9-b902-d42010fc1b8a", "restored_stop_id": "97039c8b-4bb3-46ab-8b1a-b5386b00845a", "ready": false}}
2026-10-06T09:37:35-04:00 [note] KO: position (3.0, 0.0); open orders [('8e050a56', 'sell', 'stop', 3.0, 'new')]; rehearsal rows [410]
2026-10-06T09:37:35-04:00 [note] PEP: position (3.0, 0.0); open orders [('821530a8', 'sell', 'stop', 3.0, 'new')]; rehearsal rows [411]
2026-10-06T09:37:35-04:00 [note] PG: position None; open orders []; rehearsal rows []
2026-10-06T09:37:35-04:00 [note] p1: row {'id': 410, 'ticker': 'KO', 'alert_date': datetime.date(2026, 10, 6), 'ep_score': None, 'catalyst_quality': None, 'gap_pct': None, 'regime': None, 'status': 'filled', 'orb_high': None, 'orb_low': 82.33, 'atr_14': None, 'entry_price': 84.07, 'entry_shares': 3.0, 'stop_price': 82.33, 'hard_stop': 82.33, 'position_size': None, 'risk_dollars': None, 'entry_order_id': None, 'stop_order_id': '8e050a56-e5b4-4999-990e-ae087d1864a1', 'exits': [], 'remaining_shares': 3.0, 'total_pnl': 0.0, 'hold_days': 0, 'partial_taken': True, 'breakeven_active': False, 'running_closes': [], 'proposed_at': None, 'confirmed_at': None, 'skip_reason': None, 'created_at': datetime.datetime(2026, 10, 6, 13, 35, 26, 533232, tzinfo=datetime.timezone.utc), 'filled_at': datetime.datetime(2026, 10, 6, 13, 35, 26, 533232, tzinfo=datetime.timezone.utc), 'closed_at': None, 'entry_attempt': 1, 'signal_type': 'integration_test', 'account_mode': 'paper', 'lowest_price_seen': None, 'highest_price_seen': None, 'pnl_attribution': None, 'risk_dollars_actual': None, 'dead_stop_price': None, 'dead_stop_order_id': None, 'dead_stop_status': None, 'dead_stop_recorded_at': None, 'exit_rule': None, 'depth_sell_pending_on': None}
2026-10-06T09:37:35-04:00 [note] p1: fill 86.666667
2026-10-06T09:37:35-04:00 [note] p2: row {'id': 411, 'ticker': 'PEP', 'alert_date': datetime.date(2026, 10, 6), 'ep_score': None, 'catalyst_quality': None, 'gap_pct': None, 'regime': None, 'status': 'filled', 'orb_high': None, 'orb_low': 119.68, 'atr_14': None, 'entry_price': 122.2, 'entry_shares': 3.0, 'stop_price': 119.68, 'hard_stop': 119.68, 'position_size': None, 'risk_dollars': None, 'entry_order_id': None, 'stop_order_id': '821530a8-843e-47c1-a930-aa58d63530f6', 'exits': [], 'remaining_shares': 3.0, 'total_pnl': 0.0, 'hold_days': 0, 'partial_taken': True, 'breakeven_active': False, 'running_closes': [], 'proposed_at': None, 'confirmed_at': None, 'skip_reason': None, 'created_at': datetime.datetime(2026, 10, 6, 13, 35, 43, 184034, tzinfo=datetime.timezone.utc), 'filled_at': datetime.datetime(2026, 10, 6, 13, 35, 43, 184034, tzinfo=datetime.timezone.utc), 'closed_at': None, 'entry_attempt': 1, 'signal_type': 'integration_test', 'account_mode': 'paper', 'lowest_price_seen': None, 'highest_price_seen': None, 'pnl_attribution': None, 'risk_dollars_actual': None, 'dead_stop_price': 119.68, 'dead_stop_order_id': '97039c8b-4bb3-46ab-8b1a-b5386b00845a', 'dead_stop_status': 'OrderStatus.CANCELED', 'dead_stop_recorded_at': datetime.datetime(2026, 10, 6, 13, 35, 50, 948869, tzinfo=datetime.timezone.utc), 'exit_rule': None, 'depth_sell_pending_on': None}
2026-10-06T09:37:35-04:00 [note] p2: fill 125.98
2026-10-06T09:37:46-04:00 [note] PAPER GUARD OK: paper account c126091e-cef0-474a-bfc5-6309f6e3fd4a != live account 68f00b2a-5b67-4490-83b7-058af8f5b50f; paper endpoint https://paper-api.alpaca.markets; live tripwire armed (any non-paper client lookup raises; live keys removed from this process)
2026-10-06T09:37:46-04:00 [note] state: {"day_a": "2026-10-06", "tickers": ["KO", "PEP", "PG"], "started_at": "2026-10-06T09:35:11.124742-04:00", "order_ids": ["d2982de1-a70d-464c-bde2-18fdfbb7e24e", "8e050a56-e5b4-4999-990e-ae087d1864a1", "fcfee097-45b6-4274-8ffb-107f4b463fac", "97039c8b-4bb3-46ab-8b1a-b5386b00845a", "6f3d6a75-ed6d-46f9-b902-d42010fc1b8a", "31e86d11-3142-4ea0-b880-89731124c321"], "p1": {"trade_id": 410, "fill": 86.666667, "stop_price": 82.33, "entry": 84.07, "oco_id": null, "stop2_id": null, "limit": 130.0}, "p2": {"trade_id": 411, "fill": 125.98, "stop_price": 119.68, "extra_id": "6f3d6a75-ed6d-46f9-b902-d42010fc1b8a", "restored_stop_id": "97039c8b-4bb3-46ab-8b1a-b5386b00845a", "ready": false}}
2026-10-06T09:37:46-04:00 [note] KO: position (3.0, 0.0); open orders [('8e050a56', 'sell', 'stop', 3.0, 'new')]; rehearsal rows [410]
2026-10-06T09:37:46-04:00 [note] PEP: position (3.0, 0.0); open orders [('821530a8', 'sell', 'stop', 3.0, 'new')]; rehearsal rows [411]
2026-10-06T09:37:46-04:00 [note] PG: position None; open orders []; rehearsal rows []
2026-10-06T09:37:46-04:00 [note] p1: row {'id': 410, 'ticker': 'KO', 'alert_date': datetime.date(2026, 10, 6), 'ep_score': None, 'catalyst_quality': None, 'gap_pct': None, 'regime': None, 'status': 'filled', 'orb_high': None, 'orb_low': 82.33, 'atr_14': None, 'entry_price': 84.07, 'entry_shares': 3.0, 'stop_price': 82.33, 'hard_stop': 82.33, 'position_size': None, 'risk_dollars': None, 'entry_order_id': None, 'stop_order_id': '8e050a56-e5b4-4999-990e-ae087d1864a1', 'exits': [], 'remaining_shares': 3.0, 'total_pnl': 0.0, 'hold_days': 0, 'partial_taken': True, 'breakeven_active': False, 'running_closes': [], 'proposed_at': None, 'confirmed_at': None, 'skip_reason': None, 'created_at': datetime.datetime(2026, 10, 6, 13, 35, 26, 533232, tzinfo=datetime.timezone.utc), 'filled_at': datetime.datetime(2026, 10, 6, 13, 35, 26, 533232, tzinfo=datetime.timezone.utc), 'closed_at': None, 'entry_attempt': 1, 'signal_type': 'integration_test', 'account_mode': 'paper', 'lowest_price_seen': None, 'highest_price_seen': None, 'pnl_attribution': None, 'risk_dollars_actual': None, 'dead_stop_price': None, 'dead_stop_order_id': None, 'dead_stop_status': None, 'dead_stop_recorded_at': None, 'exit_rule': None, 'depth_sell_pending_on': None}
2026-10-06T09:37:46-04:00 [note] p1: fill 86.666667
2026-10-06T09:37:46-04:00 [note] p2: row {'id': 411, 'ticker': 'PEP', 'alert_date': datetime.date(2026, 10, 6), 'ep_score': None, 'catalyst_quality': None, 'gap_pct': None, 'regime': None, 'status': 'filled', 'orb_high': None, 'orb_low': 119.68, 'atr_14': None, 'entry_price': 122.2, 'entry_shares': 3.0, 'stop_price': 119.68, 'hard_stop': 119.68, 'position_size': None, 'risk_dollars': None, 'entry_order_id': None, 'stop_order_id': '821530a8-843e-47c1-a930-aa58d63530f6', 'exits': [], 'remaining_shares': 3.0, 'total_pnl': 0.0, 'hold_days': 0, 'partial_taken': True, 'breakeven_active': False, 'running_closes': [], 'proposed_at': None, 'confirmed_at': None, 'skip_reason': None, 'created_at': datetime.datetime(2026, 10, 6, 13, 35, 43, 184034, tzinfo=datetime.timezone.utc), 'filled_at': datetime.datetime(2026, 10, 6, 13, 35, 43, 184034, tzinfo=datetime.timezone.utc), 'closed_at': None, 'entry_attempt': 1, 'signal_type': 'integration_test', 'account_mode': 'paper', 'lowest_price_seen': None, 'highest_price_seen': None, 'pnl_attribution': None, 'risk_dollars_actual': None, 'dead_stop_price': 119.68, 'dead_stop_order_id': '97039c8b-4bb3-46ab-8b1a-b5386b00845a', 'dead_stop_status': 'OrderStatus.CANCELED', 'dead_stop_recorded_at': datetime.datetime(2026, 10, 6, 13, 35, 50, 948869, tzinfo=datetime.timezone.utc), 'exit_rule': None, 'depth_sell_pending_on': None}
2026-10-06T09:37:46-04:00 [note] p2: fill 125.98
2026-10-06T15:51:00-04:00 [A4] FAIL — 15:51 market-on-close BUY 1 PG → rejected (cutoff) | ACCEPTED (56be855a, cancelled at once) — the cutoff is not where the design assumes
2026-10-06T15:51:00-04:00 [note] waiting for 16:30 ET
2026-10-06T16:30:00-04:00 [A5] SKIP — held-shares sell | skipped — P1 not set up
2026-10-06T16:30:00-04:00 [note] waiting for 16:45 ET
2026-10-06T16:45:00-04:00 [A6] SKIP — 16:45 execute_full_exit | skipped — P1 not set up
2026-10-06T16:45:00-04:00 [note] waiting for 16:46 ET
2026-10-06T16:46:00-04:00 [A7] PASS — 16:46 opening-auction BUY 1 PG → rejected (cutoff) | rejected: {"code":40310000,"message":"opg orders must be submitted after 7:00pm and before 9:28am"}
2026-10-06T16:46:00-04:00 [note] waiting for 18:50 ET
