2026-05-05 T:pm_rvol  cut decided A->Z inside a 16-name group (missing): kept ['ACNT', 'BDSX', 'EVER', 'EWTX', 'FGNX', 'FTRE', 'IART', 'IMOS', 'PLOW', 'RAAQ'] cut ['RYTM', 'SEAT', 'SILC', 'TRT', 'VRDN', 'WYY']
2026-05-05 T:zones    cut decided A->Z inside a 7-name group (value 0): kept ['ACNT'] cut ['FGNX', 'FTRE', 'IMOS', 'SILC', 'TRT', 'WYY']
2026-05-05 S:pm_rvol  cut decided A->Z inside a 19-name group (missing): kept ['ACNT', 'BDSX', 'EVER', 'EWTX', 'FGNX', 'FTRE', 'GPK', 'IART', 'IMOS', 'PLOW', 'RAAQ', 'ROK', 'RYTM'] cut ['SEAT', 'SILC', 'TRT', 'VRDN', 'WOLF', 'WYY']
2026-05-05 S:zones    cut decided A->Z inside a 10-name group (value 0): kept ['ACNT', 'DOCN', 'FGNX', 'FTRE'] cut ['IMOS', 'SILC', 'STRL', 'TRT', 'WOLF', 'WYY']
2026-05-06 T:pm_rvol  cut decided A->Z inside a 6-name group (missing): kept ['HMY', 'HYMC', 'IAG'] cut ['MT', 'PENG', 'YOU']
2026-05-06 T:zones    cut decided A->Z inside a 3-name group (value 1): kept ['IAG', 'VECO'] cut ['YOU']
2026-05-06 S:pm_rvol  cut decided A->Z inside a 35-name group (missing): kept ['ADPT', 'AMWL', 'ARM', 'ARTV'] cut ['AU', 'BCS', 'CVKD', 'CXDO', 'DBVT', 'DGXX', 'DRD', 'GFI', 'GIG', 'HMY', 'HNGE', 'HYMC', 'IAG', 'LFVN', 'MASS', 'MT', 'NBTX', 'NG', 'OSCR', 'PENG', 'PN', 'RCL', 'SBSW', 'SCZM', 'SKK', 'STLA', 'TECK', 'TWIN', 'USNA', 'VCX', 'YOU']  LABELLED in group: [('ARM', 'REAL_EP')]
2026-05-06 S:zones    cut decided A->Z inside a 7-name group (value 2): kept ['AU', 'DBVT'] cut ['GEO', 'HMY', 'MT', 'NG', 'USNA']
2026-05-07 T:pm_rvol  cut decided A->Z inside a 8-name group (missing): kept ['EXK', 'FOUR', 'KLIC'] cut ['NVST', 'ORA', 'PTON', 'RUN', 'TREX']
2026-05-07 S:pm_rvol  cut decided A->Z inside a 39-name group (missing): kept ['AKAN', 'ALB', 'ARRY', 'ATRA', 'BBSI'] cut ['BLLN', 'CCRN', 'CPS', 'DASH', 'DGII', 'ELA', 'ERNA', 'EXK', 'EZPW', 'FOUR', 'GWW', 'HAE', 'HWM', 'ICL', 'IMOS', 'KLIC', 'LFST', 'MDB', 'MKSI', 'MRNA', 'NAMS', 'NDLS', 'NVST', 'ORA', 'PICS', 'PSTV', 'PTC', 'PTON', 'RUN', 'SNOW', 'TAOX', 'TREX', 'U', 'VCX']  LABELLED in group: [('SNOW', 'REAL_EP')]
2026-05-07 S:zones    cut decided A->Z inside a 6-name group (value 4): kept ['FOUR', 'GWW', 'ICL', 'ORA', 'PCT'] cut ['XMTR']
2026-05-08 T:pm$      cut decided A->Z inside a 5-name group (value 0): kept ['AMLX', 'ARLO'] cut ['CALY', 'PGNY', 'TILE']
2026-05-08 T:pm_rvol  cut decided A->Z inside a 8-name group (missing): kept ['ALGS', 'AMCI', 'ARTV', 'ASYS', 'CALY'] cut ['PAR', 'PHOE', 'TILE']
2026-05-08 T:zones    cut decided A->Z inside a 5-name group (value 0): kept ['ALGS', 'AMCI'] cut ['ARTV', 'PGNY', 'PHOE']
2026-05-08 S:pm$      cut decided A->Z inside a 5-name group (value 0): kept ['AMLX', 'ARLO'] cut ['CALY', 'PGNY', 'TILE']
2026-05-08 S:pm_rvol  cut decided A->Z inside a 12-name group (missing): kept ['ALGS', 'AMCI', 'ARTV', 'ASYS', 'AXTU', 'CALY', 'PAR', 'PHOE', 'REA'] cut ['TILE', 'XNDX', 'XYZ']
2026-05-11 T:zones    cut decided A->Z inside a 3-name group (value 2): kept ['DRTS', 'IX'] cut ['WYFI']
2026-05-11 S:pm_rvol  cut decided A->Z inside a 13-name group (missing): kept ['AIXI', 'ATRA', 'CEVA', 'DRTS'] cut ['GLIBK', 'HTCO', 'IX', 'KGS', 'MRNA', 'P', 'QCOM', 'RDNT', 'WYY']
2026-05-11 S:zones    cut decided A->Z inside a 16-name group (value 0): kept ['AIXI', 'ATRA', 'BNAI', 'CEVA', 'DXYZ', 'GLIBK', 'HIMX'] cut ['HTCO', 'MNTS', 'MRAM', 'NVEC', 'P', 'POET', 'QCOM', 'VCX', 'WYY']
2026-05-13 S:pm_rvol  cut decided A->Z inside a 13-name group (missing): kept ['BRUN', 'BRUNW', 'COHR', 'ENHA', 'ERNA', 'FCEL', 'HIMX'] cut ['HTLD', 'IPWR', 'NVTS', 'PSFE', 'QS', 'REA']
2026-05-13 S:zones    cut decided A->Z inside a 11-name group (value 0): kept ['AIP', 'COHR', 'DXYZ', 'EOSE', 'ERNA', 'FCEL', 'HIMX', 'MRAM', 'NVTS'] cut ['PENG', 'WOLF']  LABELLED in group: [('MRAM', 'BAD_CHART')]
2026-05-14 T:pm_rvol  cut decided A->Z inside a 5-name group (missing): kept ['HTCO', 'IPST'] cut ['JLHL', 'LICN', 'SPCB']
2026-05-14 T:zones    cut decided A->Z inside a 5-name group (value 0): kept ['HTCO', 'JLHL'] cut ['LICN', 'STAA', 'TRT']
2026-05-14 S:pm_rvol  cut decided A->Z inside a 7-name group (missing): kept ['HTCO', 'IPST', 'JLHL', 'LGN'] cut ['LICN', 'SPCB', 'UMC']
2026-05-14 S:zones    cut decided A->Z inside a 9-name group (value 0): kept ['CSCO', 'FPS', 'HTCO', 'JLHL', 'LICN', 'MTSI'] cut ['STAA', 'TRT', 'UMC']
2026-05-26 T:pm_rvol  cut decided A->Z inside a 6-name group (missing): kept ['CCOI', 'CODX', 'CPSH', 'IPWR', 'QNTM'] cut ['QTI']
2026-05-26 T:zones    cut decided A->Z inside a 5-name group (value 0): kept ['BTGO', 'CCOI', 'IPWR', 'QTI'] cut ['TRT']
2026-05-26 S:pm_rvol  cut decided A->Z inside a 6-name group (missing): kept ['CCOI', 'CODX', 'CPSH', 'IPWR', 'QNTM'] cut ['QTI']
2026-05-26 S:zones    cut decided A->Z inside a 8-name group (value 0): kept ['BTGO', 'CCOI', 'IPWR', 'QTI', 'QUIK', 'RDW', 'TRT'] cut ['UMC']
2026-05-28 T:pm_rvol  cut decided A->Z inside a 7-name group (missing): kept ['AIRO', 'ASTC', 'CODX', 'CTRN', 'DUKR', 'JFB'] cut ['PDYN']
2026-05-28 T:zones    cut decided A->Z inside a 4-name group (value 0): kept ['ASTC', 'CODX', 'DUKR'] cut ['JFB']
2026-05-28 S:pm_rvol  cut decided A->Z inside a 8-name group (missing): kept ['AIRO', 'ASTC', 'CODX', 'CTRN', 'DUKR', 'JFB', 'MWC'] cut ['PDYN']
2026-07-30 T:adv$     cut decided A->Z inside a 6-name group (missing): kept ['BOOM', 'CMCO', 'PN'] cut ['SMHI', 'SMTI', 'STGW']
2026-07-30 T:pm_rvol  cut decided A->Z inside a 5-name group (missing): kept ['BOOM', 'PN'] cut ['SMHI', 'SMTI', 'STGW']
2026-07-30 T:rs_comp  cut decided A->Z inside a 6-name group (missing): kept ['BOOM', 'CMCO', 'PN'] cut ['SMHI', 'SMTI', 'STGW']
2026-07-30 S:pm_rvol  cut decided A->Z inside a 13-name group (missing): kept ['AXTI', 'BOOM', 'CRWV'] cut ['GKOS', 'HII', 'IREN', 'MXL', 'PGY', 'PN', 'SMHI', 'SMTC', 'SMTI', 'STGW']
2026-07-30 S:zones    cut decided A->Z inside a 12-name group (value 0): kept ['ARM', 'AXTI'] cut ['CRWV', 'EME', 'FORM', 'GKOS', 'IREN', 'MXL', 'NBIS', 'SHAZ', 'SIMO', 'STGW']
2026-08-04 S:pm_rvol  cut decided A->Z inside a 11-name group (missing): kept ['AIOS', 'ALAB'] cut ['ALMU', 'CAT', 'IMC', 'INFU', 'IPGP', 'MED', 'RFIL', 'UFPT', 'VGNT']
2026-08-05 S:adv$     cut decided A->Z inside a 9-name group (missing): kept ['DBGI', 'FTK', 'GTE', 'JLHL', 'KODK', 'OSPN', 'SWIM', 'TATT'] cut ['TBI']
2026-08-05 S:pm$      cut decided A->Z inside a 3-name group (value 0): kept ['OSPN', 'QLYS'] cut ['TVTX']
2026-08-05 S:pm_rvol  cut decided A->Z inside a 5-name group (missing): kept ['DBGI', 'FTK', 'GTE', 'JLHL'] cut ['TBI']
2026-08-05 S:rs_comp  cut decided A->Z inside a 9-name group (missing): kept ['DBGI', 'FTK', 'GTE', 'JLHL', 'KODK', 'OSPN', 'SWIM', 'TATT'] cut ['TBI']
2026-08-05 S:zones    cut decided A->Z inside a 2-name group (value 0): kept ['DFNS'] cut ['JLHL']
2026-08-07 S:adv$     cut decided A->Z inside a 9-name group (missing): kept ['FNKO'] cut ['FRD', 'MITK', 'MTW', 'PUBM', 'QNST', 'SPT', 'ULBI', 'VATE']
2026-08-07 S:pm_rvol  cut decided A->Z inside a 12-name group (missing): kept ['AAOI', 'CART', 'DV', 'FLR'] cut ['FNKO', 'FRD', 'HMY', 'MCHP', 'MTW', 'ONTO', 'ULBI', 'VATE']
2026-08-07 S:rs_comp  cut decided A->Z inside a 9-name group (missing): kept ['FNKO'] cut ['FRD', 'MITK', 'MTW', 'PUBM', 'QNST', 'SPT', 'ULBI', 'VATE']
2026-08-07 S:zones    cut decided A->Z inside a 6-name group (value 3): kept ['DV', 'FNKO', 'MITK', 'NTRA', 'PSIX'] cut ['VATE']
2026-10-05 S:adv$     cut decided A->Z inside a 10-name group (missing): kept ['AFYA', 'AGBK', 'ARCO', 'ELPC', 'INTT'] cut ['PBM', 'PICS', 'PLRZ', 'SDEV', 'TIMB']
2026-10-05 S:pm_rvol  cut decided A->Z inside a 11-name group (missing): kept ['AFYA', 'AGBK', 'ELPC', 'PBM', 'PICS', 'PLRZ'] cut ['SBS', 'SDEV', 'STNE', 'TIMB', 'VIV']
2026-10-05 S:rs_comp  cut decided A->Z inside a 10-name group (missing): kept ['AFYA', 'AGBK', 'ARCO', 'ELPC', 'INTT'] cut ['PBM', 'PICS', 'PLRZ', 'SDEV', 'TIMB']
2026-10-05 S:zones    cut decided A->Z inside a 7-name group (value 0): kept ['AGBK', 'CRML'] cut ['GRML', 'INTT', 'PBM', 'PLRZ', 'SDEV']
total crowded-morning orderings whose 20-cut is decided alphabetically: 51
