### V12a per-day ranked pre-open board: last tick size AND the largest board at ANY pre-open tick (all days)
scan_date|last_tick|n_last|nd_last|n_max_any_tick|n_ticks_over_20|n_ticks|n_distinct_names_all_ticks
2026-05-01|09:25:00|16|16|18|0|31|27
2026-05-04|07:55:00|11|11|15|0|12|19
2026-05-05|09:25:00|26|26|28|23|31|37
2026-05-06|07:10:00|51|51|51|3|3|52
2026-05-07|09:25:00|54|54|54|18|18|70
2026-05-08|07:55:00|23|23|24|7|10|32
2026-05-11|09:25:00|29|29|30|26|30|52
2026-05-12|09:25:00|19|19|24|15|26|37
2026-05-13|07:55:00|26|26|26|3|9|31
2026-05-14|09:25:00|23|23|23|1|31|31
2026-05-15|09:25:00|9|9|12|0|31|16
2026-05-18|09:25:00|11|11|13|0|31|17
2026-05-19|09:25:00|6|6|7|0|28|8
2026-05-20|09:25:00|5|5|7|0|18|9
2026-05-21|09:25:00|6|6|10|0|31|18
2026-05-22|09:25:00|11|11|11|0|31|19
2026-05-26|09:25:00|21|21|28|21|30|44
2026-05-27|09:25:00|17|17|21|3|31|28
2026-05-28|09:25:00|21|21|22|8|31|32
2026-05-29|09:25:00|16|16|17|0|31|27
2026-06-01|09:25:00|16|16|18|0|31|30
2026-06-02|09:25:00|11|11|12|0|31|20
2026-06-03|09:25:00|4|4|6|0|31|11
2026-06-04|09:25:00|6|6|6|0|31|10
2026-06-05|09:25:00|5|5|7|0|31|10
2026-06-08|09:25:00|12|12|13|0|31|20
2026-06-09|09:25:00|9|9|12|0|31|20
2026-06-10|09:25:00|3|3|4|0|31|8
2026-06-11|09:25:00|5|5|6|0|31|14
2026-06-12|09:25:00|2|2|6|0|31|11
2026-06-15|09:25:00|10|10|14|0|31|21
2026-06-16|09:25:00|7|7|7|0|31|13
2026-06-17|09:25:00|10|10|12|0|31|19
2026-06-18|09:25:00|9|9|11|0|31|16
2026-06-22|09:25:00|12|12|12|0|31|20
2026-06-23|09:25:00|2|2|2|0|22|6
2026-06-24|09:25:00|8|8|9|0|31|14
2026-06-25|09:25:00|12|12|15|0|31|21
2026-06-26|09:25:00|5|5|5|0|31|6
2026-06-29|09:25:00|11|11|14|0|31|21
2026-06-30|09:25:00|6|6|12|0|31|16
2026-07-01|09:25:00|4|4|5|0|31|7
2026-07-02|09:25:00|6|6|6|0|31|9
2026-07-06|09:25:00|4|4|7|0|31|11
2026-07-07|09:25:00|4|4|4|0|31|8
2026-07-08|09:25:00|4|4|4|0|31|8
2026-07-09|09:25:00|7|7|12|0|31|13
2026-07-10|09:25:00|8|8|8|0|31|9
2026-07-13|09:25:00|1|1|1|0|31|1
2026-07-14|09:25:00|7|7|7|0|31|12
2026-07-15|09:25:00|6|6|9|0|31|13
2026-07-16|09:25:00|5|5|8|0|31|10
2026-07-17|09:25:00|3|3|4|0|31|5
2026-07-20|09:25:00|3|3|6|0|31|9
2026-07-21|09:25:00|5|5|6|0|31|6
2026-07-22|09:25:00|4|4|8|0|31|9
2026-07-23|09:25:00|7|7|9|0|31|13
2026-07-24|09:25:00|7|7|8|0|31|8
2026-07-27|09:25:00|10|10|10|0|31|14
2026-07-28|09:25:00|4|4|6|0|31|7
2026-07-29|09:25:00|15|15|15|0|31|20
2026-07-30|09:25:00|30|30|30|17|31|40
2026-07-31|09:25:00|20|20|20|0|31|27
2026-08-03|09:25:00|7|7|7|0|31|10
2026-08-04|09:25:00|29|29|29|15|31|38
2026-08-05|09:25:00|21|21|23|17|31|30
2026-08-06|09:25:00|15|15|15|0|31|21
2026-08-07|09:25:00|28|28|32|30|30|38
2026-08-10|09:25:00|9|9|9|0|31|13
2026-08-11|09:25:00|10|10|11|0|31|15
2026-08-12|09:25:00|13|13|15|0|31|17
2026-08-13|09:25:00|11|11|15|0|31|17
2026-08-14|09:25:00|15|15|16|0|31|20
2026-08-17|09:25:00|6|6|8|0|31|11
2026-08-18|09:25:00|6|6|6|0|31|7
2026-08-19|09:25:00|11|11|11|0|31|12
2026-08-20|09:25:00|7|7|8|0|31|16
2026-08-21|09:25:00|5|5|6|0|31|10
2026-08-24|09:25:00|5|5|5|0|31|9
2026-08-25|09:25:00|7|7|9|0|31|14
2026-08-26|09:25:00|6|6|7|0|31|11
2026-08-27|09:25:00|8|8|10|0|31|16
2026-08-28|09:25:00|7|7|8|0|31|11
2026-08-31|09:25:00|5|5|6|0|31|9
2026-09-01|09:25:00|4|4|5|0|31|8
2026-09-02|09:25:00|5|5|6|0|31|10
2026-09-03|09:25:00|9|9|9|0|31|13
2026-09-04|09:25:00|6|6|6|0|31|7
2026-09-08|09:25:00|5|5|5|0|31|10
2026-09-09|09:25:00|8|8|10|0|31|13
2026-09-10|09:25:00|1|1|2|0|31|2
2026-09-11|09:25:00|7|7|7|0|31|8
2026-09-14|09:25:00|5|5|9|0|31|11
2026-09-15|09:25:00|4|4|6|0|31|8
2026-09-16|09:25:00|3|3|3|0|31|3
2026-09-17|09:25:00|11|11|12|0|31|14
2026-09-18|09:25:00|6|6|6|0|31|10
2026-09-21|09:25:00|15|15|17|0|31|23
2026-09-22|09:25:00|9|9|9|0|31|12
2026-09-23|09:25:00|4|4|5|0|31|7
2026-09-24|09:25:00|6|6|8|0|31|9
2026-09-25|09:25:00|9|9|10|0|31|11
2026-09-28|09:25:00|2|2|5|0|31|6
2026-09-29|09:25:00|9|9|9|0|31|14
2026-09-30|09:25:00|7|7|7|0|31|12
2026-10-01|09:25:00|6|6|7|0|31|10
2026-10-02|09:25:00|4|4|4|0|31|4
2026-10-05|09:25:00|25|25|27|22|31|31
2026-10-06|09:25:00|6|6|6|0|31|11
2026-10-07|09:25:00|2|2|3|0|31|5
2026-10-08|09:25:00|8|8|8|0|31|13
(111 rows)
### V12b 10-05 and 09-17: board size per pre-open tick
scan_date|tick|n|n_cut_logged
2026-09-17|09:00:00.103407|10|0
2026-09-17|09:00:00.103748|10|0
2026-09-17|09:05:00.031212|11|0
2026-09-17|09:10:00.049867|12|0
2026-09-17|09:15:00.027279|11|0
2026-09-17|09:20:00.056041|11|0
2026-09-17|09:25:00.036012|11|0
2026-10-05|09:00:00.090071|27|7
2026-10-05|09:00:00.090236|27|7
2026-10-05|09:05:00.032227|21|1
2026-10-05|09:10:00.051495|19|0
2026-10-05|09:15:00.043437|23|3
2026-10-05|09:20:00.087678|24|4
2026-10-05|09:25:00.037288|25|5
(14 rows)
### V12c every labelled pair: ranked pre-open ticks present, first/last such tick, rank at last day tick, any-row first time
ticker|d|label|n_rows_any|n_ranked_preopen|first_any|first_ranked|last_ranked_preopen|rank_at_day_last_tick|max_preopen_gap|preopen_reasons
UMC|2026-04-17|REAL_EP|1|0||||||
CAR|2026-04-21|BAD|1|0||||||
CAR|2026-04-22|BAD|1|0||||||
AMD|2026-04-24|REAL_EP|1|0||||||
INTC|2026-04-24|REAL_EP|1|0||||||
QCOM|2026-04-24|REAL_EP|1|0||||||
ARM|2026-05-06|REAL_EP|9|3|07:00|07:00|07:10|25|12.21|-:outside top-20 gap cap (gap 11.7%) ; -:score -12 < 50 (catalyst=routine)
GDC|2026-05-06|BAD|6|0|09:30|09:30||||
UMC|2026-05-06|REAL_EP|8|3|07:00|07:00|07:10|14|13.13|-:score 22 < 50 (catalyst=strong)
SNOW|2026-05-07|REAL_EP|15|10|07:25|07:25|09:25|29|10.49|-:outside top-20 gap cap (gap 10.2%) ; -:outside top-20 gap cap (gap 10.4%) ; -:outside top-20 gap cap (gap 10.5%) ; -:outside top-20 gap cap (gap 8.2%) ; -:outside top-20 gap cap (gap 8.4%) ; -:outsi
TDIC|2026-05-12|REAL_EP|0|0||||||
MRAM|2026-05-13|BAD|9|9|07:00|07:00|07:55|10|17.82|-:EP cooldown — alerted within last 6
QURE|2026-05-29|REAL_EP|27|20|07:55|07:55|09:25|7|20.64|-:M&A/buyout catalyst — no momentum t
CRWG|2026-06-01|BAD|0|0||||||
AVGU|2026-06-02|BAD|0|0||||||
ABVX|2026-06-03|BAD|29|23|07:40|07:40|09:25|4|16.34|-: ; -:already scored earlier today ; -:routine catalyst, gap 10.3% ; -:routine catalyst, gap 10.7% ; -:score 43 < 50 (catalyst=routine)
NVTS|2026-06-03|BAD|14|8|08:55|08:55|09:25|1|24.13|-: ; -:already scored earlier today ; -:score 18 < 50 (catalyst=strong)
NVTX|2026-06-03|BAD|0|0||||||
RUM|2026-06-04|BAD|7|0|09:30|09:30||||
MRLN|2026-06-05|BAD|38|31|07:00|07:00|09:25|3|38.16|-: ; -:already scored earlier today
JLHL|2026-06-08|BAD|3|0|09:45|09:45||||
BFLY|2026-06-18|REAL_EP|38|31|07:00|07:00|09:25|2|26.27|-:score 0 < 50 (catalyst=routine) ; -:score 10 < 50 (catalyst=routine) ; -:score 5 < 50 (catalyst=routine)
QH|2026-06-18|BAD|21|19|07:20|07:20|09:15||13.78|-:already up 224% in prior 5 days (ex
QTTB|2026-07-13|BAD|38|31|07:00|07:00|09:25|1|84.39|-:quality filter: filter:mcap_too_sma
CDNA|2026-07-16|GOOD|21|14|08:25|08:25|09:25|3|20|-:routine catalyst, gap 11.9% ; -:score 10 < 50 (catalyst=routine) ; -:score 15 < 50 (catalyst=routine) ; -:score 5 < 50 (catalyst=routine)
MAN|2026-07-16|GOOD|23|16|08:00|08:00|09:25|4|17.12|-:score 20 < 50 (catalyst=routine) ; -:score 25 < 50 (catalyst=routine)
ADVB|2026-07-24|BAD|38|31|07:00|07:00|09:25|2|45.95|-:already up 242% in prior 5 days (ex
RNG|2026-07-24|GOOD|2|0|09:50|09:50||||
HURN|2026-07-29|BAD|2|0|09:50|09:50||||
IPCX|2026-07-29|BAD|3|0|09:45|09:45||||
BLZE|2026-08-04|GOOD|38|31|07:00|07:00|09:25|4|23.49|-: ; -:already scored earlier today
IBTA|2026-08-04|BAD|38|31|07:00|07:00|09:25|2|26.12|-:score 33 < 50 (catalyst=routine) ; -:score 38 < 50 (catalyst=routine)
PLTR|2026-08-04|REAL_EP|38|31|07:00|07:00|09:25|9|16.49|-: ; -:already scored earlier today
YOU|2026-08-05|BAD|14|11|08:40|08:40|09:25|14|14.57|-:outside top-20 gap cap (gap 10.2%) ; -:routine catalyst, gap 11.8% ; -:score 36 < 50 (catalyst=strong)
AEVA|2026-08-06|BAD|37|31|07:00|07:00|09:25|2|34.83|-: ; -:already scored earlier today
KRO|2026-08-06|GOOD|3|0|09:45|09:45||||
ABNB|2026-08-07|REAL_EP|2|0|09:50|09:50||||
TEAM|2026-08-07|REAL_EP|37|30|07:00|07:00|09:25|4|34.34|-: ; -:already scored earlier today ; -:score 40 < 50 (catalyst=routine)
BW|2026-08-11|BAD|38|31|07:00|07:00|09:25|1|37.95|-: ; -:already scored earlier today
FRMI|2026-08-11|BAD|38|31|07:00|07:00|09:25|3|22.79|-: ; -:already scored earlier today
AVAH|2026-08-13|GOOD|24|18|07:45|07:45|09:25|11|13.26|-:score 18 < 50 (catalyst=routine)
TBBB|2026-08-13|GOOD|2|0|09:50|09:50||||
AEHR|2026-08-14|BAD|2|0|09:50|09:50||||
HTFL|2026-08-14|REAL_EP|38|31|07:00|07:00|09:25|5|28.99|-: ; -:already scored earlier today
LPTH|2026-08-14|BAD|8|4|09:10|09:10|09:25|15|10.44|-: ; -:already scored earlier today
HAE|2026-08-18|GOOD|14|7|09:00|09:00|09:25|3|12.99|-:routine catalyst, gap 10.8% ; -:score -6 < 50 (catalyst=routine)
MRNA|2026-08-19|REAL_EP|37|30|07:05|07:05|09:25|2|106.18|-: ; -:already scored earlier today ; -:score 22 < 50 (catalyst=strong)
RARE|2026-08-20|BAD|1|1|07:00|07:00|07:00||11.39|-:
CHPT|2026-09-03|REAL_EP|38|31|07:00|07:00|09:25|3|29.67|quality_filter:quality filter: filter:mcap_too_sma
PENG|2026-10-07|REAL_EP|14|0|07:00|09:35|||5.81|gap_floor:filter:universe_below_gap_floor: de
(50 rows)
### V12d ADV/RS at P for 7 rows not checked before (P = latest complete score_date <= d-1, the production rule inlined)
ticker|d|p_date|adv_20|rs_composite|rs_rank|prev_close|adv_dollar|today_volume|current_price|rel_volume|logged_adv|adv_source|pm_rvol|in_active_theme|gap_pct|adv20_on_d
ARM|2026-05-06|2026-05-05|6545213.5|97.8|87|208.84|1366902387.34|||0.06|8108368.5430615|polygon_20d|||11.67|6640460
MRAM|2026-05-13|2026-05-12|855974.5|99.8|10|44.01|37671437.745|||0.58|1152078.6948455|polygon_20d|3.115||13.61|856061
QURE|2026-05-29|2026-05-28|1534037.5|82.6|696|24.85|38120831.875|||0.27|1741232.636302|polygon_20d|33.795||16.22|1565618
BFLY|2026-06-18|2026-06-17|4440072|95.6|107|5.71|25352811.12|||0.26|4653325.134958999|polygon_20d|85.188||25.22|4632695.5
SMHI|2026-07-30|2026-07-29||||7.72||||0.07|156721.611063|polygon_20d|||23.06|
BLZE|2026-08-04|2026-08-03|2109827|79|508|15.59|32892202.93|||0.05|2643706.7172405|polygon_20d|12.372||22.19|2157230.5
INSP|2026-08-04|2026-08-03|831467|62.1|916|52.22|43419206.74|||0.01|968127.139957|polygon_20d|1.996||15.86|856851.5
CHPT|2026-09-03|2026-09-02||||5.19||838012|6.7|2.12|395317.2473405|polygon_20d||f|29.09|
(8 rows)
### V12e shortlist shadow on 10-05 09:25: logged adv/adv_source per name at sort time (should be pending/empty pre-open)
ticker|rank_by_prescore|rank_by_gap|adv|adv_source|in_active_theme
PBR|1|18|21070113.561369|pending|t
XP|2|5|12165519.846573|pending|t
AFYA|3|13|236347.04505|pending|f
AGBK|4|11|246272.627814|pending|f
ARCO|5|20|2438375.899978|pending|f
CMC|6|8|917705.005395|pending|f
CRML|7|21|4909344.744496|pending|f
ELPC|8|17|817539.112689|pending|f
GRML|9|19|4101694.347821|pending|f
INTR|10|6|4162491.450855|pending|f
INTT|11|24|100704.395615|pending|f
ITUB|12|10|44952079.615186|pending|f
NU|13|15|78029928.570567|pending|f
PAGS|14|12|3800270.604675|pending|f
PBM|15|22|75147.087057|pending|f
PCVX|16|1|2399638.313377|pending|f
PICS|17|14|518774.768538|pending|f
PLRZ|18|23|56467.016|pending|f
PTC|19|2|1121382.8137|pending|f
RXO|20|4|3674042.493225|pending|f
SBS|21|7|9292192.483521|pending|f
SDEV|22|3|153283940.545985|pending|f
STNE|23|9|4969078.455572|pending|f
TIMB|24|25|426007.680374|pending|f
VIV|25|16|892016.734633|pending|f
(25 rows)
