### V1a per-day: last pre-open tick among ALL rows, and ranked-row count at that tick, and at the last tick that HAS ranked rows
scan_date|last_any|last_ranked|n_ranked_at_last|n_tick_at_last|max_rank_at_last|n_unranked_not_floor_at_last
2026-05-01|09:25:00|09:25:00|16|16|16|0
2026-05-04|07:55:00|07:55:00|11|11|11|0
2026-05-05|09:25:00|09:25:00|26|26|26|0
2026-05-06|07:10:00|07:10:00|51|51|51|0
2026-05-07|09:25:00|09:25:00|54|54|54|0
2026-05-08|07:55:00|07:55:00|23|23|23|0
2026-05-11|09:25:00|09:25:00|29|29|29|0
2026-05-12|09:25:00|09:25:00|19|19|19|0
2026-05-13|07:55:00|07:55:00|26|26|26|0
2026-05-14|09:25:00|09:25:00|23|23|23|0
2026-05-15|09:25:00|09:25:00|9|9|9|0
2026-05-18|09:25:00|09:25:00|11|11|11|0
2026-05-19|09:25:00|09:25:00|6|6|6|0
2026-05-20|09:25:00|09:25:00|5|5|5|0
2026-05-21|09:25:00|09:25:00|6|6|6|0
2026-05-22|09:25:00|09:25:00|11|11|11|0
2026-05-26|09:25:00|09:25:00|21|21|21|0
2026-05-27|09:25:00|09:25:00|17|17|17|0
2026-05-28|09:25:00|09:25:00|21|21|21|0
2026-05-29|09:25:00|09:25:00|16|16|16|0
2026-06-01|09:25:00|09:25:00|16|16|16|0
2026-06-02|09:25:00|09:25:00|11|11|11|0
2026-06-03|09:25:00|09:25:00|4|4|4|0
2026-06-04|09:25:00|09:25:00|6|6|6|0
2026-06-05|09:25:00|09:25:00|5|5|5|0
2026-06-08|09:25:00|09:25:00|12|12|12|0
2026-06-09|09:25:00|09:25:00|9|9|9|0
2026-06-10|09:25:00|09:25:00|3|3|3|0
2026-06-11|09:25:00|09:25:00|5|5|5|0
2026-06-12|09:25:00|09:25:00|2|2|2|0
2026-06-15|09:25:00|09:25:00|10|10|10|0
2026-06-16|09:25:00|09:25:00|7|7|7|0
2026-06-17|09:25:00|09:25:00|10|10|10|0
2026-06-18|09:25:00|09:25:00|9|9|9|0
2026-06-22|09:25:00|09:25:00|12|12|12|0
2026-06-23|09:25:00|09:25:00|2|2|2|0
2026-06-24|09:25:00|09:25:00|8|8|8|0
2026-06-25|09:25:00|09:25:00|12|12|12|0
2026-06-26|09:25:00|09:25:00|5|5|5|0
2026-06-29|09:25:00|09:25:00|11|11|11|0
2026-06-30|09:25:00|09:25:00|6|6|6|0
2026-07-01|09:25:00|09:25:00|4|4|4|0
2026-07-02|09:25:00|09:25:00|6|6|6|0
2026-07-06|09:25:00|09:25:00|4|4|4|0
2026-07-07|09:25:00|09:25:00|4|4|4|0
2026-07-08|09:25:00|09:25:00|4|4|4|0
2026-07-09|09:25:00|09:25:00|7|7|7|0
2026-07-10|09:25:00|09:25:00|8|8|8|0
2026-07-13|09:25:00|09:25:00|1|1|1|0
2026-07-14|09:25:00|09:25:00|7|7|7|0
2026-07-15|09:25:00|09:25:00|6|6|6|0
2026-07-16|09:25:00|09:25:00|5|5|5|0
2026-07-17|09:25:00|09:25:00|3|3|3|0
2026-07-20|09:25:00|09:25:00|3|3|3|0
2026-07-21|09:25:00|09:25:00|5|5|5|0
2026-07-22|09:25:00|09:25:00|4|4|4|0
2026-07-23|09:25:00|09:25:00|7|7|7|0
2026-07-24|09:25:00|09:25:00|7|7|7|0
2026-07-27|09:25:00|09:25:00|10|10|10|0
2026-07-28|09:25:00|09:25:00|4|4|4|0
2026-07-29|09:25:00|09:25:00|15|15|15|0
2026-07-30|09:25:00|09:25:00|30|30|30|0
2026-07-31|09:25:00|09:25:00|20|20|20|0
2026-08-03|09:25:00|09:25:00|7|7|7|0
2026-08-04|09:25:00|09:25:00|29|29|29|0
2026-08-05|09:25:00|09:25:00|21|21|21|0
2026-08-06|09:25:00|09:25:00|15|15|15|0
2026-08-07|09:25:00|09:25:00|28|28|28|0
2026-08-10|09:25:00|09:25:00|9|9|9|0
2026-08-11|09:25:00|09:25:00|10|10|10|0
2026-08-12|09:25:00|09:25:00|13|13|13|0
2026-08-13|09:25:00|09:25:00|11|11|11|0
2026-08-14|09:25:00|09:25:00|15|15|15|0
2026-08-17|09:25:00|09:25:00|6|6|6|0
2026-08-18|09:25:00|09:25:00|6|6|6|0
2026-08-19|09:25:00|09:25:00|11|11|11|0
2026-08-20|09:25:00|09:25:00|7|7|7|0
2026-08-21|09:25:00|09:25:00|5|5|5|0
2026-08-24|09:25:00|09:25:00|5|5|5|63
2026-08-25|09:25:00|09:25:00|7|7|7|60
2026-08-26|09:25:00|09:25:00|6|6|6|71
2026-08-27|09:25:00|09:25:00|8|8|8|69
2026-08-28|09:25:00|09:25:00|7|7|7|51
2026-08-31|09:25:00|09:25:00|5|5|5|0
2026-09-01|09:25:00|09:25:00|4|4|4|0
2026-09-02|09:25:00|09:25:00|5|5|5|0
2026-09-03|09:25:00|09:25:00|9|9|9|0
2026-09-04|09:25:00|09:25:00|6|6|6|0
2026-09-08|09:25:00|09:25:00|5|5|5|0
2026-09-09|09:25:00|09:25:00|8|8|8|0
2026-09-10|09:25:00|09:25:00|1|1|1|0
2026-09-11|09:25:00|09:25:00|7|7|7|0
2026-09-14|09:25:00|09:25:00|5|5|5|0
2026-09-15|09:25:00|09:25:00|4|4|4|0
2026-09-16|09:25:00|09:25:00|3|3|3|0
2026-09-17|09:25:00|09:25:00|11|11|11|0
2026-09-18|09:25:00|09:25:00|6|6|6|0
2026-09-21|09:25:00|09:25:00|15|15|15|0
2026-09-22|09:25:00|09:25:00|9|9|9|0
2026-09-23|09:25:00|09:25:00|4|4|4|0
2026-09-24|09:25:00|09:25:00|6|6|6|0
2026-09-25|09:25:00|09:25:00|9|9|9|0
2026-09-28|09:25:00|09:25:00|2|2|2|0
2026-09-29|09:25:00|09:25:00|9|9|9|0
2026-09-30|09:25:00|09:25:00|7|7|7|0
2026-10-01|09:25:00|09:25:00|6|6|6|0
2026-10-02|09:25:00|09:25:00|4|4|4|0
2026-10-05|09:25:00|09:25:00|25|25|25|0
2026-10-06|09:25:00|09:25:00|6|6|6|0
2026-10-07|09:25:00|09:25:00|2|2|2|0
2026-10-08|09:25:00|09:25:00|8|8|8|0
(111 rows)
### V1b ticker list at the last ranked pre-open tick for 2026-09-17, 2026-10-05, 2026-05-06, 2026-07-30, 2026-09-03, 2026-08-04
scan_date|tick|ticker|rank_by_gap|rank_by_prescore|adv_source|in_active_theme
2026-05-06|07:10:00|AVTX|1||polygon_20d|
2026-05-06|07:10:00|COMP|2||polygon_20d|
2026-05-06|07:10:00|SKK|3||polygon_20d|
2026-05-06|07:10:00|FLEX|4||polygon_20d|
2026-05-06|07:10:00|AMD|5||polygon_20d|
2026-05-06|07:10:00|VECO|6||polygon_20d|
2026-05-06|07:10:00|GEO|7||polygon_20d|
2026-05-06|07:10:00|FLYW|8||polygon_20d|
2026-05-06|07:10:00|NVAX|9||polygon_20d|
2026-05-06|07:10:00|ELPW|10||polygon_20d|
2026-05-06|07:10:00|SMCI|11||polygon_20d|
2026-05-06|07:10:00|HUT|12||polygon_20d|
2026-05-06|07:10:00|ARTV|13||polygon_20d|
2026-05-06|07:10:00|UMC|14||polygon_20d|
2026-05-06|07:10:00|MASS|15||polygon_20d|
2026-05-06|07:10:00|SSRM|16||polygon_20d|
2026-05-06|07:10:00|VCYT|17||polygon_20d|
2026-05-06|07:10:00|CVKD|18||polygon_20d|
2026-05-06|07:10:00|POET|19||polygon_20d|
2026-05-06|07:10:00|KMT|20||polygon_20d|
2026-05-06|07:10:00|PENG|21||polygon_20d|
2026-05-06|07:10:00|SBSW|22||polygon_20d|
2026-05-06|07:10:00|YOU|23||polygon_20d|
2026-05-06|07:10:00|CXDO|24||polygon_20d|
2026-05-06|07:10:00|ARM|25||polygon_20d|
2026-05-06|07:10:00|PN|26||polygon_20d|
2026-05-06|07:10:00|HMY|27||polygon_20d|
2026-05-06|07:10:00|LFVN|28||polygon_20d|
2026-05-06|07:10:00|DRD|29||polygon_20d|
2026-05-06|07:10:00|OSCR|30||polygon_20d|
2026-05-06|07:10:00|AMWL|31||polygon_20d|
2026-05-06|07:10:00|GFI|32||polygon_20d|
2026-05-06|07:10:00|TWIN|33||polygon_20d|
2026-05-06|07:10:00|SCZM|34||polygon_20d|
2026-05-06|07:10:00|VCX|35||polygon_20d|
2026-05-06|07:10:00|DGXX|36||polygon_20d|
2026-05-06|07:10:00|MT|37||polygon_20d|
2026-05-06|07:10:00|TECK|38||polygon_20d|
2026-05-06|07:10:00|STLA|39||polygon_20d|
2026-05-06|07:10:00|HNGE|40||polygon_20d|
2026-05-06|07:10:00|NG|41||polygon_20d|
2026-05-06|07:10:00|ADPT|42||polygon_20d|
2026-05-06|07:10:00|HYMC|43||polygon_20d|
2026-05-06|07:10:00|AU|44||polygon_20d|
2026-05-06|07:10:00|NBTX|45||polygon_20d|
2026-05-06|07:10:00|DBVT|46||polygon_20d|
2026-05-06|07:10:00|IAG|47||polygon_20d|
2026-05-06|07:10:00|USNA|48||polygon_20d|
2026-05-06|07:10:00|BCS|49||polygon_20d|
2026-05-06|07:10:00|RCL|50||polygon_20d|
2026-05-06|07:10:00|GIG|51||pending|
2026-07-30|09:25:00|PN|1||polygon_20d|
2026-07-30|09:25:00|DFNS|2||polygon_20d|
2026-07-30|09:25:00|MKTX|3||polygon_20d|
2026-07-30|09:25:00|CMCO|4||polygon_20d|
2026-07-30|09:25:00|BOOM|5||polygon_20d|
2026-07-30|09:25:00|SMHI|6||polygon_20d|
2026-07-30|09:25:00|FORM|7||polygon_20d|
2026-07-30|09:25:00|SIMO|8||polygon_20d|
2026-07-30|09:25:00|PRCH|9||polygon_20d|
2026-07-30|09:25:00|TAL|10||polygon_20d|
2026-07-30|09:25:00|BAX|11||polygon_20d|
2026-07-30|09:25:00|CORT|12||polygon_20d|
2026-07-30|09:25:00|LRCX|13||polygon_20d|
2026-07-30|09:25:00|EME|14||polygon_20d|
2026-07-30|09:25:00|NBIS|15||polygon_20d|
2026-07-30|09:25:00|PWR|16||polygon_20d|
2026-07-30|09:25:00|SHAZ|17||polygon_20d|
2026-07-30|09:25:00|ARM|18||polygon_20d|
2026-07-30|09:25:00|FTNT|19||polygon_20d|
2026-07-30|09:25:00|NEOG|20||polygon_20d|
2026-07-30|09:25:00|HII|21||polygon_20d|
2026-07-30|09:25:00|SMTI|22||polygon_20d|
2026-07-30|09:25:00|STGW|23||polygon_20d|
2026-07-30|09:25:00|MXL|24||polygon_20d|
2026-07-30|09:25:00|CRWV|25||polygon_20d|
2026-07-30|09:25:00|AXTI|26||polygon_20d|
2026-07-30|09:25:00|IREN|27||polygon_20d|
2026-07-30|09:25:00|GKOS|28||polygon_20d|
2026-07-30|09:25:00|SMTC|29||polygon_20d|
2026-07-30|09:25:00|PGY|30||polygon_20d|
2026-08-04|09:25:00|AMRC|1||polygon_20d|
2026-08-04|09:25:00|IBTA|2||polygon_20d|
2026-08-04|09:25:00|LIFE|3||polygon_20d|
2026-08-04|09:25:00|BLZE|4||polygon_20d|
2026-08-04|09:25:00|VOYG|5||polygon_20d|
2026-08-04|09:25:00|AAOI|6||polygon_20d|
2026-08-04|09:25:00|MED|7||polygon_20d|
2026-08-04|09:25:00|W|8||polygon_20d|
2026-08-04|09:25:00|PLTR|9||polygon_20d|
2026-08-04|09:25:00|MRAM|10||polygon_20d|
2026-08-04|09:25:00|INSP|11||polygon_20d|
2026-08-04|09:25:00|POET|12||polygon_20d|
2026-08-04|09:25:00|COHR|13||polygon_20d|
2026-08-04|09:25:00|WGS|14||polygon_20d|
2026-08-04|09:25:00|LWLG|15||polygon_20d|
2026-08-04|09:25:00|AIOS|16||polygon_20d|
2026-08-04|09:25:00|OCC|17||polygon_20d|
2026-08-04|09:25:00|AEIS|18||polygon_20d|
2026-08-04|09:25:00|FN|19||polygon_20d|
2026-08-04|09:25:00|LITE|20||polygon_20d|
2026-08-04|09:25:00|IPGP|21||polygon_20d|
2026-08-04|09:25:00|CAT|22||polygon_20d|
2026-08-04|09:25:00|IMC|23||pending|
2026-08-04|09:25:00|INFU|24||polygon_20d|
2026-08-04|09:25:00|UFPT|25||polygon_20d|
2026-08-04|09:25:00|ALMU|26||polygon_20d|
2026-08-04|09:25:00|ALAB|27||polygon_20d|
2026-08-04|09:25:00|VGNT|28||polygon_20d|
2026-08-04|09:25:00|RFIL|29||polygon_20d|
2026-09-03|09:25:00|AEHL|1|4|polygon_20d|f
2026-09-03|09:25:00|BIAF|2|5|polygon_20d|f
2026-09-03|09:25:00|CHPT|3|6|polygon_20d|f
2026-09-03|09:25:00|SNOW|4|3|polygon_20d|t
2026-09-03|09:25:00|NTSK|5|2|polygon_20d|t
2026-09-03|09:25:00|HCM|6|7|polygon_20d|f
2026-09-03|09:25:00|REA|7|8|polygon_20d|f
2026-09-03|09:25:00|USDE|8|9|polygon_20d|f
2026-09-03|09:25:00|CGAU|9|1|polygon_20d|t
2026-09-17|09:25:00|GNRC|1|3|polygon_20d|f
2026-09-17|09:25:00|BIAF|2|2|polygon_20d|f
2026-09-17|09:25:00|AEHL|3|1|polygon_20d|f
2026-09-17|09:25:00|VEEA|4|10|polygon_20d|f
2026-09-17|09:25:00|RTB|5|8|polygon_20d|f
2026-09-17|09:25:00|MKDW|6|6|polygon_20d|f
2026-09-17|09:25:00|INIO|7|4|polygon_20d|f
2026-09-17|09:25:00|VICR|8|11|polygon_20d|f
2026-09-17|09:25:00|MGNI|9|5|polygon_20d|f
2026-09-17|09:25:00|NBIS|10|7|polygon_20d|f
2026-09-17|09:25:00|SCZM|11|9|polygon_20d|f
2026-10-05|09:25:00|PCVX|1|16|polygon_20d|f
2026-10-05|09:25:00|PTC|2|19|polygon_20d|f
2026-10-05|09:25:00|SDEV|3|22|polygon_20d|f
2026-10-05|09:25:00|RXO|4|20|polygon_20d|f
2026-10-05|09:25:00|XP|5|2|polygon_20d|t
2026-10-05|09:25:00|INTR|6|10|polygon_20d|f
2026-10-05|09:25:00|SBS|7|21|polygon_20d|f
2026-10-05|09:25:00|CMC|8|6|polygon_20d|f
2026-10-05|09:25:00|STNE|9|23|polygon_20d|f
2026-10-05|09:25:00|ITUB|10|12|polygon_20d|f
2026-10-05|09:25:00|AGBK|11|4|polygon_20d|f
2026-10-05|09:25:00|PAGS|12|14|polygon_20d|f
2026-10-05|09:25:00|AFYA|13|3|polygon_20d|f
2026-10-05|09:25:00|PICS|14|17|polygon_20d|f
2026-10-05|09:25:00|NU|15|13|polygon_20d|f
2026-10-05|09:25:00|VIV|16|25|polygon_20d|f
2026-10-05|09:25:00|ELPC|17|8|polygon_20d|f
2026-10-05|09:25:00|PBR|18|1|polygon_20d|t
2026-10-05|09:25:00|GRML|19|9|polygon_20d|f
2026-10-05|09:25:00|ARCO|20|5|polygon_20d|f
2026-10-05|09:25:00|CRML|21|7|polygon_20d|f
2026-10-05|09:25:00|PBM|22|15|polygon_20d|f
2026-10-05|09:25:00|PLRZ|23|18|polygon_20d|f
2026-10-05|09:25:00|INTT|24|11|polygon_20d|f
2026-10-05|09:25:00|TIMB|25|24|polygon_20d|f
(155 rows)
### V1c shortlist shadow: board_n and rows at the last pre-open tick per day (independent record of the sorted board, since 08-22)
scan_date|tick|n_rows|board_n|board_n_min|tickers
2026-08-24|09:25:00|5|5|5|AERO,HVII,NSSC,SDOT,SUPX
2026-08-25|09:25:00|7|7|7|AMIX,DFNS,GRML,KURA,MEI,NBBK,PMI
2026-08-26|09:25:00|6|6|6|ANF,BRNX,PLAB,SDOT,SMMT,XPON
2026-08-27|09:25:00|8|8|8|AMKR,BRNX,CRM,CRWD,DAIC,LTRX,MBUU,OKTA
2026-08-28|09:25:00|7|7|7|AFRM,EROK,ESTC,GAP,SOLS,UMC,XPON
2026-08-31|09:25:00|5|5|5|BY,CNXU,MOVE,SAIC,WETO
2026-09-01|09:25:00|4|4|4|BLSM,PXS,WETO,YEXT
2026-09-02|09:25:00|5|5|5|BIAF,DELL,GTLB,JLHL,VLRS
2026-09-03|09:25:00|9|9|9|AEHL,BIAF,CGAU,CHPT,HCM,NTSK,REA,SNOW,USDE
2026-09-04|09:25:00|6|6|6|AOUT,BBCP,IOT,PDEX,PL,SWBI
2026-09-08|09:25:00|5|5|5|ATRA,EAF,PHVS,ROIV,SEI
2026-09-09|09:25:00|8|8|8|BIAF,FBYD,FGL,INNV,JILL,ODD,RTB,SIG
2026-09-10|09:25:00|1|1|1|PCLA
2026-09-11|09:25:00|7|7|7|ACVA,COLA,FEIM,HOFT,PCLA,STN,TNON
2026-09-14|09:25:00|5|5|5|BMM,DERM,DFTX,ELMT,MLEC
2026-09-15|09:25:00|4|4|4|RLGT,TNON,VERA,WAY
2026-09-16|09:25:00|3|3|3|FTFT,LUXE,NRXS
2026-09-17|09:25:00|11|11|11|AEHL,BIAF,GNRC,INIO,MGNI,MKDW,NBIS,RTB,SCZM,VEEA,VICR
2026-09-18|09:25:00|6|6|6|BIAF,BNC,DSP,NXTC,SVRN,USDE
2026-09-21|09:25:00|15|15|15|AEMD,ALMR,ARHS,CRML,DFDV,GRAL,MBIN,NUAI,NXTT,OPTX,PRTH,SVRN,USDE,VEEE,XXI
2026-09-22|09:25:00|9|9|9|AEHL,BIAF,GRML,MAZE,NCT,ONON,STI,SVRN,VKTX
2026-09-23|09:25:00|4|4|4|GRML,IONQ,RTB,WOR
2026-09-24|09:25:00|6|6|6|FRVO,GRML,KYTX,SRZN,SWIM,TSSI
2026-09-25|09:25:00|9|9|9|AESI,AKAM,CUE,FBK,GLND,GRML,JAGX,SVRN,USDE
2026-09-28|09:25:00|2|2|2|AMPX,KOD
2026-09-29|09:25:00|9|9|9|AVX,CBOE,CCL,FCEL,IOVA,ONMD,QMLS,SMMT,XRPN
2026-09-30|09:25:00|7|7|7|ATRA,CAPR,QTTB,SGMT,SVRN,WKC,XRPN
2026-10-01|09:25:00|6|6|6|ACN,DMRC,EFXT,MRDN,USGO,VICR
2026-10-02|09:25:00|4|4|4|ECOR,IMOS,SYNA,XRPN
2026-10-05|09:25:00|25|25|25|AFYA,AGBK,ARCO,CMC,CRML,ELPC,GRML,INTR,INTT,ITUB,NU,PAGS,PBM,PBR,PCVX,PICS,PLRZ,PTC,RXO,SBS,SDEV,STNE,TIMB,VIV,XP
2026-10-06|09:25:00|6|6|6|AIFA,ANRO,APOG,BRUN,CGEM,OPCH
2026-10-07|09:25:00|2|2|2|APUS,NEOG
2026-10-08|09:25:00|8|8|8|HAE,HELE,NAKA,NGNE,PCRX,PROF,TRAX,WOLF
(33 rows)
