### V3a 2026-10-05 per pre-open tick 09:00-09:25: today_volume, pm_rvol, price_source, rank_by_prescore per ticker
ticker|tick|rank_by_prescore|rank_by_gap|today_volume|prev_day_volume|pm_rvol|price_source|current_price|reject_stage
AFYA|08:50:00.077|3|18|48900|236347||alpaca_sip|13.5142|post_grade_filter
AFYA|08:55:00.028|3|18|49800|236347||alpaca_sip|13.5155|post_grade_filter
AFYA|09:00:00.090|2|21|57125|236347||alpaca_sip|13.5|post_grade_filter
AFYA|09:00:00.090|2|21|57125|236347||alpaca_sip|13.5|post_grade_filter
AFYA|09:05:00.032|2|16|57125|236347||alpaca_sip|13.5|post_grade_filter
AFYA|09:20:00.087|3|19|58360|236347||alpaca_sip|13.45|post_grade_filter
AFYA|09:25:00.037|3|13|60573|236347||alpaca_sip|13.8|score_bar
AGBK|08:50:00.077|4|11|20558|246272||alpaca_sip|6.2559|quality_filter
AGBK|08:55:00.028|4|13|20558|246272||alpaca_sip|6.2559|quality_filter
AGBK|09:00:00.090|3|13|20558|246272||alpaca_sip|6.2559|quality_filter
AGBK|09:00:00.090|3|13|20558|246272||alpaca_sip|6.2559|quality_filter
AGBK|09:05:00.032|3|10|20558|246272||alpaca_sip|6.2559|quality_filter
AGBK|09:10:00.051|2|10|20558|246272||alpaca_sip|6.2559|quality_filter
AGBK|09:15:00.043|3|10|20558|246272||alpaca_sip|6.2559|quality_filter
AGBK|09:20:00.087|4|11|20558|246272||alpaca_sip|6.2559|quality_filter
AGBK|09:25:00.037|4|11|20558|246272||alpaca_sip|6.2559|quality_filter
ALVO|09:00:00.090|4|26|67348|750933||alpaca_sip|5.95|score_bar
ALVO|09:00:00.090|4|26|67348|750933||alpaca_sip|5.95|score_bar
ARCO|09:25:00.037|5|20|75031|2438375|59.703|alpaca_sip|7.84|post_grade_filter
CMC|08:50:00.077|5|8|128|917705|0.202|alpaca_sip|73.13|post_grade_filter
CMC|08:55:00.028|5|9|128|917705|0.194|alpaca_sip|73.13|post_grade_filter
CMC|09:00:00.090|5|10|128|917705|0.194|alpaca_sip|73.13|post_grade_filter
CMC|09:00:00.090|5|11|128|917705|0.194|alpaca_sip|73.13|post_grade_filter
CMC|09:05:00.032|4|9|128|917705|0.143|alpaca_sip|73.13|post_grade_filter
CMC|09:10:00.051|3|9|128|917705|0.129|alpaca_sip|73.13|post_grade_filter
CMC|09:15:00.043|4|7|128|917705|0.114|alpaca_sip|73.13|rvol_gate
CMC|09:20:00.087|5|8|128|917705|0.104|alpaca_sip|73.13|rvol_gate
CMC|09:25:00.037|6|8|128|917705|0.106|alpaca_sip|73.13|rvol_gate
CRML|08:50:00.077|6|16|1722037|4909344|4.184|alpaca_sip|7.83|score_bar
CRML|08:55:00.028|6|16|1837154|4909344|4.351|alpaca_sip|7.85|score_bar
CRML|09:00:00.090|6|18|1963840|4909344|4.486|alpaca_sip|7.776|score_bar
CRML|09:00:00.090|6|18|1963840|4909344|4.486|alpaca_sip|7.776|score_bar
CRML|09:05:00.032|5|19|2032445|4909344|4.527|alpaca_sip|7.7|score_bar
CRML|09:10:00.051|4|16|2068252|4909344|4.505|alpaca_sip|7.73|score_bar
CRML|09:15:00.043|5|20|2137251|4909344|4.569|alpaca_sip|7.7|score_bar
CRML|09:20:00.087|6|20|2191607|4909344|4.588|alpaca_sip|7.73|score_bar
CRML|09:25:00.037|7|21|2221455|4909344|4.442|alpaca_sip|7.75|score_bar
ELPC|08:50:00.077|7|6|22553|817539||alpaca_sip|15|post_grade_filter
ELPC|08:55:00.028|7|6|22553|817539||alpaca_sip|15|post_grade_filter
ELPC|09:00:00.090|7|8|23192|817539||alpaca_sip|14.9|post_grade_filter
ELPC|09:00:00.090|7|8|23192|817539||alpaca_sip|14.9|post_grade_filter
ELPC|09:15:00.043|6|21|222937|817539||alpaca_sip|14.08|post_grade_filter
ELPC|09:20:00.087|7|15|230110|817539||alpaca_sip|14.28|post_grade_filter
ELPC|09:25:00.037|8|17|258386|817539||alpaca_sip|14.31|post_grade_filter
GRML|09:00:00.090|8|24|839123|4101694|0.199|alpaca_sip_universe|8.64|rvol_gate
GRML|09:00:00.090|8|24|839123|4101694|0.199|alpaca_sip_universe|8.64|rvol_gate
GRML|09:20:00.087|8|23|960687|4101694|0.211|alpaca_sip|8.636|rvol_gate
GRML|09:25:00.037|9|19|994728|4101694|0.216|alpaca_sip|8.69|rvol_gate
INTR|08:50:00.077|8|7|443899|4162491|67.357|alpaca_sip|6.35|score_bar
INTR|08:55:00.028|8|7|449039|4162491|66.705|alpaca_sip|6.39|score_bar
INTR|09:00:00.090|9|7|450605|4162491|63.462|alpaca_sip|6.38|score_bar
INTR|09:00:00.090|9|7|450605|4162491|63.462|alpaca_sip|6.38|score_bar
INTR|09:05:00.032|6|6|456661|4162491|58.731|alpaca_sip|6.4133|score_bar
INTR|09:10:00.051|5|7|558823|4162491|49.17|alpaca_sip|6.33|score_bar
INTR|09:15:00.043|7|5|613013|4162491|43.757|alpaca_sip|6.4|score_bar
INTR|09:20:00.087|9|5|676110|4162491|39.055|alpaca_sip|6.51|score_bar
INTR|09:25:00.037|10|6|728882|4162491|37.906|alpaca_sip|6.43|score_bar
INTT|08:50:00.077|9|19|18294|100704|5.283|alpaca_sip|13.6|quality_filter
INTT|08:55:00.028|9|19|18294|100704|5.118|alpaca_sip|13.6|quality_filter
INTT|09:00:00.090|10|19|18294|100704|4.869|alpaca_sip|13.6|quality_filter
INTT|09:00:00.090|10|19|18294|100704|4.869|alpaca_sip|13.6|quality_filter
INTT|09:05:00.032|7|15|18294|100704|4.695|alpaca_sip|13.6|quality_filter
INTT|09:10:00.051|6|15|18756|100704|4.599|alpaca_sip|13.55|quality_filter
INTT|09:15:00.043|8|17|18756|100704|4.151|alpaca_sip|13.55|quality_filter
INTT|09:20:00.087|10|22|19756|100704|4.566|alpaca_sip|13.5|quality_filter
INTT|09:25:00.037|11|24|19756|100704|4.442|alpaca_sip|13.5|quality_filter
ITUB|08:50:00.077|10|10|1223212|44952079|146.484|alpaca_sip|9.85|score_bar
ITUB|08:55:00.028|10|10|1230434|44952079|112.18|alpaca_sip|9.8769|score_bar
ITUB|09:00:00.090|11|9|1240255|44952079|95.759|alpaca_sip|9.88|score_bar
ITUB|09:00:00.090|11|10|1240255|44952079|95.759|alpaca_sip|9.88|score_bar
ITUB|09:05:00.032|8|12|1243798|44952079|65.768|alpaca_sip|9.82|score_bar
ITUB|09:10:00.051|7|11|1247124|44952079|42.555|alpaca_sip|9.84|score_bar
ITUB|09:15:00.043|9|13|1338031|44952079|38.652|alpaca_sip|9.67|score_bar
ITUB|09:20:00.087|11|10|1426619|44952079|36.997|alpaca_sip|9.85|score_bar
ITUB|09:25:00.037|12|10|1460985|44952079|31.356|alpaca_sip|9.85|score_bar
NU|08:50:00.077|11|15|4213067|78029928|28.985|alpaca_sip|15.06|duplicate
NU|08:55:00.028|11|14|4302783|78029928|27.357|alpaca_sip|15.08|duplicate
NU|09:00:00.090|12|15|4379108|78029928|26.349|alpaca_sip|15.12|duplicate
NU|09:00:00.090|12|15|4379108|78029928|26.349|alpaca_sip|15.12|duplicate
NU|09:05:00.032|9|13|4551266|78029928|25.203|alpaca_sip|15.2|duplicate
NU|09:10:00.051|8|13|4613897|78029928|22.017|alpaca_sip|15.11|duplicate
NU|09:15:00.043|10|14|4764678|78029928|20.693|alpaca_sip|15.0991|duplicate
NU|09:20:00.087|12|14|5298219|78029928|21.536|alpaca_sip|15.11|duplicate
NU|09:25:00.037|13|15|5654490|78029928|21.509|alpaca_sip|15.06|duplicate
PAGS|08:50:00.077|12|13|279021|3800270|59.508|alpaca_sip|10.3|score_bar
PAGS|08:55:00.028|12|12|284204|3800270|57.811|alpaca_sip|10.35|score_bar
PAGS|09:00:00.090|13|12|286825|3800270|53.247|alpaca_sip|10.35|score_bar
PAGS|09:00:00.090|13|12|286825|3800270|53.247|alpaca_sip|10.35|score_bar
PAGS|09:05:00.032|10|11|299330|3800270|55.018|alpaca_sip|10.3154|score_bar
PAGS|09:10:00.051|9|12|302488|3800270|52.405|alpaca_sip|10.31|score_bar
PAGS|09:15:00.043|11|9|311703|3800270|52.007|alpaca_sip|10.35|score_bar
PAGS|09:20:00.087|13|12|314448|3800270|50.801|alpaca_sip|10.3|score_bar
PAGS|09:25:00.037|14|12|337216|3800270|56.378|alpaca_sip|10.29|score_bar
PBM|09:15:00.043|12|16|29036|75147||alpaca_sip|5.6844|quality_filter
PBM|09:20:00.087|14|18|29036|75147||alpaca_sip|5.6844|quality_filter
PBM|09:25:00.037|15|22|29036|75147||alpaca_sip|5.6844|quality_filter
PBR|08:50:00.077|1|23|2428535|21070113|31.871|alpaca_sip|23.65|duplicate
PBR|08:55:00.028|1|23|2443454|21070113|30.888|alpaca_sip|23.67|duplicate
PBR|09:15:00.043|1|15|3039853|21070113|23.673|alpaca_sip|23.908|duplicate
PBR|09:20:00.087|1|17|3269694|21070113|24.145|alpaca_sip|23.98|duplicate
PBR|09:25:00.037|1|18|3466686|21070113|23.231|alpaca_sip|24.01|duplicate
PCVX|08:50:00.077|13|1|1751930|2399638|229.073|alpaca_sip|88.575|score_bar
PCVX|08:55:00.028|13|1|1768373|2399638|228.774|alpaca_sip|88.6353|score_bar
PCVX|09:00:00.090|14|1|1814320|2399638|231.017|alpaca_sip|89|score_bar
PCVX|09:00:00.090|14|1|1814320|2399638|231.017|alpaca_sip|89|score_bar
PCVX|09:05:00.032|11|1|1923801|2399638|248.997|alpaca_sip|88.99|score_bar
PCVX|09:10:00.051|10|1|1949208|2399638|245.515|alpaca_sip|89|score_bar
PCVX|09:15:00.043|13|1|2005190|2399638|252.567|alpaca_sip|88.88|score_bar
PCVX|09:20:00.087|15|1|2031602|2399638|255.411|alpaca_sip|89.18|score_bar
PCVX|09:25:00.037|16|1|2159914|2399638|271.295|alpaca_sip|87.77|score_bar
PICS|08:50:00.077|14|14|15525|518774||alpaca_sip|10.2|post_grade_filter
PICS|08:55:00.028|14|15|15918|518774||alpaca_sip|10.19|post_grade_filter
PICS|09:00:00.090|15|16|16321|518774||alpaca_sip|10.2|post_grade_filter
PICS|09:00:00.090|15|16|16321|518774||alpaca_sip|10.2|post_grade_filter
PICS|09:05:00.032|12|14|16321|518774||alpaca_sip|10.2|post_grade_filter
PICS|09:10:00.051|11|14|18321|518774||alpaca_sip|10.225|post_grade_filter
PICS|09:15:00.043|14|12|20356|518774||alpaca_sip|10.24|post_grade_filter
PICS|09:20:00.087|16|13|20356|518774||alpaca_sip|10.24|post_grade_filter
PICS|09:25:00.037|17|14|20356|518774||alpaca_sip|10.2|post_grade_filter
PLRZ|08:50:00.077|15|21|375|56467||alpaca_sip|10.56|quality_filter
PLRZ|08:55:00.028|15|21|375|56467||alpaca_sip|10.56|quality_filter
PLRZ|09:00:00.090|16|22|375|56467||alpaca_sip|10.56|quality_filter
PLRZ|09:00:00.090|16|22|375|56467||alpaca_sip|10.56|quality_filter
PLRZ|09:05:00.032|13|17|375|56467||alpaca_sip|10.56|quality_filter
PLRZ|09:10:00.051|12|17|375|56467||alpaca_sip|10.56|quality_filter
PLRZ|09:15:00.043|15|18|375|56467||alpaca_sip|10.56|quality_filter
PLRZ|09:20:00.087|17|21|375|56467||alpaca_sip|10.56|quality_filter
PLRZ|09:25:00.037|18|23|375|56467||alpaca_sip|10.56|quality_filter
PTC|08:50:00.077|16|2|1127815|1121382|1369.331|alpaca_sip|195.75|post_grade_filter
PTC|08:55:00.028|16|2|1539767|1121382|1869.5|alpaca_sip|195.79|post_grade_filter
PTC|09:00:00.090|17|2|1545620|1121382|2078.067|alpaca_sip|195.8|post_grade_filter
PTC|09:00:00.090|17|2|1545620|1121382|2078.067|alpaca_sip|195.8|post_grade_filter
PTC|09:05:00.032|14|3|1781990|1121382|2262.685|alpaca_sip|195.86|post_grade_filter
PTC|09:10:00.051|13|3|1872257|1121382|2309.528|alpaca_sip|195.99|post_grade_filter
PTC|09:15:00.043|16|3|2021468|1121382|2493.587|alpaca_sip|196.01|post_grade_filter
PTC|09:20:00.087|18|2|2138452|1121382|2852.41|alpaca_sip|195.85|post_grade_filter
PTC|09:25:00.037|19|2|2242411|1121382|3241.33|alpaca_sip|195.98|post_grade_filter
RXO|08:50:00.077|17|4|414649|3674042|114.059|alpaca_sip|28.7336|score_bar
RXO|08:55:00.028|17|4|423668|3674042|123.056|alpaca_sip|28.9|score_bar
RXO|09:00:00.090|18|4|431194|3674042|123.841|alpaca_sip|28.73|score_bar
RXO|09:00:00.090|18|4|431194|3674042|123.841|alpaca_sip|28.73|score_bar
RXO|09:05:00.032|15|4|438814|3674042|130.569|alpaca_sip|28.9|score_bar
RXO|09:10:00.051|14|4|454211|3674042|135.151|alpaca_sip|28.78|score_bar
RXO|09:15:00.043|17|4|503071|3674042|141.999|alpaca_sip|28.88|score_bar
RXO|09:20:00.087|19|4|546396|3674042|150.566|alpaca_sip|28.75|score_bar
RXO|09:25:00.037|20|4|622892|3674042|166.514|alpaca_sip|28.67|score_bar
SBS|08:50:00.077|18|12|152313|9292192|30.258|alpaca_sip|6.155|score_bar
SBS|08:55:00.028|18|8|169150|9292192|33.571|alpaca_sip|6.22|score_bar
SBS|09:00:00.090|19|5|186602|9292192|35.482|alpaca_sip|6.38|score_bar
SBS|09:00:00.090|19|5|186602|9292192|35.482|alpaca_sip|6.38|score_bar
SBS|09:05:00.032|16|5|248492|9292192|40.834|alpaca_sip|6.48|score_bar
SBS|09:10:00.051|15|5|307694|9292192|30.583|alpaca_sip|6.35|score_bar
SBS|09:15:00.043|18|11|335885|9292192|24.692|alpaca_sip|6.12|score_bar
SBS|09:20:00.087|20|9|364937|9292192|23.947|alpaca_sip|6.17|score_bar
SBS|09:25:00.037|21|7|309579|9292192||alpaca_sip|6.19|shortlist_cap
SDEV|08:50:00.077|19|3|27804445|153283940||alpaca_sip|10.1|extension
SDEV|08:55:00.028|19|3|27921535|153283940||alpaca_sip|9.9902|extension
SDEV|09:00:00.090|20|3|27979668|153283940||alpaca_sip|10.0852|extension
SDEV|09:00:00.090|20|3|27979668|153283940||alpaca_sip|10.0852|extension
SDEV|09:05:00.032|17|2|28268303|153283940||alpaca_sip|10.41|extension
SDEV|09:10:00.051|16|2|28444984|153283940||alpaca_sip|10.35|extension
SDEV|09:15:00.043|19|2|28604633|153283940||alpaca_sip|10.216|extension
SDEV|09:20:00.087|21|3|28201858|153283940||alpaca_sip|9.82|shortlist_cap
SDEV|09:25:00.037|22|3|28411517|153283940||alpaca_sip|9.5203|shortlist_cap
STNE|08:50:00.077|20|9|484792|4969078|48.819|alpaca_sip|10.97|score_bar
STNE|08:55:00.028|20|11|496157|4969078|51.148|alpaca_sip|10.9746|score_bar
STNE|09:00:00.090|21|11|476488|4969078||alpaca_sip|10.98|shortlist_cap
STNE|09:00:00.090|21|9|476488|4969078||alpaca_sip|11|shortlist_cap
STNE|09:05:00.032|18|8|509411|4969078|50.051|alpaca_sip|11.0046|score_bar
STNE|09:10:00.051|17|8|512595|4969078|48.452|alpaca_sip|10.99|score_bar
STNE|09:15:00.043|20|8|539548|4969078|49.684|alpaca_sip|10.9726|score_bar
STNE|09:20:00.087|22|7|512438|4969078||alpaca_sip|11.03|shortlist_cap
STNE|09:25:00.037|23|9|515531|4969078||alpaca_sip|10.98|shortlist_cap
SVRN|09:00:00.090|22|14|4302|179875||alpaca_sip|40.97|shortlist_cap
SVRN|09:00:00.090|22|14|4302|179875||alpaca_sip|40.97|shortlist_cap
TIMB|08:50:00.077|21|22|5415|426007||alpaca_sip|19.48|shortlist_cap
TIMB|08:55:00.028|21|24|5415|426007||alpaca_sip|19.48|shortlist_cap
TIMB|09:00:00.090|23|25|5415|426007||alpaca_sip|19.48|shortlist_cap
TIMB|09:00:00.090|23|25|5415|426007||alpaca_sip|19.48|shortlist_cap
TIMB|09:05:00.032|19|21|5280|426007|2.194|alpaca_sip|19.48|post_grade_filter
TIMB|09:10:00.051|18|19|5280|426007|2.077|alpaca_sip|19.48|post_grade_filter
TIMB|09:15:00.043|21|23|5415|426007||alpaca_sip|19.5|shortlist_cap
TIMB|09:20:00.087|23|24|5415|426007||alpaca_sip|19.5|shortlist_cap
TIMB|09:25:00.037|24|25|5415|426007||alpaca_sip|19.5|shortlist_cap
UGP|08:50:00.077|22|17|31294|5537392||alpaca_sip|8.29|shortlist_cap
UGP|08:55:00.028|22|17|31294|5537392||alpaca_sip|8.29|shortlist_cap
UGP|09:00:00.090|24|17|31294|5537392||alpaca_sip|8.29|shortlist_cap
UGP|09:00:00.090|24|17|31294|5537392||alpaca_sip|8.29|shortlist_cap
UGP|09:05:00.032|20|20|43259|5537392|3.792|alpaca_sip|8.14|post_grade_filter
VINP|08:55:00.028|23|22|1783|61158||alpaca_sip|10.3643|shortlist_cap
VINP|09:00:00.090|25|23|1783|61158||alpaca_sip|10.3643|shortlist_cap
VINP|09:00:00.090|25|23|1783|61158||alpaca_sip|10.3643|shortlist_cap
VINP|09:05:00.032|21|18|1783|61158||alpaca_sip|10.3643|shortlist_cap
VINP|09:10:00.051|19|18|1429|61158||alpaca_sip|10.3643|quality_filter
VINP|09:15:00.043|22|19|1783|61158||alpaca_sip|10.3643|shortlist_cap
VIV|08:50:00.077|23|20|36569|892016||alpaca_sip|12.75|shortlist_cap
VIV|08:55:00.028|24|20|36569|892016||alpaca_sip|12.75|shortlist_cap
VIV|09:00:00.090|26|20|36569|892016||alpaca_sip|12.75|shortlist_cap
VIV|09:00:00.090|26|20|36569|892016||alpaca_sip|12.75|shortlist_cap
VIV|09:15:00.043|23|22|36569|892016||alpaca_sip|12.63|shortlist_cap
VIV|09:20:00.087|24|16|36569|892016||alpaca_sip|12.8|shortlist_cap
VIV|09:25:00.037|25|16|56925|892016||alpaca_sip|12.86|shortlist_cap
XP|08:50:00.077|2|5|397384|12165519|161.24|alpaca_sip|25.08|score_bar
XP|08:55:00.028|2|5|407501|12165519|163.988|alpaca_sip|25.195|score_bar
XP|09:00:00.090|1|6|432015|12165519|177.438|alpaca_sip|25.048|score_bar
XP|09:00:00.090|1|6|432015|12165519|177.438|alpaca_sip|25.048|score_bar
XP|09:05:00.032|1|7|446087|12165519|132.561|alpaca_sip|25.14|score_bar
XP|09:10:00.051|1|6|523235|12165519|116.226|alpaca_sip|25.06|score_bar
XP|09:15:00.043|2|6|530632|12165519|71.954|alpaca_sip|25.03|score_bar
XP|09:20:00.087|2|6|578042|12165519|79.036|alpaca_sip|25.4|score_bar
XP|09:25:00.037|2|5|704331|12165519|88.468|alpaca_sip|25.49|score_bar
XRPN|09:00:00.090|27|27|302116|9304983||alpaca_sip|43|shortlist_cap
XRPN|09:00:00.090|27|27|302116|9304983||alpaca_sip|43|shortlist_cap
(213 rows)
### V3b last-pre-open-tick pool rows since 2026-08-29: today_volume == prev_day_volume (stale yesterday carry?) and minutes_since_open
n|eq_prevday|gt_prevday|no_pm_rvol|beyond_20|min_mso|max_mso
191|0|30|91|5||
(1 row)
### V3c rt-volume shadow audit events (delayed vs real-time pre-market volume), if any, 08-01..08-27: ratio rt/delayed
### V3d one sample of that event payload
ERROR:  column "details" does not exist
LINE 2: ...     percentile_cont(0.5) WITHIN GROUP (ORDER BY (details->>...
                                                             ^
HINT:  Perhaps you meant to reference the column "mi_audit_log.detail".
ERROR:  column "details" does not exist
LINE 1: SELECT details FROM mi_audit_log WHERE event_type='ep_rt_vol...
               ^
HINT:  Perhaps you meant to reference the column "mi_audit_log.detail".
