### V4a TDIC any scan-log row 2026-05-01..2026-05-20, and any EP alert row
scan_date|n|first_t|max_gap
(0 rows)
n_scanlog_all_time_tdic
40
(1 row)
### V4b ABNB 2026-08-07 rows by tick
t|rank_by_gap|gap_pct|reject_stage|fr
09:50:00|25|12.64||outside top-20 gap cap (gap 12.6%)
09:55:00|22|14.15||outside top-20 gap cap (gap 14.2%)
(2 rows)
### V4c PENG 2026-10-07 pre-open rows: gap, stage, reason (first 6 and last 6 pre-open)
t|rank_by_gap|gap_pct|gap_pct_rt|gap_pct_delayed|reject_stage|fr
08:25:00||4.5|4.5|5.49|gap_floor|filter:universe_below_gap_floor: decided gap 4.5% < 9.0% after real-time confirm (recorded
08:20:00||4.49|4.49|5.73|gap_floor|filter:universe_below_gap_floor: decided gap 4.5% < 9.0% after real-time confirm (recorded
08:15:00||4.51|4.51|5.06|gap_floor|filter:universe_below_gap_floor: decided gap 4.5% < 9.0% after real-time confirm (recorded
07:15:00||4.28|4.28|5.86|gap_floor|filter:universe_below_gap_floor: decided gap 4.3% < 9.0% after real-time confirm (recorded
07:10:00||4.28|4.28|5.98|gap_floor|filter:universe_below_gap_floor: decided gap 4.3% < 9.0% after real-time confirm (recorded
07:05:00||4.65|4.65|5.96|gap_floor|filter:universe_below_gap_floor: decided gap 4.7% < 9.0% after real-time confirm (recorded
07:00:01||5.81|5.81|5.96|gap_floor|filter:universe_below_gap_floor: decided gap 5.8% < 9.0% after real-time confirm (recorded
07:05:00||4.65|4.65|5.96|gap_floor|filter:universe_below_gap_floor: decided gap 4.7% < 9.0% after real-time confirm (recorded
07:10:00||4.28|4.28|5.98|gap_floor|filter:universe_below_gap_floor: decided gap 4.3% < 9.0% after real-time confirm (recorded
07:15:00||4.28|4.28|5.86|gap_floor|filter:universe_below_gap_floor: decided gap 4.3% < 9.0% after real-time confirm (recorded
(10 rows)
n_preopen|n_ranked|max_gap
7|0|5.81
(1 row)
### V4d April positives: rows, scan_time_et null?, rank_by_gap
ticker|scan_date|n|n_with_time|n_ranked|gap|fr
AMD|2026-04-24|1|0|0|11.8|score 32 < 50 (catalyst=routine)
INTC|2026-04-24|1|0|0|23.6|low volume rel_vol 0.3x < 2.0x (post-open)
QCOM|2026-04-24|1|0|0|10.27|score 32 < 50 (catalyst=routine)
UMC|2026-04-17|1|0|0|11.68|low volume rel_vol 0.1x < 2.0x (post-open)
(4 rows)
n_april_rows|with_time|ranked
661|0|0
(1 row)
