### V7a alerts
alert_date|ticker|in_active_theme|t
2026-05-11|BW|f|10:44
2026-05-11|BZH|f|10:44
2026-05-11|CCUP|f|10:44
2026-05-11|CRCG|f|10:44
2026-05-11|DGXX|f|10:44
2026-05-11|DRTS|f|10:44
2026-05-11|HTCO|f|10:44
2026-05-11|INBX|f|10:44
2026-05-11|MNDY|f|10:44
2026-05-11|MRAM|t|10:44
2026-05-11|NVEC|f|10:44
2026-05-11|WYFI|f|10:44
2026-05-12|AMBQ|f|10:44
2026-05-12|HLIT|f|10:44
2026-05-12|HTCO|f|10:44
2026-05-12|KOPN|f|10:44
2026-05-12|PACS|f|10:44
2026-05-12|QUBT|f|10:44
2026-05-12|QUBX|f|10:44
2026-05-12|VPG|f|10:44
2026-05-12|VSTS|f|10:44
2026-05-12|WEN|f|10:44
2026-05-12|ZBRA|f|10:44
2026-05-13|EOSE|f|10:44
2026-05-13|EOSU|f|10:44
2026-05-13|KRNT|f|10:44
2026-05-13|NBIG|f|10:44
2026-05-13|NBIL|f|10:44
2026-05-13|NBIS|f|10:44
2026-05-13|NEBX|f|10:44
2026-05-13|PSNL|f|10:44
2026-05-13|RVI|f|10:44
2026-05-13|SLS|f|10:44
2026-05-13|TSEM|t|10:44
2026-05-13|VELO|f|10:44
2026-05-13|VNET|f|10:44
2026-05-13|WOLF|t|10:44
2026-05-14|CPA|f|10:44
2026-05-14|CRMD|f|10:44
2026-05-14|DDS|f|10:44
2026-05-14|GO|f|10:44
2026-05-14|KLAR|f|10:44
2026-05-14|ONDG|f|10:44
2026-05-14|ONDL|f|10:44
2026-05-14|ONDS|f|10:44
2026-05-14|PCT|f|10:44
2026-05-14|POET|t|10:44
2026-05-14|STAA|f|10:44
2026-05-14|TRT|f|10:44
2026-05-15|GEMI|f|10:44
2026-05-15|MICC|f|10:44
2026-05-18|BIO|f|10:44
2026-05-18|CMPS|f|10:44
2026-05-18|D|f|10:44
2026-05-18|RAMP|f|10:44
2026-05-18|SATG|f|10:44
2026-05-18|SHAZ|f|10:44
2026-05-18|TE|f|10:44
2026-05-19|AGYS|f|10:44
2026-05-19|BKKT|f|10:44
2026-05-20|IMVT|f|10:44
2026-05-20|TATT|f|10:44
2026-05-21|AAP|f|10:44
2026-05-21|BIRK|f|10:44
2026-05-21|GFS|t|10:44
2026-05-21|INFQ|f|10:44
2026-05-21|QBTS|f|10:44
2026-05-21|QBTX|f|10:44
2026-05-21|QPUX|f|10:44
2026-05-21|QUBX|f|10:44
2026-05-21|RGTI|f|10:44
2026-05-21|RGTX|f|10:44
2026-05-22|DLLL|f|10:44
2026-05-22|EL|f|10:44
2026-05-22|HLIT|f|10:44
2026-05-22|IMAX|f|10:44
2026-05-22|IMRX|f|10:44
2026-05-22|SG|f|10:44
2026-05-22|WW|f|10:44
2026-05-26|APPX|f|10:44
2026-05-26|ASPI|f|10:44
2026-05-26|CCOI|f|10:44
2026-05-26|ESLT|f|10:44
2026-05-26|IPWR|f|10:44
2026-05-26|JOYY|f|10:44
2026-05-26|LUNL|f|10:44
2026-05-26|LUNR|f|10:44
2026-05-26|MNTS|f|10:44
2026-05-26|MOD|f|10:44
2026-05-26|PONY|f|10:44
2026-05-26|POWI|f|10:44
2026-05-26|QNTM|f|10:44
2026-05-26|RDWU|f|10:44
2026-05-26|SOFX|f|10:44
2026-05-27|APPS|f|10:44
2026-05-27|ASTI|f|10:44
2026-05-27|DY|f|10:44
2026-05-27|IPWR|f|10:44
2026-05-27|QFIN|f|10:44
2026-05-28|A|f|10:44
2026-05-28|AIRO|f|10:44
2026-05-28|AVAV|f|10:44
2026-05-28|CRSR|f|10:44
2026-05-28|CTRN|f|10:44
2026-05-28|DLTR|f|10:44
2026-05-28|DOO|f|10:44
2026-05-28|DPRO|f|10:44
2026-05-28|KSS|f|10:44
2026-05-28|KTOS|f|10:44
2026-05-28|LTRX|f|10:44
2026-05-28|ONDG|f|10:44
2026-05-28|ONDL|f|10:44
2026-05-28|PHR|f|10:44
2026-05-28|RCAT|f|10:44
2026-05-28|SNOW|f|10:44
2026-05-28|UMAC|f|10:44
2026-05-29|ARTV|f|10:44
2026-05-29|CHA|f|10:44
2026-05-29|HPE|f|10:44
2026-05-29|HPEpC|f|10:44
2026-05-29|MX|f|10:44
2026-05-29|NTAP|f|10:44
2026-05-29|NXT|f|10:44
2026-05-29|PD|f|10:44
2026-05-29|QURE|f|10:44
2026-05-29|REPL|f|10:44
2026-05-29|SOFX|f|10:44
2026-05-29|TSSI|f|10:44
2026-06-01|ARMG|f|10:44
2026-06-01|CRWG|f|10:44
2026-06-01|ELMT|f|10:44
2026-06-01|EWTX|f|10:44
2026-06-01|FLNC|f|10:44
2026-06-01|MGM|f|10:44
2026-06-01|SAIC|f|10:44
2026-06-01|TMHC|f|10:44
2026-06-02|AVGU|f|10:44
2026-06-02|GLWG|f|10:44
2026-06-02|MRVL|t|10:44
2026-06-02|MRVU|f|10:44
2026-06-02|MVLL|f|10:44
2026-06-02|RLAY|f|10:44
2026-06-03|GME|f|10:44
2026-06-03|GMEU|f|10:44
2026-06-03|NVTS|t|10:44
2026-06-03|NVTX|f|10:44
2026-06-04|RUM|f|10:44
2026-06-05|ETHD|f|10:44
2026-06-05|GIII|f|10:44
2026-06-05|MRLN|f|10:44
2026-06-08|NRIX|f|07:05
2026-06-10|CBRL|f|09:50
2026-06-11|ELVN|f|08:40
2026-06-11|IDCC|f|09:50
2026-06-11|NAVN|f|07:00
2026-06-12|AKTS|f|09:55
2026-06-12|SHAZ|f|07:40
2026-06-15|AUGO|f|09:51
2026-06-15|HQ|f|09:50
2026-06-15|HYMC|f|09:56
2026-06-15|IDR|f|09:50
2026-06-15|MMYT|f|09:52
2026-06-15|XE|f|09:56
2026-06-16|RXT|f|07:20
2026-06-17|AEHR|t|09:50
2026-06-17|JBL|f|09:35
2026-06-17|LZB|f|09:50
2026-06-17|QURE|f|08:10
2026-06-18|SWBI|f|07:20
2026-06-18|UUUU|f|08:00
2026-06-22|DFTX|f|07:20
2026-06-22|JBIO|f|09:51
2026-06-22|MLTX|f|07:00
2026-06-22|SYRE|t|07:02
2026-06-24|ABSI|f|07:00
2026-06-24|FCEL|t|07:20
2026-06-24|WEN|f|09:00
2026-06-25|KYMR|f|09:50
2026-06-25|MU|t|07:00
2026-06-25|SNX|f|07:40
2026-06-26|ACAD|f|08:00
2026-06-29|CHTR|f|09:45
2026-06-29|OUST|f|09:51
2026-06-29|QDEL|f|09:50
2026-06-30|AVAV|f|07:00
2026-06-30|SEDG|f|07:35
2026-07-01|GRND|f|09:50
2026-07-06|WULF|f|08:20
2026-07-07|DOCN|f|09:20
2026-07-08|KC|f|09:50
2026-07-08|PENG|f|09:55
2026-07-10|CRCL|f|07:05
2026-07-10|WDFC|f|07:40
2026-07-14|CLSK|f|07:00
2026-07-14|TSEM|f|07:00
2026-07-15|AEHR|f|07:00
2026-07-15|MANE|f|09:00
2026-07-15|MANE|f|09:00
2026-07-15|PRG|f|07:20
2026-07-17|SG|f|09:50
2026-07-20|HUT|f|07:05
2026-07-20|IREN|f|09:50
2026-07-21|HAS|f|09:50
2026-07-22|ARWR|f|07:55
2026-07-22|EFOR|f|09:50
2026-07-22|SMCI|f|07:00
2026-07-23|CLF|f|09:05
2026-07-23|NVCR|f|09:05
2026-07-24|THC|f|07:05
2026-07-24|WKC|f|08:15
2026-07-27|NNE|f|09:56
2026-07-27|QBTS|f|07:20
2026-07-28|CORZ|f|07:35
2026-07-29|TER|f|08:25
2026-07-29|TEVA|f|09:51
2026-07-30|ARM|f|08:55
2026-07-30|CORT|t|07:00
2026-07-30|EME|f|07:55
2026-07-30|FTNT|t|07:02
2026-07-30|LRCX|f|09:50
2026-07-30|PWR|f|07:20
2026-07-30|SIMO|f|09:10
2026-07-31|BLZE|t|09:55
2026-07-31|COHU|f|07:00
2026-07-31|FET|f|09:10
2026-07-31|FLNC|f|07:02
2026-07-31|MPWR|f|09:35
2026-07-31|NWL|f|07:00
2026-08-03|FTK|f|08:45
2026-08-03|LIND|f|09:55
2026-08-04|AEIS|f|07:55
2026-08-04|AMRC|f|09:45
2026-08-04|BLZE|t|07:01
2026-08-04|BTDR|f|08:20
2026-08-04|CAT|f|08:01
2026-08-04|INSP|t|09:45
2026-08-04|LIFE|f|07:20
2026-08-04|PLTR|f|07:02
2026-08-04|TSAT|f|09:56
2026-08-04|VOYG|f|08:10
2026-08-04|ZBRA|f|08:35
2026-08-05|APPS|f|07:00
2026-08-05|ECG|f|09:51
2026-08-05|HGTY|f|09:55
2026-08-05|KMT|f|09:00
2026-08-05|KMT|f|09:00
2026-08-05|KODK|f|07:02
2026-08-05|KTOS|f|07:30
2026-08-05|PRGO|f|08:10
2026-08-05|ROCK|f|09:50
2026-08-05|TATT|f|07:21
2026-08-06|AEVA|f|07:02
2026-08-06|CAI|f|09:52
2026-08-06|DCTH|f|09:55
2026-08-06|INSM|f|07:25
2026-08-06|LFST|f|07:50
2026-08-06|RDW|f|07:50
2026-08-06|SITM|f|07:00
2026-08-06|SOUN|f|09:45
2026-08-06|TASK|f|09:47
2026-08-06|TRUP|f|09:52
2026-08-06|U|f|07:20
2026-08-07|ACMR|f|09:00
2026-08-07|ACMR|f|09:00
2026-08-07|CRSR|f|08:52
2026-08-07|DOCS|f|07:30
2026-08-07|FIGS|f|08:51
2026-08-07|FROG|f|08:51
2026-08-07|INOD|f|08:53
2026-08-07|MTW|f|09:50
2026-08-07|NET|t|08:52
2026-08-07|ONTO|f|09:51
2026-08-07|PRAA|f|09:51
2026-08-07|PSIX|f|09:50
2026-08-07|PUBM|f|08:50
2026-08-07|QNST|f|08:51
2026-08-07|TEAM|f|08:50
2026-08-07|TWLO|f|08:51
2026-08-07|WLDN|f|08:53
2026-08-10|ABCL|f|07:20
2026-08-10|ACHR|f|09:45
2026-08-10|NESR|f|09:45
2026-08-10|SLN|f|07:00
2026-08-10|TH|f|07:20
2026-08-11|BW|f|07:00
2026-08-11|FRMI|f|07:01
2026-08-11|RIOT|f|07:00
2026-08-11|RPD|t|09:50
2026-08-11|SE|f|07:25
2026-08-12|ATRO|f|09:20
2026-08-12|BE|f|09:50
2026-08-12|BRUN|f|08:55
2026-08-12|CRWV|f|09:50
2026-08-12|EROC|f|07:05
2026-08-12|GLBE|f|07:06
2026-08-12|HRB|f|09:45
2026-08-12|MRX|f|09:55
2026-08-12|NBIS|f|08:00
2026-08-12|WYFI|f|07:20
2026-08-13|BLSH|f|09:56
2026-08-13|CGEM|f|08:30
2026-08-13|CRMD|f|08:15
2026-08-13|HLIT|f|07:00
2026-08-13|KURA|f|09:50
2026-08-13|OMER|t|09:45
2026-08-14|ETON|t|07:20
2026-08-14|HTFL|f|07:00
2026-08-14|LPTH|f|09:10
2026-08-14|NMAX|f|09:50
2026-08-14|RDDT|f|07:01
2026-08-14|STDN|f|09:55
2026-08-14|VERA|f|07:25
2026-08-17|ARGX|f|07:20
2026-08-17|CBRS|f|09:55
2026-08-18|AMLX|f|07:20
2026-08-19|MRNA|f|07:10
2026-08-19|MRVL|t|08:50
2026-08-19|TEM|f|09:50
2026-08-19|TWST|t|09:55
2026-08-20|BULL|f|07:10
2026-08-20|RARE|f|07:01
2026-08-20|SCSC|f|09:25
2026-08-21|UUUU|f|09:55
2026-08-27|CHRN|f|09:50
2026-08-27|CRWD|f|07:01
2026-08-27|DG|f|07:10
2026-08-27|OKTA|f|07:01
2026-08-27|VEEV|t|09:50
2026-08-28|SOLS|f|07:01
(329 rows)
### V7b shadow last pre-open tick 08-22..08-28
scan_date|ticker|in_active_theme
2026-08-24|AERO|f
2026-08-24|HVII|f
2026-08-24|NSSC|f
2026-08-24|SDOT|f
2026-08-24|SUPX|f
2026-08-25|AMIX|f
2026-08-25|DFNS|f
2026-08-25|GRML|f
2026-08-25|KURA|f
2026-08-25|MEI|f
2026-08-25|NBBK|f
2026-08-25|PMI|f
2026-08-26|ANF|f
2026-08-26|BRNX|f
2026-08-26|PLAB|f
2026-08-26|SDOT|f
2026-08-26|SMMT|f
2026-08-26|XPON|f
2026-08-27|AMKR|f
2026-08-27|BRNX|f
2026-08-27|CRM|t
2026-08-27|CRWD|f
2026-08-27|DAIC|f
2026-08-27|LTRX|f
2026-08-27|MBUU|f
2026-08-27|OKTA|f
2026-08-28|AFRM|t
2026-08-28|EROK|f
2026-08-28|ESTC|t
2026-08-28|GAP|f
2026-08-28|SOLS|f
2026-08-28|UMC|f
2026-08-28|XPON|f
(33 rows)
