📊 *Positions — 2026-10-09* · 🔴 LIVE (real money)

*Open (3)* · unreal $+167
  🟢 *KOD* · 11d (partial, BE)
      Entry $63.15 → Now $99.87 (+58.1%)
      4 sh · $399 · Stop $88.25
      Unreal $+147 · Real $+22
  🟢 *PENG* · 2d
      Entry $72.21 → Now $76.28 (+5.6%)
      10 sh · $763 · Stop $62.20
      Unreal $+41
  🔴 *HUM* · 0d
      Entry $452.00 → Now $431.87 (-4.5%)
      1 sh · $432 · Stop $417.88
      Unreal $-20

*Last 5 Closed*
  ❌ *CEG* $-59 · -1.0R (1d) · Oct 08
      $300.94 → $281.29 · stop hit · score 65
  ✅ *VICR* $+76 · +7.3R (19d) · Oct 07
      $211.50 → $287.23 · stop hit · score 65
  ✅ *OKTA* $+47 · +1.4R (29d) · Sep 28
      $167.88 → $191.50 · stop hit · score 90
  ✅ *SEI* $+4 · +0.4R (13d) · Sep 22
      $62.81 → $64.86 · stop hit · score 71
  ❌ *HOOD* $-27 · -0.8R (11d) · Sep 15
      $118.37 → $111.52 · stop hit · score 78

*Totals*
  W/L 9/25 (26%) · Realized $-69
