📊 *Positions — 2026-10-09* · 🔴 LIVE (real money)

*Open (3)* · unreal $+141
  🟢 *KOD* · 10d (partial, BE)
      Entry $63.15 → Now $99.05 (+56.8%)
      4 sh · $396 · Stop $81.59
      Unreal $+144 · Real $+22
  🟢 *PENG* · 1d
      Entry $72.21 → Now $73.56 (+1.9%)
      10 sh · $736 · Stop $62.20
      Unreal $+13
  🔴 *HUM* · 0d
      Entry $452.00 → Now $435.80 (-3.6%)
      1 sh · $436 · Stop $417.88
      Unreal $-16

*Last 5 Closed*
  ❌ *CEG* $-59 · -1.0R (1d) · Oct 08
      $300.94 → $281.29 · stop hit · score 65
  ✅ *VICR* $+76 · +7.3R (19d) · Oct 07
      $211.50 → $287.23 · stop hit · score 65
  ✅ *OKTA* $+47 · +1.4R (29d) · Sep 28
      $167.88 → $191.50 · stop hit · score 90
  ✅ *SEI* $+4 · +0.4R (13d) · Sep 22
      $62.81 → $64.86 · stop hit · score 71
  ❌ *HOOD* $-27 · -0.8R (11d) · Sep 15
      $118.37 → $111.52 · stop hit · score 78

*Totals*
  W/L 9/25 (26%) · Realized $-69
