scan_date	ticker	stage	base_age	runup_pct	pivot_high_price	range_contraction_ratio	vol_contraction_ratio	fresh_tight_fires	fresh_2bar_tr_pct	atr14_pct	held_from_stage	reason
2026-10-09	KOD	COILED	5	2.4887504570598558	104	1	1	f	6.638630219285066	10.532942825673372	WATCH	runup_249% base_5d close_vs_pivot_-4.0%
2026-10-08	KOD	COILED	4	2.4887504570598558	104	1	1	t	5.739444090812642	10.75933587948228		fresh_2bar 5.7%/atr 10.8% bodies_0.42/0.07
2026-10-06	HTFL	TIGHTENING	11	1.172262895174709	52.2212	1.2365186634557446	1.1147865748383978	f	9.48806470704281	5.029943916805232	WATCH	runup_117% base_11d close_vs_pivot_-2.9%
2026-10-05	PURR	TIGHTENING	10	1.4948275862068967	14.47	0.6611449209418726	0.5897246644895551	f	9.629941126997473	8.15253206545776		range_0.66 vol_0.59
2026-10-05	HTFL	TIGHTENING	23	1.136154168412233	50.99	0.9752641659732405	0.660938547350165	f	7.239992338632447	4.47793252524147		range_0.98 vol_0.66
2026-10-02	HTFL	TIGHTENING	22	1.136154168412233	50.99	0.7806357292622196	0.5814606480554699	f	5.413625304136256	4.518740586258835		range_0.78 vol_0.58
2026-10-01	CHPT	TIGHTENING	8	1.1123152709359605	10.72	0.6998014943067451	0.7684911512762356	f	9.114087301587313	7.133823529411763		range_0.70 vol_0.77
2026-10-01	EFOR	TIGHTENING	12	0.9451046972269379	34.37	0.7295634671779159	0.5330934848172078	f	13.152804642166341	5.064560060000786		range_0.73 vol_0.53
2026-10-01	ESTC	TIGHTENING	22	0.9266791544019266	108	0.7184730425499805	0.519999426108812	f	4.242093784078517	3.860052308216101		range_0.72 vol_0.52
2026-09-30	CHPT	TIGHTENING	7	1.1123152709359605	10.72	0.6998014943067451	0.7663084577298114	f	9.243697478991585	7.223852040816325		range_0.70 vol_0.77
2026-09-30	EFOR	TIGHTENING	11	0.9451046972269379	34.37	0.8399714052287616	0.5368229072535297	f	3.4346504559270596	4.811137646547977		range_0.84 vol_0.54
2026-09-30	HTFL	TIGHTENING	20	1.136154168412233	50.99	0.8052257047650475	0.6300091121436091	f	4.6756973710616	4.779755922469491		range_0.81 vol_0.63
2026-09-30	ESTC	TIGHTENING	21	0.9266791544019266	108	0.5102550065028909	0.4988288884729627	f	4.242093784078517	3.8066832840006213		range_0.51 vol_0.50
2026-09-29	CHPT	TIGHTENING	6	1.1123152709359605	10.72	0.6998014943067451	0.8598811748648327	f	9.243697478991585	7.447178871548618		range_0.70 vol_0.86
2026-09-29	EFOR	TIGHTENING	10	0.9451046972269379	34.37	1.0582054239493712	0.5534492018230828	f	3.441973804447138	4.800282240555792		range_1.06 vol_0.55
2026-09-29	HTFL	TIGHTENING	19	1.136154168412233	50.99	0.7806357292622196	0.6767857386635378	f	4.6756973710616	4.89750867234311		range_0.78 vol_0.68
2026-09-29	ESTC	TIGHTENING	20	0.9266791544019266	108	0.6776980084656687	0.48944724970651815	f	4.633841255401397	4.007014157014154		range_0.68 vol_0.49
2026-09-28	EFOR	TIGHTENING	9	0.9451046972269379	34.37	1.0582054239493712	0.573656949668215	f	3.96286231884058	4.905160784996297		range_1.06 vol_0.57
2026-09-24	TEAM	TIGHTENING	16	1.46625	197.3	0.9092588808543358	1.165638046896583	f	4.239286446586006	4.52164666572719	WATCH	runup_147% base_16d close_vs_pivot_-2.4%
2026-09-23	PLSE	TIGHTENING	9	1.3616680032076984	58.9	0.6335180839759361	0.8926881312149241	f	9.368988072335522	8.97815093717364		range_0.63 vol_0.89
2026-09-23	TEAM	TIGHTENING	15	1.46625	197.3	0.7070176547013473	1.1772017467812503	f	7.643784786641923	4.678959950496499		range_0.71 vol_1.18
2026-09-23	QMCO	TIGHTENING	24	1.9006622516556293	26.28	0.6135755289286179	0.9327035239996975	f	17.905275317674235	7.38398701798779		range_0.61 vol_0.93
2026-09-22	PLSE	TIGHTENING	8	1.3616680032076984	58.9	0.6335180839759361	0.9205420861988648	f	5.758581879572307	8.484369492720225		range_0.63 vol_0.92
2026-09-22	TEAM	TIGHTENING	15	1.4370000000000003	194.96	0.7070176547013473	1.0570334491987579	f	7.643784786641923	4.833516754382644		range_0.71 vol_1.06
2026-09-22	QMCO	TIGHTENING	23	1.9006622516556293	26.28	0.6135755289286179	0.8953268103224493	f	7.173489278752436	6.779922027290451		range_0.61 vol_0.90
2026-09-21	PLSE	TIGHTENING	7	1.3616680032076984	58.9	0.6505554815474761	0.9549817105009688	f	7.508817523668093	8.912010611785513		range_0.65 vol_0.95
2026-09-18	CHPT	TIGHTENING	8	1.025615763546798	10.28	0.7951191109085829	0.5088898103212514	f	11.794354838709676	8.700027685492799		range_0.80 vol_0.51
2026-09-17	CHPT	TIGHTENING	7	1.025615763546798	10.28	0.7951191109085829	0.5213845076091824	f	11.794354838709676	8.737255184331795		range_0.80 vol_0.52
2026-09-17	CDNA	TIGHTENING	13	0.9645387994143484	53.6712	0.6838422035927493	0.8964067778347085	f	3.599852616064837	4.200218444046741		range_0.68 vol_0.90
2026-09-16	CHPT	TIGHTENING	6	1.025615763546798	10.28	0.9916729112815628	0.6283888896954524	f	5.836139169472498	9.022206188872852		range_0.99 vol_0.63
2026-09-16	CDNA	TIGHTENING	12	0.9645387994143484	53.6712	0.6838422035927493	0.9647545141067738	f	3.8181990881459003	4.384487128184608		range_0.68 vol_0.96
2026-09-15	CDNA	TIGHTENING	11	0.9645387994143484	53.6712	0.6049974331947584	0.9621745500746054	f	4.773725415314111	4.478655557967868		range_0.60 vol_0.96
2026-09-14	CDNA	TIGHTENING	10	0.9645387994143484	53.6712	0.6049974331947584	1.0566138170423016	f	4.773725415314111	4.758313101830382		range_0.60 vol_1.06
2026-09-14	PURR	TIGHTENING	10	1.4379310344827587	14.14	0.8503633060853766	0.6941002251450108	f	13.135228251507325	11.5460518384569		range_0.85 vol_0.69
2026-09-11	TJGC	COILED	6	2.336446540880503	10.6099	0.8037332083723832	0.9432132690425122	f	9.11528150134048	9.511043023107364	WATCH	runup_234% base_6d close_vs_pivot_+5.5%
2026-09-11	IOVA	COILED	14	1.4893617021276597	9.36	0.7304251077835977	0.7260280642014844	f	7.209302325581407	4.89418604651163	TIGHTENING	range_0.73 vol_0.73
2026-09-10	TJGC	COILED	5	2.336446540880503	10.6099	1	1	t	3.842549203373947	9.42562592047128		fresh_2bar 3.8%/atr 9.4% bodies_0.06/0.18
2026-09-10	OMER	COILED	12	1.6495263870094723	19.58	0.636867765826791	0.8292841955536482	f	5.863367401828939	4.647160531775914	TIGHTENING	range_0.64 vol_0.83
2026-09-10	IOVA	COILED	13	1.4893617021276597	9.36	0.7251236702709789	0.7517598697825849	f	4.86358244365362	5.640224640224642	TIGHTENING	range_0.73 vol_0.75
(39 rows)
