scan_date|ticker|created_et|gap_pct|prev_close|rel_volume|adv|adv_source|pm_rvol|filter_reason|ep_score|score_tier
2026-04-13|BJRI|07:00:04.273|9.65|37.4|0||||low rel volume 0.0x < 2.0x||
2026-04-13|BWET|07:00:04.273|10.54|162.94|0.01||||low rel volume 0.0x < 2.0x||
2026-04-13|CYD|07:00:04.273|11.8|42.78|0.09||||low rel volume 0.5x < 2.0x||
2026-04-13|FLXS|07:00:04.273|9.32|48.49|0||||low rel volume 0.0x < 2.0x||
2026-04-13|IDYA|07:00:04.273|29.51|30.5|0.5|||||50.4|MODERATE
2026-04-13|IVT|07:00:04.273|9.79|32.16|0||||low rel volume 0.0x < 2.0x||
2026-04-13|LEG|07:00:04.273|8.11|9.99|0.01||||low rel volume 1.0x < 2.0x||
2026-04-13|LWLG|07:00:04.273|9.34|10.6|0.05||||low rel volume 0.5x < 2.0x||
2026-04-13|OPTX|07:00:04.273|8.45|9.35|0.03||||low rel volume 1.2x < 2.0x||
2026-04-13|SCLX|07:00:04.273|9.85|6.8|0.02||||low rel volume 0.0x < 2.0x||
2026-04-13|SDRL|07:00:04.273|8.23|47.52|0||||low rel volume 0.0x < 2.0x||
2026-04-13|SKYQ|07:00:04.273|42.1|12.59|0.16||||low rel volume 0.5x < 2.0x||
2026-04-13|STK|07:00:04.273|9.83|41.61|0||||low rel volume 0.0x < 2.0x||
2026-04-13|TLX|07:00:04.273|8.16|10.54|0.21||||low rel volume 0.2x < 2.0x||
2026-04-13|ALMU|07:25:02.240|9.57|10.76|0.11||||quality filter: Market cap too low ($194M)||
2026-04-13|UONE|07:30:02.845|8.4|5.12|0.03||||low rel volume 0.5x < 2.0x||
2026-04-13|TRT|07:40:03.752|9.89|6.37|0.01||||low rel volume 0.0x < 2.0x||
2026-04-13|WTIU|07:40:03.752|8.18|17.35|0.01||||low rel volume 0.0x < 2.0x||
2026-04-13|SYRE|07:55:03.250|24.78|51.29|0.06||||low rel volume 1.4x < 2.0x||
2026-04-13|RVMD|08:20:02.852|24.44|96.43|0.05||||low rel volume 1.9x < 2.0x||
2026-04-13|ERAS|08:25:03.038|14.4|17.01|0.01||||low rel volume 0.1x < 2.0x||
2026-04-13|ANL|08:55:03.325|8.87|11.16|0.21||||low rel volume 0.6x < 2.0x||
2026-04-13|GPRE|09:20:04.357|11.16|15.23|0||||low rel volume 0.0x < 2.0x||
2026-04-13|KGEI|09:20:04.357|9.33|5.04|0.05||||low rel volume 0.2x < 2.0x||
2026-04-13|NETG|09:20:04.357|10.85|7.65|0.66||||low rel volume 0.7x < 2.0x||
2026-04-13|BBOT|09:30:06.317|10.24|8.4|0.02||||low rel volume 0.7x < 2.0x||
2026-04-13|TBRG|09:30:06.317|8.45|17.98|0.16||||low rel volume 0.7x < 2.0x||
2026-04-13|MVLL|09:35:49.399|8.58|42.79|0.87||||low rel volume 0.9x < 2.0x||
2026-04-13|TNGX|09:35:49.399|10.28|19.95|0.01||||low rel volume 0.0x < 2.0x||
2026-04-13|MRVU|09:40:06.227|8.09|55.62|0.42||||low rel volume 0.4x < 2.0x||
2026-04-13|BBGI|09:50:13.697|8.42|11.76|0.05||||low rel volume 0.1x < 2.0x||
2026-04-13|CRDU|09:50:13.697|15.31|24.03|0.36||||low rel volume 0.4x < 2.0x||
2026-04-13|SGML|09:50:13.697|9.09|14.85|0.14||||low rel volume 0.2x < 2.0x||
2026-04-13|CRDO|09:55:19.420|8.28|119.59|0.22||||low rel volume 0.2x < 2.0x||
2026-04-13|CRWU|09:55:19.420|11.57|7.52|0.37||||low rel volume 0.4x < 2.0x||
2026-04-13|CWVX|09:55:19.420|11.67|32.66|0.34||||low rel volume 0.3x < 2.0x||
2026-04-13|LABX|09:55:19.420|9.28|26.95|0.64||||low rel volume 0.6x < 2.0x||
2026-04-13|XNDU|09:55:19.420|15.07|8.96|0.21||||low rel volume 0.2x < 2.0x||
2026-04-14|AALG|07:00:05.905|11.18|8.59|0.06||||outside top-20 gap cap (gap 14.1%)||
2026-04-14|ACET|07:00:05.905|10.87|6.35|0.02||||outside top-20 gap cap (gap 10.6%)||
2026-04-14|ALMU|07:00:05.905|11.4|15.35|0.19||||outside top-20 gap cap (gap 8.7%)||
2026-04-14|AVNS|07:00:05.905|68.41|14.53|0.28|||||64.8|MODERATE
2026-04-14|BE|07:00:05.905|13.4|176.67|0.02||||low rel volume 0.3x < 2.0x||
2026-04-14|BEG|07:00:05.905|28.4|39.72|0.04||||low rel volume 0.3x < 2.0x||
2026-04-14|BEX|07:00:05.905|27.34|27.76|0.04||||low rel volume 0.5x < 2.0x||
2026-04-14|CRDO|07:00:05.905|15.83|134.36|0.05||||outside top-20 gap cap (gap 13.3%)||
2026-04-14|CRDU|07:00:05.905|30.82|29.98|0.17||||low rel volume 1.1x < 2.0x||
2026-04-14|CRWU|07:00:05.905|8.09|8.75|0.02||||outside top-20 gap cap (gap 10.3%)||
2026-04-14|ETHT|07:00:05.905|10.06|17.3|0.06||||outside top-20 gap cap (gap 11.3%)||
2026-04-14|ETHU|07:00:05.905|10.01|25.87|0.08||||outside top-20 gap cap (gap 11.3%)||
2026-04-14|ETU|07:00:05.905|10.95|6.85|0.05||||outside top-20 gap cap (gap 11.2%)||
2026-04-14|GSAT|07:00:05.905|10.44|72.89|0.04||||outside top-20 gap cap (gap 8.6%)||
2026-04-14|HOOX|07:00:05.905|8.56|20.5409|0.1||||low rel volume 0.3x < 2.0x||
2026-04-14|LUNL|07:00:05.905|9.78|19.22|0.05||||outside top-20 gap cap (gap 12.1%)||
2026-04-14|MAKO|07:00:05.905|10.85|7.1|0.06||||outside top-20 gap cap (gap 8.0%)||
2026-04-14|OCC|07:00:05.905|8.64|11.57|0.05||||low rel volume 0.1x < 2.0x||
2026-04-14|OKLL|07:00:05.905|9.51|6.94|0.1||||low rel volume 0.8x < 2.0x||
2026-04-14|ORCU|07:00:05.905|8.16|10.54|0.57||||low rel volume 1.9x < 2.0x||
2026-04-14|ORCX|07:00:05.905|8.13|29.53|0.11||||low rel volume 1.5x < 2.0x||
2026-04-14|XNDU|07:00:05.905|10.53|11.49|0.04||||outside top-20 gap cap (gap 12.6%)||
2026-04-14|CWVX|07:05:05.395|8.06|37.97|0.04||||outside top-20 gap cap (gap 9.9%)||
2026-04-14|AAOX|07:15:05.501|8.25|54.67|0.06||||outside top-20 gap cap (gap 8.2%)||
2026-04-14|RONB|07:15:05.501|9.14|22.98|0.05||||low rel volume 0.1x < 2.0x||
2026-04-14|BMM|07:20:14.556|8.97|7.8|0||||outside top-20 gap cap (gap 9.0%)||
2026-04-14|LCID|07:20:14.556|10.48|9.24|0.1||||outside top-20 gap cap (gap 8.8%)||
2026-04-14|BNAI|07:25:05.536|9.72|50.95|0.2||||outside top-20 gap cap (gap 8.2%)||
2026-04-14|SMU|07:30:05.351|8.67|10.49|0.13||||low rel volume 1.1x < 2.0x||
2026-04-14|TVTX|07:30:05.351|43.32|30.7|0.28|||||100|HIGH
2026-04-14|SMUP|07:35:05.369|11.03|7.89|0.12||||low rel volume 0.8x < 2.0x||
2026-04-14|OKLO|07:45:05.414|8.08|53.94|0.06||||outside top-20 gap cap (gap 11.7%)||
2026-04-14|PRAX|07:50:05.317|10.41|317|0||||outside top-20 gap cap (gap 8.2%)||
2026-04-14|IREX|07:55:05.461|8.13|26.93|0.05||||outside top-20 gap cap (gap 9.7%)||
2026-04-14|AAL|08:00:06.203|8.1|11.23|0.04||||outside top-20 gap cap (gap 8.1%)||
2026-04-14|IRE|08:05:05.378|8.38|20.16|0.07||||outside top-20 gap cap (gap 9.6%)||
2026-04-14|ROLR|08:05:05.378|11|5.09|0.13||||quality filter: ADV too low ($314,043)||
2026-04-14|XZO|08:05:05.378|39.03|15.4|0.01||||low rel volume 0.0x < 2.0x||
2026-04-14|CRMX|08:10:05.606|9.68|15.75|0.04||||outside top-20 gap cap (gap 9.8%)||
2026-04-14|ASTX|08:15:05.626|8.63|50.63|0.06||||outside top-20 gap cap (gap 8.1%)||
2026-04-14|CRMU|08:15:05.626|8.98|6.9187|0.04||||outside top-20 gap cap (gap 8.6%)||
2026-04-14|GLXU|08:15:05.626|8.56|7.34|0.03||||outside top-20 gap cap (gap 10.1%)||
2026-04-14|IRDM|08:20:05.843|9.07|35.235|0.04||||outside top-20 gap cap (gap 8.9%)||
2026-04-14|CIFU|08:25:05.426|8.74|22.07|0.11||||outside top-20 gap cap (gap 8.8%)||
2026-04-14|RDWU|08:25:05.426|9.33|11.36|0.2||||outside top-20 gap cap (gap 8.0%)||
2026-04-14|RENT|08:25:05.426|10.19|5.79|0.05||||quality filter: ADV too low ($224,873)||
2026-04-14|IREG|08:30:05.806|8.98|14.8741|0.1||||outside top-20 gap cap (gap 10.1%)||
2026-04-14|MRVU|09:05:05.510|11.01|58.04|0.12||||outside top-20 gap cap (gap 8.7%)||
2026-04-14|MVLL|09:05:05.510|11.45|44.68|0.36||||outside top-20 gap cap (gap 8.4%)||
2026-04-14|ALSN|09:10:05.513|8.77|129.6|0||||outside top-20 gap cap (gap 8.8%)||
2026-04-14|HODU|09:10:05.513|8.54|7.4532|0.14||||outside top-20 gap cap (gap 14.0%)||
2026-04-14|HOOG|09:10:05.513|8.19|18.19|0.21||||outside top-20 gap cap (gap 14.2%)||
2026-04-14|ROBN|09:10:05.513|8.24|18.2|0.2||||low rel volume 0.4x < 2.0x||
2026-04-14|IONL|09:35:08.695|12.49|11.37|0.41||||low rel volume 0.9x < 2.0x||
2026-04-14|IONX|09:35:08.695|12.9|21.79|0.29||||low rel volume 0.7x < 2.0x||
2026-04-14|QBTX|09:35:08.695|9.16|7.97|0.12||||outside top-20 gap cap (gap 14.2%)||
2026-04-14|APLX|09:45:18.581|11.07|14.36|0.1||||low rel volume 0.3x < 2.0x||
2026-04-14|CLSX|09:45:18.581|8.47|13.22|0.07||||low rel volume 0.4x < 2.0x||
2026-04-14|IONQ|09:45:18.581|9.27|29.76|0.12||||outside top-20 gap cap (gap 9.7%)||
2026-04-14|MRAM|09:45:18.581|8.01|11.11|0.05||||outside top-20 gap cap (gap 8.0%)||
2026-04-14|NBIG|09:45:18.581|8.43|15.77|0.08||||outside top-20 gap cap (gap 10.5%)||
2026-04-14|NEBX|09:45:18.581|8.59|69.51|0.15||||outside top-20 gap cap (gap 11.1%)||
2026-04-14|PSTV|09:45:18.581|11.83|5.41|0.04||||outside top-20 gap cap (gap 8.7%)||
2026-04-14|QPUX|09:45:18.581|9.96|16.37|0.1||||outside top-20 gap cap (gap 11.9%)||
2026-04-14|QUBX|09:45:18.581|8.88|8.33|0.13||||outside top-20 gap cap (gap 11.6%)||
2026-04-14|RKLX|09:45:18.581|8.28|30.55|0.14||||outside top-20 gap cap (gap 10.0%)||
2026-04-14|WULX|09:45:18.581|8.67|33.58|0.07||||outside top-20 gap cap (gap 8.7%)||
2026-04-14|ASST|09:50:13.490|9.07|11.58|0.12||||outside top-20 gap cap (gap 8.8%)||
2026-04-14|BKKT|09:50:13.490|8.26|8.72|0.23||||outside top-20 gap cap (gap 8.3%)||
2026-04-14|CHPT|09:50:13.490|15.47|5.43|0.52||||outside top-20 gap cap (gap 13.6%)||
2026-04-14|COIA|09:50:13.490|11.48|5.3373|0.15||||outside top-20 gap cap (gap 10.4%)||
2026-04-14|COIG|09:50:13.490|10.84|6.8114|0.08||||outside top-20 gap cap (gap 12.3%)||
2026-04-14|HOOW|09:50:13.490|8.07|22.8|0.2||||outside top-20 gap cap (gap 8.1%)||
2026-04-14|IMSR|09:50:13.490|8.04|6.59|0.18||||outside top-20 gap cap (gap 8.0%)||
2026-04-14|MST|09:50:13.490|8.77|21.8167|0.09||||outside top-20 gap cap (gap 9.6%)||
2026-04-14|MSTX|09:50:13.490|10.46|21.52|0.12||||outside top-20 gap cap (gap 11.9%)||
2026-04-14|NBIL|09:50:13.490|11.02|22.32|0.16||||outside top-20 gap cap (gap 11.1%)||
2026-04-14|NNE|09:50:13.490|8.55|21.87|0.13||||outside top-20 gap cap (gap 8.6%)||
2026-04-14|PLU|09:50:13.490|9.61|35.52|0.17||||outside top-20 gap cap (gap 9.6%)||
2026-04-14|RGTIW|09:50:13.490|10.42|6.24|0.22||||outside top-20 gap cap (gap 8.0%)||
2026-04-14|RGTU|09:50:13.490|13.55|16.38|0.56||||outside top-20 gap cap (gap 13.8%)||
2026-04-14|RGTX|09:50:13.490|13.65|16.7|0.22||||outside top-20 gap cap (gap 12.8%)||
2026-04-14|RIOX|09:50:13.490|8.96|28.58|0.1||||outside top-20 gap cap (gap 12.0%)||
2026-04-14|SBET|09:50:13.490|8.36|6.7|0.11||||outside top-20 gap cap (gap 9.6%)||
2026-04-14|SMR|09:50:13.490|13.26|9.58|0.22||||low rel volume 0.4x < 2.0x||
2026-04-14|TEMT|09:50:13.490|11.34|18.1|0.17||||outside top-20 gap cap (gap 13.5%)||
2026-04-14|USAX|09:50:13.490|8.11|15.54|0.2||||outside top-20 gap cap (gap 8.1%)||
2026-04-14|AOSL|09:55:10.334|9.57|27.39|0.87||||outside top-20 gap cap (gap 9.6%)||
2026-04-14|APPX|09:55:10.334|8.11|29.59|0.14||||outside top-20 gap cap (gap 8.1%)||
2026-04-14|ARQQ|09:55:10.334|10.05|13.24|0.3||||outside top-20 gap cap (gap 10.1%)||
2026-04-14|ASTN|09:55:10.334|10.7|9.93|0.23||||outside top-20 gap cap (gap 10.7%)||
2026-04-14|CLSK|09:55:10.334|8.27|10.76|0.14||||outside top-20 gap cap (gap 8.3%)||
2026-04-14|CONX|09:55:10.334|12.8|8.3514|0.14||||outside top-20 gap cap (gap 12.8%)||
2026-04-14|CVNX|09:55:10.334|12.3|15.85|0.22||||outside top-20 gap cap (gap 12.3%)||
2026-04-14|MGTX|09:55:10.334|8.83|9.63|0.14||||outside top-20 gap cap (gap 8.8%)||
2026-04-14|OMDA|09:55:10.334|8.48|12.12|0.07||||outside top-20 gap cap (gap 8.5%)||
2026-04-14|ORCL|09:55:10.334|8.28|155.62|0.26||||outside top-20 gap cap (gap 8.3%)||
2026-04-14|PONY|09:55:10.334|8.37|10.04|0.21||||outside top-20 gap cap (gap 8.4%)||
2026-04-14|RDTL|09:55:10.334|8.37|17.93|0.23||||outside top-20 gap cap (gap 8.4%)||
2026-04-14|SMCX|09:55:10.334|8.04|10.82|0.24||||outside top-20 gap cap (gap 8.0%)||
2026-04-14|SNAG|09:55:10.334|9.12|5.9569|0.16||||outside top-20 gap cap (gap 9.1%)||
2026-04-14|SNOU|09:55:10.334|8.05|13.42|0.08||||outside top-20 gap cap (gap 8.1%)||
2026-04-14|SOFX|09:55:10.334|10.8|10.65|0.26||||outside top-20 gap cap (gap 10.8%)||
2026-04-16|ALGS|07:00:13.040|9.3|7.42|86.65||||quality filter: ADV too low ($373,699)||
2026-04-16|ARQQ|07:00:13.040|10.04|16.23|0.78||||low rel volume 0.8x < 2.0x (post-open)||
2026-04-16|EOSU|07:00:13.040|8.21|43.137|0.15||||pre-mkt volume 8,080 < 25,000 shares||
2026-04-16|HIMS|07:00:13.040|8.28|24.29|0.09||||outside top-20 gap cap (gap 8.3%)||
2026-04-16|HIMZ|07:00:13.040|10.54|30.49|0.29||||low rel volume 0.3x < 2.0x (post-open)||
2026-04-16|HQ|07:00:13.040|15.13|12.23|3.89||||quality filter: ADV too low ($468,014)||
2026-04-16|IONL|07:00:13.040|9.15|22.62|0.39||||outside top-20 gap cap (gap 9.2%)||
2026-04-16|IONQ|07:00:13.040|9.32|43.25|0.06||||outside top-20 gap cap (gap 9.3%)||
2026-04-16|IONX|07:00:13.040|9.51|43.33|0.29||||outside top-20 gap cap (gap 9.5%)||
2026-04-16|NEXA|07:00:13.040|12.42|14.65|0.19||||low rel volume 0.2x < 2.0x (post-open)||
2026-04-16|OFG|07:00:13.040|9.59|42.44|0||||pre-mkt volume 100 < 25,000 shares||
2026-04-16|OKLL|07:00:13.040|11.01|9.45|0.55||||low rel volume 0.6x < 2.0x (post-open)||
2026-04-16|OKTG|07:00:13.040|14.33|8.1166|0.62||||low rel volume 0.6x < 2.0x (post-open)||
2026-04-16|QBTS|07:00:13.040|8.99|20.81|0.05||||outside top-20 gap cap (gap 9.0%)||
2026-04-16|QBTX|07:00:13.040|11.81|15.24|1||||low rel volume 1.0x < 2.0x (post-open)||
2026-04-16|QPUX|07:00:13.040|8.58|28.9|0.13||||outside top-20 gap cap (gap 8.6%)||
2026-04-16|QSU|07:00:13.040|13.86|14.799|0.42||||low rel volume 0.4x < 2.0x (post-open)||
2026-04-16|QUBX|07:00:13.040|8.44|13.63|0.23||||outside top-20 gap cap (gap 8.4%)||
2026-04-16|RGTIW|07:00:13.040|12.26|8.81|0.12||||pre-mkt volume 13,296 < 25,000 shares||
2026-04-16|RGTU|07:00:13.040|12.21|25.79|0.65||||already up 69% in prior 5 days (extended)||
2026-04-16|RGTX|07:00:13.040|9|25.99|0.2||||outside top-20 gap cap (gap 9.0%)||
2026-04-16|SMR|07:00:13.040|8.45|11.71|0.16||||outside top-20 gap cap (gap 8.4%)||
2026-04-16|SMU|07:00:13.040|12.57|15.36|1.74||||low rel volume 1.7x < 2.0x (post-open)||
2026-04-16|SMUP|07:00:13.040|12.14|11.7|2.01||||quality filter: ADV too low ($703,613)||
2026-04-16|SOUX|07:00:13.040|9.34|20.77|0.72||||low rel volume 0.7x < 2.0x (post-open)||
2026-04-16|WSHP|07:00:13.040|294.28|8.22|228.36||||already up 55% in prior 5 days (extended)||
2026-04-16|XNDU|07:00:13.040|39.77|25.18|3.21||||already up 234% in prior 5 days (extended)||
2026-04-16|NNE|07:05:17.079|8.48|24.29|0.02||||outside top-20 gap cap (gap 8.5%)||
2026-04-16|OKLO|07:10:10.702|8|63.35|0.05||||outside top-20 gap cap (gap 8.0%)||
2026-04-16|RGTI|07:10:10.702|8.22|19.11|0.05||||outside top-20 gap cap (gap 8.2%)||
2026-04-16|ABX|07:20:18.389|13.07|8.8|0||||pre-mkt volume 1,000 < 25,000 shares||
2026-04-16|ANL|07:20:18.389|13.21|13.25|0.41||||low rel volume 0.4x < 2.0x (post-open)||
2026-04-16|UMC|07:20:18.389|8.04|9.95|0.02||||outside top-20 gap cap (gap 8.0%)||
2026-04-16|CDNA|07:30:18.183|17.42|17.57|0.91||||low rel volume 0.9x < 2.0x (post-open)||
2026-04-16|MRLN|07:30:18.183|10.22|14.29|0.3||||low rel volume 0.3x < 2.0x (post-open)||
2026-04-16|SOFX|07:30:18.183|10.02|12.88|0.22||||low rel volume 0.2x < 2.0x (post-open)||
2026-04-16|MGTX|07:35:05.456|8.89|11.25|0.01||||outside top-20 gap cap (gap 8.9%)||
2026-04-16|NUCL|07:45:11.400|8.19|9.52|0.02||||outside top-20 gap cap (gap 8.2%)||
2026-04-16|AEHR|07:50:11.832|14.63|73.22|0.83||||low rel volume 0.8x < 2.0x (post-open)||
2026-04-16|RKLX|08:10:11.071|17.62|33.04|0.48||||low rel volume 0.5x < 2.0x (post-open)||
2026-04-16|VOYG|08:10:11.071|8.61|29.91|0.03||||outside top-20 gap cap (gap 8.6%)||
2026-04-16|ORCU|08:30:18.418|8.53|12.49|1.02||||low rel volume 1.0x < 2.0x (post-open)||
2026-04-16|ORCX|08:30:18.418|8.56|34.97|0.57||||low rel volume 0.6x < 2.0x (post-open)||
2026-04-16|NN|08:45:12.068|11.76|16.97|0.35||||low rel volume 0.3x < 2.0x (post-open)||
2026-04-16|REXC|08:50:11.370|8.95|20.9183|0.03||||pre-mkt volume 4,126 < 25,000 shares||
2026-04-16|BBGI|09:05:27.455|11.33|13.72|2.71||||already up 142% in prior 5 days (extended)||
2026-04-16|APPX|09:15:40.572|8.39|36.46|0.12||||outside top-20 gap cap (gap 8.4%)||
2026-04-16|ONTO|09:30:39.741|12.01|258.9|0.04||||low rel volume 0.0x < 2.0x (post-open)||
2026-04-16|ARCX|09:35:08.777|8.6|19.88|0.15||||outside top-20 gap cap (gap 8.6%)||
2026-04-16|PPG|09:35:08.777|8.85|107.72|0.02||||outside top-20 gap cap (gap 8.8%)||
2026-04-16|PONX|09:45:07.078|9.64|9.44|0.25||||low rel volume 0.2x < 2.0x (post-open)||
2026-04-16|SGML|09:45:07.078|15.92|18.22|0.42||||low rel volume 0.4x < 2.0x (post-open)||
2026-04-16|MOVE|09:50:40.595|16.06|14.725|0.26||||low rel volume 0.3x < 2.0x (post-open)||
2026-04-16|DLLL|09:55:07.449|8.78|40.4287|0.22||||low rel volume 0.2x < 2.0x (post-open)||
2026-04-16|GLND|09:55:07.449|11.29|5.49|0.12||||low rel volume 0.1x < 2.0x (post-open)||
2026-04-16|LITX|09:55:07.449|8.57|38.96|0.22||||low rel volume 0.2x < 2.0x (post-open)||
2026-04-16|PLU|09:55:07.449|16.4|35.79|0.27||||low rel volume 0.3x < 2.0x (post-open)||
2026-04-16|RKLB|09:55:07.449|8.8|73.6|0.23||||low rel volume 0.2x < 2.0x (post-open)||
2026-04-16|SKIL|09:55:07.449|8.01|5.68|0.32||||low rel volume 0.3x < 2.0x (post-open)||
2026-04-17|ADV|07:00:17.567|9.48|27.86|0.01||||outside top-20 gap cap (gap 9.5%)||
2026-04-17|ALV|07:00:17.567|13|111.33|0.14||||low volume rel_vol 0.1x < 2.0x (post-open)||
2026-04-17|BJRI|07:00:17.567|8.34|37.3|0||||outside top-20 gap cap (gap 8.3%)||
2026-04-17|BTM|07:00:17.567|14.05|5.05|0.36||||low volume rel_vol 0.4x < 2.0x (post-open)||
2026-04-17|CRMU|07:00:17.567|51.29|7.3304|3.11||||quality filter: ADV too low ($300,249)||
2026-04-17|CRMX|07:00:17.567|52.92|16.61|1.5||||low volume rel_vol 1.5x < 2.0x (post-open)||
2026-04-17|DSU|07:00:17.567|18.78|9.8|0||||pre-mkt volume 103 < 25,000 shares||
2026-04-17|MGRT|07:00:17.567|11.06|105.26|0.1||||low volume rel_vol 0.1x < 2.0x (post-open)||
2026-04-17|NFXS|07:00:17.567|9.69|14.5861|0.21||||outside top-20 gap cap (gap 9.7%)||
2026-04-17|NRXS|07:00:17.567|8.7|7.36|0.01||||pre-mkt volume 1,294 < 25,000 shares||
2026-04-17|P|07:00:17.567|710.14|8.38|0||||low volume rel_vol 0.0x < 2.0x (post-open)||
2026-04-17|PBM|07:00:17.567|67.45|5.87|1136.88||||already up 136% in prior 5 days (extended)||
2026-04-17|SILC|07:00:17.567|19.98|25.13|0.27||||low volume rel_vol 0.3x < 2.0x (post-open)||
2026-04-17|UMC|07:00:17.567|11.68|10.62|0.05||||low volume rel_vol 0.1x < 2.0x (post-open)||
2026-04-17|WSHP|07:00:17.567|28.43|14.265|54.49||||already up 188% in prior 5 days (extended)||
2026-04-17|XNDU|07:00:17.567|14.17|32.67|0.77||||low volume rel_vol 0.8x < 2.0x (post-open)||
2026-04-17|KURA|07:20:17.371|8.61|8.94|0.24||||outside top-20 gap cap (gap 8.6%)||
2026-04-17|NUCL|07:25:04.726|8.11|12.2|0.04||||pre-mkt volume 13,057 < 25,000 shares||
2026-04-17|CRVS|07:35:04.832|10.7|15.04|0.22||||outside top-20 gap cap (gap 10.7%)||
2026-04-17|PDDL|08:00:05.322|8.78|22.22|0.17||||outside top-20 gap cap (gap 8.8%)||
2026-04-17|AALG|09:30:41.574|14.13|10.23|0.32||||low volume rel_vol 0.3x < 2.0x (post-open)||
2026-04-17|AFRU|09:30:41.574|12.76|8.07|0.17||||low volume rel_vol 0.2x < 2.0x (post-open)||
2026-04-17|ASMG|09:30:41.574|8.37|35.74|0.17||||outside top-20 gap cap (gap 8.4%)||
2026-04-17|ASMU|09:30:41.574|9.07|23.38|0.25||||outside top-20 gap cap (gap 9.1%)||
2026-04-17|BIRD|09:30:41.574|17.42|10.91|41.89||||already up 356% in prior 5 days (extended)||
2026-04-17|CDRE|09:30:41.574|10.88|30.43|0||||low volume rel_vol 0.0x < 2.0x (post-open)||
2026-04-17|CONX|09:30:41.574|8.06|10.92|0.16||||outside top-20 gap cap (gap 8.1%)||
2026-04-17|CRDU|09:30:41.574|8.31|40.44|0.1||||outside top-20 gap cap (gap 8.3%)||
2026-04-17|CRML|09:30:41.574|26.86|9.27|0.91||||low volume rel_vol 0.9x < 2.0x (post-open)||
2026-04-17|GDXU|09:30:41.574|8.26|239.97|0.37||||outside top-20 gap cap (gap 8.3%)||
2026-04-17|HODU|09:30:41.574|8.47|10.74|0.25||||outside top-20 gap cap (gap 8.5%)||
2026-04-17|HOOG|09:30:41.574|8.63|26.18|0.12||||outside top-20 gap cap (gap 8.6%)||
2026-04-17|HOOX|09:30:41.574|8.03|29.78|0.07||||outside top-20 gap cap (gap 8.0%)||
2026-04-17|JOBX|09:30:41.574|8.02|22.68|0.54||||outside top-20 gap cap (gap 8.0%)||
2026-04-17|KORU|09:30:41.574|8.61|469|0.33||||outside top-20 gap cap (gap 8.6%)||
2026-04-17|OILD|09:30:41.574|11.67|45.49|0.06||||low volume rel_vol 0.1x < 2.0x (post-open)||
2026-04-17|ROBN|09:30:41.574|8.25|26.17|0.1||||outside top-20 gap cap (gap 8.2%)||
2026-04-17|SHMD|09:30:41.574|9.39|5.54|0.05||||outside top-20 gap cap (gap 9.4%)||
2026-04-17|SMU|09:30:41.574|9.22|14.54|0.17||||outside top-20 gap cap (gap 9.2%)||
2026-04-17|SMUP|09:30:41.574|8.14|11.05|0.09||||outside top-20 gap cap (gap 8.1%)||
2026-04-17|SOUX|09:30:41.574|8.98|19.93|0.03||||outside top-20 gap cap (gap 9.0%)||
2026-04-17|TEMT|09:30:41.574|8.23|24.9|0.09||||outside top-20 gap cap (gap 8.2%)||
2026-04-17|USAX|09:30:41.574|12.72|18.63|0.28||||low volume rel_vol 0.3x < 2.0x (post-open)||
2026-04-17|USGG|09:30:41.574|13.12|11.28|0.22||||low volume rel_vol 0.2x < 2.0x (post-open)||
2026-04-17|WTID|09:30:41.574|14.81|5.2|0.05||||low volume rel_vol 0.1x < 2.0x (post-open)||
2026-04-17|COIA|09:35:36.109|8.02|6.98|0.02||||outside top-20 gap cap (gap 8.0%)||
2026-04-17|COIG|09:35:36.109|8.09|8.8816|0.17||||outside top-20 gap cap (gap 8.1%)||
2026-04-17|DUG|09:35:36.109|8.5|19.54|0.15||||outside top-20 gap cap (gap 8.5%)||
2026-04-17|KPDD|09:35:36.109|8.29|9.05|0.16||||outside top-20 gap cap (gap 8.3%)||
2026-04-17|ROLR|09:35:36.109|10.61|7.54|0.07||||outside top-20 gap cap (gap 10.6%)||
2026-04-20|ASTN|07:00:50.019|29.11|12.61|0.22|||||51.8|MODERATE
2026-04-20|AVEX|07:00:50.019|31.73|26.93|0.4||||low volume projected 1.4x < 2.0x (post-open)||
2026-04-20|BLD|07:00:50.019|16.32|410.31|3.27||||M&A/buyout catalyst — no momentum trade||
2026-04-20|BMNZ|07:00:50.019|11.4|14.12|0.18||||outside top-20 gap cap (gap 11.4%)||
2026-04-20|CMPS|07:00:50.019|22.37|6.66|0.49|||||100|HIGH
2026-04-20|DFTX|07:00:50.019|13.8|22.68|0.07||||score 22 < 50 (catalyst=strong)|21.6|
2026-04-20|ETHD|07:00:50.019|12.25|45.73|0.45||||outside top-20 gap cap (gap 12.2%)||
2026-04-20|GHRS|07:00:50.019|18.65|18.34|0.18|||||100|HIGH
2026-04-20|HELP|07:00:50.019|18.91|5.5|0.32||||quality filter: Market cap too low ($274M)||
2026-04-20|IONZ|07:00:50.019|8.31|6.74|0.85||||quality filter: ATR too high (35.0%)||
2026-04-20|LZM|07:00:50.019|14.86|5.18|0.42||||outside top-20 gap cap (gap 14.9%)||
2026-04-20|MRVU|07:00:50.019|11.28|65.36|0.14||||pre-mkt volume 9,394 < 25,000 shares||
2026-04-20|MVLL|07:00:50.019|11.8|50.27|0.27||||score -12 < 50 (catalyst=routine)|-12|
2026-04-20|PBM|07:00:50.019|70.92|7.6|966.65||||already up 185% in prior 5 days (extended)||
2026-04-20|SKYQ|07:00:50.019|19.6|8.01|1.72||||quality filter: ATR too high (16.8%)||
2026-04-20|STEL|07:00:50.019|8.04|37.95|0||||pre-mkt volume 314 < 25,000 shares||
2026-04-20|MRVL|07:10:24.926|8.07|139.69|0.03||||EP cooldown — alerted within last 60 days||
2026-04-20|SOC|07:10:24.926|9.99|13.11|0||||pre-mkt volume 23,822 < 25,000 shares||
2026-04-20|BIRD|07:20:25.038|10.56|10.8|5.48||||already up 352% in prior 5 days (extended)||
2026-04-20|JTAI|07:25:23.265|15.38|7.28|0.51||||quality filter: Market cap too low ($5M)||
2026-04-20|BWET|07:30:27.448|9.67|148.63|0.01||||pre-mkt volume 1,121 < 25,000 shares||
2026-04-20|ACLS|11:19:03.821|8.33|118.73|0.73||||outside top-20 gap cap (gap 8.3%)||
2026-04-20|ALMR|11:19:03.821|11.02|22|0.06||||outside top-20 gap cap (gap 11.0%)||
2026-04-20|AOSL|11:19:03.821|12.43|33.88|0.74||||outside top-20 gap cap (gap 12.4%)||
2026-04-20|ATXG|11:19:03.821|24.67|6.08|1.1||||quality filter: ADV too low ($191,778)||
2026-04-20|CADL|11:19:03.821|17.03|6.37|2.1|||||100|HIGH
2026-04-20|CMCT|11:19:03.821|10.93|6.157|0.33||||outside top-20 gap cap (gap 10.9%)||
2026-04-20|CODI|11:19:03.821|8.56|10.51|1.13||||outside top-20 gap cap (gap 8.6%)||
2026-04-20|EDSA|11:19:03.821|15.51|5.93|0.44||||low volume projected 1.6x < 2.0x (post-open)||
2026-04-20|FGI|11:19:03.821|25.23|6.5|18.03||||already up 77% in prior 5 days (extended)||
2026-04-20|HIMZ|11:19:03.821|8.95|41.81|0.55||||outside top-20 gap cap (gap 8.9%)||
2026-04-20|JLHL|11:19:03.821|53.6|6.35|33.94||||quality filter: ADV too low ($125,971)||
2026-04-20|KSPI|11:19:03.821|8.35|84.91|1.83||||outside top-20 gap cap (gap 8.3%)||
2026-04-20|LEGN|11:19:03.821|9.92|21.17|0.72||||outside top-20 gap cap (gap 9.9%)||
2026-04-20|LNZA|11:19:03.821|13.47|22.57|0.45||||outside top-20 gap cap (gap 13.5%)||
2026-04-20|LWLG|11:19:03.821|11.52|12.54|0.7||||outside top-20 gap cap (gap 11.5%)||
2026-04-20|MAAS|11:19:03.821|18.7|9.84|0.81||||already up 84% in prior 5 days (extended)||
2026-04-20|MXL|11:19:03.821|15.49|26.27|0.57||||outside top-20 gap cap (gap 15.5%)||
2026-04-20|NKTR|11:19:03.821|24.46|84.86|3.43|||||100|HIGH
2026-04-20|NXTC|11:19:03.821|17.58|10.325|1.06||||quality filter: ADV too low ($495,426)||
2026-04-20|ONDG|11:19:03.821|11.59|6.3538|0.86||||outside top-20 gap cap (gap 11.6%)||
2026-04-20|ONDL|11:19:03.821|11.15|17.84|0.75||||outside top-20 gap cap (gap 11.2%)||
2026-04-20|ONDU|11:19:03.821|13.05|10.19|1.14||||outside top-20 gap cap (gap 13.1%)||
2026-04-20|OWLS|11:19:03.821|9.64|5.29|1.17||||outside top-20 gap cap (gap 9.6%)||
2026-04-20|POET|11:19:03.821|17.78|7.26|2.9||||score 48 < 50 (catalyst=routine)|48|
2026-04-20|ROMA|11:19:03.821|13.7|5.365|0.95||||outside top-20 gap cap (gap 13.7%)||
2026-04-20|SHIM|11:19:03.821|9|5.28|0.84||||outside top-20 gap cap (gap 9.0%)||
2026-04-20|SILA|11:19:03.821|18.96|25.53|15.54||||M&A/buyout catalyst — no momentum trade||
2026-04-20|USAR|11:19:03.821|9.07|19.95|1.12||||outside top-20 gap cap (gap 9.1%)||
2026-04-20|USAX|11:19:03.821|19.62|21.76|2.35|||||74.9|HIGH
2026-04-20|USGG|11:19:03.821|19.09|13.2|3.56|||||79.2|HIGH
2026-04-20|VCX|11:19:03.821|11.66|84.47|0.94||||outside top-20 gap cap (gap 11.7%)||
2026-04-20|VMET|11:19:03.821|17.86|11.03|2.4||||M&A/buyout catalyst — no momentum trade||
2026-04-20|VTIX|11:19:03.821|8.3|6.17|0.45||||outside top-20 gap cap (gap 8.3%)||
2026-04-20|HQ|11:21:08.904|8.93|11.78|0.16||||outside top-20 gap cap (gap 8.9%)||
2026-04-21|AVEX|07:00:01.589|15|33.41|0.07||||low volume projected 1.4x < 2.0x (post-open)||
2026-04-21|BTM|07:00:01.589|10.76|6.41|0.63||||already up 74% in prior 5 days (extended)||
2026-04-21|CAR|07:00:01.589|8.41|608.8|0.09||||low volume rel_vol 0.1x < 2.0x (post-open)||
2026-04-21|EWTX|07:00:01.589|9.77|33.97|0||||pre-mkt volume 268 < 25,000 shares||
2026-04-21|JLHL|07:00:01.589|28.41|9.44|3.42||||already up 60% in prior 5 days (extended)||
2026-04-21|HCAI|07:10:01.511|8.91|5.5001|1.55||||quality filter: ADV too low ($143,309)||
2026-04-21|ALMU|07:20:09.789|11.58|16.67|0.49||||quality filter: Market cap too low ($301M)||
2026-04-21|NVTS|07:20:09.789|11.33|13.2|0.33||||routine catalyst, gap 11.3%||
2026-04-21|BIOA|07:25:09.250|8.99|18.8|0.04||||pre-mkt volume 17,743 < 25,000 shares||
2026-04-21|EFOI|07:25:09.250|10.12|5.44|13.2||||already up 167% in prior 5 days (extended)||
2026-04-21|LZM|07:25:09.250|10.28|5.45|0.25||||low volume rel_vol 0.2x < 2.0x (post-open)||
2026-04-21|ALAB|07:45:15.708|8.05|175.8|0.08||||low volume rel_vol 0.1x < 2.0x (post-open)||
2026-04-21|GRPN|07:50:25.116|18.19|14.95|0.48||||low volume rel_vol 0.5x < 2.0x (post-open)||
2026-04-21|HTCO|07:55:24.419|8.01|9.99|0.01||||pre-mkt volume 3,836 < 25,000 shares||
2026-04-21|VCX|07:55:24.419|8.57|91.92|0.04||||pre-mkt volume 21,111 < 25,000 shares||
2026-04-21|MXL|08:00:26.000|16.42|31.73|0.95||||score 18 < 50 (catalyst=routine)|18|
2026-04-21|QTTB|08:05:17.818|11.28|6.65|0.13||||low volume rel_vol 0.1x < 2.0x (post-open)||
2026-04-21|UPBD|08:20:32.059|8.99|19.91|0.01||||pre-mkt volume 9,121 < 25,000 shares||
2026-04-21|PBI|08:25:10.792|10.35|13.19|0.35||||M&A/buyout catalyst — no momentum trade||
2026-04-21|FRMI|08:35:17.702|8.15|5.4|0.12||||routine catalyst, gap 8.2%||
2026-04-21|LCID|08:50:32.130|8|6.75|0.51||||low volume rel_vol 0.5x < 2.0x (post-open)||
2026-04-21|BULL|08:55:25.324|9.35|7.01|0.31||||low volume rel_vol 0.3x < 2.0x (post-open)||
2026-04-21|SNSE|08:55:25.324|10.7|31.39|0.01||||pre-mkt volume 463 < 25,000 shares||
2026-04-21|IMOS|09:10:12.401|9.23|43.49|0.15||||pre-mkt volume 8,223 < 25,000 shares||
2026-04-21|UNH|09:30:14.293|8.94|323.48|0.21|||||53.3|MODERATE
2026-04-21|SOUN|09:40:05.176|8.77|8.32|0.11||||low volume rel_vol 0.1x < 2.0x (post-open)||
2026-04-21|DHI|09:45:20.242|9.36|153.34|0.04||||low volume projected 1.0x < 2.0x (post-open)||
2026-04-21|EGY|09:50:47.551|8.97|5.35|0.16||||routine catalyst, gap 9.0%||
2026-04-21|FJET|09:50:47.551|9.14|5.8|0.12||||quality filter: Market cap too low ($288M)||
2026-04-21|MOB|09:50:47.551|10.57|5.11|0.18||||quality filter: Market cap too low ($68M)||
2026-04-21|POET|09:50:47.551|17.35|8.59|0.94||||score 48 < 50 (catalyst=routine)|48|
2026-04-21|YSS|09:50:47.551|8.06|38.47|0.15||||EP cooldown — alerted within last 60 days||
2026-04-22|ARMP|07:00:10.964|8.04|14.8|0.02||||pre-mkt volume 547 < 25,000 shares||
2026-04-22|BNAI|07:00:10.964|9.21|32.69|1.99||||quality filter: Market cap too low ($191M)||
2026-04-22|CAR|07:00:10.964|8.13|713.97|0.03||||already up 92% in prior 5 days (extended)||
2026-04-22|CVKD|07:00:10.964|9.67|5.38|0.02||||pre-mkt volume 1,028 < 25,000 shares||
2026-04-22|HCAI|07:00:10.964|23.71|6.79|83.87||||already up 51% in prior 5 days (extended)||
2026-04-22|KYTX|07:00:10.964|21.11|9.71|0.83|||||100|HIGH
2026-04-22|NVTS|07:00:10.964|12.2|15.33|0.47||||outside top-20 gap cap (gap 12.2%)||
2026-04-22|POET|07:00:10.964|17.63|10.25|5.22||||already up 53% in prior 5 days (extended)||
2026-04-22|WATT|07:25:02.025|8.37|23.53|0||||pre-mkt volume 455 < 25,000 shares||
2026-04-22|TFX|07:30:07.783|8.38|124.75|1.55||||outside top-20 gap cap (gap 8.4%)||
2026-04-22|XNDU|07:30:07.783|20.47|22.9|3.16||||already up 99% in prior 5 days (extended)||
2026-04-22|HCSG|07:35:10.100|22.79|19.35|1.15|||||96|HIGH
2026-04-22|VELO|07:40:08.183|8.17|15.3|0.15||||quality filter: Market cap too low ($401M)||
2026-04-22|ASTS|07:50:14.481|8.39|80.01|0.07||||routine catalyst, gap 8.4%||
2026-04-22|WLAC|07:50:14.481|9.73|12.95|1.63||||outside top-20 gap cap (gap 9.7%)||
2026-04-22|HQ|07:55:20.302|10.64|11.75|0.06||||pre-mkt volume 4,800 < 25,000 shares||
2026-04-22|GEV|08:05:22.963|12.4|991.3|1||||M&A/buyout catalyst — no momentum trade||
2026-04-22|SPRB|08:05:22.963|9.31|51.69|0.16||||pre-mkt volume 8,305 < 25,000 shares||
2026-04-22|INBX|08:15:10.818|31.55|84.08|0.12|||||96|HIGH
2026-04-22|AGL|11:21:34.641|11.11|24.48|0.2||||outside top-20 gap cap (gap 11.1%)||
2026-04-22|ANRO|11:21:34.641|8.44|25.59|0.48||||outside top-20 gap cap (gap 8.4%)||
2026-04-22|ASST|11:21:34.641|13.52|15.31|0.83||||score 44 < 50 (catalyst=routine)|44.4|
2026-04-22|BSX|11:21:34.641|9.22|59.52|0.56||||outside top-20 gap cap (gap 9.2%)||
2026-04-22|BTGO|11:21:34.641|8.2|10.92|0.36||||outside top-20 gap cap (gap 8.2%)||
2026-04-22|BTM|11:21:34.641|21.11|6.42|3.24||||already up 74% in prior 5 days (extended)||
2026-04-22|DQ|11:21:34.641|13.91|20.17|1.05|||||51.8|MODERATE
2026-04-22|EXOD|11:21:34.641|8.97|7.8|0.34||||outside top-20 gap cap (gap 9.0%)||
2026-04-22|FBYD|11:21:34.641|15.01|13.82|0.28||||low volume projected 1.0x < 2.0x (post-open)||
2026-04-22|FCEL|11:21:34.641|15.7|9.49|5.34||||score 48 < 50 (catalyst=routine)|48|
2026-04-22|FRMI|11:21:34.641|12.75|5.06|1.77|||||56.4|MODERATE
2026-04-22|GLSI|11:21:34.641|9.12|22.91|0.37||||outside top-20 gap cap (gap 9.1%)||
2026-04-22|GSIT|11:21:34.641|19.22|6.53|1.25||||quality filter: Market cap too low ($279M)||
2026-04-22|IMOS|11:21:34.641|9.82|45.92|0.62||||outside top-20 gap cap (gap 9.8%)||
2026-04-22|JBIO|11:21:34.641|10.95|23.01|0.56||||outside top-20 gap cap (gap 10.9%)||
2026-04-22|KZIA|11:21:34.641|11.82|10.24|3.44||||outside top-20 gap cap (gap 11.8%)||
2026-04-22|LEU|11:21:34.641|8.63|191.55|0.79||||outside top-20 gap cap (gap 8.6%)||
2026-04-22|MAAS|11:21:34.641|22.82|9.08|14.89||||quality filter: ADV too low ($752,479)||
2026-04-22|MAS|11:21:34.641|12.67|66.76|0.86|||||57.6|MODERATE
2026-04-22|MAZE|11:21:34.641|9.61|25.69|1.83||||outside top-20 gap cap (gap 9.6%)||
2026-04-22|MCRI|11:21:34.641|11.44|98.58|1.49||||outside top-20 gap cap (gap 11.4%)||
2026-04-22|MOB|11:21:34.641|9.05|6.08|0.2||||outside top-20 gap cap (gap 9.1%)||
2026-04-22|MPLT|11:21:34.641|16.42|27.62|0.87||||M&A/buyout catalyst — no momentum trade||
2026-04-22|MSTR|11:21:34.641|9.5|163.97|0.62||||outside top-20 gap cap (gap 9.5%)||
2026-04-22|NMAX|11:21:34.641|28.35|7.28|4.98|||||93.6|HIGH
2026-04-22|NNE|11:21:34.641|8.54|23.78|0.5||||outside top-20 gap cap (gap 8.5%)||
2026-04-22|NUCL|11:21:34.641|11.23|10.6|0.36||||outside top-20 gap cap (gap 11.2%)||
2026-04-22|OCC|11:21:34.641|9.39|10.97|0.31||||outside top-20 gap cap (gap 9.4%)||
2026-04-22|PURR|11:21:34.641|8.69|5.64|0.35||||outside top-20 gap cap (gap 8.7%)||
2026-04-22|RCI|11:21:34.641|10.7|32.99|0.83||||outside top-20 gap cap (gap 10.7%)||
2026-04-22|RCUS|11:21:34.641|13.7|24.52|1.18||||score 36 < 50 (catalyst=routine)|36|
2026-04-22|RDW|11:21:34.641|10.33|10.31|0.89||||outside top-20 gap cap (gap 10.3%)||
2026-04-22|ROLR|11:21:34.641|10.85|7.56|2.09||||outside top-20 gap cap (gap 10.8%)||
2026-04-22|SHLS|11:21:34.641|9.61|6.87|0.39||||outside top-20 gap cap (gap 9.6%)||
2026-04-22|SUPX|11:21:34.641|11.91|8.31|1.83||||outside top-20 gap cap (gap 11.9%)||
2026-04-22|TRT|11:21:34.641|12.27|7.05|2.34||||quality filter: ADV too low ($380,435)||
2026-04-22|USAR|11:21:34.641|8.89|22.85|0.56||||outside top-20 gap cap (gap 8.9%)||
2026-04-22|WOLF|11:21:34.641|8.91|24.7|0.22||||outside top-20 gap cap (gap 8.9%)||
2026-04-22|WSHP|11:21:34.641|21.46|10.11|9.74||||already up 81% in prior 5 days (extended)||
2026-04-22|WW|11:21:34.641|8.66|9.12|0.29||||outside top-20 gap cap (gap 8.7%)||
2026-04-23|AKAN|07:00:26.214|13.61|10.21|481.94||||already up 226% in prior 5 days (extended)||
2026-04-23|NOK|07:00:26.214|9.53|9.86|0.39||||score 32 < 50 (catalyst=strong)|31.7|
2026-04-23|QS|07:00:26.214|35.17|7.31|1.02||||low volume rel_vol 1.0x < 2.0x (post-open)||
2026-04-23|TRT|07:00:26.214|43.16|8.26|60.48||||quality filter: filter:adv_too_low: $380,435||
2026-04-23|TXN|07:00:26.214|14.12|236.31|0.36|||||60.5|MODERATE
2026-04-23|URI|07:00:26.214|17.4|802.79|0.18|||||84|HIGH
2026-04-23|HELE|07:10:08.256|17.37|19.77|0.62||||quality filter: filter:mcap_too_small: $456M < $500M||
2026-04-23|TZOO|07:15:08.442|33.24|7.49|11.45||||quality filter: filter:adv_too_low: $595,787||
2026-04-23|CMCT|07:20:03.318|8.6|5.93|0||||pre-mkt volume 260 < 25,000 shares||
2026-04-23|HAS|07:20:03.318|10.34|90.61|0.01||||pre-mkt volume 14,317 < 25,000 shares||
2026-04-23|WST|07:20:03.318|15.29|274.41|0.16|||||84|HIGH
2026-04-23|GSHD|07:25:03.997|17.78|45.58|0.23|||||100|HIGH
2026-04-23|BTM|07:30:03.816|8.38|7.6|0.08||||already up 106% in prior 5 days (extended)||
2026-04-23|MBLY|07:35:09.460|13.8|7.9|0.43||||low volume rel_vol 0.4x < 2.0x (post-open)||
2026-04-23|CMCSA|07:45:10.868|8.58|29.37|0.02||||score 30 < 50 (catalyst=strong)|30|
2026-04-23|MNTS|07:55:04.175|12.43|5.55|0.44||||quality filter: filter:mcap_too_small: $34M < $500M||
2026-04-23|EGG|08:10:04.201|8.27|6.65|0.38||||pre-mkt volume 14,362 < 25,000 shares||
2026-04-23|PBM|08:15:04.398|9.14|8.97|11.17||||already up 222% in prior 5 days (extended)||
2026-04-23|APLD|08:20:16.663|9.11|32.43|0.34|||||53.3|MODERATE
2026-04-23|OKLO|08:20:16.663|8.11|72.41|0.41||||outside top-20 gap cap (gap 8.1%)||
2026-04-23|IMSR|08:25:10.148|8.7|8.28|0.14||||M&A/buyout catalyst — no momentum trade||
2026-04-23|HLX|08:30:18.093|8.2|9.63|0.01||||pre-mkt volume 17,981 < 25,000 shares||
2026-04-23|NUCL|08:35:11.147|8.03|12.46|0.11||||quality filter: filter:mcap_too_small: $369M < $500M||
2026-04-23|RDY|08:40:24.538|8.1|12.84|0.01||||pre-mkt volume 24,730 < 25,000 shares||
2026-04-23|TLRY|08:40:24.538|18.42|7.87|1.69||||low volume rel_vol 1.7x < 2.0x (post-open)||
2026-04-23|PENN|08:45:23.542|11.71|14.77|0.18|||||57.6|MODERATE
2026-04-23|THRM|08:45:23.542|8.4|28.75|0.14||||outside top-20 gap cap (gap 8.4%)||
2026-04-23|HIMS|08:55:20.071|8.6|29.01|0.05||||EP cooldown — alerted within last 60 days||
2026-04-23|RYM|09:30:08.607|15.06|30.42|0.59||||low volume rel_vol 0.6x < 2.0x (post-open)||
2026-04-23|AMSC|09:35:13.301|10.82|48.15|0.12||||low volume rel_vol 0.1x < 2.0x (post-open)||
2026-04-23|CHDN|09:50:53.516|8.48|88.94|0.04||||outside top-20 gap cap (gap 8.5%)||
2026-04-23|EQPT|09:50:53.516|11.59|21.48|0.22||||routine catalyst, gap 11.6%||
2026-04-23|GLND|09:50:53.516|8.98|6.3|0.14||||outside top-20 gap cap (gap 9.0%)||
2026-04-23|HXL|09:50:53.516|8.43|87.15|0.1||||outside top-20 gap cap (gap 8.4%)||
2026-04-23|MAAS|09:50:53.516|20.19|10.3|0.8||||already up 69% in prior 5 days (extended)||
2026-04-23|MOH|09:50:53.516|10.46|153|0.14|||||64.8|MODERATE
2026-04-23|STM|09:50:53.516|9.9|44.86|0.48||||M&A/buyout catalyst — no momentum trade||
2026-04-23|SUNB|09:50:53.516|8.89|69.93|0.14||||routine catalyst, gap 8.9%||
2026-04-23|SUPX|09:50:53.516|11.44|10.47|0.16||||quality filter: filter:mcap_too_small: $438M < $500M||
2026-04-23|HRI|09:55:40.865|8.45|107.86|0.06||||low volume projected 0.9x < 2.0x (post-open)||
2026-04-23|LYTS|09:55:40.865|8.06|20.71|0.03||||outside top-20 gap cap (gap 8.1%)||
2026-04-23|ON|09:55:40.865|8.38|88.99|0.31||||outside top-20 gap cap (gap 8.4%)||
2026-04-23|SHMD|09:55:40.865|10.4|6.49|0.24||||EP cooldown — alerted within last 60 days||
2026-04-24|AMD|07:00:44.324|11.8|305.33|0.37||||score 32 < 50 (catalyst=routine)|32.4|
2026-04-24|AOSL|07:00:44.324|9.61|39.88|0.15||||routine catalyst, gap 9.6%||
2026-04-24|ARM|07:00:44.324|11.87|204.61|0.54||||score 24 < 50 (catalyst=strong)|24.5|
2026-04-24|CHE|07:00:44.324|17.94|382.97|0.13|||||100|HIGH
2026-04-24|ELVR|07:00:44.324|10.42|77.29|0.22||||pre-mkt volume 21,052 < 25,000 shares||
2026-04-24|INTC|07:00:44.324|23.6|66.78|0.26||||low volume rel_vol 0.3x < 2.0x (post-open)||
2026-04-24|LABT|07:00:44.324|8.08|8.65|30.24||||quality filter: filter:adv_no_data||
2026-04-24|MXL|07:00:44.324|67.65|34.25|4.07||||already up 59% in prior 5 days (extended)||
2026-04-24|OGN|07:00:44.324|24.88|8.6|0.97||||M&A/buyout catalyst — no momentum trade||
2026-04-24|PDFS|07:00:44.324|10.12|43.86|0.28||||score 46 < 50 (catalyst=routine)|46.1|
2026-04-24|POET|07:00:44.324|13.82|11.72|1.2||||already up 75% in prior 5 days (extended)||
2026-04-24|RMBS|07:00:44.324|9.35|138.5|0.15||||routine catalyst, gap 9.3%||
2026-04-24|WKC|07:00:44.324|15.78|23.54|0.22|||||84|HIGH
2026-04-24|XNDU|07:00:44.324|11.09|28.85|0.11||||low volume rel_vol 0.1x < 2.0x (post-open)||
2026-04-24|INTT|07:45:28.930|8.14|17.2|0.07||||pre-mkt volume 13,803 < 25,000 shares||
2026-04-24|SPT|07:55:15.049|8.92|5.6|0||||low volume rel_vol 0.0x < 2.0x (post-open)||
2026-04-24|CAR|08:00:16.079|8.67|229.14|0.03||||quality filter: filter:atr_too_high: 32.4% > 15.0%||
2026-04-24|WSHP|08:00:16.079|9.65|10.36|0.09||||pre-mkt volume 18,486 < 25,000 shares||
2026-04-24|TRAX|08:05:24.255|14.74|19|0.02||||pre-mkt volume 10,861 < 25,000 shares||
2026-04-24|EGG|08:10:24.578|9.6|6.25|0.44||||pre-mkt volume 21,917 < 25,000 shares||
2026-04-24|MIGI|08:25:30.995|8.04|5.97|0.03||||pre-mkt volume 7,660 < 25,000 shares||
2026-04-24|AMKR|08:30:35.719|8.06|72.91|0.02||||routine catalyst, gap 8.1%||
2026-04-24|PDC|08:35:28.459|13.6|6.91|0||||pre-mkt volume 544 < 25,000 shares||
2026-04-24|GNTX|08:50:11.495|8.12|23.03|0.01||||pre-mkt volume 14,355 < 25,000 shares||
2026-04-24|TRT|09:00:16.449|8.49|13.78|3.93||||already up 105% in prior 5 days (extended)||
2026-04-24|CMPS|09:25:18.914|10.93|9.15|0.04||||EP cooldown — alerted within last 60 days||
2026-04-24|QCOM|09:30:10.259|10.27|133.95|0.58||||score 32 < 50 (catalyst=routine)|32.4|
2026-04-24|PBM|09:35:08.496|10.42|9.03|9.55||||already up 214% in prior 5 days (extended)||
2026-04-24|SXT|09:40:06.351|13.81|99.23|0.39|||||56.4|MODERATE
2026-04-24|APOG|09:51:16.779|10.16|35.59|0.05||||low volume projected 1.0x < 2.0x (post-open)||
2026-04-24|APPF|09:51:16.779|10.01|152.3|0.18|||||63.6|MODERATE
2026-04-24|ATOM|09:51:16.779|13.41|6.19|0.3||||quality filter: filter:mcap_too_small: $265M < $500M||
2026-04-24|CTEV|09:51:16.779|10.2|20.3|0.05||||low volume projected 1.0x < 2.0x (post-open)||
2026-04-24|MAAS|09:51:16.779|13.06|9.11|0.2||||quality filter: filter:adv_too_low: $972,448||
2026-04-24|UVE|09:51:16.779|8.53|35.18|0.01||||low volume projected 0.2x < 2.0x (post-open)||
2026-04-24|WOLF|09:51:16.779|14.89|27.55|0.48||||score 8 < 50 (catalyst=routine)|8.4|
2026-04-24|QS|09:55:37.100|12.08|7.41|1||||EP cooldown — alerted within last 60 days||
2026-04-27|ATOM|07:00:35.766|8.14|8.6|0.02||||outside top-20 gap cap (gap 8.1%)||
2026-04-27|CADL|07:00:35.766|9.08|6.5|0||||pre-mkt volume 377 < 25,000 shares||
2026-04-27|CVV|07:00:35.766|11.13|6.46|0||||pre-mkt volume 531 < 25,000 shares||
2026-04-27|DDI|07:00:35.766|8.38|8.95|0.29||||low volume rel_vol 0.3x < 2.0x (post-open)||
2026-04-27|HTCO|07:00:35.766|15.29|11.25|0.57||||quality filter: filter:mcap_too_small: $83M < $500M||
2026-04-27|INV|07:00:35.766|10.32|6.54|0.22||||routine catalyst, gap 10.3%||
2026-04-27|MX|07:00:35.766|11.42|5.25|4.48||||already up 63% in prior 5 days (extended)||
2026-04-27|NTLA|07:00:35.766|8.14|13.63|0.44||||outside top-20 gap cap (gap 8.1%)||
2026-04-27|OGN|07:00:35.766|16.92|11.26|8.16||||M&A/buyout catalyst — no momentum trade||
2026-04-27|POET|07:00:35.766|8.93|15.1|0.27||||already up 108% in prior 5 days (extended)||
2026-04-27|QCOM|07:00:35.766|8.32|148.85|0.13||||low volume rel_vol 0.1x < 2.0x (post-open)||
2026-04-27|QUIK|07:00:35.766|23.09|13.08|3.79||||quality filter: filter:mcap_too_small: $232M < $500M||
2026-04-27|RMAX|07:00:35.766|23.72|7.99|27.07||||quality filter: filter:mcap_too_small: $161M < $500M||
2026-04-27|RVYL|07:00:35.766|9.39|5.43|0.02||||pre-mkt volume 1,075 < 25,000 shares||
2026-04-27|SUPX|07:00:35.766|11.19|8.94|0.04||||low volume projected 1.0x < 2.0x (post-open)||
2026-04-27|TORO|07:00:35.766|16.59|6.9|3.22||||already up 76% in prior 5 days (extended)||
2026-04-27|TRAK|07:00:35.766|19.33|8.12|0.27||||quality filter: filter:adv_too_low: $779,235||
2026-04-27|XE|07:00:35.766|9.76|29.2|0.05||||low volume projected 1.3x < 2.0x (post-open)||
2026-04-27|MANE|07:15:22.845|14.8|67.84|0.52||||score 42 < 50 (catalyst=routine)|42|
2026-04-27|JOE|07:20:11.225|21.12|71.01|0||||low volume projected 0.0x < 2.0x (post-open)||
2026-04-27|LION|07:20:11.225|8.4|11.43|0.12||||outside top-20 gap cap (gap 8.4%)||
2026-04-27|ORKA|07:20:11.225|32.55|69.03|0.99||||low volume rel_vol 1.0x < 2.0x (post-open)||
2026-04-27|AMSC|07:25:22.802|8.67|49.48|0.09||||low volume rel_vol 0.1x < 2.0x (post-open)||
2026-04-27|INTT|07:25:22.802|9.47|18.36|0.07||||pre-mkt volume 12,568 < 25,000 shares||
2026-04-27|MXL|07:30:12.111|8.39|60.32|0||||outside top-20 gap cap (gap 8.4%)||
2026-04-27|GLND|07:35:11.292|14.09|6.21|6.72||||quality filter: filter:atr_too_high: 16.0% > 15.0%||
2026-04-27|SGMT|07:35:11.292|34.36|5.86|32.7||||quality filter: filter:mcap_too_small: $191M < $500M||
2026-04-27|ALMU|07:40:12.475|8.31|19.205|0.13||||quality filter: filter:mcap_too_small: $347M < $500M||
2026-04-27|MRAM|07:40:12.475|8.39|14.07|0.02||||outside top-20 gap cap (gap 8.4%)||
2026-04-27|VWAV|07:50:16.761|12.63|5.86|0.48||||quality filter: filter:mcap_too_small: $140M < $500M||
2026-04-27|RFIL|07:55:22.803|8.53|14.77|0.03||||low volume projected 0.8x < 2.0x (post-open)||
2026-04-27|ICL|08:00:24.667|8.69|5.18|0.38||||routine catalyst, gap 8.7%||
2026-04-27|PENG|08:10:15.049|8.75|30.69|0.02||||routine catalyst, gap 8.8%||
2026-04-27|BBIO|08:15:13.983|8.31|73.28|0.02||||routine catalyst, gap 8.3%||
2026-04-27|WBTN|08:15:13.983|8.27|11.13|0.07||||pre-mkt volume 22,637 < 25,000 shares||
2026-04-27|ASYS|08:40:19.252|8.15|18.77|0.04||||pre-mkt volume 6,115 < 25,000 shares||
2026-04-27|CRML|08:40:19.252|8.08|11.51|0.09||||outside top-20 gap cap (gap 8.1%)||
2026-04-27|EDSA|09:05:12.280|8.13|7.26|0.03||||pre-mkt volume 13,420 < 25,000 shares||
2026-04-27|FGI|09:10:14.661|8.96|9.26|0.05||||low volume rel_vol 0.1x < 2.0x (post-open)||
2026-04-27|XOMA|09:20:13.282|9.68|37.9|0.25||||M&A/buyout catalyst — no momentum trade||
2026-04-27|RNGR|09:40:18.839|8.62|18.32|0||||low volume projected 0.0x < 2.0x (post-open)||
2026-04-27|BEAM|09:51:51.489|8.82|27.11|0.12||||score 46 < 50 (catalyst=strong)|46.1|
2026-04-27|BW|09:51:51.489|8.34|14.5|0.17||||outside top-20 gap cap (gap 8.3%)||
2026-04-27|CLF|09:51:51.489|10.4|9.76|0.19||||routine catalyst, gap 10.4%||
2026-04-27|CRSP|09:51:51.489|8.64|48.785|0.19||||routine catalyst, gap 8.6%||
2026-04-27|ELWT|09:51:51.489|8.98|6.57|0.02||||low volume projected 0.4x < 2.0x (post-open)||
2026-04-27|WW|09:51:51.489|9.28|9.27|0.07||||low volume projected 1.4x < 2.0x (post-open)||
2026-04-28|BBBY|07:00:03.914|33.61|5.34|7.62||||quality filter: filter:mcap_too_small: $394M < $500M||
2026-04-28|CV|07:00:03.914|9.58|6.37|0.21||||quality filter: filter:adv_too_low: $802,804||
2026-04-28|DDI|07:00:03.914|17.19|9.19|3.07||||quality filter: filter:adv_too_low: $269,583||
2026-04-28|ELVR|07:00:03.914|10.44|88.04|0.53||||score 24 < 50 (catalyst=strong)|24.5|
2026-04-28|KFRC|07:00:03.914|28.07|32.01|0.3|||||96|HIGH
2026-04-28|LC|07:00:03.914|8.93|17.18|0.18|||||50.4|MODERATE
2026-04-28|MLEC|07:00:03.914|8.28|8.09|87.59||||quality filter: filter:adv_too_low: $162,650||
2026-04-28|PDC|07:00:03.914|9|7.33|0||||pre-mkt volume 339 < 25,000 shares||
2026-04-28|PKX|07:00:03.914|8.77|71.02|0.33||||routine catalyst, gap 8.8%||
2026-04-28|SANM|07:00:03.914|19.45|188.08|0.94||||M&A/buyout catalyst — no momentum trade||
2026-04-28|SEI|07:00:03.914|9.87|70.63|0.16||||score 24 < 50 (catalyst=strong)|24.5|
2026-04-28|CLYM|07:20:04.544|9.05|9.5|1.42||||quality filter: filter:mcap_too_small: $454M < $500M||
2026-04-28|LBRX|07:20:04.544|8.77|31.81|0||||pre-mkt volume 867 < 25,000 shares||
2026-04-28|OMCL|07:20:04.544|23.07|37.63|0.05||||low volume projected 1.3x < 2.0x (post-open)||
2026-04-28|SKLZ|07:20:04.544|8.49|6.36|0.78||||already up 78% in prior 5 days (extended)||
2026-04-28|YDDL|07:20:04.544|9.36|5.02|0.03||||pre-mkt volume 14,106 < 25,000 shares||
2026-04-28|AXGN|07:25:18.039|11.37|39.39|0.22||||score 30 < 50 (catalyst=routine)|30|
2026-04-28|LGIH|07:25:18.039|8.96|45.32|0.03||||low volume projected 0.8x < 2.0x (post-open)||
2026-04-28|NHP|07:25:18.039|15.38|13|0||||pre-mkt volume 165 < 25,000 shares||
2026-04-28|RVMD|07:25:18.039|12.38|131.67|0.21||||score 12 < 50 (catalyst=routine)|12|
2026-04-28|CECO|07:30:17.436|8.6|64.92|0.02||||pre-mkt volume 8,238 < 25,000 shares||
2026-04-28|SKYQ|07:35:09.429|8.26|5.45|3.14||||quality filter: filter:atr_too_high: 25.4% > 15.0%||
2026-04-28|KNSA|08:20:10.222|12.82|43.61|0.35||||score 38 < 50 (catalyst=routine)|38.4|
2026-04-28|BBIO|08:40:05.232|13.02|74.52|0.22||||score 39 < 50 (catalyst=routine)|38.9|
2026-04-28|ENVB|09:35:08.298|10.69|5.1|2.85||||already up 51% in prior 5 days (extended)||
2026-04-28|AVR|09:40:27.596|8.66|5.66|0.07||||low volume projected 1.8x < 2.0x (post-open)||
2026-04-28|CVLT|09:45:36.929|9.81|88.41|0.13|||||74.9|HIGH
2026-04-28|SGMT|09:51:05.564|10.53|8.12|1.47||||quality filter: filter:mcap_too_small: $283M < $500M||
2026-04-28|ARMP|09:55:37.501|10.68|11|0.09||||low volume projected 1.4x < 2.0x (post-open)||
2026-04-28|HRI|09:55:37.501|8.87|124.61|0.12||||low volume projected 1.9x < 2.0x (post-open)||
2026-04-28|ORKA|09:55:37.501|8.65|76.39|0.16||||EP cooldown — alerted within last 60 days||
2026-04-28|RMAX|09:55:37.501|8.35|9.94|1.57||||already up 52% in prior 5 days (extended)||
2026-04-29|AKAN|07:00:51.545|14.35|17.49|50.46||||already up 438% in prior 5 days (extended)||
2026-04-29|BE|07:00:51.545|23.21|226.37|0.12||||low volume rel_vol 0.1x < 2.0x (post-open)||
2026-04-29|FCEL|07:00:51.545|14.89|9.94|0.24||||low volume rel_vol 0.2x < 2.0x (post-open)||
2026-04-29|FICO|07:00:51.545|8.36|1010.5|0.04||||outside top-20 gap cap (gap 8.4%)||
2026-04-29|FVRR|07:00:51.545|16.22|10.36|0.16||||low volume rel_vol 0.2x < 2.0x (post-open)||
2026-04-29|GNRC|07:00:51.545|9.16|217.12|0.03||||outside top-20 gap cap (gap 9.2%)||
2026-04-29|JLHL|07:00:51.545|24.86|10.74|1.25||||quality filter: filter:adv_too_low: $255,964||
2026-04-29|LUD|07:00:51.545|15.32|6.07|0.01||||pre-mkt volume 1,426 < 25,000 shares||
2026-04-29|MB|07:00:51.545|11.7|6.4101|0.17||||low volume rel_vol 0.2x < 2.0x (post-open)||
2026-04-29|NEO|07:00:51.545|15.85|9.02|0.19||||low volume rel_vol 0.2x < 2.0x (post-open)||
2026-04-29|NXPI|07:00:51.545|21.1|230.39|0.07||||low volume rel_vol 0.1x < 2.0x (post-open)||
2026-04-29|PRCH|07:00:51.545|15.95|8.59|0.21||||low volume rel_vol 0.2x < 2.0x (post-open)||
2026-04-29|RSI|07:00:51.545|16.58|24|0.04||||low volume rel_vol 0.0x < 2.0x (post-open)||
2026-04-29|SIMO|07:00:51.545|29.98|149.18|0.42||||low volume rel_vol 0.4x < 2.0x (post-open)||
2026-04-29|STX|07:00:51.545|14.5|579.03|0.14||||low volume rel_vol 0.1x < 2.0x (post-open)||
2026-04-29|VRNS|07:00:51.545|13.25|25.44|0.02||||low volume rel_vol 0.0x < 2.0x (post-open)||
2026-04-29|WDC|07:00:51.545|8.49|390.99|0.05||||outside top-20 gap cap (gap 8.5%)||
2026-04-29|COCO|07:20:11.880|16.87|51.63|0.09||||low volume rel_vol 0.1x < 2.0x (post-open)||
2026-04-29|SKYQ|07:20:11.880|8.42|5.9|0.29||||outside top-20 gap cap (gap 8.4%)||
2026-04-29|TRT|07:20:11.880|8.05|12.17|0.06||||pre-mkt volume 5,371 < 25,000 shares||
2026-04-29|ICLR|07:25:11.242|15.13|102.49|0.02||||low volume rel_vol 0.0x < 2.0x (post-open)||
2026-04-29|LMND|07:25:11.242|8.41|65.77|0.08||||routine catalyst, gap 8.4%||
2026-04-29|AVTR|07:35:25.534|9.41|7.86|0.02||||outside top-20 gap cap (gap 9.4%)||
2026-04-29|ETSY|07:35:25.534|8.34|63.21|0.03||||outside top-20 gap cap (gap 8.3%)||
2026-04-29|PRG|07:50:15.774|13.23|28.88|0.08||||low volume rel_vol 0.1x < 2.0x (post-open)||
2026-04-29|KALV|07:55:11.183|38.25|19.24|1.14|||||96|HIGH
2026-04-29|UMC|08:00:12.197|8.28|11.66|0.03||||outside top-20 gap cap (gap 8.3%)||
2026-04-29|EXLS|08:05:06.155|11.88|30.64|0||||low volume rel_vol 0.0x < 2.0x (post-open)||
2026-04-29|OPFI|08:10:11.647|8.88|9.01|0.15||||outside top-20 gap cap (gap 8.9%)||
2026-04-29|RILY|08:10:11.647|8.09|7.66|0.01||||outside top-20 gap cap (gap 8.1%)||
2026-04-29|AVT|08:20:05.853|8.58|78.28|0||||outside top-20 gap cap (gap 8.6%)||
2026-04-29|EAT|08:20:05.853|11.51|129.14|0.05||||low volume rel_vol 0.1x < 2.0x (post-open)||
2026-04-29|APH|08:25:05.853|8.54|143.72|0.06||||outside top-20 gap cap (gap 8.5%)||
2026-04-29|TEVA|08:25:05.853|9.27|31.62|0.09||||outside top-20 gap cap (gap 9.3%)||
2026-04-29|FSS|08:30:06.803|11.41|111.74|0.02||||low volume rel_vol 0.0x < 2.0x (post-open)||
2026-04-29|MNTS|08:35:05.930|8.4|5.12|0.24||||outside top-20 gap cap (gap 8.4%)||
2026-04-29|OCC|08:50:05.603|8.42|9.3|0.01||||outside top-20 gap cap (gap 8.4%)||
2026-04-29|QNTM|09:00:19.843|9.52|5.37|0.05||||outside top-20 gap cap (gap 9.5%)||
2026-04-29|ROLR|09:30:13.399|9.78|9.92|0.17||||outside top-20 gap cap (gap 9.8%)||
2026-04-29|WYY|09:30:13.399|10.37|6.17|0.02||||outside top-20 gap cap (gap 10.4%)||
2026-04-29|LXFR|09:40:20.951|9.1|13.29|0.02||||outside top-20 gap cap (gap 9.1%)||
2026-04-29|MTRN|09:40:20.951|12.34|177.28|0.01||||low volume rel_vol 0.0x < 2.0x (post-open)||
2026-04-30|AEXA|07:00:18.976|8.14|11.05|0.01||||pre-mkt volume 1,100 < 25,000 shares||
2026-04-30|AKAN|07:00:18.976|29.65|25.99|55.16||||already up 700% in prior 5 days (extended)||
2026-04-30|BHE|07:00:18.976|9.12|72.4|0||||outside top-20 gap cap (gap 9.1%)||
2026-04-30|CVNA|07:00:18.976|8.68|396.59|0.02||||outside top-20 gap cap (gap 8.7%)||
2026-04-30|FCEL|07:00:18.976|8.14|13.64|0.27||||already up 58% in prior 5 days (extended)||
2026-04-30|FORM|07:00:18.976|8.42|135.53|0.04||||outside top-20 gap cap (gap 8.4%)||
2026-04-30|KN|07:00:18.976|8.7|30.36|0||||outside top-20 gap cap (gap 8.7%)||
2026-04-30|MICC|07:00:18.976|8.69|13.06|0.12||||outside top-20 gap cap (gap 8.7%)||
2026-04-30|MRAM|07:00:18.976|47.84|13.19|13.14||||quality filter: filter:mcap_too_small: $307M < $500M||
2026-04-30|PI|07:00:18.976|27.53|120.04|0.08|||||100|HIGH
2026-04-30|PRCT|07:00:18.976|11.47|21.71|0.02||||low volume projected 0.5x < 2.0x (post-open)||
2026-04-30|QCOM|07:00:18.976|10.44|156|0.22|||||60.5|MODERATE
2026-04-30|TTMI|07:00:18.976|19.93|137.5|0.05||||low volume rel_vol 0.1x < 2.0x (post-open)||
2026-04-30|VIAV|07:00:18.976|20.92|45.53|0.43|||||100|HIGH
2026-04-30|WCC|07:00:18.976|12.74|305.27|0.15|||||50.4|MODERATE
2026-04-30|INSG|07:05:12.213|33.81|14.79|1.5||||quality filter: filter:mcap_too_small: $315M < $500M||
2026-04-30|FMC|07:15:16.668|11.6|14.65|0.05||||low volume projected 1.3x < 2.0x (post-open)||
2026-04-30|BAND|07:20:16.968|27.52|24.2|0.15||||low volume rel_vol 0.1x < 2.0x (post-open)||
2026-04-30|PWR|07:20:16.968|12.2|628.6|0.21||||score 30 < 50 (catalyst=strong)|30|
2026-04-30|OGE|07:25:10.994|13.65|47.34|0.01||||pre-mkt volume 8,147 < 25,000 shares||
2026-04-30|RCL|07:30:30.655|8.24|254.01|0.03||||score 48 < 50 (catalyst=strong)|47.5|
2026-04-30|FIP|07:35:21.443|8.99|5.67|1.18||||outside top-20 gap cap (gap 9.0%)||
2026-04-30|NVCR|07:35:21.443|17.77|11.93|0.39||||score 38 < 50 (catalyst=routine)|38.4|
2026-04-30|QURE|07:50:31.709|10.22|16.73|0.13||||outside top-20 gap cap (gap 10.2%)||
2026-04-30|VISN|07:50:31.709|21.78|10.47|0.82|||||57.6|MODERATE
2026-04-30|GOOG|07:55:28.848|8.09|347.31|0.04||||outside top-20 gap cap (gap 8.1%)||
2026-04-30|GOOGL|08:00:33.315|8.02|349.94|0.05||||outside top-20 gap cap (gap 8.0%)||
2026-04-30|BAX|08:05:21.188|9.47|16.9|0.02||||M&A/buyout catalyst — no momentum trade||
2026-04-30|GKOS|08:05:21.188|20.85|116.96|0.29|||||96|HIGH
2026-04-30|TRAK|08:10:31.624|9.75|8.87|0.16||||outside top-20 gap cap (gap 9.8%)||
2026-04-30|DRVN|08:20:32.116|10.83|12.74|0.35|||||50.4|MODERATE
2026-04-30|HTZ|08:20:32.116|13.39|5.6|0.43||||score 39 < 50 (catalyst=routine)|38.9|
2026-04-30|INDV|08:20:32.116|8.4|34.15|0.05||||outside top-20 gap cap (gap 8.4%)||
2026-04-30|VCX|08:20:32.116|8.22|85.01|0.05||||outside top-20 gap cap (gap 8.2%)||
2026-04-30|MXL|08:25:29.044|10.26|67.52|0.02||||outside top-20 gap cap (gap 10.3%)||
2026-04-30|TDAY|08:30:29.905|9.75|7.28|0||||pre-mkt volume 2,023 < 25,000 shares||
2026-04-30|TXT|08:30:29.905|8.38|89.78|0.01||||outside top-20 gap cap (gap 8.4%)||
2026-04-30|IPX|08:35:12.271|9.95|29.05|0.25||||outside top-20 gap cap (gap 9.9%)||
2026-04-30|ALNY|08:40:12.164|8.4|301.19|0.01||||outside top-20 gap cap (gap 8.4%)||
2026-04-30|FTAI|08:45:13.510|15.13|213.11|0.25|||||84|HIGH
2026-04-30|ZBIO|09:20:13.069|8.26|17.55|0.02||||outside top-20 gap cap (gap 8.3%)||
2026-04-30|ALGS|09:25:20.814|9.05|5.97|0.01||||outside top-20 gap cap (gap 9.1%)||
2026-04-30|RFIL|09:31:19.084|11.13|13.23|0.01||||low volume projected 0.3x < 2.0x (post-open)||
2026-04-30|BLLN|09:35:24.334|8.29|73.71|0||||outside top-20 gap cap (gap 8.3%)||
2026-04-30|CWH|09:45:44.086|12.05|6.93|0||||low volume projected 0.0x < 2.0x (post-open)||
2026-04-30|GTX|09:45:44.086|14.28|20.49|0.25|||||57.6|MODERATE
2026-04-30|HGV|09:45:44.086|9.64|43.4|0||||outside top-20 gap cap (gap 9.6%)||
2026-04-30|TER|09:45:44.086|9.09|306.33|0.1||||outside top-20 gap cap (gap 9.1%)||
2026-04-30|ADAM|09:50:41.019|10.9|7.75|0.23||||outside top-20 gap cap (gap 10.9%)||
2026-04-30|ASIC|09:50:41.019|11.56|20.51|0.23||||pre-mkt volume 14,429 < 25,000 shares||
2026-04-30|CUE|09:50:41.019|9.62|13|0.14||||outside top-20 gap cap (gap 9.6%)||
2026-04-30|ECG|09:50:41.019|8.13|134.09|0.02||||outside top-20 gap cap (gap 8.1%)||
2026-04-30|MYRG|09:50:41.019|13.1|337.76|0.1||||low volume projected 1.6x < 2.0x (post-open)||
2026-04-30|PS|09:50:41.019|12.6|24.2|0.06||||low volume projected 0.9x < 2.0x (post-open)||
2026-04-30|SFM|09:50:41.019|14.33|71.13|0.25||||score 48 < 50 (catalyst=routine)|48|
2026-04-30|TRT|09:50:41.019|11.94|11.14|2.41||||already up 66% in prior 5 days (extended)||
2026-04-30|USCB|09:50:41.019|8.63|18.41|0.01||||outside top-20 gap cap (gap 8.6%)||
2026-04-30|CMPR|09:56:47.507|8.39|81.42|0.21||||outside top-20 gap cap (gap 8.4%)||
2026-04-30|EUDA|09:56:47.507|10.21|14.49|0.04||||outside top-20 gap cap (gap 10.2%)||
2026-04-30|MUSA|09:56:47.507|9.66|514.45|0.07||||outside top-20 gap cap (gap 9.7%)||
2026-04-30|NTLA|09:56:47.507|8.16|12.445|0.06||||outside top-20 gap cap (gap 8.2%)||
2026-04-30|NWPX|09:56:47.507|8.04|86.01|0.12||||outside top-20 gap cap (gap 8.0%)||
2026-04-30|ORLY|09:56:47.507|8.05|91.69|0.1||||outside top-20 gap cap (gap 8.1%)||
2026-04-30|USAR|09:56:47.507|8.35|22.03|0.26||||outside top-20 gap cap (gap 8.3%)||
(661 rows)
