score_date|n|n_adv|n_rank
2026-02-06|9767|9644|9767
2026-02-13|9780|9649|9780
2026-02-20|9772|9647|9772
2026-02-27|9809|9666|9809
2026-03-06|9784|9662|9784
2026-03-13|9797|9677|9797
2026-03-19|168|0|168
2026-03-20|172|0|172
2026-03-21|9784|9749|9784
2026-03-23|9789|9658|9789
2026-03-24|3857|3829|3857
2026-03-25|3844|3818|3844
2026-03-26|3825|3803|3825
2026-03-27|3815|3791|3815
2026-03-30|3820|3794|3820
2026-03-31|3857|3828|3857
2026-04-01|3833|3808|3833
2026-04-02|3846|3827|3846
2026-04-06|3840|3817|3840
2026-04-07|3818|3794|3818
2026-04-08|3869|3846|3869
2026-04-09|3832|3814|3832
2026-04-10|3844|3824|3844
2026-04-13|3869|3835|3869
2026-04-14|3880|3849|3880
2026-04-15|3895|3867|3895
2026-04-16|3885|3867|3885
2026-04-17|3920|3888|3920
2026-04-20|3930|3892|3930
2026-04-21|3921|3887|3921
2026-04-22|3929|3895|3929
2026-04-23|3901|3870|3901
2026-04-24|3881|3855|3881
2026-04-27|3915|3869|3915
2026-04-28|3915|3866|3915
2026-04-29|3932|3886|3932
2026-04-30|3909|3882|3909
2026-05-01|3895|3870|3895
2026-05-04|3979|3946|3979
2026-05-05|3950|3925|3950
2026-05-06|3986|3954|3986
2026-05-07|3963|3939|3963
2026-05-08|3961|3945|3961
2026-05-11|3981|3943|3981
2026-05-12|3939|3905|3939
2026-05-13|3938|3915|3938
2026-05-14|3955|3932|3955
2026-05-15|3914|3886|3914
2026-05-18|3933|3886|3933
2026-05-19|3888|3859|3888
2026-05-20|3927|3893|3927
2026-05-21|3932|3904|3932
2026-05-22|3941|3918|3941
2026-05-26|3959|3924|3959
2026-05-27|3963|3940|3963
2026-05-28|3984|3959|3984
2026-05-29|4008|3974|4008
2026-05-30|1|0|1
2026-06-01|4011|3965|4011
2026-06-02|3977|3945|3977
2026-06-03|3969|3941|3969
2026-06-04|3959|3940|3959
2026-06-05|3914|3893|3914
2026-06-08|3954|3908|3954
2026-06-09|3929|3892|3929
2026-06-10|3962|3924|3962
2026-06-11|3969|3935|3969
2026-06-12|3944|3920|3944
2026-06-15|3969|3925|3969
2026-06-16|2451|2405|2451
2026-06-17|2428|2401|2428
2026-06-18|2454|2424|2454
2026-06-22|2489|2438|2489
2026-06-23|2481|2435|2481
2026-06-24|2482|2448|2482
2026-06-25|2467|2441|2467
2026-06-26|2483|2464|2483
2026-06-29|2506|2471|2506
2026-06-30|2530|2477|2530
2026-07-01|2513|2470|2513
2026-07-02|2502|2470|2502
2026-07-05|1|0|1
2026-07-06|2522|2471|2522
2026-07-07|2509|2472|2509
2026-07-08|2501|2464|2501
2026-07-09|2504|2477|2504
2026-07-10|2503|2472|2503
2026-07-12|1|0|1
2026-07-13|2500|2463|2500
2026-07-14|2500|2463|2500
2026-07-15|2487|2458|2487
2026-07-16|2484|2458|2484
2026-07-17|2456|2437|2456
2026-07-20|2455|2421|2455
2026-07-21|2456|2427|2456
2026-07-22|2441|2415|2441
2026-07-23|2429|2403|2429
2026-07-24|2421|2397|2421
2026-07-27|2413|2378|2413
2026-07-28|2420|2378|2420
2026-07-29|2405|2371|2405
2026-07-30|2401|2375|2401
2026-07-31|2389|2370|2389
2026-08-03|2415|2378|2415
2026-08-04|2426|2398|2426
2026-08-05|2423|2398|2423
2026-08-06|2415|2385|2415
2026-08-07|2411|2385|2411
2026-08-08|1|0|1
2026-08-10|2433|2381|2433
2026-08-11|2436|2390|2436
2026-08-12|2426|2390|2426
2026-08-13|2438|2397|2438
2026-08-14|2444|2412|2444
2026-08-17|2459|2401|2459
2026-08-18|2427|2393|2427
2026-08-19|2446|2404|2446
2026-08-20|2422|2394|2422
2026-08-21|2444|2402|2444
2026-08-24|2463|2404|2463
2026-08-25|2463|2410|2463
2026-08-26|2432|2395|2432
2026-08-27|2415|2389|2415
2026-08-28|2414|2385|2414
2026-08-31|2418|2376|2418
2026-09-01|2394|2364|2394
2026-09-02|2399|2376|2399
2026-09-03|2397|2375|2397
2026-09-04|2394|2367|2394
2026-09-08|2402|2372|2402
2026-09-09|2368|2346|2368
2026-09-10|2367|2340|2367
2026-09-11|2363|2341|2363
2026-09-14|2396|2346|2396
2026-09-15|2378|2341|2378
2026-09-16|2365|2338|2365
2026-09-17|2382|2352|2382
2026-09-18|2381|2354|2381
2026-09-21|2410|2367|2410
2026-09-22|2413|2375|2413
2026-09-23|2386|2360|2386
2026-09-24|2395|2367|2395
2026-09-25|2397|2371|2397
2026-09-28|2395|2365|2395
2026-09-29|2388|2360|2388
2026-09-30|2379|2351|2379
2026-10-01|2388|2362|2388
2026-10-02|2392|2365|2392
2026-10-05|2423|2379|2423
2026-10-06|2401|2369|2401
2026-10-07|2396|2367|2396
2026-10-08|2388|2369|2388
(152 rows)
