night | judged | pass | G3% | fails: size2 size3 size4+ | judged by size 2/3/4+ | pass-rate on 4+ only | G4 signed / settled
2026-09-28 | 117 | 105 | 89.7 | 3 8 1 | 12/31/74 | 73/74 = 98.6% | 12/117 10.3% / -
2026-09-29 | 122 | 109 | 89.3 | 3 9 1 | 13/36/73 | 72/73 = 98.6% | 13/122 10.7% / -
2026-09-30 | 129 | 117 | 90.7 | 4 7 1 | 15/38/76 | 75/76 = 98.7% | 15/129 11.6% / -
2026-10-01 | 131 | 117 | 89.3 | 4 9 1 | 16/40/75 | 74/75 = 98.7% | 16/131 12.2% / -
2026-10-02 | 133 | 117 | 88.0 | 5 10 1 | 15/44/74 | 73/74 = 98.6% | 15/133 11.3% / -
2026-10-05 | 116 | 100 | 86.2 | 3 12 1 | 4/42/70 | 69/70 = 98.6% | 4/116 3.4% / -
2026-10-06 | 120 | 105 | 87.5 | 2 12 1 | 7/36/77 | 76/77 = 98.7% | 7/120 5.8% / -
2026-10-07 | 124 | 106 | 85.5 | 9 9 0 | 15/33/76 | 76/76 = 100.0% | 15/124 12.1% / -
2026-10-08 | 122 | 103 | 84.4 | 9 9 1 | 15/30/77 | 76/77 = 98.7% | 15/122 12.3% / -
2026-10-09 | 123 | 106 | 86.2 | 8 9 0 | 14/33/76 | 76/76 = 100.0% | 14/123 11.4% / 7/116 6.0%
{'fail2': 50, 'j2': 126, 'fail3': 94, 'j3': 363, 'fail4': 8, 'j4': 748, 'fails': 152, 'judged': 1237, 'smallpass': 345}
fails that are 2-3-member: 144 of 152; 4+: 8
2-3-member theme-nights judged 489, passing 345 (70.6%); size2 fail 50/126, size3 fail 94/363
2026-09-28 unjudgeable 0 Counter()
2026-09-29 unjudgeable 0 Counter()
2026-09-30 unjudgeable 0 Counter()
2026-10-01 unjudgeable 0 Counter()
2026-10-02 unjudgeable 0 Counter()
2026-10-05 unjudgeable 0 Counter()
2026-10-06 unjudgeable 0 Counter()
2026-10-07 unjudgeable 0 Counter()
2026-10-08 unjudgeable 0 Counter()
2026-10-09 unjudgeable 0 Counter()
