2026-09-28 | Cardiac & Bioelectric Ablation Device Innovators (2, Mainstream, G3 FAIL) -> Medical Device Mean-Reversion & Rotation Recovery | moved ['ATRC']
2026-09-28 | Electric & Unmanned Aircraft Innovators (2, Fading, G3 FAIL) -> Space Economy: Satellite Communications & Launch Services | moved ['AVEX']
2026-09-28 | Emerging Medical Device Innovators Breakout (3, Mainstream, G3 FAIL) -> Medical Device Mean-Reversion & Rotation Recovery | moved ['ATEC', 'INSP']
2026-09-28 | Enterprise Unstructured Data Storage Infrastructure (3, Fading, G3 FAIL) -> Marketing & Digital Presence SaaS Platforms | moved ['BOX', 'DBX']
2026-09-28 | Life Sciences & Healthcare Data/CRM Platforms (3, Mainstream, G3 FAIL) -> Marketing & Digital Presence SaaS Platforms | moved ['DOCS', 'VEEV']
2026-09-28 | Liquid Biopsy & Molecular Cancer Diagnostics Testing (3, Nascent, G3 FAIL) -> Genomics & DNA Sequencing Tools | moved ['NTRA', 'GRAL']
2026-09-29 | Cardiac & Bioelectric Ablation Device Innovators (2, Mainstream, G3 FAIL) -> Medical Device Mean-Reversion & Rotation Recovery | moved ['ATRC']
2026-09-29 | Diabetes Management Devices (CGM, Insulin Pumps & Delivery) (3, Fading, G3 FAIL) -> Medical Device Mean-Reversion & Rotation Recovery | moved ['MMED', 'DXCM']
2026-09-29 | Electric & Unmanned Aircraft Innovators (2, Fading, G3 FAIL) -> Space Economy: Satellite Communications & Launch Services | moved ['AVEX']
2026-09-29 | Emerging Medical Device Innovators Breakout (3, Mainstream, G3 FAIL) -> Medical Device Mean-Reversion & Rotation Recovery | moved ['INSP', 'ATEC']
2026-09-29 | Enterprise Unstructured Data Storage Infrastructure (3, Fading, G3 FAIL) -> Cloud Contact Center & CCaaS Communication Platforms | moved ['BOX', 'DBX']
2026-09-29 | Liquid Biopsy & Molecular Cancer Diagnostics Testing (3, Nascent, G3 FAIL) -> Genomics & DNA Sequencing Tools | moved ['NTRA', 'GRAL']
2026-09-30 | Cardiac & Bioelectric Ablation Device Innovators (2, Mainstream, G3 FAIL) -> Medical Device Mean-Reversion & Rotation Recovery | moved ['ATRC']
2026-09-30 | Defense & Space Systems Satellite Solutions (3, Nascent, G3 FAIL) -> Aerospace Engine, Airframe Components & Defense Subsystem Suppliers | moved ['YSS', 'AADX', 'MRCY']
2026-09-30 | Diabetes Management Devices (CGM, Insulin Pumps & Delivery) (3, Mainstream, G3 FAIL) -> Medical Device Mean-Reversion & Rotation Recovery | moved ['MMED', 'DXCM']
2026-09-30 | Electric & Unmanned Aircraft Innovators (2, Fading, G3 FAIL) -> Space Economy: Satellite Communications & Launch Services | moved ['BETA', 'AVEX']
2026-09-30 | Emerging Medical Device Innovators Breakout (3, Mainstream, G3 FAIL) -> Medical Device Mean-Reversion & Rotation Recovery | moved ['ATEC', 'INSP']
2026-09-30 | Enterprise Unstructured Data Storage Infrastructure (3, Fading, G3 FAIL) -> AI-Powered Enterprise Analytics & Intelligent Workflow SaaS | moved ['DBX', 'BOX']
2026-09-30 | Liquid Biopsy & Molecular Cancer Diagnostics Testing (3, Nascent, G3 FAIL) -> Genomics & DNA Sequencing Tools | moved ['GRAL', 'NTRA']
2026-10-01 | Cardiac & Bioelectric Ablation Device Innovators (2, Mainstream, G3 FAIL) -> Medical Device Mean-Reversion & Rotation Recovery | moved ['ATRC']
2026-10-01 | Emerging Medical Device Innovators Breakout (3, Mainstream, G3 FAIL) -> Medical Device Mean-Reversion & Rotation Recovery | moved ['ATEC', 'INSP']
2026-10-01 | Enterprise Unstructured Data Storage Infrastructure (3, Mainstream, G3 FAIL) -> AI-Powered Enterprise Analytics & Intelligent Workflow SaaS | moved ['DBX', 'BOX']
2026-10-01 | Life Sciences & Healthcare Data/CRM Platforms (3, Mainstream, G3 FAIL) -> Cloud Contact Center & CCaaS Communication Platforms | moved ['DOCS', 'VEEV']
2026-10-01 | Liquid Biopsy & Molecular Cancer Diagnostics Testing (3, Mainstream, G3 FAIL) -> Genomics & DNA Sequencing Tools | moved ['NTRA', 'GRAL']
2026-10-02 | Cardiac & Bioelectric Ablation Device Innovators (2, Mainstream, G3 FAIL) -> Medical Device Mean-Reversion & Rotation Recovery | moved ['ATRC']
2026-10-02 | Data Storage & Data Management Software/Hardware Leaders (2, Nascent, G3 FAIL) -> Cross-Industry Test, Measurement & Design-Verification Tools | moved ['QMCO', 'P']
2026-10-02 | Defense & Space Systems Satellite Solutions (3, Nascent, G3 FAIL) -> Aerospace Engine, Airframe Components & Defense Subsystem Suppliers | moved ['YSS', 'AADX', 'MRCY']
2026-10-02 | Diabetes Management Devices (CGM, Insulin Pumps & Delivery) (3, Mainstream, G3 FAIL) -> Medical Device Mean-Reversion & Rotation Recovery | moved ['MMED', 'DXCM']
2026-10-02 | Emerging Medical Device Innovators Breakout (3, Mainstream, G3 FAIL) -> Medical Device Mean-Reversion & Rotation Recovery | moved ['INSP', 'ATEC']
2026-10-02 | Enterprise Unstructured Data Storage Infrastructure (3, Mainstream, G3 FAIL) -> AI-Powered Enterprise Analytics & Intelligent Workflow SaaS | moved ['DBX', 'BOX']
2026-10-02 | Fintech Payments, Prepaid & Consumer Digital Banking Apps (3, Nascent, G3 FAIL) -> Fintech & Digital Finance Sector Re-rating on Fed Easing | moved ['DAVE', 'RELY']
2026-10-02 | Liquid Biopsy & Molecular Cancer Diagnostics Testing (3, Mainstream, G3 FAIL) -> Genomics & DNA Sequencing Tools | moved ['NTRA', 'GRAL']
2026-10-05 | Bitcoin Mining Stocks Rotation Reversal (3, Fading, G3 FAIL) -> Bitcoin Treasury & Crypto Proxy Equities Correlation Basket | moved ['MARA', 'ABTC']
2026-10-05 | Cardiac & Bioelectric Ablation Device Innovators (2, Fading, G3 FAIL) -> Medical Device Mean-Reversion & Rotation Recovery | moved ['ATRC']
2026-10-05 | Diabetes Management Devices (CGM, Insulin Pumps & Delivery) (3, Fading, G3 FAIL) -> Medical Device Mean-Reversion & Rotation Recovery | moved ['DXCM', 'MMED']
2026-10-05 | Digital Dollar & Crypto Payments Infrastructure (2, Fading, G3 FAIL) -> Bitcoin Treasury & Crypto Proxy Equities Correlation Basket | moved ['USDE']
2026-10-05 | Emerging Medical Device Innovators Breakout (3, Mainstream, G3 FAIL) -> Medical Device Mean-Reversion & Rotation Recovery | moved ['INSP', 'ATEC']
2026-10-05 | Enterprise Unstructured Data Storage Infrastructure (3, Mainstream, G3 FAIL) -> Cloud Contact Center & CCaaS Communication Platforms | moved ['BOX', 'DBX']
2026-10-05 | Fintech Payments, Prepaid & Consumer Digital Banking Apps (3, Nascent, G3 FAIL) -> Fintech & Digital Finance Sector Re-rating on Fed Easing | moved ['DAVE', 'RELY']
2026-10-05 | Liquid Biopsy & Molecular Cancer Diagnostics Testing (3, Mainstream, G3 FAIL) -> Genomics & DNA Sequencing Tools | moved ['GRAL', 'NTRA']
2026-10-05 | Oilfield Services & Offshore Energy Equipment (3, Nascent, G3 FAIL) -> Energy Infrastructure & Services Complex | moved ['BKR', 'OII']
2026-10-06 | Automotive Thermal & Powertrain Components Suppliers (3, Nascent, G3 FAIL) -> Industrial Construction Execution & On-Site Supply Chain | moved ['BWA', 'MOD']
2026-10-06 | Bitcoin Mining Stocks Rotation Reversal (3, Fading, G3 FAIL) -> Bitcoin Treasury & Crypto Proxy Equities Correlation Basket | moved ['MARA', 'ABTC']
2026-10-06 | Branded Footwear & Apparel Brand Turnaround (3, Nascent, G3 FAIL) -> U.S. Apparel & Fashion Recovery | moved ['VFC', 'ONON', 'BBWI']
2026-10-06 | Diabetes Management Devices (CGM, Insulin Pumps & Delivery) (3, Fading, G3 FAIL) -> Medical Device Mean-Reversion & Rotation Recovery | moved ['MMED', 'DXCM']
2026-10-06 | Digital Dollar & Crypto Payments Infrastructure (2, Mainstream, G3 FAIL) -> Bitcoin Treasury & Crypto Proxy Equities Correlation Basket | moved ['USDE']
2026-10-06 | Emerging Medical Device Innovators Breakout (3, Mainstream, G3 FAIL) -> Medical Device Mean-Reversion & Rotation Recovery | moved ['INSP', 'ATEC']
2026-10-06 | Enterprise Unstructured Data Storage Infrastructure (3, Mainstream, G3 FAIL) -> Cloud Contact Center & CCaaS Communication Platforms | moved ['DBX', 'BOX']
2026-10-06 | Fintech Payments, Prepaid & Consumer Digital Banking Apps (3, Nascent, G3 FAIL) -> Fintech & Digital Finance Sector Re-rating on Fed Easing | moved ['RELY', 'DAVE']
2026-10-06 | Life Sciences & Healthcare Data/CRM Platforms (3, Mainstream, G3 FAIL) -> Cloud Contact Center & CCaaS Communication Platforms | moved ['DOCS', 'VEEV']
2026-10-07 | Alternative Asset Managers & Private Markets Platforms (2, Nascent, G3 FAIL) -> Wealth Management & Retail Brokerage Platforms | moved ['PAX']
2026-10-07 | Automotive Thermal & Powertrain Components Suppliers (2, Fading, G3 FAIL) -> Industrial Construction Execution & On-Site Supply Chain | moved ['BWA', 'MOD']
2026-10-07 | Bitcoin Mining Stocks Rotation Reversal (2, Fading, G3 FAIL) -> Bitcoin Holding & Trading Proxy Equities | moved ['ABTC']
2026-10-07 | Branded Footwear & Apparel Brand Turnaround (2, Fading, G3 FAIL) -> U.S. Apparel & Fashion Recovery | moved ['VFC', 'ONON']
2026-10-07 | Cloud Financial Automation & Insurance Core Platform Software (3, Nascent, G3 FAIL) -> Marketing & Digital Presence SaaS Platforms | moved ['BL', 'GWRE']
2026-10-07 | Digital Dollar & Crypto Payments Infrastructure (2, Mainstream, G3 FAIL) -> Bitcoin Treasury & Crypto Proxy Equities Correlation Basket | moved ['USDE']
2026-10-07 | Emerging Medical Device Innovators Breakout (3, Mainstream, G3 FAIL) -> Medical Device Mean-Reversion & Rotation Recovery | moved ['INSP', 'ATEC']
2026-10-07 | Enterprise Unstructured Data Storage Infrastructure (3, Mainstream, G3 FAIL) -> AI-Powered Enterprise Analytics & Intelligent Workflow SaaS | moved ['DBX', 'BOX']
2026-10-07 | Fintech Payments, Prepaid & Consumer Digital Banking Apps (3, Nascent, G3 FAIL) -> Fintech & Digital Finance Sector Re-rating on Fed Easing | moved ['RELY', 'DAVE']
2026-10-07 | Oilfield Services & Offshore Energy Equipment (3, Nascent, G3 FAIL) -> Energy Infrastructure & Services Complex | moved ['BKR', 'OII']
2026-10-07 | Online Consumer Lending & Fintech Credit (3, Nascent, G3 FAIL) -> Fintech & Digital Finance Sector Re-rating on Fed Easing | moved ['AFRM', 'DAVE']
2026-10-07 | Vertical Commerce & Tax/Payments Software-Fintech Platforms (3, Nascent, G3 FAIL) -> Marketing & Digital Presence SaaS Platforms | moved ['SHOP', 'VERX']
2026-10-08 | Alternative Asset Managers & Private Markets Platforms (2, Nascent, G3 FAIL) -> Wealth Management & Retail Brokerage Platforms | moved ['PAX']
2026-10-08 | Branded Footwear & Hotel Consumer Discretionary Turnaround (3, Nascent, G3 FAIL) -> U.S. Apparel & Fashion Recovery | moved ['VFC', 'ONON']
2026-10-08 | Cloud Financial Automation & Insurance Core Platform Software (3, Nascent, G3 FAIL) -> Vertical Commerce & Tax/Payments Software-Fintech Platforms | moved ['GWRE', 'BL']
2026-10-08 | Data Analytics, AI Platform & Digital Transformation IT Services (3, Nascent, G3 FAIL) -> AI-Powered Enterprise Analytics & Intelligent Workflow SaaS | moved ['GLOB', 'NAVN']
2026-10-08 | Diabetes Management Devices (CGM, Insulin Pumps & Delivery) (3, Fading, G3 FAIL) -> Medical Device Mean-Reversion & Rotation Recovery | moved ['MMED', 'DXCM']
2026-10-08 | Digital Dollar & Crypto Payments Infrastructure (2, Mainstream, G3 FAIL) -> Bitcoin Treasury & Crypto Proxy Equities Correlation Basket | moved ['USDE']
2026-10-08 | Emerging Medical Device Innovators Breakout (3, Mainstream, G3 FAIL) -> Medical Device Mean-Reversion & Rotation Recovery | moved ['INSP', 'ATEC']
2026-10-08 | Enterprise Unstructured Data Storage Infrastructure (3, Mainstream, G3 FAIL) -> AI-Powered Enterprise Analytics & Intelligent Workflow SaaS | moved ['DBX', 'BOX']
2026-10-08 | Fintech Payments, Prepaid & Consumer Digital Banking Apps (3, Nascent, G3 FAIL) -> Fintech & Digital Finance Sector Re-rating on Fed Easing | moved ['DAVE', 'RELY']
2026-10-08 | Inflammatory Disease & Immunology Biologics (2, Fading, G3 FAIL) -> Gene Editing & Specialty Biopharma Breakouts | moved ['NRIX']
2026-10-08 | Online Consumer Lending & Fintech Credit (2, Nascent, G3 FAIL) -> Fintech & Digital Finance Sector Re-rating on Fed Easing | moved ['AFRM']
2026-10-08 | Travel & Hospitality Lodging Brand Franchisors Rotation (3, Nascent, G3 FAIL) -> Restaurant Chain Recovery | moved ['HLT', 'PK']
2026-10-09 | Alternative Asset Managers & Private Markets Platforms (2, Nascent, G3 FAIL) -> Wealth Management & Retail Brokerage Platforms | moved ['PAX']
2026-10-09 | Automotive Thermal & Powertrain Components Suppliers (3, Nascent, G3 FAIL) -> Industrial Construction Execution & On-Site Supply Chain | moved ['BWA', 'MOD']
2026-10-09 | Branded Footwear & Hotel Consumer Discretionary Turnaround (2, Fading, G3 FAIL) -> U.S. Apparel & Fashion Recovery | moved ['VFC', 'ONON']
2026-10-09 | Data Analytics, AI Platform & Digital Transformation IT Services (2, Fading, G3 FAIL) -> AI-Powered Enterprise Analytics & Intelligent Workflow SaaS | moved ['TDC', 'GLOB']
2026-10-09 | Diabetes Management Devices (CGM, Insulin Pumps & Delivery) (3, Fading, G3 FAIL) -> Medical Device Mean-Reversion & Rotation Recovery | moved ['MMED', 'DXCM']
2026-10-09 | Digital Dollar & Crypto Payments Infrastructure (2, Mainstream, G3 FAIL) -> Bitcoin Holding & Trading Proxy Equities | moved ['USDE']
2026-10-09 | Electronics Manufacturing & IT Hardware Distribution Supply Chain (3, Nascent, G3 FAIL) -> AI Data Center High-Speed Interconnect & Signal Integrity Chipmakers | moved ['FLEX', 'ON']
2026-10-09 | Emerging Medical Device Innovators Breakout (3, Mainstream, G3 FAIL) -> Medical Device Mean-Reversion & Rotation Recovery | moved ['ATEC', 'INSP']
2026-10-09 | Enterprise Unstructured Data Storage Infrastructure (3, Mainstream, G3 FAIL) -> AI-Powered Enterprise Analytics & Intelligent Workflow SaaS | moved ['BOX', 'DBX']
2026-10-09 | Fintech Payments, Prepaid & Consumer Digital Banking Apps (3, Mainstream, G3 FAIL) -> Fintech & Digital Finance Sector Re-rating on Fed Easing | moved ['DAVE', 'RELY']
2026-10-09 | Orthopedic Surgical Devices & Instruments (2, Fading, G3 FAIL) -> Life Science Tools & Analytical Instruments | moved ['SIBN']
