2026-09-28 | Bitcoin Holding & Trading Proxy Equities (3, Mainstream, G3 pass) -> Bitcoin Balance Sheet Proxies | moved ['ASST', 'GLXY', 'COIN']
2026-09-28 | Brazilian Fintech & Digital Payments (2, Fading, G3 pass) -> Fintech & Digital Finance Sector Re-rating on Fed Easing | moved ['INTR', 'STNE']
2026-09-28 | Cloud Application Software Rotation (Oversold Turning Up) (3, Fading, G3 pass) -> Cloud Contact Center & CCaaS Communication Platforms | moved ['APPF', 'PCOR', 'DUOL']
2026-09-28 | Cloud Data Storage & Analytics Infrastructure (3, Mainstream, G3 pass) -> AI-Powered Enterprise Analytics & Intelligent Workflow SaaS | moved ['ESTC', 'MDB', 'SNOW']
2026-09-28 | Cloud Supply Chain & Warehouse Management Software (3, Fading, G3 pass) -> Marketing & Digital Presence SaaS Platforms | moved ['DSGX', 'MANH', 'SPSC']
2026-09-28 | Corporate Spend, Expense Management & Financial Operations Software (3, Fading, G3 pass) -> Marketing & Digital Presence SaaS Platforms | moved ['WEX', 'CPAY', 'BILL']
2026-09-28 | Customer Engagement & Marketing/CX SaaS Platforms (2, Fading, G3 pass) -> Marketing & Digital Presence SaaS Platforms | moved ['FRSH', 'AMPL']
2026-09-28 | Defense Electronics & Aerospace Subsystem Suppliers (3, Mainstream, G3 pass) -> Space Economy: Satellite Communications & Launch Services | moved ['AVAV', 'DCO', 'ARXS']
2026-09-28 | Fabless Semiconductor IP Licensing (3, Nascent, G3 pass) -> AI Server Power & Signal-Integrity Analog ICs | moved ['CEVA', 'RMBS', 'ARM']
2026-09-28 | Home Improvement Retail & Building Products (2, Fading, G3 pass) -> Commercial, Office & Home Furniture Retailers and Manufacturers | moved ['LOW', 'HD']
2026-09-28 | Insurance Brokerage & Distribution Services (2, Fading, G3 pass) -> Specialty P&C Insurance Underwriters Rotation Reversal | moved ['RYAN', 'WTW']
2026-09-28 | Legal, Tax & Professional Information Analytics (2, Nascent, G3 pass) -> IT Consulting & Business Process Outsourcing Services | moved ['TRI', 'RELX']
2026-09-28 | Orthopedic Surgical Devices & Instruments (3, Mainstream, G3 pass) -> Medical Device Mean-Reversion & Rotation Recovery | moved ['CNMD', 'SIBN', 'ZBH']
2026-09-28 | Precious Metals Miners Velocity Breakout (3, Fading, G3 pass) -> Precious Metals Complex Rebound | moved ['FSM', 'WPM', 'AYA']
2026-09-28 | Precision Timing & Motion Control Component Makers (3, Mainstream, G3 pass) -> Space Economy: Satellite Communications & Launch Services | moved ['FEIM', 'SITM', 'ALNT']
2026-09-28 | Renewable & Specialty Fuels Chemical Producers (3, Fading, G3 pass) -> Global Oil & Gas Producers and Refiners | moved ['SSL', 'MEOH', 'CLMT']
2026-09-28 | Semiconductor Equipment & Materials Velocity Surge (3, Mainstream, G3 pass) -> Semiconductor Design, Test & Assembly Enablement Tools | moved ['ONTO', 'ENTG', 'AXTI']
2026-09-28 | Software Development & DevOps Collaboration Platforms (3, Mainstream, G3 pass) -> AI-Powered Enterprise Analytics & Intelligent Workflow SaaS | moved ['GTLB', 'TEAM', 'FROG']
2026-09-29 | Analog, Mixed-Signal & Power Semiconductor Cyclical Recovery (3, Nascent, G3 pass) -> AI Server Power & Signal-Integrity Analog ICs | moved ['MCHP', 'DIOD', 'MXL']
2026-09-29 | Annuity-Focused Insurers (3, Mainstream, G3 pass) -> Life Insurance & Annuity Providers | moved ['JXN', 'CNO', 'CRBG']
2026-09-29 | Bitcoin Balance Sheet Proxies (2, Nascent, G3 pass) -> Bitcoin Mining Stocks Rotation Reversal | moved ['MSTR', 'BLSH']
2026-09-29 | Bitcoin Holding & Trading Proxy Equities (3, Mainstream, G3 pass) -> Bitcoin Mining Stocks Rotation Reversal | moved ['COIN', 'ASST', 'GLXY']
2026-09-29 | Bitcoin Treasury & Crypto Proxy Equities Correlation Basket (3, Mainstream, G3 pass) -> Bitcoin Mining Stocks Rotation Reversal | moved ['BMNR', 'SBET', 'PURR']
2026-09-29 | Brazilian Fintech & Digital Payments (2, Fading, G3 pass) -> Fintech & Digital Finance Sector Re-rating on Fed Easing | moved ['INTR', 'STNE']
2026-09-29 | Cloud Application Software Rotation (Oversold Turning Up) (3, Fading, G3 pass) -> Cloud Contact Center & CCaaS Communication Platforms | moved ['APPF', 'PCOR', 'DUOL']
2026-09-29 | Cloud Data Storage & Analytics Infrastructure (3, Mainstream, G3 pass) -> AI-Powered Enterprise Analytics & Intelligent Workflow SaaS | moved ['ESTC', 'MDB', 'SNOW']
2026-09-29 | Cloud Supply Chain & Warehouse Management Software (3, Mainstream, G3 pass) -> Marketing & Digital Presence SaaS Platforms | moved ['SPSC', 'DSGX', 'MANH']
2026-09-29 | Corporate Spend, Expense Management & Financial Operations Software (3, Fading, G3 pass) -> Marketing & Digital Presence SaaS Platforms | moved ['WEX', 'CPAY', 'BILL']
2026-09-29 | Cruise & Expedition Travel Operators (2, Nascent, G3 pass) -> Low-Cost & Regional Passenger Airline Rebound | moved ['CCL', 'LIND']
2026-09-29 | Customer Engagement & Marketing/CX SaaS Platforms (2, Fading, G3 pass) -> Marketing & Digital Presence SaaS Platforms | moved ['FRSH', 'AMPL']
2026-09-29 | Defense Electronics & Aerospace Subsystem Suppliers (3, Fading, G3 pass) -> Space Economy: Satellite Communications & Launch Services | moved ['AVAV', 'DCO', 'ARXS']
2026-09-29 | Fabless Semiconductor IP Licensing (3, Nascent, G3 pass) -> AI Server Power & Signal-Integrity Analog ICs | moved ['CEVA', 'ARM', 'RMBS']
2026-09-29 | Genetic Medicine: Gene Editing & Gene Therapy Innovators (3, Fading, G3 pass) -> mRNA Vaccine & Personalized Cancer Therapy Platforms | moved ['MGTX', 'SRPT', 'FDMT']
2026-09-29 | Home Improvement Retail & Building Products (2, Fading, G3 pass) -> Commercial, Office & Home Furniture Retailers and Manufacturers | moved ['LOW', 'HD']
2026-09-29 | Legal, Tax & Professional Information Analytics (2, Fading, G3 pass) -> IT Consulting & Business Process Outsourcing Services | moved ['TRI', 'RELX']
2026-09-29 | Orthopedic Surgical Devices & Instruments (3, Fading, G3 pass) -> Medical Device Mean-Reversion & Rotation Recovery | moved ['SIBN', 'CNMD', 'ZBH']
2026-09-29 | Precious Metals Miners Velocity Breakout (3, Mainstream, G3 pass) -> Precious Metals Complex Rebound | moved ['AYA', 'WPM', 'FSM']
2026-09-29 | Precision Timing & Motion Control Component Makers (3, Mainstream, G3 pass) -> Space Economy: Satellite Communications & Launch Services | moved ['FEIM', 'SITM', 'ALNT']
2026-09-29 | Renewable & Specialty Fuels Chemical Producers (3, Fading, G3 pass) -> Energy Infrastructure & Services Complex | moved ['SSL', 'MEOH', 'CLMT']
2026-09-29 | Semiconductor Equipment & Materials Velocity Surge (3, Mainstream, G3 pass) -> Semiconductor Design, Test & Assembly Enablement Tools | moved ['ENTG', 'ONTO', 'AXTI']
2026-09-29 | Software Development & DevOps Collaboration Platforms (3, Mainstream, G3 pass) -> AI-Powered Enterprise Analytics & Intelligent Workflow SaaS | moved ['GTLB', 'TEAM', 'FROG']
2026-09-30 | AI Data Services & GPU Cloud Platforms (3, Nascent, G3 pass) -> Emerging AI Compute & Cloud Infrastructure Platforms | moved ['INOD', 'SHAZ', 'NBIS']
2026-09-30 | AI data-center power buildout (2, Nascent, G3 pass) -> AI Data Center High-Speed Interconnect & Signal Integrity Chipmakers | moved ['VICR', 'ALAB']
2026-09-30 | Auto & Truck Dealership Retail Chains (2, Fading, G3 pass) -> Non-Alcoholic Beverages & Energy Drinks | moved ['LAD', 'ABG']
2026-09-30 | Bitcoin Balance Sheet Proxies (2, Nascent, G3 pass) -> Bitcoin Mining Stocks Rotation Reversal | moved ['MSTR', 'BLSH']
2026-09-30 | Bitcoin Holding & Trading Proxy Equities (3, Mainstream, G3 pass) -> Bitcoin Mining Stocks Rotation Reversal | moved ['GLXY', 'ASST', 'COIN']
2026-09-30 | Bitcoin Miners Pivoting to AI/HPC Data Center Hosting (3, Fading, G3 pass) -> Emerging AI Compute & Cloud Infrastructure Platforms | moved ['APLD', 'HUT', 'CIFR']
2026-09-30 | Bitcoin Treasury & Crypto Proxy Equities Correlation Basket (3, Mainstream, G3 pass) -> Bitcoin Mining Stocks Rotation Reversal | moved ['BMNR', 'PURR', 'SBET']
2026-09-30 | Brazilian Fintech & Digital Payments (2, Fading, G3 pass) -> Fintech & Digital Finance Sector Re-rating on Fed Easing | moved ['INTR', 'STNE']
2026-09-30 | Cloud Application Software Rotation (Oversold Turning Up) (3, Fading, G3 pass) -> Cloud Contact Center & CCaaS Communication Platforms | moved ['DUOL', 'PCOR', 'APPF']
2026-09-30 | Cloud Data Storage & Analytics Infrastructure (3, Mainstream, G3 pass) -> AI-Powered Enterprise Analytics & Intelligent Workflow SaaS | moved ['ESTC', 'SNOW', 'MDB']
2026-09-30 | Cloud Supply Chain & Warehouse Management Software (3, Mainstream, G3 pass) -> Enterprise HR & Workforce Management SaaS | moved ['DSGX', 'MANH', 'SPSC']
2026-09-30 | Coal Mining Producers (3, Nascent, G3 pass) -> Primary Silver Miners | moved ['BTU', 'HCC', 'AMR']
2026-09-30 | Corporate Spend, Expense Management & Financial Operations Software (3, Fading, G3 pass) -> AI-Powered Enterprise Analytics & Intelligent Workflow SaaS | moved ['WEX', 'CPAY', 'BILL']
2026-09-30 | Cruise & Expedition Travel Operators (2, Fading, G3 pass) -> U.S. Domestic Passenger Airlines | moved ['CCL', 'LIND']
2026-09-30 | Customer Engagement & Marketing/CX SaaS Platforms (3, Accelerating, G3 pass) -> Enterprise HR & Workforce Management SaaS | moved ['FRSH', 'AMPL', 'BRZE']
2026-09-30 | Defense & Space Systems Satellite Solutions (3, Nascent, G3 FAIL) -> Aerospace Engine, Airframe Components & Defense Subsystem Suppliers | moved ['YSS', 'AADX', 'MRCY']
2026-09-30 | Defense Electronics & Aerospace Subsystem Suppliers (3, Fading, G3 pass) -> Aerospace Engine, Airframe Components & Defense Subsystem Suppliers | moved ['DCO', 'ARXS', 'AVAV']
2026-09-30 | Diversified Property & Casualty Insurance Carriers (3, Fading, G3 pass) -> Specialty P&C Insurance Underwriters Rotation Reversal | moved ['L', 'CINF', 'MKL']
2026-09-30 | Electric & Unmanned Aircraft Innovators (2, Fading, G3 FAIL) -> Space Economy: Satellite Communications & Launch Services | moved ['BETA', 'AVEX']
2026-09-30 | Fabless Semiconductor IP Licensing (3, Nascent, G3 pass) -> AI Server Power & Signal-Integrity Analog ICs | moved ['ARM', 'CEVA', 'RMBS']
2026-09-30 | Genetic Medicine: Gene Editing & Gene Therapy Innovators (3, Fading, G3 pass) -> mRNA Vaccine & Personalized Cancer Therapy Platforms | moved ['MGTX', 'SRPT', 'FDMT']
2026-09-30 | HBM & AI-Driven Memory Chip Makers (3, Mainstream, G3 pass) -> Pure-Play NAND/DRAM Memory Chip Makers | moved ['MU', 'SKHY', 'SNDK']
2026-09-30 | Home Improvement Retail & Building Products (2, Fading, G3 pass) -> U.S. Apparel & Fashion Recovery | moved ['LOW', 'HD']
2026-09-30 | Legal, Tax & Professional Information Analytics (2, Fading, G3 pass) -> Cloud Contact Center & CCaaS Communication Platforms | moved ['TRI', 'RELX']
2026-09-30 | Orthopedic Surgical Devices & Instruments (3, Fading, G3 pass) -> Medical Device Mean-Reversion & Rotation Recovery | moved ['SIBN', 'CNMD', 'ZBH']
2026-09-30 | Precious Metals Miners Velocity Breakout (3, Mainstream, G3 pass) -> Precious Metals Royalty & Streaming Companies | moved ['AYA', 'FSM', 'WPM']
2026-09-30 | Precision Timing & Motion Control Component Makers (3, Mainstream, G3 pass) -> Space Economy: Satellite Communications & Launch Services | moved ['SITM', 'ALNT', 'FEIM']
2026-09-30 | Private Mortgage Insurance (2, Fading, G3 pass) -> Bank Stocks: Rising-Rate NIM Expansion | moved ['ACT', 'NMIH']
2026-09-30 | Renewable & Specialty Fuels Chemical Producers (2, Fading, G3 pass) -> Energy Supply Disruption: Middle East Geopolitical Risk | moved ['MEOH', 'CLMT']
2026-09-30 | Software Development & DevOps Collaboration Platforms (3, Mainstream, G3 pass) -> AI-Powered Enterprise Analytics & Intelligent Workflow SaaS | moved ['FROG', 'TEAM', 'GTLB']
2026-09-30 | U.S. Trucking & Freight Transportation Carriers (3, Fading, G3 pass) -> Trucking & Freight Carrier Rebound | moved ['LSTR', 'SNDR', 'WERN']
2026-10-01 | Auto & Truck Dealership Retail Chains (2, Fading, G3 pass) -> Non-Alcoholic Beverages & Energy Drinks | moved ['LAD', 'ABG']
2026-10-01 | Bitcoin Miners Pivoting to AI/HPC Data Center Hosting (2, Fading, G3 pass) -> Emerging AI Compute & Cloud Infrastructure Platforms | moved ['HUT', 'CIFR']
2026-10-01 | Cloud Application Software Rotation (Oversold Turning Up) (3, Accelerating, G3 pass) -> AI-Powered Enterprise Analytics & Intelligent Workflow SaaS | moved ['APPF', 'DUOL', 'PCOR']
2026-10-01 | Cloud Data Storage & Analytics Infrastructure (3, Mainstream, G3 pass) -> AI-Powered Enterprise Analytics & Intelligent Workflow SaaS | moved ['ESTC', 'SNOW', 'MDB']
2026-10-01 | Cloud Supply Chain & Warehouse Management Software (3, Mainstream, G3 pass) -> Enterprise HR & Workforce Management SaaS | moved ['SPSC', 'DSGX', 'MANH']
2026-10-01 | Coal Mining Producers (2, Fading, G3 pass) -> Gold & Silver Miners Uncovered Mid-Tier and Junior Producers | moved ['BTU', 'HCC']
2026-10-01 | Corporate Spend, Expense Management & Financial Operations Software (3, Fading, G3 pass) -> AI-Powered Enterprise Analytics & Intelligent Workflow SaaS | moved ['WEX', 'CPAY', 'BILL']
2026-10-01 | Cruise & Expedition Travel Operators (2, Fading, G3 pass) -> U.S. Domestic Passenger Airlines | moved ['CCL', 'LIND']
2026-10-01 | Customer Engagement & Marketing/CX SaaS Platforms (3, Accelerating, G3 pass) -> Enterprise HR & Workforce Management SaaS | moved ['FRSH', 'BRZE', 'AMPL']
2026-10-01 | Diversified Property & Casualty Insurance Carriers (3, Fading, G3 pass) -> Specialty P&C Insurance Underwriters Rotation Reversal | moved ['L', 'CINF', 'MKL']
2026-10-01 | Fabless Semiconductor IP Licensing (3, Nascent, G3 pass) -> AI Server Power & Signal-Integrity Analog ICs | moved ['ARM', 'RMBS', 'CEVA']
2026-10-01 | Genetic Medicine: Gene Editing & Gene Therapy Innovators (3, Fading, G3 pass) -> mRNA Vaccine & Personalized Cancer Therapy Platforms | moved ['MGTX', 'SRPT', 'FDMT']
2026-10-01 | HBM & AI-Driven Memory Chip Makers (3, Mainstream, G3 pass) -> AI-Driven Memory & Storage Supply Shortage | moved ['SKHY', 'MU', 'SNDK']
2026-10-01 | Home Improvement Retail & Building Products (2, Fading, G3 pass) -> U.S. Apparel & Fashion Recovery | moved ['LOW', 'HD']
2026-10-01 | Legal, Tax & Professional Information Analytics (2, Fading, G3 pass) -> AI-Powered Enterprise Analytics & Intelligent Workflow SaaS | moved ['TRI', 'RELX']
2026-10-01 | Low-Cost & Regional Passenger Airline Rebound (3, Nascent, G3 pass) -> U.S. Domestic Passenger Airlines | moved ['SKYW', 'ULCC', 'LUV']
2026-10-01 | Marketing & Customer Data SaaS Rotation (3, Nascent, G3 pass) -> Enterprise HR & Workforce Management SaaS | moved ['HUBS', 'KVYO', 'TTAN']
2026-10-01 | Optical Networking & Optical Component Manufacturing (2, Nascent, G3 pass) -> AI Data Center High-Speed Interconnect & Signal Integrity Chipmakers | moved ['CIEN', 'FN']
2026-10-01 | Orthopedic Surgical Devices & Instruments (3, Fading, G3 pass) -> Medical Device Mean-Reversion & Rotation Recovery | moved ['SIBN', 'CNMD', 'ZBH']
2026-10-01 | Power Semiconductors (GaN, SiC & Discrete Power ICs) (3, Nascent, G3 pass) -> Semiconductor Process Control, Foundry & Specialty Optics/Materials Breakout | moved ['NVTS', 'AOSL', 'ON']
2026-10-01 | Precious Metals Miners Velocity Breakout (3, Mainstream, G3 pass) -> Precious Metals Royalty & Streaming Companies | moved ['AYA', 'FSM', 'WPM']
2026-10-01 | Precision Timing & Motion Control Component Makers (3, Mainstream, G3 pass) -> Space Economy: Satellite Communications & Launch Services | moved ['FEIM', 'ALNT', 'SITM']
2026-10-01 | Primary Silver Miners (3, Fading, G3 pass) -> Gold & Silver Miners Uncovered Mid-Tier and Junior Producers | moved ['AG', 'HL', 'CDE']
2026-10-01 | Renewable & Specialty Fuels Chemical Producers (2, Fading, G3 pass) -> Energy Infrastructure & Services Complex | moved ['MEOH', 'CLMT']
2026-10-01 | Semiconductor Photomask & Ultra-Low-Power Chip Enablers (3, Nascent, G3 pass) -> Semiconductor Process Control, Foundry & Specialty Optics/Materials Breakout | moved ['PLAB', 'AMBQ', 'SYNA']
2026-10-01 | Software Development & DevOps Collaboration Platforms (3, Mainstream, G3 pass) -> AI-Powered Enterprise Analytics & Intelligent Workflow SaaS | moved ['TEAM', 'FROG', 'GTLB']
2026-10-01 | Vertical Industry Infrastructure & Insurance Software (3, Nascent, G3 pass) -> AI-Powered Enterprise Analytics & Intelligent Workflow SaaS | moved ['BSY', 'GWRE', 'NAVN']
2026-10-02 | AI Data Services & GPU Cloud Platforms (3, Nascent, G3 pass) -> Emerging AI Compute & Cloud Infrastructure Platforms | moved ['INOD', 'SHAZ', 'NBIS']
2026-10-02 | Bitcoin Miners Pivoting to AI/HPC Data Center Hosting (2, Fading, G3 pass) -> Emerging AI Compute & Cloud Infrastructure Platforms | moved ['HUT', 'CIFR']
2026-10-02 | Cloud Application Software Rotation (Oversold Turning Up) (3, Fading, G3 pass) -> Enterprise HR & Workforce Management SaaS | moved ['APPF', 'PCOR', 'DUOL']
2026-10-02 | Cloud Data Storage & Analytics Infrastructure (3, Mainstream, G3 pass) -> AI-Powered Enterprise Analytics & Intelligent Workflow SaaS | moved ['MDB', 'SNOW', 'ESTC']
2026-10-02 | Cloud Supply Chain & Warehouse Management Software (3, Mainstream, G3 pass) -> Enterprise HR & Workforce Management SaaS | moved ['DSGX', 'SPSC', 'MANH']
2026-10-02 | Coal Mining Producers (2, Fading, G3 pass) -> Copper Mining & Production | moved ['BTU', 'HCC']
2026-10-02 | Corporate Spend, Expense Management & Financial Operations Software (3, Fading, G3 pass) -> AI-Powered Enterprise Analytics & Intelligent Workflow SaaS | moved ['WEX', 'CPAY', 'BILL']
2026-10-02 | Cruise & Expedition Travel Operators (2, Fading, G3 pass) -> U.S. Domestic Passenger Airlines | moved ['LIND', 'CCL']
2026-10-02 | Customer Engagement & Marketing/CX SaaS Platforms (3, Accelerating, G3 pass) -> Marketing & Digital Presence SaaS Platforms | moved ['FRSH', 'AMPL', 'BRZE']
2026-10-02 | Data Storage & Data Management Software/Hardware Leaders (2, Nascent, G3 FAIL) -> Cross-Industry Test, Measurement & Design-Verification Tools | moved ['QMCO', 'P']
2026-10-02 | Defense & Space Systems Satellite Solutions (3, Nascent, G3 FAIL) -> Aerospace Engine, Airframe Components & Defense Subsystem Suppliers | moved ['YSS', 'AADX', 'MRCY']
2026-10-02 | Diversified Property & Casualty Insurance Carriers (3, Fading, G3 pass) -> Specialty P&C Insurance Underwriters Rotation Reversal | moved ['L', 'CINF', 'MKL']
2026-10-02 | Fabless Semiconductor IP Licensing (3, Mainstream, G3 pass) -> AI Server Power & Signal-Integrity Analog ICs | moved ['CEVA', 'ARM', 'RMBS']
2026-10-02 | Genetic Medicine: Gene Editing & Gene Therapy Innovators (3, Fading, G3 pass) -> mRNA Vaccine & Personalized Cancer Therapy Platforms | moved ['MGTX', 'SRPT', 'FDMT']
2026-10-02 | HBM & AI-Driven Memory Chip Makers (3, Mainstream, G3 pass) -> AI-Driven Memory & Storage Supply Shortage | moved ['SKHY', 'SNDK', 'MU']
2026-10-02 | Laser & RF/Photonic Component Suppliers for AI and Optical Build-Out (3, Nascent, G3 pass) -> Optical Laser & Photonic Materials for AI Transceivers | moved ['IPGP', 'MTSI', 'AXTI']
2026-10-02 | Legal, Tax & Professional Information Analytics (2, Fading, G3 pass) -> AI-Powered Enterprise Analytics & Intelligent Workflow SaaS | moved ['TRI', 'RELX']
2026-10-02 | Low-Cost & Regional Passenger Airline Rebound (3, Mainstream, G3 pass) -> U.S. Domestic Passenger Airlines | moved ['LUV', 'ULCC', 'SKYW']
2026-10-02 | Marketing & Customer Data SaaS Rotation (3, Fading, G3 pass) -> Enterprise HR & Workforce Management SaaS | moved ['HUBS', 'KVYO', 'TTAN']
2026-10-02 | Optical Networking & Optical Component Manufacturing (3, Fading, G3 pass) -> Optical Laser & Photonic Materials for AI Transceivers | moved ['CIEN', 'FN', 'AAOI']
2026-10-02 | Orthopedic Surgical Devices & Instruments (3, Fading, G3 pass) -> Medical Device Mean-Reversion & Rotation Recovery | moved ['SIBN', 'CNMD', 'ZBH']
2026-10-02 | Power Semiconductors (GaN, SiC & Discrete Power ICs) (3, Nascent, G3 pass) -> Semiconductor Process Control, Foundry & Specialty Optics/Materials Breakout | moved ['ON', 'NVTS', 'AOSL']
2026-10-02 | Precious Metals Miners Velocity Breakout (3, Mainstream, G3 pass) -> Precious Metals Rebound on Easier Fed Outlook | moved ['FSM', 'AYA', 'WPM']
2026-10-02 | Precision Timing & Motion Control Component Makers (3, Mainstream, G3 pass) -> Space Economy: Satellite Communications & Launch Services | moved ['ALNT', 'FEIM', 'SITM']
2026-10-02 | Primary Silver Miners (3, Fading, G3 pass) -> Precious Metals Rebound on Easier Fed Outlook | moved ['AG', 'HL', 'CDE']
2026-10-02 | Private Mortgage & Title Insurance Underwriters (3, Fading, G3 pass) -> Specialty P&C Insurance Underwriters Rotation Reversal | moved ['ACT', 'RDN', 'ITIC']
2026-10-02 | Renewable & Specialty Fuels Chemical Producers (2, Fading, G3 pass) -> Global Oil & Gas Producers and Refiners | moved ['MEOH', 'CLMT']
2026-10-02 | Semiconductor Photomask & Ultra-Low-Power Chip Enablers (3, Nascent, G3 pass) -> Semiconductor Foundry & Advanced Packaging Manufacturing | moved ['PLAB', 'AMBQ', 'SYNA']
2026-10-02 | Silver Producers & Streaming Momentum (SVM, AGI, MUX) (3, Nascent, G3 pass) -> Mid-Tier Gold Producers & Developers Breakout | moved ['SVM', 'AGI', 'MUX']
2026-10-02 | Software Development & DevOps Collaboration Platforms (3, Mainstream, G3 pass) -> AI-Powered Enterprise Analytics & Intelligent Workflow SaaS | moved ['TEAM', 'FROG', 'GTLB']
2026-10-02 | Vertical Industry Infrastructure & Insurance Software (2, Fading, G3 pass) -> Enterprise HR & Workforce Management SaaS | moved ['BSY', 'GWRE']
2026-10-05 | Bitcoin Holding & Trading Proxy Equities (3, Mainstream, G3 pass) -> Bitcoin Treasury & Crypto Proxy Equities Correlation Basket | moved ['COIN', 'GLXY', 'ASST']
2026-10-05 | Cloud Application Software Rotation (Oversold Turning Up) (3, Fading, G3 pass) -> Marketing & Digital Presence SaaS Platforms | moved ['APPF', 'PCOR', 'DUOL']
2026-10-05 | Cloud Data Storage & Analytics Infrastructure (3, Mainstream, G3 pass) -> AI-Powered Enterprise Analytics & Intelligent Workflow SaaS | moved ['MDB', 'SNOW', 'ESTC']
2026-10-05 | Cloud Supply Chain & Warehouse Management Software (3, Mainstream, G3 pass) -> Cloud Contact Center & CCaaS Communication Platforms | moved ['DSGX', 'SPSC', 'MANH']
2026-10-05 | Crypto Exchange & Stablecoin Infrastructure Equities (3, Nascent, G3 pass) -> Bitcoin Treasury & Crypto Proxy Equities Correlation Basket | moved ['COIN', 'BLSH', 'CRCL']
2026-10-05 | Customer Engagement & Marketing/CX SaaS Platforms (3, Accelerating, G3 pass) -> Marketing & Digital Presence SaaS Platforms | moved ['BRZE', 'FRSH', 'AMPL']
2026-10-05 | Fabless Semiconductor IP Licensing (3, Mainstream, G3 pass) -> AI Server Power & Signal-Integrity Analog ICs | moved ['RMBS', 'ARM', 'CEVA']
2026-10-05 | HBM & AI-Driven Memory Chip Makers (3, Nascent, G3 pass) -> AI-Driven Memory & Storage Supply Shortage | moved ['SNDK', 'SKHY', 'MU']
2026-10-05 | Insurance Brokerage & Risk Advisory Firms (3, Fading, G3 pass) -> Bank Stocks: Rising-Rate NIM Expansion | moved ['MRSH', 'WTW', 'AJG']
2026-10-05 | Laser & RF/Photonic Component Suppliers for AI and Optical Build-Out (2, Nascent, G3 pass) -> AI Data Center High-Speed Interconnect & Signal Integrity Chipmakers | moved ['IPGP', 'MTSI']
2026-10-05 | Low-Cost & Regional Passenger Airline Rebound (3, Mainstream, G3 pass) -> U.S. Domestic Passenger Airlines | moved ['ULCC', 'LUV', 'SKYW']
2026-10-05 | Orthopedic Surgical Devices & Instruments (3, Mainstream, G3 pass) -> Medical Device Mean-Reversion & Rotation Recovery | moved ['SIBN', 'ZBH', 'CNMD']
2026-10-05 | Peptide & Hormone Therapies for Metabolic & Endocrine Disorders (3, Fading, G3 pass) -> Inflammatory Disease & Immunology Biologics | moved ['MBX', 'CORT', 'PTGX']
2026-10-05 | Power Semiconductors (GaN, SiC & Discrete Power ICs) (3, Nascent, G3 pass) -> AI Server Power & Signal-Integrity Analog ICs | moved ['AOSL', 'NVTS', 'ON']
2026-10-05 | Precision Timing & Motion Control Component Makers (3, Mainstream, G3 pass) -> Space Economy: Satellite Communications & Launch Services | moved ['SITM', 'ALNT', 'FEIM']
2026-10-05 | Primary Silver Miners (3, Fading, G3 pass) -> Precious Metals Miners—Gold Rally & Fed Easing | moved ['AG', 'HL', 'CDE']
2026-10-05 | Private Mortgage & Title Insurance Underwriters (3, Fading, G3 pass) -> Life Insurance & Annuity Providers | moved ['ACT', 'RDN', 'ITIC']
2026-10-05 | Semiconductor Photomask & Ultra-Low-Power Chip Enablers (3, Nascent, G3 pass) -> Semiconductor Foundry & Advanced Packaging Manufacturing | moved ['SYNA', 'PLAB', 'AMBQ']
2026-10-05 | Semiconductor Process Instruments & RF/PCB Electronic Components (3, Nascent, G3 pass) -> Discrete, Passive & Low-Power Programmable Semiconductor Components Recovery | moved ['MKSI', 'TTMI', 'SMTC']
2026-10-05 | Skilled Nursing & Senior Housing Healthcare REITs (3, Fading, G3 pass) -> Lodging & Hotel REITs | moved ['LTC', 'WELL', 'OHI']
2026-10-05 | Software Development & DevOps Collaboration Platforms (3, Mainstream, G3 pass) -> AI-Powered Enterprise Analytics & Intelligent Workflow SaaS | moved ['TEAM', 'FROG', 'GTLB']
2026-10-06 | Branded Footwear & Apparel Brand Turnaround (3, Nascent, G3 FAIL) -> U.S. Apparel & Fashion Recovery | moved ['VFC', 'ONON', 'BBWI']
2026-10-06 | Cloud Application Software Rotation (Oversold Turning Up) (3, Fading, G3 pass) -> AI-Powered Enterprise Analytics & Intelligent Workflow SaaS | moved ['DUOL', 'PCOR', 'APPF']
2026-10-06 | Cloud Data Storage & Analytics Infrastructure (3, Mainstream, G3 pass) -> AI-Powered Enterprise Analytics & Intelligent Workflow SaaS | moved ['MDB', 'ESTC', 'SNOW']
2026-10-06 | Cloud Supply Chain & Warehouse Management Software (3, Fading, G3 pass) -> Cloud Contact Center & CCaaS Communication Platforms | moved ['MANH', 'DSGX', 'SPSC']
2026-10-06 | Customer Engagement & Marketing/CX SaaS Platforms (3, Accelerating, G3 pass) -> Marketing & Digital Presence SaaS Platforms | moved ['BRZE', 'AMPL', 'FRSH']
2026-10-06 | Fabless Semiconductor IP Licensing (3, Mainstream, G3 pass) -> AI Server Power & Signal-Integrity Analog ICs | moved ['ARM', 'RMBS', 'CEVA']
2026-10-06 | Gold & Silver Miners Not Yet Classified (Mid-Tier & South African PGM/Gold Producers) (3, Nascent, G3 pass) -> Precious Metals Miners—Gold & Silver Rally on Fed Easing | moved ['AGI', 'SBSW', 'HYMC']
2026-10-06 | HBM & AI-Driven Memory Chip Makers (3, Nascent, G3 pass) -> AI-Driven Memory & Storage Supply Shortage | moved ['SNDK', 'MU', 'SKHY']
2026-10-06 | Home Improvement Retail & Building Products (3, Fading, G3 pass) -> Commercial, Office & Home Furniture Retailers and Manufacturers | moved ['MAS', 'FND', 'TREX']
2026-10-06 | Independent Power Producers & Nuclear Fleet Generators (3, Nascent, G3 pass) -> AI data-center power buildout | moved ['CEG', 'VST', 'TLN']
2026-10-06 | Insurance Brokerage & Risk Advisory Firms (2, Fading, G3 pass) -> Business Development Companies & Private Credit Lenders | moved ['MRSH', 'AJG']
2026-10-06 | Low-Cost & Regional Passenger Airline Rebound (3, Mainstream, G3 pass) -> U.S. Domestic Passenger Airlines | moved ['SKYW', 'LUV', 'ULCC']
2026-10-06 | Mortgage REITs (Agency & Residential MBS) (2, Fading, G3 pass) -> Homebuilders & Residential Construction Supply Chain | moved ['AGNC', 'NLY']
2026-10-06 | Orthopedic Surgical Devices & Instruments (3, Fading, G3 pass) -> Medical Device Mean-Reversion & Rotation Recovery | moved ['SIBN', 'ZBH', 'CNMD']
2026-10-06 | Power Semiconductors (GaN, SiC & Discrete Power ICs) (2, Fading, G3 pass) -> AI Server Power & Signal-Integrity Analog ICs | moved ['NVTS', 'ON']
2026-10-06 | Precision Timing & Motion Control Component Makers (3, Mainstream, G3 pass) -> Space Economy: Satellite Communications & Launch Services | moved ['FEIM', 'SITM', 'ALNT']
2026-10-06 | Private Mortgage & Title Insurance Underwriters (3, Fading, G3 pass) -> Life Insurance & Annuity Providers | moved ['ACT', 'RDN', 'ITIC']
2026-10-06 | Semiconductor Photomask & Ultra-Low-Power Chip Enablers (3, Nascent, G3 pass) -> Semiconductor Foundry & Advanced Packaging Manufacturing | moved ['AMBQ', 'SYNA', 'PLAB']
2026-10-06 | Skilled Nursing & Senior Housing Healthcare REITs (3, Fading, G3 pass) -> Lodging & Hotel REITs | moved ['LTC', 'WELL', 'OHI']
2026-10-06 | Software Development & DevOps Collaboration Platforms (3, Mainstream, G3 pass) -> AI-Powered Enterprise Analytics & Intelligent Workflow SaaS | moved ['TEAM', 'GTLB', 'FROG']
2026-10-07 | Automotive Thermal & Powertrain Components Suppliers (2, Fading, G3 FAIL) -> Industrial Construction Execution & On-Site Supply Chain | moved ['BWA', 'MOD']
2026-10-07 | Branded Footwear & Apparel Brand Turnaround (2, Fading, G3 FAIL) -> U.S. Apparel & Fashion Recovery | moved ['VFC', 'ONON']
2026-10-07 | CAD/PLM & 3D Design Engineering Software (2, Nascent, G3 pass) -> Enterprise HR & Workforce Management SaaS | moved ['PTC', 'ADSK']
2026-10-07 | Cloud Application Software Rotation (Oversold Turning Up) (3, Mainstream, G3 pass) -> Marketing & Digital Presence SaaS Platforms | moved ['DUOL', 'PCOR', 'APPF']
2026-10-07 | Cloud Data Storage & Analytics Infrastructure (3, Mainstream, G3 pass) -> AI-Powered Enterprise Analytics & Intelligent Workflow SaaS | moved ['MDB', 'ESTC', 'SNOW']
2026-10-07 | Cloud Supply Chain & Warehouse Management Software (3, Fading, G3 pass) -> Enterprise HR & Workforce Management SaaS | moved ['MANH', 'DSGX', 'SPSC']
2026-10-07 | Coal Mining Producers (2, Fading, G3 pass) -> South African & Emerging-Market Gold Miners (Uncovered Producers) | moved ['HCC', 'AMR']
2026-10-07 | Fabless Semiconductor IP Licensing (3, Mainstream, G3 pass) -> AI Server Power & Signal-Integrity Analog ICs | moved ['ARM', 'RMBS', 'CEVA']
2026-10-07 | Fuel Cell & Gas Power Generation Equipment (3, Nascent, G3 pass) -> On-Site Power Generation & Distribution Equipment for Data Centers | moved ['INIO', 'FCEL', 'BE']
2026-10-07 | HBM & AI-Driven Memory Chip Makers (3, Fading, G3 pass) -> AI-Driven Memory & Storage Supply Shortage | moved ['SNDK', 'MU', 'SKHY']
2026-10-07 | Home Improvement Retail & Building Products (2, Fading, G3 pass) -> Commercial, Office & Home Furniture Retailers and Manufacturers | moved ['MAS', 'TREX']
2026-10-07 | Low-Cost & Regional Passenger Airline Rebound (2, Mainstream, G3 pass) -> U.S. Domestic Passenger Airlines | moved ['SKYW', 'LUV']
2026-10-07 | Orthopedic Surgical Devices & Instruments (3, Fading, G3 pass) -> Medical Device Mean-Reversion & Rotation Recovery | moved ['SIBN', 'ZBH', 'CNMD']
2026-10-07 | Precision Timing & Motion Control Component Makers (3, Mainstream, G3 pass) -> Aerospace Engine, Airframe Components & Defense Subsystem Suppliers | moved ['FEIM', 'SITM', 'ALNT']
2026-10-07 | Private Mortgage & Title Insurance Underwriters (3, Fading, G3 pass) -> Specialty P&C Insurance Underwriters Rotation Reversal | moved ['ACT', 'RDN', 'ITIC']
2026-10-07 | Private Mortgage Insurance Underwriters (3, Nascent, G3 pass) -> Specialty P&C Insurance Underwriters Rotation Reversal | moved ['ESNT', 'NMIH', 'MTG']
2026-10-07 | Semiconductor Photomask & Ultra-Low-Power Chip Enablers (3, Nascent, G3 pass) -> Semiconductor Process Control, Foundry & Specialty Optics/Materials Breakout | moved ['AMBQ', 'SYNA', 'PLAB']
2026-10-07 | Semiconductor Process Instruments & RF/PCB Electronic Components (3, Nascent, G3 pass) -> Semiconductor Equipment & Materials Velocity Surge | moved ['MKSI', 'TTMI', 'SMTC']
2026-10-07 | Skilled Nursing & Senior Housing Healthcare REITs (3, Fading, G3 pass) -> Lodging & Hotel REITs | moved ['LTC', 'WELL', 'OHI']
2026-10-07 | Software Development & DevOps Collaboration Platforms (3, Mainstream, G3 pass) -> AI-Powered Enterprise Analytics & Intelligent Workflow SaaS | moved ['TEAM', 'GTLB', 'FROG']
2026-10-08 | Bitcoin Miners Pivoting to AI Data Center Hosting (3, Fading, G3 pass) -> Emerging AI Compute & Cloud Infrastructure Platforms | moved ['APLD', 'CORZ', 'CIFR']
2026-10-08 | CAD/PLM & 3D Design Engineering Software (2, Nascent, G3 pass) -> AI-Powered Enterprise Analytics & Intelligent Workflow SaaS | moved ['ADSK', 'PTC']
2026-10-08 | Cloud Application Software Rotation (Oversold Turning Up) (3, Mainstream, G3 pass) -> Marketing & Digital Presence SaaS Platforms | moved ['PCOR', 'APPF', 'DUOL']
2026-10-08 | Cloud Data Storage & Analytics Infrastructure (3, Mainstream, G3 pass) -> AI-Powered Enterprise Analytics & Intelligent Workflow SaaS | moved ['MDB', 'SNOW', 'ESTC']
2026-10-08 | Cloud Supply Chain & Warehouse Management Software (3, Mainstream, G3 pass) -> Marketing & Digital Presence SaaS Platforms | moved ['MANH', 'SPSC', 'DSGX']
2026-10-08 | Fabless Semiconductor IP Licensing (3, Mainstream, G3 pass) -> AI Server Power & Signal-Integrity Analog ICs | moved ['RMBS', 'ARM', 'CEVA']
2026-10-08 | Gold & Silver Miners Not Yet Classified (Mid-Tier & South African PGM/Gold Producers) (3, Nascent, G3 pass) -> Precious Metals Miners—Gold & Silver Rally on Fed Easing | moved ['AGI', 'SBSW', 'HYMC']
2026-10-08 | HBM & AI-Driven Memory Chip Makers (3, Fading, G3 pass) -> AI-Driven Memory & Storage Supply Shortage | moved ['MU', 'SNDK', 'SKHY']
2026-10-08 | Orthopedic Surgical Devices & Instruments (3, Fading, G3 pass) -> Medical Device Mean-Reversion & Rotation Recovery | moved ['SIBN', 'ZBH', 'CNMD']
2026-10-08 | Platinum Group & South African/Junior Precious Metals Miners (3, Nascent, G3 pass) -> Precious Metals Miners—Gold & Silver Rally on Fed Easing | moved ['SBSW', 'NG', 'HYMC']
2026-10-08 | Private Mortgage & Title Insurance Underwriters (3, Fading, G3 pass) -> Specialty P&C Insurance Underwriters Rotation Reversal | moved ['RDN', 'ITIC', 'ACT']
2026-10-08 | Private Mortgage Insurance Underwriters (3, Fading, G3 pass) -> Specialty P&C Insurance Underwriters Rotation Reversal | moved ['ESNT', 'NMIH', 'MTG']
2026-10-08 | Semiconductor Photomask & Ultra-Low-Power Chip Enablers (2, Fading, G3 pass) -> Semiconductor Foundry & Advanced Packaging Manufacturing | moved ['SYNA', 'PLAB']
2026-10-08 | Semiconductor Process Instruments & RF/PCB Electronic Components (2, Fading, G3 pass) -> Discrete, Passive & Low-Power Programmable Semiconductor Components Recovery | moved ['TTMI', 'SMTC']
2026-10-08 | Skilled Nursing & Senior Housing Healthcare REITs (3, Fading, G3 pass) -> Lodging & Hotel REITs | moved ['LTC', 'WELL', 'OHI']
2026-10-08 | Software Development & DevOps Collaboration Platforms (3, Mainstream, G3 pass) -> AI-Powered Enterprise Analytics & Intelligent Workflow SaaS | moved ['GTLB', 'FROG', 'TEAM']
2026-10-08 | Vaccine Developers Bacterial & Respiratory (3, Nascent, G3 pass) -> Gene Editing & Specialty Biopharma Breakouts | moved ['PCVX', 'NVAX', 'MRNA']
2026-10-08 | Work Management & Collaborative Design SaaS (3, Nascent, G3 pass) -> AI-Powered Enterprise Analytics & Intelligent Workflow SaaS | moved ['MNDY', 'FIG', 'NAVN']
2026-10-09 | Auto & Truck Dealership Retail Chains (3, Fading, G3 pass) -> Non-Alcoholic Beverages & Energy Drinks | moved ['ABG', 'AN', 'SAH']
2026-10-09 | Bitcoin Miners Pivoting to AI Data Center Hosting (3, Fading, G3 pass) -> Emerging AI Compute & Cloud Infrastructure Platforms | moved ['APLD', 'CORZ', 'CIFR']
2026-10-09 | Branded Footwear & Hotel Consumer Discretionary Turnaround (2, Fading, G3 FAIL) -> U.S. Apparel & Fashion Recovery | moved ['VFC', 'ONON']
2026-10-09 | CAD/PLM & 3D Design Engineering Software (2, Nascent, G3 pass) -> AI-Powered Enterprise Analytics & Intelligent Workflow SaaS | moved ['ADSK', 'BSY']
2026-10-09 | Cloud Application Software Rotation (Oversold Turning Up) (3, Accelerating, G3 pass) -> Cloud Contact Center & CCaaS Communication Platforms | moved ['PCOR', 'DUOL', 'APPF']
2026-10-09 | Cloud Data Storage & Analytics Infrastructure (3, Mainstream, G3 pass) -> AI-Powered Enterprise Analytics & Intelligent Workflow SaaS | moved ['SNOW', 'MDB', 'ESTC']
2026-10-09 | Cloud Financial Automation & Insurance Core Platform Software (2, Nascent, G3 pass) -> Cloud Contact Center & CCaaS Communication Platforms | moved ['GWRE', 'BL']
2026-10-09 | Cloud Supply Chain & Warehouse Management Software (3, Mainstream, G3 pass) -> Cloud Contact Center & CCaaS Communication Platforms | moved ['MANH', 'SPSC', 'DSGX']
2026-10-09 | Data Analytics, AI Platform & Digital Transformation IT Services (2, Fading, G3 FAIL) -> AI-Powered Enterprise Analytics & Intelligent Workflow SaaS | moved ['TDC', 'GLOB']
2026-10-09 | Fabless Semiconductor IP Licensing (3, Fading, G3 pass) -> AI Server Power & Signal-Integrity Analog ICs | moved ['RMBS', 'ARM', 'CEVA']
2026-10-09 | Gold & Silver Miners Not Yet Classified (South African & Developer Gold Producers) (3, Nascent, G3 pass) -> Precious Metals Miners — Fed Easing & Rate Tailwind | moved ['HMY', 'HYMC', 'SBSW']
2026-10-09 | HBM & AI-Driven Memory Chip Makers (3, Fading, G3 pass) -> AI-Driven Memory & Storage Supply Shortage | moved ['MU', 'SNDK', 'SKHY']
2026-10-09 | Orthopedic Surgical Devices & Instruments (2, Fading, G3 FAIL) -> Medical Device Mean-Reversion & Rotation Recovery | moved ['SIBN', 'CNMD']
2026-10-09 | Precision Timing & Motion Control Component Makers (3, Fading, G3 pass) -> Space Launch, Satellite Imagery & Lunar Infrastructure | moved ['FEIM', 'SITM', 'ALNT']
2026-10-09 | Private Mortgage & Title Insurance Underwriters (3, Fading, G3 pass) -> Specialty P&C Insurance Underwriters Rotation Reversal | moved ['RDN', 'ITIC', 'ACT']
2026-10-09 | Private Mortgage Insurance Underwriters (3, Fading, G3 pass) -> Specialty P&C Insurance Underwriters Rotation Reversal | moved ['ESNT', 'NMIH', 'MTG']
2026-10-09 | Quick-Service & Fast-Casual Restaurant Franchisors (3, Nascent, G3 pass) -> Restaurant Chain Recovery | moved ['YUM', 'KRUS', 'VVV']
2026-10-09 | Semiconductor Equipment Subsystem & Fluid Delivery Suppliers (3, Nascent, G3 pass) -> Semiconductor Equipment Capex Cycle: AI-Driven Fab & Advanced Packaging Demand | moved ['ICHR', 'MKSI', 'UCTT']
2026-10-09 | Skilled Nursing & Senior Housing Healthcare REITs (3, Fading, G3 pass) -> Lodging & Hotel REITs | moved ['LTC', 'WELL', 'OHI']
2026-10-09 | Software Development & DevOps Collaboration Platforms (3, Mainstream, G3 pass) -> Cloud Contact Center & CCaaS Communication Platforms | moved ['FROG', 'TEAM', 'GTLB']
2026-10-09 | Work Management & Collaborative Design SaaS (2, Fading, G3 pass) -> Enterprise HR & Workforce Management SaaS | moved ['MNDY', 'FIG']
