
=== (iii-all) strict fold
night | small population | no ecosystem | no candidate | members fail test | folded | G3 recomputed | G3 drift-free | G4 | target flipped to fail
2026-09-28 | 43 | 1 | 1 | 23 | 18 | 87/99 87.9% | 87/99 87.9% | 7/99 7.1% | 0 []
2026-09-29 | 49 | 1 | 1 | 24 | 23 | 86/99 86.9% | 86/99 86.9% | 7/99 7.1% | 0 []
2026-09-30 | 53 | 1 | 1 | 20 | 31 | 88/98 89.8% | 88/98 89.8% | 5/98 5.1% | 0 []
2026-10-01 | 56 | 1 | 6 | 22 | 27 | 90/104 86.5% | 90/104 86.5% | 8/104 7.7% | 0 []
2026-10-02 | 59 | 1 | 6 | 21 | 31 | 87/102 85.3% | 88/102 86.3% | 8/102 7.8% | 0 []
2026-10-05 | 46 | 2 | 5 | 18 | 21 | 77/95 81.1% | 79/95 83.2% | 3/95 3.2% | 0 []
2026-10-06 | 43 | 2 | 1 | 20 | 20 | 88/100 88.0% | 86/100 86.0% | 4/100 4.0% | 0 []
2026-10-07 | 48 | 2 | 7 | 19 | 20 | 87/104 83.7% | 88/104 84.6% | 9/104 8.7% | 0 []
2026-10-08 | 45 | 1 | 8 | 18 | 18 | 86/104 82.7% | 86/104 82.7% | 12/104 11.5% | 0 []
2026-10-09 | 47 | 1 | 2 | 23 | 21 | 88/102 86.3% | 88/102 86.3% | 8/102 7.8% | 0 []
totals {'population': 489, 'no_candidate': 38, 'folded': 230, 'members_fail_test': 208, 'no_ecosystem': 13} | distinct themes folded 69

=== (iii-all) majority fold
night | small population | no ecosystem | no candidate | members fail test | folded | G3 recomputed | G3 drift-free | G4 | target flipped to fail
2026-09-28 | 43 | 1 | 1 | 12 | 29 | 82/88 93.2% | 82/88 93.2% | 4/88 4.5% | 0 []
2026-09-29 | 49 | 1 | 1 | 13 | 34 | 81/88 92.0% | 81/88 92.0% | 4/88 4.5% | 0 []
2026-09-30 | 53 | 1 | 1 | 10 | 41 | 83/88 94.3% | 83/88 94.3% | 4/88 4.5% | 0 []
2026-10-01 | 56 | 1 | 6 | 10 | 39 | 83/92 90.2% | 83/92 90.2% | 5/92 5.4% | 0 []
2026-10-02 | 59 | 1 | 6 | 9 | 43 | 81/90 90.0% | 82/90 91.1% | 5/90 5.6% | 0 []
2026-10-05 | 46 | 2 | 5 | 5 | 34 | 75/82 91.5% | 75/82 91.5% | 1/82 1.2% | 0 []
2026-10-06 | 43 | 2 | 1 | 8 | 32 | 82/88 93.2% | 82/88 93.2% | 3/88 3.4% | 0 []
2026-10-07 | 48 | 2 | 7 | 4 | 35 | 84/89 94.4% | 83/89 93.3% | 6/89 6.7% | 0 []
2026-10-08 | 45 | 1 | 8 | 4 | 32 | 83/90 92.2% | 83/90 92.2% | 7/90 7.8% | 0 []
2026-10-09 | 47 | 1 | 2 | 11 | 33 | 84/90 93.3% | 84/90 93.3% | 6/90 6.7% | 0 []
totals {'population': 489, 'no_candidate': 38, 'folded': 352, 'members_fail_test': 86, 'no_ecosystem': 13} | distinct themes folded 91

=== (iii-fail) strict fold
night | small population | no ecosystem | no candidate | members fail test | folded | G3 recomputed | G3 drift-free | G4 | target flipped to fail
2026-09-28 | 11 | 0 | 0 | 11 | 0 | 105/117 89.7% | 105/117 89.7% | 12/117 10.3% | 0 []
2026-09-29 | 12 | 0 | 0 | 12 | 0 | 109/122 89.3% | 109/122 89.3% | 13/122 10.7% | 0 []
2026-09-30 | 11 | 0 | 0 | 9 | 2 | 116/127 91.3% | 117/127 92.1% | 14/127 11.0% | 0 []
2026-10-01 | 13 | 0 | 2 | 11 | 0 | 117/131 89.3% | 117/131 89.3% | 16/131 12.2% | 0 []
2026-10-02 | 15 | 0 | 1 | 12 | 2 | 117/131 89.3% | 117/131 89.3% | 14/131 10.7% | 0 []
2026-10-05 | 15 | 1 | 3 | 11 | 0 | 100/116 86.2% | 100/116 86.2% | 4/116 3.4% | 0 []
2026-10-06 | 14 | 0 | 1 | 12 | 1 | 105/119 88.2% | 105/119 88.2% | 7/119 5.9% | 0 []
2026-10-07 | 18 | 0 | 4 | 12 | 2 | 104/122 85.2% | 106/122 86.9% | 13/122 10.7% | 0 []
2026-10-08 | 18 | 0 | 5 | 13 | 0 | 103/122 84.4% | 103/122 84.4% | 15/122 12.3% | 0 []
2026-10-09 | 17 | 0 | 2 | 12 | 3 | 106/120 88.3% | 106/120 88.3% | 11/120 9.2% | 0 []
totals {'population': 144, 'members_fail_test': 115, 'folded': 10, 'no_candidate': 18, 'no_ecosystem': 1} | distinct themes folded 8

=== (iii-fail) majority fold
night | small population | no ecosystem | no candidate | members fail test | folded | G3 recomputed | G3 drift-free | G4 | target flipped to fail
2026-09-28 | 11 | 0 | 0 | 5 | 6 | 104/111 93.7% | 105/111 94.6% | 10/111 9.0% | 0 []
2026-09-29 | 12 | 0 | 0 | 6 | 6 | 109/116 94.0% | 109/116 94.0% | 11/116 9.5% | 0 []
2026-09-30 | 11 | 0 | 0 | 4 | 7 | 117/122 95.9% | 117/122 95.9% | 13/122 10.7% | 0 []
2026-10-01 | 13 | 0 | 2 | 6 | 5 | 116/126 92.1% | 117/126 92.9% | 15/126 11.9% | 0 []
2026-10-02 | 15 | 0 | 1 | 6 | 8 | 116/125 92.8% | 117/125 93.6% | 13/125 10.4% | 0 []
2026-10-05 | 15 | 1 | 3 | 2 | 9 | 100/107 93.5% | 100/107 93.5% | 2/107 1.9% | 0 []
2026-10-06 | 14 | 0 | 1 | 4 | 9 | 107/111 96.4% | 105/111 94.6% | 6/111 5.4% | 0 []
2026-10-07 | 18 | 0 | 4 | 2 | 12 | 104/112 92.9% | 106/112 94.6% | 10/112 8.9% | 0 []
2026-10-08 | 18 | 0 | 5 | 1 | 12 | 102/110 92.7% | 103/110 93.6% | 11/110 10.0% | 0 []
2026-10-09 | 17 | 0 | 2 | 4 | 11 | 106/112 94.6% | 106/112 94.6% | 9/112 8.0% | 0 []
totals {'population': 144, 'folded': 85, 'members_fail_test': 40, 'no_candidate': 18, 'no_ecosystem': 1} | distinct themes folded 25
