Home Improvement Retail & Building Products | off 2026-10-02 (5-night Fading retire) | back 2026-10-05 src=live | continuity-rename from [] | gate [[('[lane1/dedup_only] ', 'held_floor', None), ('[promote/dedup_only', 'join', 'Home Improvement Retail & Building Products')]]
Trucking & Freight Carrier Rebound | off 2026-09-29 (5-night Fading retire) | back 2026-09-30 src=shadow_promoted | continuity-rename from ['Diversified Trucking & Freight Carriers'] | gate [[('[promote/dedup_only', 'join', 'U.S. Trucking & Freight Transportation Carriers')]]
Emerging Small-Cap Silver, Gold & Critical Mineral Miners | off 2026-09-22 (Arm-B thesis merge) | back 2026-09-23 src=shadow_promoted | continuity-rename from [] | gate [[('[promote/dedup_only', 'join', 'Precious Metals Complex Rebound')]]
Gold & Silver Miners Not Yet Classified (Mid-Tier & South Af | off 2026-10-07 (Arm-B thesis merge) | back 2026-10-08 src=None | continuity-rename from [] | gate []
AI Data Services & GPU Cloud Platforms | off 2026-10-01 (Pass-1.5 small-theme absorptio) | back 2026-10-02 src=shadow_promoted | continuity-rename from [] | gate [[('[promote/dedup_only', 'held_floor', None)]]
AI data-center power buildout | off 2026-10-01 (Pass-1.5 small-theme absorptio) | back 2026-10-06 src=shadow_promoted | continuity-rename from [] | gate [[('[promote/dedup_only', 'birth', None)]]
Defense & Space Systems Satellite Solutions | off 2026-10-01 (Pass-1.5 small-theme absorptio) | back 2026-10-02 src=shadow_promoted | continuity-rename from [] | gate []
Enterprise Data Backup & Cyber Resilience Software | off 2026-09-22 (Pass-1.5 small-theme absorptio) | back 2026-10-05 src=live | continuity-rename from ['Data Backup & Cyber Resiliency Software'] | gate []
Offshore Drilling Rig Contractors | off 2026-09-28 (Pass-1.5 small-theme absorptio) | back 2026-09-29 src=shadow_promoted | continuity-rename from ['Offshore Contract Drilling Rig Operators'] | gate [[('[promote/dedup_only', 'join', 'Energy Infrastructure & Services Complex')]]
Semiconductor Process Instruments & RF/PCB Electronic Compon | off 2026-10-06 (Pass-1.5 small-theme absorptio) | back 2026-10-07 src=shadow_promoted | continuity-rename from [] | gate [[('[promote/dedup_only', 'birth', None)]]
Appalachian Natural Gas Producers | off 2026-10-01 (cap: < 3 members/judged at the) | back 2026-10-02 src=shadow_promoted | continuity-rename from ['Appalachian & Natural Gas-Weighted E&P Laggards'] | gate []
Appalachian Natural Gas Producers | off 2026-10-07 (cap: < 3 members/judged at the) | back 2026-10-08 src=shadow_promoted | continuity-rename from ['Appalachian & Natural Gas-Weighted E&P Producers'] | gate [[('[promote/dedup_only', 'birth', None)]]
Regulated Electric & Gas Utilities Broad Defensive Rotation  | off 2026-10-07 (cap: < 3 members/judged at the) | back 2026-10-08 src=shadow_promoted | continuity-rename from [] | gate [[('[promote/dedup_only', 'birth', None)]]
Appalachian Natural Gas Producers | off 2026-09-29 (cap: >= 3 judged, none passed ) | back 2026-09-30 src=shadow_promoted | continuity-rename from [] | gate []
Appalachian Natural Gas Producers | off 2026-10-05 (cap: >= 3 judged, none passed ) | back 2026-10-06 src=shadow_promoted | continuity-rename from ['Appalachian & Natural Gas-Weighted E&P Producers'] | gate [[('[lane1/dedup_only] ', 'birth', None)]]
Natural Gas-Weighted Appalachian & Shale E&P Producers | off 2026-10-08 (cap: >= 3 judged, none passed ) | back 2026-10-09 src=shadow_promoted | continuity-rename from [] | gate [[('[promote/dedup_only', 'birth', None)]]
Offshore Drilling Rig Contractors | off 2026-09-30 (cap: >= 3 judged, none passed ) | back 2026-10-01 src=shadow_promoted | continuity-rename from ['Offshore Contract Drilling Rig Operators'] | gate [[('[lane1/dedup_only] ', 'join', 'Energy Infrastructure & Services Complex')]]
Oil & Gas E&P Crude-Weighted Producers Momentum | off 2026-10-01 (cap: >= 3 judged, none passed ) | back 2026-10-02 src=shadow_promoted | continuity-rename from [] | gate []
Oil & Gas Exploration & Production Crude Price Leverage (Sha | off 2026-09-30 (cap: >= 3 judged, none passed ) | back 2026-10-01 src=None | continuity-rename from [] | gate []
Oilfield Services & Offshore Energy Equipment | off 2026-10-06 (cap: >= 3 judged, none passed ) | back 2026-10-07 src=shadow_promoted | continuity-rename from [] | gate [[('[promote/dedup_only', 'birth', None)]]
RF & Analog Wireless Connectivity Semiconductor Makers | off 2026-09-28 (empty shell (re-minted namesak) | back 2026-10-09 src=live | continuity-rename from ['Mobile SoC & Wireless Connectivity Semiconductors'] | gate []
Gas-Fired Backup Generator & On-Site Power Equipment Makers | off 2026-09-22 (merge-pass drop, no row of its) | back 2026-09-23 src=shadow_promoted | continuity-rename from [] | gate [[('[promote/dedup_only', 'birth', None)]]
Regulated Natural Gas Distribution Utilities | off 2026-09-24 (merge-pass drop, no row of its) | back 2026-09-25 src=shadow_promoted | continuity-rename from [] | gate []
Small Launch Vehicle & Space Platform Manufacturers | off 2026-09-22 (merge-pass drop, no row of its) | back 2026-09-23 src=shadow_promoted | continuity-rename from [] | gate []
Small Satellite & Space Services Rotation | off 2026-09-24 (merge-pass drop, no row of its) | back 2026-09-25 src=shadow_promoted | continuity-rename from [] | gate []
Data Backup & Cyber Resiliency Software | off 2026-10-05 (rename) | back 2026-10-06 src=live | continuity-rename from [] | gate []
Mobile SoC & Wireless Connectivity Semiconductors | off 2026-09-25 (rename) | back 2026-09-28 src=live | continuity-rename from [] | gate []
Auto & Truck Dealership Retail Chains | off 2026-10-05 (rule B (small weak Fading)) | back 2026-10-06 src=shadow_promoted | continuity-rename from ['Franchised Auto Dealership Groups'] | gate [[('[promote/dedup_only', 'held_floor', None)]]
Automotive Thermal & Powertrain Components Suppliers | off 2026-10-08 (rule B (small weak Fading)) | back 2026-10-09 src=shadow_promoted | continuity-rename from [] | gate [[('[promote/dedup_only', 'birth', None)]]
Coal Mining Producers | off 2026-10-08 (rule B (small weak Fading)) | back 2026-10-09 src=shadow_promoted | continuity-rename from ['Metallurgical & Thermal Coal Miners'] | gate [[('[promote/dedup_only', 'birth', None)]]
Small Modular Reactor & Advanced Nuclear Fission Technology | off 2026-10-05 (rule B (small weak Fading)) | back 2026-10-08 src=shadow_promoted | continuity-rename from ['Advanced Nuclear Reactors & Nuclear Fuel (SMR/Microreactor)'] | gate [[('[promote/dedup_only', 'held_floor', None)]]
