blocked by the cooldown: 13 | allowed (grew, or > 5 nights): 13
blocked by cause: {('same-name', 'Arm-B thesis merge'): 2, ('same-name', 'Pass-1.5 small-theme absorption'): 4, ('same-name', 'cap: < 3 members/judged at the cap'): 1, ('same-name', 'merge-pass drop, no row of its own'): 4, ('same-name', 'rule B (small weak Fading)'): 1, ('new-name', 'Pass-1.5 small-theme absorption'): 1}
blocked that came back passing G3: 6 | failing: 1 | no read (before 09-28): 6
   ('same-name', 'Arm-B thesis merge', 'Emerging Small-Cap Silver, Gold & Critical Mineral', 'Emerging Small-Cap Silver, Gold & Critical Mineral', datetime.date(2026, 9, 22), datetime.date(2026, 9, 23), 2, 4, 4, False, None)
   ('same-name', 'Arm-B thesis merge', 'Gold & Silver Miners Not Yet Classified (Mid-Tier ', 'Gold & Silver Miners Not Yet Classified (Mid-Tier ', datetime.date(2026, 10, 7), datetime.date(2026, 10, 8), 2, 3, 3, False, True)
   ('same-name', 'Pass-1.5 small-theme absorption', 'AI Data Services & GPU Cloud Platforms', 'AI Data Services & GPU Cloud Platforms', datetime.date(2026, 10, 1), datetime.date(2026, 10, 2), 2, 3, 3, False, True)
   ('same-name', 'Pass-1.5 small-theme absorption', 'Defense & Space Systems Satellite Solutions', 'Defense & Space Systems Satellite Solutions', datetime.date(2026, 10, 1), datetime.date(2026, 10, 2), 2, 3, 3, False, False)
   ('same-name', 'Pass-1.5 small-theme absorption', 'Offshore Drilling Rig Contractors', 'Offshore Drilling Rig Contractors', datetime.date(2026, 9, 28), datetime.date(2026, 9, 29), 2, 4, 4, False, True)
   ('same-name', 'Pass-1.5 small-theme absorption', 'Semiconductor Process Instruments & RF/PCB Electro', 'Semiconductor Process Instruments & RF/PCB Electro', datetime.date(2026, 10, 6), datetime.date(2026, 10, 7), 2, 3, 3, False, True)
   ('same-name', 'cap: < 3 members/judged at the cap', 'Appalachian Natural Gas Producers', 'Appalachian Natural Gas Producers', datetime.date(2026, 10, 1), datetime.date(2026, 10, 2), 2, 7, 7, False, True)
   ('same-name', 'merge-pass drop, no row of its own', 'Gas-Fired Backup Generator & On-Site Power Equipme', 'Gas-Fired Backup Generator & On-Site Power Equipme', datetime.date(2026, 9, 22), datetime.date(2026, 9, 23), 2, 3, 3, False, None)
   ('same-name', 'merge-pass drop, no row of its own', 'Regulated Natural Gas Distribution Utilities', 'Regulated Natural Gas Distribution Utilities', datetime.date(2026, 9, 24), datetime.date(2026, 9, 25), 2, 5, 5, False, None)
   ('same-name', 'merge-pass drop, no row of its own', 'Small Launch Vehicle & Space Platform Manufacturer', 'Small Launch Vehicle & Space Platform Manufacturer', datetime.date(2026, 9, 22), datetime.date(2026, 9, 23), 2, 3, 3, False, None)
   ('same-name', 'merge-pass drop, no row of its own', 'Small Satellite & Space Services Rotation', 'Small Satellite & Space Services Rotation', datetime.date(2026, 9, 24), datetime.date(2026, 9, 25), 2, 5, 5, False, None)
   ('same-name', 'rule B (small weak Fading)', 'Small Modular Reactor & Advanced Nuclear Fission T', 'Small Modular Reactor & Advanced Nuclear Fission T', datetime.date(2026, 10, 5), datetime.date(2026, 10, 8), 4, 4, 4, False, True)
   ('new-name', 'Pass-1.5 small-theme absorption', 'Enterprise Data Backup & Cyber Resilience Software', 'Data Backup & Cyber Resiliency Software', datetime.date(2026, 9, 22), datetime.date(2026, 9, 25), 4, 3, 3, False, None)
   ('--allowed--',)
   ('same-name', '5-night Fading retire', 'Home Improvement Retail & Building Products', 'Home Improvement Retail & Building Products', datetime.date(2026, 10, 2), datetime.date(2026, 10, 5), 2, 2, 4, True, True)
   ('same-name', '5-night Fading retire', 'Trucking & Freight Carrier Rebound', 'Trucking & Freight Carrier Rebound', datetime.date(2026, 9, 29), datetime.date(2026, 9, 30), 2, 2, 6, True, True)
   ('same-name', 'Pass-1.5 small-theme absorption', 'AI data-center power buildout', 'AI data-center power buildout', datetime.date(2026, 10, 1), datetime.date(2026, 10, 6), 4, 2, 10, True, True)
   ('same-name', 'Pass-1.5 small-theme absorption', 'Enterprise Data Backup & Cyber Resilience Software', 'Enterprise Data Backup & Cyber Resilience Software', datetime.date(2026, 9, 22), datetime.date(2026, 10, 5), 10, 3, 3, False, True)
   ('same-name', 'empty shell (re-minted namesake stripped)', 'RF & Analog Wireless Connectivity Semiconductor Ma', 'RF & Analog Wireless Connectivity Semiconductor Ma', datetime.date(2026, 9, 28), datetime.date(2026, 10, 9), 10, 3, 3, False, True)
   ('same-name', 'rule B (small weak Fading)', 'Auto & Truck Dealership Retail Chains', 'Auto & Truck Dealership Retail Chains', datetime.date(2026, 10, 5), datetime.date(2026, 10, 6), 2, 2, 4, True, True)
   ('same-name', 'rule B (small weak Fading)', 'Automotive Thermal & Powertrain Components Supplie', 'Automotive Thermal & Powertrain Components Supplie', datetime.date(2026, 10, 8), datetime.date(2026, 10, 9), 2, 2, 3, True, False)
   ('same-name', 'rule B (small weak Fading)', 'Coal Mining Producers', 'Coal Mining Producers', datetime.date(2026, 10, 8), datetime.date(2026, 10, 9), 2, 2, 4, True, True)
   ('new-name', '5-night Fading retire', 'Brazilian Fintech & Digital Payments', 'Brazil Fintech & Digital Banking Rally', datetime.date(2026, 10, 2), datetime.date(2026, 10, 6), 3, 2, 4, True, True)
   ('new-name', 'Arm-B thesis merge', 'Trucking & Freight Carrier Rebound', 'Asset-Light Trucking & Freight Logistics Carriers', datetime.date(2026, 10, 1), datetime.date(2026, 10, 7), 5, 6, 6, True, True)
   ('new-name', 'Pass-1.5 small-theme absorption', 'Appalachian & Natural Gas-Weighted E&P Laggards', 'Natural Gas-Weighted Appalachian & Shale E&P Produ', datetime.date(2026, 10, 1), datetime.date(2026, 10, 7), 5, 7, 6, True, True)
   ('new-name', 'cap: < 3 members/judged at the cap', 'Upstream Oil & Gas E&P Producers (Shale and Canadi', 'U.S. Shale Oil E&P Producers (Crude-Price Driven)', datetime.date(2026, 10, 2), datetime.date(2026, 10, 6), 3, 10, 11, True, True)
   ('new-name', 'rule B (small weak Fading)', 'US Regional Bank Laggards Rate-Curve Basket', 'U.S. Super-Regional & Midcap Commercial Banks', datetime.date(2026, 10, 5), datetime.date(2026, 10, 7), 3, 9, 10, True, True)
