BEGIN
table_name|column_name|data_type
mi_audit_log|id|integer
mi_audit_log|created_at|timestamp with time zone
mi_audit_log|event_type|text
mi_audit_log|summary|text
mi_audit_log|detail|text
mi_daily_closes|trade_date|date
mi_daily_closes|ticker|text
mi_daily_closes|close|double precision
mi_daily_closes|volume|bigint
mi_daily_closes|open_price|double precision
mi_daily_closes|high_price|double precision
mi_daily_closes|low_price|double precision
mi_theme_ecosystems|theme_name|text
mi_theme_ecosystems|e_code|text
mi_theme_ecosystems|method|text
mi_theme_ecosystems|assigned_at|timestamp with time zone
mi_theme_ecosystems_dynamic|e_code|text
mi_theme_ecosystems_dynamic|name|text
mi_theme_ecosystems_dynamic|description|text
mi_theme_ecosystems_dynamic|keyword_stems|ARRAY
mi_theme_ecosystems_dynamic|exemplars|ARRAY
mi_theme_ecosystems_dynamic|source|text
mi_theme_ecosystems_dynamic|status|text
mi_theme_ecosystems_dynamic|proposal_id|integer
mi_theme_ecosystems_dynamic|created_at|timestamp with time zone
mi_theme_ecosystems_dynamic|retired_at|timestamp with time zone
mi_themes|id|integer
mi_themes|theme_date|date
mi_themes|name|text
mi_themes|stage|text
mi_themes|score|double precision
mi_themes|description|text
mi_themes|tickers|ARRAY
mi_themes|created_at|timestamp with time zone
mi_themes|rs_avg|double precision
mi_themes|parent_theme|text
mi_themes|days_active|integer
mi_themes|consecutive_accelerating|integer
mi_themes|pct_above_20sma|real
mi_themes|source|text
mi_ticker_overrides|ticker|text
mi_ticker_overrides|description|text
mi_ticker_overrides|notes|text
mi_ticker_overrides|updated_at|timestamp with time zone
mi_ticker_overrides|sector|text
mi_ticker_overrides|industry|text
mi_ticker_overrides|company_name|text
(47 rows)
event_type|count|min|max
theme_breadth_fade|230|2026-09-21|2026-10-09
theme_discovery_llm_call|189|2026-09-21|2026-10-09
theme_ecosystem_assigned|139|2026-09-21|2026-10-09
theme_low_quality_description|93|2026-09-21|2026-10-09
theme_merge_distinct|92|2026-09-21|2026-10-09
theme_rehome_judged|82|2026-10-05|2026-10-09
theme_retired|79|2026-09-21|2026-10-09
theme_discovered|70|2026-09-21|2026-10-09
theme_pass1_5_skip|61|2026-09-21|2026-10-09
theme_stage_flip_held|52|2026-09-21|2026-10-08
theme_carryforward_filter_stripped|51|2026-09-21|2026-10-09
theme_parent_pass_distinct|49|2026-09-28|2026-10-09
theme_score_ties|48|2026-09-21|2026-10-09
theme_retired_small_fading|41|2026-10-05|2026-10-09
theme_birth_gate|30|2026-09-21|2026-10-09
theme_discovery_shown_declined|30|2026-09-21|2026-10-09
theme_sector_cap_not_absorbed|27|2026-09-28|2026-10-09
theme_pass1_5_absorption|21|2026-09-21|2026-10-09
theme_thesis_merged|19|2026-09-21|2026-10-09
theme_renamed_for_continuity|19|2026-09-21|2026-10-09
theme_quality_clean|16|2026-09-19|2026-10-09
theme_axis_bounded_sweep|16|2026-09-20|2026-10-09
theme_axis_eod_unscored_logged|16|2026-09-19|2026-10-09
theme_auto_retired|15|2026-09-21|2026-10-09
theme_merge_pairs_proposed|15|2026-09-21|2026-10-09
theme_load_state|15|2026-09-21|2026-10-09
theme_member_rehomed|15|2026-10-05|2026-10-09
theme_discovery_shadow_ran|15|2026-09-21|2026-10-09
theme_constituent_churn|15|2026-09-21|2026-10-09
theme_engine_funnel|15|2026-09-21|2026-10-09
theme_composition_churn|15|2026-09-21|2026-10-09
theme_synthesis_run|14|2026-09-21|2026-10-09
theme_pass1_protect_strip|12|2026-09-22|2026-10-08
theme_correctness_check|11|2026-09-28|2026-10-09
theme_parent_pass_ran|10|2026-09-28|2026-10-09
theme_hierarchy_health|10|2026-09-28|2026-10-09
theme_cap_drop|8|2026-09-21|2026-10-08
theme_axis_co_move_refreshed|7|2026-09-21|2026-10-09
theme_split|7|2026-09-21|2026-10-09
theme_empty_tickers|6|2026-09-24|2026-10-08
theme_parent_pass_error|6|2026-09-29|2026-09-29
theme_high_strip_rate|6|2026-10-06|2026-10-10
theme_birth_validated|6|2026-09-30|2026-10-09
theme_dissolved_flagged_pair|5|2026-09-30|2026-10-09
theme_rehome_pass_ran|5|2026-10-05|2026-10-09
theme_parent_pass_linked|4|2026-09-28|2026-10-01
theme_merge_parent_child|3|2026-09-22|2026-09-24
theme_sector_cap_dropped|3|2026-09-30|2026-10-09
theme_resilience_weekly_logged|3|2026-09-20|2026-10-04
theme_rehome_join_carry_ran|3|2026-10-05|2026-10-08
theme_renamed_on_mass_flag|3|2026-09-21|2026-10-07
theme_orphan_sub|2|2026-09-21|2026-10-08
theme_sector_cap_absorbed|2|2026-10-01|2026-10-09
theme_operator_promoted|2|2026-09-28|2026-10-09
theme_parent_pass_enabled|1|2026-09-26|2026-09-26
theme_rehome_cleanup|1|2026-09-26|2026-09-26
theme_canonicalize_blocked_mass_evicted|1|2026-09-21|2026-09-21
theme_synthesis_error|1|2026-09-29|2026-09-29
theme_cap_strip|1|2026-10-05|2026-10-05
theme_dominant_split_eligible|1|2026-09-25|2026-09-25
theme_parent_pass_inverted|1|2026-09-28|2026-09-28
(61 rows)
id|et|length
48496|2026-09-28 00:12:33.5295|24419
49035|2026-09-28 17:31:07.297692|24702
49602|2026-09-29 17:31:13.455454|25732
50196|2026-09-30 17:31:07.58293|27664
50744|2026-10-01 17:31:09.319427|28683
51258|2026-10-02 17:31:23.452592|28583
52551|2026-10-05 17:31:15.600696|25461
53217|2026-10-06 17:31:13.635646|25541
53871|2026-10-07 17:31:12.740608|26618
54474|2026-10-08 17:31:14.221609|26518
55101|2026-10-09 17:31:11.64705|27753
(11 rows)
COMMIT
