### A1 grade time (provenance row) vs alert time for the 10 shadow rows
ticker	alert_date	alert_detected_et	alert_created_et	alert_cq	ep_score	gap_pct	catalyst	graded_et
ALAB	2026-09-04	2026-09-04 09:45:00.054499	2026-09-04 09:45:21.047758	strong	65	10.04	ALAB’s latest gap-up appears tied primarily to investor positioning ahead of its appearance at Citi’s 2026 Global TMT Conference on September 4, combined with s	2026-09-04 09:45:20.270863
ERO	2026-09-08	2026-09-08 09:55:00.05426	2026-09-08 09:55:31.274667	strong	67.5	9.07	ERO’s gap-up appears to have been driven primarily by Bank of America upgrading Ero Copper from Neutral to Buy and raising its target to C$49 from C$41. BofA hi	2026-09-08 09:55:22.932551
CIFR	2026-09-16	2026-09-16 09:45:00.051743	2026-09-16 09:45:30.86814	strong	65	9.18	The gap appears driven by a mix of sector-wide tailwinds (falling oil, easing yields, crypto/Bitcoin sentiment rally) plus an analyst reiteration (Rosenblatt Bu	2026-09-16 09:45:30.119795
MSTR	2026-09-21	2026-09-21 09:35:00.16835	2026-09-21 09:35:17.719427	strong	65	9.17	MSTR's gap is driven by Bitcoin's price move (up ~6-7% to ~$84-85k) rather than any company-specific fundamental catalyst. As a leveraged BTC proxy, MSTR amplif	2026-09-21 09:35:17.004137
ACN	2026-10-01	2026-10-01 09:50:00.073255	2026-10-01 09:50:08.772272	routine	65	23.08	Accenture reported Q4 FY26 results today: revenue of $18.7B (+6% USD, +7% local currency), above the high end of guidance, bookings of $22.2B (+4%), and adjuste	2026-10-01 07:00:20.384486
NU	2026-10-05	2026-10-05 07:00:01.634062	2026-10-05 07:00:50.17605	strong	65	10.57	The gap-up is attributed mainly to Brazil's first-round election result, which lifted Brazilian stocks broadly. That is a macro/sector-momentum move, not a comp	2026-10-05 07:00:49.401722
PBR	2026-10-05	2026-10-05 07:25:00.046501	2026-10-05 07:25:15.174968	strong	77.5	9.19	The gap-up appears driven by Brazil's election surprise (Flávio Bolsonaro leading Lula in the first round), a country-wide repricing of Brazilian assets. That i	2026-10-05 07:25:14.591816
ITUB	2026-10-05	2026-10-05 09:45:00.051893	2026-10-05 09:45:17.319038	strong	65	17.99	The gap-up reflects a macro/political move: Flávio Bolsonaro unexpectedly led Lula in Brazil's first-round presidential vote, lifting Brazilian ADRs broadly (Pe	2026-10-05 07:00:41.448416
PENG	2026-10-07	2026-10-07 09:35:00.054203	2026-10-07 09:35:25.351688	strong	73.8	13.08	The fresh catalyst is Penguin's Q4/FY2026 earnings, which the CFO-appointment press release describes only as 'multiple company records' with a raised FY2027 ou	2026-10-07 09:35:14.096418
AAOI	2026-10-09	2026-10-09 09:35:00.073565	2026-10-09 09:35:15.169564	strong	65	9.18	AAOI's ~5-6% premarket gap is a sympathy move with the optical sector after Lumentum's CEO said AI data-center optics demand had booked capacity through early 2	2026-10-09 09:35:14.419598
(10 rows)
### A2 BFLY 2026-06-18 stored corpus (true-miss fixture source)
ticker	alert_date	extracted_et	polygon	alpaca	fmp	pplx
BFLY	2026-06-18	2026-06-18 07:01:02.408885	[{"title": "16 Million People, One Underserved Disease: The AI Imaging Push to Close the Congenital Heart Gap", "tickers": ["HTFL", "BFLY", "TEM"], "insights": [{"ticker": "HTFL", "sentiment": "neutral", "sentiment_reasoning": "Referenced as peer company demonstrating commercial scale potential of AI-driven cardiac imaging. Successful 2025 IPO with multibillion-dollar valuation shows market appetite for cardiac AI, but operates in different segment (coronary artery disease vs. congenital heart disease)."}, {"ticker": "BFLY", "sentiment": "neutral", "sentiment_reasoning": "Peer company with similar point-of-care thesis but different approach (hardware-based handheld ultrasound vs. software-based). Represents competitive landscape but addresses overlapping market opportunity in democratizing cardiac imaging access."}, {"ticker": "TEM", "sentiment": "neutral", "sentiment_reasoning": "Referenced as example of scaled AI diagnostics platform with reimbursement pathways. Demonstrates investor appetite for AI-enabled diagnostics but operates at much larger scale and broader scope than Ventripoint."}], "publisher": "Benzinga", "description": "Ventripoint Diagnostics announced support for the newly formed Global Congenital Heart Disease Alliance (GCHDA), positioning its AI-powered VMS+ cardiac imaging platform to address a critical global healthcare gap. With 16 million people living with congenital heart disease and over 90% of children in lower-income countries lacking timely care, Ventripoint's vendor-agnostic technology delivers MRI-level accuracy from standard echocardiograms. The alliance will fund and place four VMS+ units, signaling commercial validation in a rapidly growing AI cardiology market projected to reach $14.2 billion by the mid-2030s.", "published_utc": "2026-06-16T13:11:00Z"}]	[{"url": "https://www.benzinga.com/trading-ideas/movers/26/06/53269859/why-smith-here-are-20-stocks-moving-premarket-2", "title": "Why Smith & Wesson Brands Shares Are Trading Higher By Around 17%; Here Are 20 Stocks Moving Premarket", "author": "Avi Kapoor", "source": "benzinga", "content": "", "summary": "Smith &amp; Wesson (SWBI) shares rose in pre-market trading after posting strong Q4 results, beating earnings and revenue estimates. Other gainers include LNKS, ADTX, and SPRO.", "symbols": ["ADTX", "BFLY", "BGDE", "BYAH", "EHGO", "ELTX", "GDHG", "ICCM", "INLF", "LEGN", "LNKS", "LPA", "NIVF", "RERE", "RUM", "SLBT", "SNBR", "SPRO", "SWBI", "WTO"], "created_at": "2026-06-18T10:10:28+00:00"}]	[{"text": "Butterfly Network (NYSE:BFLY) is scheduled to participate in the TD Cowen Medical Devices Emerging Growth Call Series. Key executives are set to present company insights and take part in a webcast discussion for investors. The event is expected to provide fresh commentary on Butterfly Network's current positioning and priorities. For investors watching Butterfly Network at a share price of $5.54, this upcoming call follows a period of notable stock moves. NYSE:BFLY is up 21.2% over the past...", "title": "Butterfly Network TD Cowen Call Puts Volatile Growth Story In Focus"}, {"text": "Here is how American Well Corporation (AMWL) and Butterfly Network, Inc. (BFLY) have performed compared to their sector so far this year.", "title": "Is American Well (AMWL) Stock Outpacing Its Medical Peers This Year?"}, {"text": "Here is how Butterfly Network, Inc. (BFLY) and American Well Corporation (AMWL) have performed compared to their sector so far this year.", "title": "Is Butterfly Network (BFLY) Outperforming Other Medical Stocks This Year?"}, {"text": "The United States market has shown notable resilience, with a 27% increase over the past year and a forecasted annual earnings growth of 17%. For investors looking beyond established giants, penny stocks—often representing smaller or newer companies—can offer intriguing opportunities. Although the term may seem outdated, these stocks remain relevant by providing potential growth when supported by robust financial health.", "title": "Undervalued Opportunities: Top Penny Stocks To Watch In May 2026"}, {"text": "Why Butterfly Network is on investors’ radar today Butterfly Network (BFLY) has drawn attention after recent trading, with shares last closing at US$4.10 and showing mixed short term performance, including a gain over the past 3 months but a decline over the past month. See our latest analysis for Butterfly Network. Recent trading has been choppy, with a 1 day share price return of 6.77% and a 30 day share price return down 24.77%, while the 1 year total shareholder return sits at 79.04%...", "title": "Assessing Butterfly Network (BFLY) Valuation After Mixed Trading And Strong One Year Shareholder Return"}]	Butterfly Network (BFLY) is gapping up on a combination of an AI/MedTech narrative catalyst and being highlighted as a top premarket mover, rather than on a single company-specific press release like earnings or an FDA decision.

Key points:

1) Premarket/technical catalyst  
Multiple intraday screens and commentary have BFLY flagged as a notable premarket gainer, with PRISM “Morning Movers” and “Mid‑Day Movers” clips explicitly calling out Butterfly Network (ticker BFLY) as up roughly 18% and a
(1 row)
### A3 BFLY 2026-06-18 alert row (catalyst text + grounded_text head)
ticker	alert_date	detected_et	catalyst_quality	catalyst	grounded_head
(0 rows)
### A4 alerts since 09-01: how many have a provenance (grade) row at all — the anchor every alert would need
alerts	with_provenance
32	32
(1 row)
### A5 alerts since 09-01 by catalyst_quality (how much the population would widen if every alert were a candidate)
catalyst_quality	count
strong	23
game_changer	8
routine	1
(3 rows)
