ticker|alert_date|adr20_frac|trade_filled|score_tier|composite_rank_eod|pool_size_eod|composite_rank_asof0945|pool_size_asof0945|open_price|low_price|sess|h|h|l
ARGX|2026-08-17|0.029069691417120923|False|HIGH|0.5833333333333334|2|0.5833333333333334|2|927.33|925.62|38|1058.69|1072.75|980.45
CBRS|2026-08-17|0.10710531864641429|False|none|0.4166666666666667|2|0.4166666666666667|2|224.0|223.44|38|261.08|261.08|184.14
AMLX|2026-08-18|0.06557515392793692|True|HIGH|0.5|1|0.5|1|29.91|28.0|37|41.14|41.14|35.3207
MRNA|2026-08-19|0.057226304446968426|True|HIGH|0.875|4|0.875|4|116.02|114.46|36|176.66|176.66|128.61
MRVL|2026-08-19|0.06733150667121043|True|HIGH|0.2916666666666667|4|0.2916666666666667|4|240.13|228.1001|36|252.52|254.6|220.4201
TEM|2026-08-19|0.06102534594604141|False|none|0.4583333333333333|4|0.375|4|55.98|54.81|36|72.96|81.28|61.7
TWST|2026-08-19|0.07218873539108171|False|HIGH|0.375|4|0.4583333333333333|4|128.0|127.75|36|154.96|163.695|135.05
BULL|2026-08-20|0.043510037544533635|False|HIGH|0.5|3|0.5|3|9.94|8.82|35|9.95|10.19|8.41
RARE|2026-08-20|0.05178879188253245|False|HIGH|0.27777777777777773|3|0.3888888888888889|3|28.39|25.04|35|28.5|28.5|25.3
SCSC|2026-08-20|0.03563768086192865|False|none|0.7222222222222223|3|0.6111111111111112|3|64.84|56.0001|35|66.78|66.78|53.41
UUUU|2026-08-21|0.06219833759904222|False|HIGH|0.5|1|0.5|1|14.63|14.58|34|16.5|16.5|14.5314
CHRN|2026-08-27|0.10083704687602638|False|HIGH|0.43333333333333335|5|0.43333333333333335|5|22.36|20.65|30|24.37|24.37|17.3
CRWD|2026-08-27|0.04360382197498185|True|HIGH|0.43333333333333335|5|0.5|5|208.25|206.1|30|233.88|263.87|200.6
DG|2026-08-27|0.025473670177846335|False|HIGH|0.2333333333333333|5|0.2333333333333333|5|127.84|124.5|30|134.125|134.125|121.34
OKTA|2026-08-27|0.04460538133723306|True|HIGH|0.7666666666666666|5|0.6999999999999998|5|166.15|156.5|30|174.85|212.5|157.73
VEEV|2026-08-27|0.032845685107894575|False|HIGH|0.6333333333333333|5|0.6333333333333333|5|275.355|274.81|30|296.24|296.24|273.6
SOLS|2026-08-28|0.03297962633363907|True|HIGH|0.5|1|0.5|1|65.0|63.13|29|67.5|67.5|60.3
AGX|2026-09-03|0.05279928509456659|False|HIGH|0.27777777777777773|3|0.27777777777777773|3|427.27|400.6|25|444.5267|444.5267|394.69
HOOD|2026-09-03|0.04899688333133697|True|HIGH|0.6111111111111112|3|0.6111111111111112|3|113.8|113.04|25|125.25|126.74|111.02
SNOW|2026-09-03|0.0369254109960965|False|HIGH|0.6111111111111112|3|0.6111111111111112|3|377.245|355.47|25|384.56|384.56|323.42
ALAB|2026-09-04|0.05806874530804714|False|MODERATE|0.5|1|0.5|1|286.0|285.84|24|321.6499|377.87|256.51
ERO|2026-09-08|0.04696710381070877|False|MODERATE|0.25|6|0.19444444444444445|6|36.83|36.69|23|39.36|39.36|31.91
IONQ|2026-09-08|0.054828799279773355|False|HIGH|0.4166666666666667|6|0.25000000000000006|6|42.32|39.45|23|44.43|47.91|35.0
PHVS|2026-09-08|0.04751329773733683|True|HIGH|0.8055555555555555|6|0.8055555555555555|6|40.96|37.6|23|43.25|43.25|37.0
QCOM|2026-09-08|0.029207890629115087|False|HIGH|0.3611111111111111|6|0.5833333333333334|6|180.4|172.0352|23|190.06|205.8532|170.51
ROIV|2026-09-08|0.03267032108277614|False|HIGH|0.75|6|0.6944444444444445|6|39.98|38.41|23|42.5|42.5|39.215
SEI|2026-09-08|0.05749066144008733|True|HIGH|0.4166666666666667|6|0.47222222222222227|6|61.85|60.3|23|70.33|80.28|60.5901
DFTX|2026-09-14|0.04550705948107117|True|HIGH|0.75|2|0.5833333333333334|2|43.53|39.5|19|43.77|43.77|36.7
SRRK|2026-09-14|0.04113111038208036|False|HIGH|0.25|2|0.4166666666666667|2|56.505|51.58|19|56.9|56.9|45.875
CIFR|2026-09-16|0.08340220515784348|False|MODERATE|0.5|1|0.5|1|15.92|15.83|17|19.745|19.745|16.57
GNRC|2026-09-17|0.036518622862884945|False|HIGH|0.75|2|0.75|2|229.5|202.26|16|231.8871|231.8871|193.96
VICR|2026-09-17|0.06342465159442137|True|HIGH|0.25|2|0.25|2|206.55|206.55|16|285.44|331.0|212.2
INTC|2026-09-21|0.04217232719835172|False|MODERATE|0.75|2|0.75|2|116.53|114.93|14|127.44|127.44|114.705
MSTR|2026-09-21|0.06330427675368183|False|none|0.25|2|0.25|2|164.58|164.49|14|171.19|171.19|155.06
ONON|2026-09-22|0.028613034138100325|False|HIGH|0.5|1|0.5|1|30.4|29.37|13|31.16|34.275|29.28
AKAM|2026-09-25|0.04575129748248151|False|HIGH|0.5|1|0.5|1|125.225|113.84|10|128.46|128.46|104.0
KOD|2026-09-28|0.055162368257622184|True|HIGH|0.5|1|0.5|1|61.705|60.49|9|104.0|104.0|83.6401
ACN|2026-10-01|0.03369281558603087|False|HIGH|0.75|2|0.75|2|215.98|211.035|6|227.63|227.63|192.5848
SNPS|2026-10-01|0.036560394155737225|False|HIGH|0.25|2|0.25|2|467.85|462.0|6|511.95|511.95|482.1608
ITUB|2026-10-05|0.02648046720863521|False|MODERATE|0.6111111111111112|3|0.8333333333333334|3|9.83|9.81|4|10.2|10.2|9.56
NU|2026-10-05|0.03226364996728385|False|MODERATE|0.3888888888888889|3|0.3888888888888889|3|14.98|14.84|4|15.79|15.79|15.2
PBR|2026-10-05|0.02363303553911982|False|MODERATE|0.5|3|0.27777777777777773|3|23.98|23.535|4|24.85|24.85|23.41
CEG|2026-10-06|0.03613502955412481|True|HIGH|0.5|3|0.7222222222222223|3|291.11|291.0|3|309.8|309.8|280.16
TLN|2026-10-06|0.040363752500423816|False|HIGH|0.7222222222222223|3|0.5|3|349.15|349.15|3|380.965|380.965|356.0
VST|2026-10-06|0.03046137825067295|False|HIGH|0.27777777777777773|3|0.27777777777777773|3|151.47|151.44|3|168.748|168.748|154.02
PENG|2026-10-07|0.05151451199230297|True|HIGH|0.5|1|0.5|1|67.33|65.7|2|76.0999|76.0999|70.0701
WOLF|2026-10-08|0.07070996576771615|False|HIGH|0.5|1|0.5|1|35.02|29.52|1|35.94|35.94|
