== STRATEGIES
strategy_id	name	signal_type	phase	enabled	live_real_enabled	position_size_multiplier	profit_trigger_r	breakeven_arm_r
9m_day2	9M Day 2 ORB	9m_day2	deprecated	f	f	1.0		
fishhook_v3	Fishhook (Gap-Up Undercut & Reclaim)	fishhook_v3	deprecated	f	f	1.0		
flag_continuation	Continuation Flag (post-runup tightening)	flag_continuation	deprecated	f	f	1.0		
magna53	MAGNA53 EP	magna53	live	t	t	1.0	8.0	3.0
magna53_lowcap	MAGNA53 low-cap lane (shadow)	magna53_lowcap	shadow	t	f	1.0		
magna53_smallcap	MAGNA53 small-cap lane (paper)	magna53_smallcap	paper	t	f	1.0	8.0	3.0
parabolic_short	Parabolic Short	parabolic_short	shadow	t	f	1.0		
shadow_orb_5m	Shadow ORB 5-min	shadow_orb_5m	shadow	t	f	1.0		
wick_fill	Wick-Fill (Negated Shooting Star)	wick_fill	shadow	t	f	1.0		
(9 rows)
== FILLS BY SIGNAL TYPE / MODE / STATUS
signal_type	account_mode	status	n
9m_day2	paper	closed	7
magna53	live	closed	34
magna53	live	filled	3
magna53	paper	closed	25
(4 rows)
== EVERY FILLED MAGNA53-family TRADE (live + paper)
id	ticker	signal_type	account_mode	status	filled	entry_shares	remaining_shares	entry_price	orb_low	hard_stop	stop_price	highest_price_seen	tgt8r	reached_8r	partial_taken	breakeven_active	n_exits
6	KURA	magna53	paper	closed	2026-04-17	2092	0	9.57	9.495	9.495	9.57		10.1700		f	f	1
17	BSX	magna53	paper	closed	2026-04-23	201	0	66.744726	65.57	65.57	65.57		76.1425		f	f	1
26	INTC	magna53	paper	closed	2026-04-24	237	0	84.036076	82.022	82.022	82.022		100.1487		f	f	1
34	OMCL	magna53	paper	closed	2026-04-28	432	0	46	45	45	45		54.0000		f	f	2
57	TEAM	magna53	paper	closed	2026-05-01	229	0	85.19	82.79	82.79	85.19		104.3900		t	t	3
72	FTRE	magna53	paper	closed	2026-05-05	1384	0	14.31	13.96	13.96	14.31	15.46000000000000085265128291212022304534912109375	17.1100	f	t	t	2
82	SMCI	magna53	paper	closed	2026-05-06	612	0	32.567614	31.26	31.26	32.567614	36.36999999999999744204615126363933086395263671875	43.0285	f	t	t	3
81	AMD	magna53	paper	closed	2026-05-06	48	0	413.309375	405.63	405.63	405.63		474.7444		f	f	2
120	MRAM	magna53	paper	closed	2026-05-11	419	0	36.5	34.07	34.07	34.07		55.9400		f	f	2
119	BW	magna53	paper	closed	2026-05-11	1163	0	17.05	16.49	16.49	17.05	22.739999999999998436805981327779591083526611328125	21.5300	t	t	t	2
137	CRMD	magna53	paper	closed	2026-05-14	2214	0	8.361409	8.45	8.45	8.45	8.3614090000000000912905306904576718807220458984375	7.6527	t	f	f	1
136	KLAR	magna53	paper	closed	2026-05-14	1203	0	15.92	15.18	15.18	15.18	15.9199999999999999289457264239899814128875732421875	21.8400	f	f	f	1
138	CSCO	magna53	paper	closed	2026-05-14	162	0	117.55	115.03	115.03	115.03	117.5499999999999971578290569595992565155029296875	137.7100	f	f	f	1
164	RLAY	magna53	paper	closed	2026-05-21	1216	0	15.298413	14.8	14.8	14.8	15.298413000000000039335645851679146289825439453125	19.2857	f	f	f	1
172	CRSR	magna53	paper	closed	2026-05-27	2073	0	8.772422	8.4	8.4	8.77	13.37689999999999912461134954355657100677490234375	11.7518	t	t	t	2
171	DY	magna53	paper	closed	2026-05-27	33	0	546.46	535.5	535.5	535.5	556.299999999999954525264911353588104248046875	634.1400	f	f	f	1
177	RCAT	magna53	paper	closed	2026-05-28	1529	0	12.57	11.955	11.955	12.57	15.78999999999999914734871708787977695465087890625	17.4900	f	t	t	2
180	DELL	magna53	paper	closed	2026-05-29	46	0	421.112609	416.98	416.98	416.98	421.112609000000020387233234941959381103515625	454.1735	f	f	f	1
191	NVTS	magna53	paper	closed	2026-06-03	632	0	31.79	30.55	30.55	30.55	31.78999999999999914734871708787977695465087890625	41.7100	f	f	f	1
193	RUM	magna53	paper	closed	2026-06-04	1871	0	9.935633	9.4	9.4	9.4	9.935632999999999270812622853554785251617431640625	14.2207	f	f	f	1
201	NRIX	magna53	paper	closed	2026-06-08	404	0	16.956238	16.1	16.1	16.1	16.9562379999999990332071320153772830963134765625	23.8061	f	f	f	1
208	NAVN	magna53	paper	closed	2026-06-11	226	0	24.399071	23.03	23.03	23.03	24.410000000000000142108547152020037174224853515625	35.3516	f	f	f	1
221	QURE	magna53	paper	closed	2026-06-17	200	0	44.69	42.5	42.5	44.69	51	62.2100	f	t	t	2
223	JBL	magna53	paper	closed	2026-06-17	22	0	413.835454	407.4	407.4	407.4	416.990000000000009094947017729282379150390625	465.3191	f	f	f	1
228	SYRE	magna53	paper	closed	2026-06-22	93	0	98.49	95	95	95	102.06000000000000227373675443232059478759765625	126.4100	f	f	f	1
245	WULF	magna53	live	closed	2026-07-06	40	0	24.62	23.8	23.8	23.8	25.010000000000001563194018672220408916473388671875	31.1800	f	f	f	1
250	CRCL	magna53	live	closed	2026-07-10	14	0	70.65	69.29	69.29	69.29	70.650000000000005684341886080801486968994140625	81.5300	f	f	f	1
251	WDFC	magna53	live	closed	2026-07-10	2	0	296.235	287.06	287.06	287.06	296.2350000000000136424205265939235687255859375	369.6350	f	f	f	1
258	TSEM	magna53	live	closed	2026-07-14	3	0	274	266.34	266.34	266.34	274	335.2800	f	f	f	1
261	MANE	magna53	live	closed	2026-07-15	8	0	119.34	118.02	118.02	118.02	129.80000000000001136868377216160297393798828125	129.9000	f	f	f	1
266	HUT	magna53	live	closed	2026-07-20	9	0	103.48	101.4482	101.4482	101.4482	103.4800000000000039790393202565610408782958984375	119.7344	f	f	f	1
271	SMCI	magna53	live	closed	2026-07-22	22	0	29.47	28.5	28.5	28.5	32.58500000000000085265128291212022304534912109375	37.2300	f	f	f	1
273	NVCR	magna53	live	closed	2026-07-23	21	0	19.15	18	18	18	21.45060000000000144382283906452357769012451171875	28.3500	f	f	f	1
275	THC	magna53	live	closed	2026-07-24	2	0	241.67	233.58	233.58	233.58	246.81499999999999772626324556767940521240234375	306.3900	f	f	f	1
276	WKC	magna53	live	closed	2026-07-24	20	0	40.16	39	39	39	41.2000000000000028421709430404007434844970703125	49.4400	f	f	f	1
279	QBTS	magna53	live	closed	2026-07-27	53	0	18.17	17.75	17.75	17.75	19.739999999999998436805981327779591083526611328125	21.5300	f	f	f	1
291	FTNT	magna53	live	closed	2026-07-30	1	0	166.65	160.185	160.185	160.185	167.1100000000000136424205265939235687255859375	218.3700	f	f	f	1
303	BLZE	magna53	live	closed	2026-08-04	21	0	21.8121	20.1	20.1	20.1	23.989999999999998436805981327779591083526611328125	35.5089	f	f	f	1
307	PLTR	magna53	live	closed	2026-08-04	6	0	149.0545	143.28	143.28	170.47	180.18000000000000682121026329696178436279296875	195.2505	f	t	t	2
304	BTDR	magna53	live	closed	2026-08-04	74	0	12.85	12.48	12.48	12.48	12.92999999999999971578290569595992565155029296875	15.8100	f	f	f	1
333	TEAM	magna53	live	closed	2026-08-07	6	0	147.13	143.21	143.21	143.21	151.3700000000000045474735088646411895751953125	178.4900	f	f	f	1
332	FIGS	magna53	live	closed	2026-08-07	61	0	15.495082	15.19	15.19	15.19	16.379999999999999005240169935859739780426025390625	17.9357	f	t	t	2
328	NET	magna53	live	closed	2026-08-07	3	0	316.13	311	311	311	324.73000000000001818989403545856475830078125	357.1700	f	f	f	1
337	ABCL	magna53	live	closed	2026-08-10	85	0	8.96	8.4	8.4	10.66	12.1500000000000003552713678800500929355621337890625	13.4400	f	t	t	2
342	FRMI	magna53	live	closed	2026-08-11	134	0	7.29	7.05	7.05	7.05	7.29000000000000003552713678800500929355621337890625	9.2100	f	f	f	1
345	BW	magna53	live	closed	2026-08-11	80	0	12.07	11.5	11.5	11.5	12.07000000000000028421709430404007434844970703125	16.6300	f	f	f	1
367	ETON	magna53	live	closed	2026-08-14	17	0	55.2012	53.01	53.01	55.2012	59.78999999999999914734871708787977695465087890625	72.7308	f	t	t	2
372	AMLX	magna53	live	closed	2026-08-18	16	0	30.211219	28.58	27.089999999999996	34.46	41.1400000000000005684341886080801486968994140625	43.2610	f	t	t	2
373	MRVL	magna53	live	closed	2026-08-19	4	0	241.5	235.84	230.15	230.15	245.489000000000004320099833421409130096435546875	286.7800	f	f	f	1
374	MRNA	magna53	live	closed	2026-08-19	4	0	120.75	115	109.85	145.2	176.659999999999996589394868351519107818603515625	166.7500	t	t	t	2
383	CRWD	magna53	live	closed	2026-08-27	3	0	213.3058	206.1	201.28	213.3058	229.080000000000012505552149377763271331787109375	270.9522	f	t	t	2
382	OKTA	magna53	live	closed	2026-08-27	2	0	167.879	159.2	150.51999999999998	193.25	212.5	237.3110	f	f	t	1
388	SOLS	magna53	live	closed	2026-08-28	12	0	66.77	64.72	62.69	62.69	67.5	83.1700	f	f	f	1
392	HOOD	magna53	live	closed	2026-09-03	4	0	118.37	113.04	110.18	111.45	125.25	161.0100	f	f	f	1
394	PHVS	magna53	live	closed	2026-09-08	3	0	42	40.19	38.49999999999999	38.49999999999999	43.25	56.4800	f	f	f	1
396	SEI	magna53	live	closed	2026-09-08	2	0	62.8078	60.3	57.81999999999999	64.95	71.400000000000005684341886080801486968994140625	82.8702	f	f	t	1
399	DFTX	magna53	live	closed	2026-09-14	7	0	43.76	42.01	40.41	40.41	43.75999999999999801048033987171947956085205078125	57.7600	f	f	f	1
400	VICR	magna53	live	closed	2026-09-17	1	0	211.5	206.55	201.13010000000003	292.83	331	251.1000	t	f	t	1
404	KOD	magna53	live	filled	2026-09-28	5	4	63.15	60.49	58.0818	88.25	104	84.4300	t	t	t	1
409	CEG	magna53	live	closed	2026-10-06	3	0	300.94	291	281.29	281.29	309.80000000000001136868377216160297393798828125	380.4600	f	f	f	1
414	PENG	magna53	live	filled	2026-10-07	10	10	72.21	65.7	62.2	62.2	78.75	124.2900	f	f	f	0
419	HUM	magna53	live	filled	2026-10-09	1	1	452	434.29	417.88000000000005	417.88000000000005	456.5	593.6800	f	f	f	0
(62 rows)
== SHARE-COUNT DISTRIBUTION (entry_shares) FOR MAGNA53-family FILLS
account_mode	entry_shares	n	reached_8r
live	1	3	1
live	2	4	0
live	3	5	0
live	4	3	1
live	5	1	1
live	6	2	0
live	7	1	0
live	8	1	0
live	9	1	0
live	10	1	0
live	12	1	0
live	14	1	0
live	16	1	0
live	17	1	0
live	20	1	0
live	21	2	0
live	22	1	0
live	40	1	0
live	53	1	0
live	61	1	0
live	74	1	0
live	80	1	0
live	85	1	0
live	134	1	0
paper	22	1	0
paper	33	1	0
paper	46	1	0
paper	48	1	0
paper	93	1	0
paper	162	1	0
paper	200	1	0
paper	201	1	0
paper	226	1	0
paper	229	1	0
paper	237	1	0
paper	404	1	0
paper	419	1	0
paper	432	1	0
paper	612	1	0
paper	632	1	0
paper	1163	1	1
paper	1203	1	0
paper	1216	1	0
paper	1384	1	0
paper	1529	1	0
paper	1871	1	0
paper	2073	1	1
paper	2092	1	0
paper	2214	1	1
(49 rows)
== ALL-STRATEGY SHARE-COUNT DISTRIBUTION (any signal type) 1/2 shares
signal_type	account_mode	entry_shares	count
magna53	live	1	3
magna53	live	2	4
(2 rows)
== AUDIT EVENTS: profit trigger / partial exit / too_small
event_type	count
partial_exit_aborted	14
partial_exit_committed	26
partial_exit_started	44
profit_trigger_failed	50
profit_trigger_fired	8
(5 rows)
ERROR:  column "details" does not exist
LINE 1: ...audit_log WHERE event_type ILIKE '%too_small%' OR details::t...
                                                             ^
HINT:  Perhaps you meant to reference the column "mi_audit_log.detail".
