=== Q7 per queue row: first HIGH/MODERATE scan-log time (ET) = first enqueue, last 45 days ===
alert_date	ticker	composite	shadow_rank	shadow_allocated	first_seen_et	last_write_et	arrival
2026-08-27	OKTA	86.2	1	t	07:00:00.111825	07:01:49.883289	by_0928
2026-08-27	CRWD	62.8	3	f	07:00:00.111825	07:01:23.378161	by_0928
2026-08-27	DG	64.5	2	f	07:10:00.029709	07:10:25.701169	by_0928
2026-08-27	CHRN	82.5		f	09:50:00.05488	09:50:43.961047	after_0935
2026-08-27	VEEV	66.1		f	09:50:00.05488	09:50:32.36754	after_0935
2026-08-28	SOLS	62.9	1	f	07:00:00.128919	07:01:57.980195	by_0928
2026-09-03	SNOW	68.9	1	t	07:00:00.112569	07:01:02.706787	by_0928
2026-09-03	AGX	67.7	2	t	09:15:00.044886	09:15:35.195757	by_0928
2026-09-03	HOOD	63.5		f	09:35:00.048284	09:35:19.712244	after_0935
2026-09-04	ALAB	58.1		f	09:45:00.054499	09:45:21.05972	after_0935
2026-09-08	ROIV	96.0	2	f	07:00:00.130994	07:00:12.511878	by_0928
2026-09-08	PHVS	96.0	1	t	07:10:00.022599	07:10:17.563062	by_0928
2026-09-08	SEI	74.9	3	f	08:00:00.02488	08:00:15.788031	by_0928
2026-09-08	QCOM	62.5	4	f	09:10:00.047978	09:10:16.045162	by_0928
2026-09-08	IONQ	58.1		f	09:35:00.151804	09:35:16.546459	after_0935
2026-09-08	ERO	58.4		f	09:55:00.05426	09:55:31.277403	after_0935
2026-09-14	SRRK	76.6	2	f	07:00:00.12306	07:00:36.860277	by_0928
2026-09-14	DFTX	77.8	1	t	07:30:00.02992	07:30:13.976013	by_0928
2026-09-16	CIFR	53.9		f	09:45:00.051743	09:45:30.882345	after_0935
2026-09-17	VICR	54.0	1	t	07:00:01.754715	07:00:37.907183	by_0928
2026-09-17	GNRC	64.3		f	09:40:00.067491	09:40:19.851847	after_0935
2026-09-21	INTC	62.8	1	t	09:31:00.040268	09:31:17.922917	0928_0935
2026-09-21	MSTR	57.8		f	09:35:00.16835	09:35:17.722237	after_0935
2026-09-22	ONON	62.7		f	09:45:00.053415	09:45:08.377518	after_0935
2026-09-25	AKAM	96.0	1	t	07:00:01.833284	07:00:40.511756	by_0928
2026-09-28	KOD	96.0	1	t	07:00:00.222238	07:00:20.913555	by_0928
2026-10-01	SNPS	60.2		f	09:45:00.088903	09:45:28.446855	after_0935
2026-10-01	ACN	49.1		f	09:50:00.073255	09:50:08.777142	after_0935
2026-10-05	NU	68.9	2	t	07:00:01.634062	07:00:50.1857	by_0928
2026-10-05	PBR	82.0	1	t	07:25:00.046501	07:25:15.178534	by_0928
2026-10-05	ITUB	62.6		f	09:45:00.051893	09:45:17.322451	after_0935
2026-10-06	CEG	67.6	1	t	08:25:00.031615	08:25:16.063565	by_0928
2026-10-06	VST	62.0		f	09:55:00.079966	09:55:34.396871	after_0935
2026-10-06	TLN	60.0		f	09:55:00.079966	09:55:25.176994	after_0935
2026-10-07	PENG	76.5		f	09:35:00.054203	09:35:25.357839	after_0935
2026-10-08	WOLF	68.4	1	t	07:00:01.545826	07:00:14.229542	by_0928
2026-10-09	HUM	77.8	1	f	07:00:01.680321	07:00:14.417121	by_0928
2026-10-09	AAOI	58.1		f	09:35:00.073565	09:35:15.173079	after_0935
(38 rows)
=== Q8 per alert_date: rows first-seen by 09:28 vs later; would the 09:28 queue be non-empty? ===
alert_date	rows_total	first_seen_by_0928	first_seen_0928_0935	first_seen_after_0935	no_scanlog
2026-08-27	5	3	0	2	0
2026-08-28	1	1	0	0	0
2026-09-03	3	2	0	1	0
2026-09-04	1	0	0	1	0
2026-09-08	6	4	0	2	0
2026-09-14	2	2	0	0	0
2026-09-16	1	0	0	1	0
2026-09-17	2	1	0	1	0
2026-09-21	2	0	1	1	0
2026-09-22	1	0	0	1	0
2026-09-25	1	1	0	0	0
2026-09-28	1	1	0	0	0
2026-10-01	2	0	0	2	0
2026-10-05	3	2	0	1	0
2026-10-06	3	1	0	2	0
2026-10-07	1	0	0	1	0
2026-10-08	1	1	0	0	0
2026-10-09	2	1	0	1	0
(18 rows)
=== Q9 paper rows in mi_live_trades, last 45 days (does the paper lane write here?) ===
account_mode	status	n	newest
live	cancelled	3	2026-09-25
live	closed	9	2026-10-06
live	filled	3	2026-10-09
live	skipped	14	2026-10-08
(4 rows)
=== Q10 trading days in the window (distinct scan dates) for the denominator ===
scan_days	min	max
32	2026-08-26	2026-10-09
(1 row)
